
> vitepress-clear-blog@1.0.0 dev /home/albert/remote-codespace/my-project/vitepress-clear-blog
> vitepress dev --host 0.0.0.0

Token {
  type: 'hr',
  tag: 'hr',
  attrs: null,
  map: [ 0, 1 ],
  nesting: 0,
  level: 0,
  children: null,
  content: '',
  markup: '---',
  info: '',
  meta: null,
  block: true,
  hidden: false
}
Token {
  type: 'heading_open',
  tag: 'h2',
  attrs: null,
  map: [ 1, 6 ],
  nesting: 1,
  level: 0,
  children: null,
  content: '',
  markup: '-',
  info: '',
  meta: null,
  block: true,
  hidden: false
}
Token {
  type: 'inline',
  tag: '',
  attrs: null,
  map: [ 1, 5 ],
  nesting: 0,
  level: 1,
  children: [
    Token {
      type: 'text',
      tag: '',
      attrs: null,
      map: null,
      nesting: 0,
      level: 0,
      children: null,
      content: 'title: About',
      markup: '',
      info: '',
      meta: null,
      block: false,
      hidden: false
    },
    Token {
      type: 'softbreak',
      tag: 'br',
      attrs: null,
      map: null,
      nesting: 0,
      level: 0,
      children: null,
      content: '',
      markup: '',
      info: '',
      meta: null,
      block: false,
      hidden: false
    },
    Token {
      type: 'text',
      tag: '',
      attrs: null,
      map: null,
      nesting: 0,
      level: 0,
      children: null,
      content: 'description: About me test',
      markup: '',
      info: '',
      meta: null,
      block: false,
      hidden: false
    },
    Token {
      type: 'softbreak',
      tag: 'br',
      attrs: null,
      map: null,
      nesting: 0,
      level: 0,
      children: null,
      content: '',
      markup: '',
      info: '',
      meta: null,
      block: false,
      hidden: false
    },
    Token {
      type: 'text',
      tag: '',
      attrs: null,
      map: null,
      nesting: 0,
      level: 0,
      children: null,
      content: 'sidebar: false',
      markup: '',
      info: '',
      meta: null,
      block: false,
      hidden: false
    },
    Token {
      type: 'softbreak',
      tag: 'br',
      attrs: null,
      map: null,
      nesting: 0,
      level: 0,
      children: null,
      content: '',
      markup: '',
      info: '',
      meta: null,
      block: false,
      hidden: false
    },
    Token {
      type: 'text',
      tag: '',
      attrs: null,
      map: null,
      nesting: 0,
      level: 0,
      children: null,
      content: 'aside: false',
      markup: '',
      info: '',
      meta: null,
      block: false,
      hidden: false
    }
  ],
  content: 'title: About\ndescription: About me test\nsidebar: false\naside: false',
  markup: '',
  info: '',
  meta: null,
  block: true,
  hidden: false
}
Token {
  type: 'heading_close',
  tag: 'h2',
  attrs: null,
  map: null,
  nesting: -1,
  level: 0,
  children: null,
  content: '',
  markup: '-',
  info: '',
  meta: null,
  block: true,
  hidden: false
}
Token {
  type: 'heading_open',
  tag: 'h2',
  attrs: null,
  map: [ 7, 8 ],
  nesting: 1,
  level: 0,
  children: null,
  content: '',
  markup: '##',
  info: '',
  meta: null,
  block: true,
  hidden: false
}
Token {
  type: 'inline',
  tag: '',
  attrs: null,
  map: [ 7, 8 ],
  nesting: 0,
  level: 1,
  children: [
    Token {
      type: 'text',
      tag: '',
      attrs: null,
      map: null,
      nesting: 0,
      level: 0,
      children: null,
      content: 'About this site',
      markup: '',
      info: '',
      meta: null,
      block: false,
      hidden: false
    }
  ],
  content: 'About this site',
  markup: '',
  info: '',
  meta: null,
  block: true,
  hidden: false
}
Token {
  type: 'heading_close',
  tag: 'h2',
  attrs: null,
  map: null,
  nesting: -1,
  level: 0,
  children: null,
  content: '',
  markup: '##',
  info: '',
  meta: null,
  block: true,
  hidden: false
}
Token {
  type: 'bullet_list_open',
  tag: 'ul',
  attrs: null,
  map: [ 9, 12 ],
  nesting: 1,
  level: 0,
  children: null,
  content: '',
  markup: '-',
  info: '',
  meta: null,
  block: true,
  hidden: false
}
Token {
  type: 'list_item_open',
  tag: 'li',
  attrs: null,
  map: [ 9, 10 ],
  nesting: 1,
  level: 1,
  children: null,
  content: '',
  markup: '-',
  info: '',
  meta: null,
  block: true,
  hidden: false
}
Token {
  type: 'paragraph_open',
  tag: 'p',
  attrs: null,
  map: [ 9, 10 ],
  nesting: 1,
  level: 2,
  children: null,
  content: '',
  markup: '',
  info: '',
  meta: null,
  block: true,
  hidden: true
}
Token {
  type: 'inline',
  tag: '',
  attrs: null,
  map: [ 9, 10 ],
  nesting: 0,
  level: 3,
  children: [
    Token {
      type: 'text',
      tag: '',
      attrs: null,
      map: null,
      nesting: 0,
      level: 0,
      children: null,
      content: '本站点基于 `` 搭建，用以记录一些学习笔记和技术分享。',
      markup: '',
      info: '',
      meta: null,
      block: false,
      hidden: false
    }
  ],
  content: '本站点基于 `` 搭建，用以记录一些学习笔记和技术分享。',
  markup: '',
  info: '',
  meta: null,
  block: true,
  hidden: false
}
Token {
  type: 'paragraph_close',
  tag: 'p',
  attrs: null,
  map: null,
  nesting: -1,
  level: 2,
  children: null,
  content: '',
  markup: '',
  info: '',
  meta: null,
  block: true,
  hidden: true
}
Token {
  type: 'list_item_close',
  tag: 'li',
  attrs: null,
  map: null,
  nesting: -1,
  level: 1,
  children: null,
  content: '',
  markup: '-',
  info: '',
  meta: null,
  block: true,
  hidden: false
}
Token {
  type: 'list_item_open',
  tag: 'li',
  attrs: null,
  map: [ 10, 12 ],
  nesting: 1,
  level: 1,
  children: null,
  content: '',
  markup: '-',
  info: '',
  meta: null,
  block: true,
  hidden: false
}
Token {
  type: 'paragraph_open',
  tag: 'p',
  attrs: null,
  map: [ 10, 11 ],
  nesting: 1,
  level: 2,
  children: null,
  content: '',
  markup: '',
  info: '',
  meta: null,
  block: true,
  hidden: true
}
Token {
  type: 'inline',
  tag: '',
  attrs: null,
  map: [ 10, 11 ],
  nesting: 0,
  level: 3,
  children: [
    Token {
      type: 'text',
      tag: '',
      attrs: null,
      map: null,
      nesting: 0,
      level: 0,
      children: null,
      content: '欢迎 ',
      markup: '',
      info: '',
      meta: null,
      block: false,
      hidden: false
    },
    Token {
      type: 'code_inline',
      tag: 'code',
      attrs: null,
      map: null,
      nesting: 0,
      level: 0,
      children: null,
      content: 'star',
      markup: '`',
      info: '',
      meta: null,
      block: false,
      hidden: false
    },
    Token {
      type: 'text',
      tag: '',
      attrs: null,
      map: null,
      nesting: 0,
      level: 0,
      children: null,
      content: ' 和 ',
      markup: '',
      info: '',
      meta: null,
      block: false,
      hidden: false
    },
    Token {
      type: 'code_inline',
      tag: 'code',
      attrs: null,
      map: null,
      nesting: 0,
      level: 0,
      children: null,
      content: 'fork',
      markup: '`',
      info: '',
      meta: null,
      block: false,
      hidden: false
    },
    Token {
      type: 'text',
      tag: '',
      attrs: null,
      map: null,
      nesting: 0,
      level: 0,
      children: null,
      content: ' 本项目，也欢迎提出 ',
      markup: '',
      info: '',
      meta: null,
      block: false,
      hidden: false
    },
    Token {
      type: 'code_inline',
      tag: 'code',
      attrs: null,
      map: null,
      nesting: 0,
      level: 0,
      children: null,
      content: 'issue',
      markup: '`',
      info: '',
      meta: null,
      block: false,
      hidden: false
    },
    Token {
      type: 'text',
      tag: '',
      attrs: null,
      map: null,
      nesting: 0,
      level: 0,
      children: null,
      content: ' 和 ',
      markup: '',
      info: '',
      meta: null,
      block: false,
      hidden: false
    },
    Token {
      type: 'code_inline',
      tag: 'code',
      attrs: null,
      map: null,
      nesting: 0,
      level: 0,
      children: null,
      content: 'pr',
      markup: '`',
      info: '',
      meta: null,
      block: false,
      hidden: false
    },
    Token {
      type: 'text',
      tag: '',
      attrs: null,
      map: null,
      nesting: 0,
      level: 0,
      children: null,
      content: '。',
      markup: '',
      info: '',
      meta: null,
      block: false,
      hidden: false
    }
  ],
  content: '欢迎 `star` 和 `fork` 本项目，也欢迎提出 `issue` 和 `pr`。',
  markup: '',
  info: '',
  meta: null,
  block: true,
  hidden: false
}
Token {
  type: 'paragraph_close',
  tag: 'p',
  attrs: null,
  map: null,
  nesting: -1,
  level: 2,
  children: null,
  content: '',
  markup: '',
  info: '',
  meta: null,
  block: true,
  hidden: true
}
Token {
  type: 'list_item_close',
  tag: 'li',
  attrs: null,
  map: null,
  nesting: -1,
  level: 1,
  children: null,
  content: '',
  markup: '-',
  info: '',
  meta: null,
  block: true,
  hidden: false
}
Token {
  type: 'bullet_list_close',
  tag: 'ul',
  attrs: null,
  map: null,
  nesting: -1,
  level: 0,
  children: null,
  content: '',
  markup: '-',
  info: '',
  meta: null,
  block: true,
  hidden: false
}
Token {
  type: 'heading_open',
  tag: 'h2',
  attrs: null,
  map: [ 12, 13 ],
  nesting: 1,
  level: 0,
  children: null,
  content: '',
  markup: '##',
  info: '',
  meta: null,
  block: true,
  hidden: false
}
Token {
  type: 'inline',
  tag: '',
  attrs: null,
  map: [ 12, 13 ],
  nesting: 0,
  level: 1,
  children: [
    Token {
      type: 'text',
      tag: '',
      attrs: null,
      map: null,
      nesting: 0,
      level: 0,
      children: null,
      content: 'About me',
      markup: '',
      info: '',
      meta: null,
      block: false,
      hidden: false
    }
  ],
  content: 'About me',
  markup: '',
  info: '',
  meta: null,
  block: true,
  hidden: false
}
Token {
  type: 'heading_close',
  tag: 'h2',
  attrs: null,
  map: null,
  nesting: -1,
  level: 0,
  children: null,
  content: '',
  markup: '##',
  info: '',
  meta: null,
  block: true,
  hidden: false
}
Token {
  type: 'hr',
  tag: 'hr',
  attrs: null,
  map: [ 14, 15 ],
  nesting: 0,
  level: 0,
  children: null,
  content: '',
  markup: '---',
  info: '',
  meta: null,
  block: true,
  hidden: false
}
Token {
  type: 'bullet_list_open',
  tag: 'ul',
  attrs: null,
  map: [ 16, 21 ],
  nesting: 1,
  level: 0,
  children: null,
  content: '',
  markup: '-',
  info: '',
  meta: null,
  block: true,
  hidden: false
}
Token {
  type: 'list_item_open',
  tag: 'li',
  attrs: null,
  map: [ 16, 17 ],
  nesting: 1,
  level: 1,
  children: null,
  content: '',
  markup: '-',
  info: '',
  meta: null,
  block: true,
  hidden: false
}
Token {
  type: 'paragraph_open',
  tag: 'p',
  attrs: null,
  map: [ 16, 17 ],
  nesting: 1,
  level: 2,
  children: null,
  content: '',
  markup: '',
  info: '',
  meta: null,
  block: true,
  hidden: true
}
Token {
  type: 'inline',
  tag: '',
  attrs: null,
  map: [ 16, 17 ],
  nesting: 0,
  level: 3,
  children: [
    Token {
      type: 'text',
      tag: '',
      attrs: null,
      map: null,
      nesting: 0,
      level: 0,
      children: null,
      content: "👋 Hi, I'm [ your name ]",
      markup: '',
      info: '',
      meta: null,
      block: false,
      hidden: false
    }
  ],
  content: "👋 Hi, I'm [ your name ]",
  markup: '',
  info: '',
  meta: null,
  block: true,
  hidden: false
}
Token {
  type: 'paragraph_close',
  tag: 'p',
  attrs: null,
  map: null,
  nesting: -1,
  level: 2,
  children: null,
  content: '',
  markup: '',
  info: '',
  meta: null,
  block: true,
  hidden: true
}
Token {
  type: 'list_item_close',
  tag: 'li',
  attrs: null,
  map: null,
  nesting: -1,
  level: 1,
  children: null,
  content: '',
  markup: '-',
  info: '',
  meta: null,
  block: true,
  hidden: false
}
Token {
  type: 'list_item_open',
  tag: 'li',
  attrs: null,
  map: [ 17, 18 ],
  nesting: 1,
  level: 1,
  children: null,
  content: '',
  markup: '-',
  info: '',
  meta: null,
  block: true,
  hidden: false
}
Token {
  type: 'paragraph_open',
  tag: 'p',
  attrs: null,
  map: [ 17, 18 ],
  nesting: 1,
  level: 2,
  children: null,
  content: '',
  markup: '',
  info: '',
  meta: null,
  block: true,
  hidden: true
}
Token {
  type: 'inline',
  tag: '',
  attrs: null,
  map: [ 17, 18 ],
  nesting: 0,
  level: 3,
  children: [
    Token {
      type: 'text',
      tag: '',
      attrs: null,
      map: null,
      nesting: 0,
      level: 0,
      children: null,
      content: "🚀️ I'm currently working as [ your position ]",
      markup: '',
      info: '',
      meta: null,
      block: false,
      hidden: false
    }
  ],
  content: "🚀️ I'm currently working as [ your position ]",
  markup: '',
  info: '',
  meta: null,
  block: true,
  hidden: false
}
Token {
  type: 'paragraph_close',
  tag: 'p',
  attrs: null,
  map: null,
  nesting: -1,
  level: 2,
  children: null,
  content: '',
  markup: '',
  info: '',
  meta: null,
  block: true,
  hidden: true
}
Token {
  type: 'list_item_close',
  tag: 'li',
  attrs: null,
  map: null,
  nesting: -1,
  level: 1,
  children: null,
  content: '',
  markup: '-',
  info: '',
  meta: null,
  block: true,
  hidden: false
}
Token {
  type: 'list_item_open',
  tag: 'li',
  attrs: null,
  map: [ 18, 19 ],
  nesting: 1,
  level: 1,
  children: null,
  content: '',
  markup: '-',
  info: '',
  meta: null,
  block: true,
  hidden: false
}
Token {
  type: 'paragraph_open',
  tag: 'p',
  attrs: null,
  map: [ 18, 19 ],
  nesting: 1,
  level: 2,
  children: null,
  content: '',
  markup: '',
  info: '',
  meta: null,
  block: true,
  hidden: true
}
Token {
  type: 'inline',
  tag: '',
  attrs: null,
  map: [ 18, 19 ],
  nesting: 0,
  level: 3,
  children: [
    Token {
      type: 'text',
      tag: '',
      attrs: null,
      map: null,
      nesting: 0,
      level: 0,
      children: null,
      content: '📮️ How to reach me: [your Github](https://github.com)',
      markup: '',
      info: '',
      meta: null,
      block: false,
      hidden: false
    }
  ],
  content: '📮️ How to reach me: [your Github](https://github.com)',
  markup: '',
  info: '',
  meta: null,
  block: true,
  hidden: false
}
Token {
  type: 'paragraph_close',
  tag: 'p',
  attrs: null,
  map: null,
  nesting: -1,
  level: 2,
  children: null,
  content: '',
  markup: '',
  info: '',
  meta: null,
  block: true,
  hidden: true
}
Token {
  type: 'list_item_close',
  tag: 'li',
  attrs: null,
  map: null,
  nesting: -1,
  level: 1,
  children: null,
  content: '',
  markup: '-',
  info: '',
  meta: null,
  block: true,
  hidden: false
}
Token {
  type: 'list_item_open',
  tag: 'li',
  attrs: null,
  map: [ 19, 21 ],
  nesting: 1,
  level: 1,
  children: null,
  content: '',
  markup: '-',
  info: '',
  meta: null,
  block: true,
  hidden: false
}
Token {
  type: 'paragraph_open',
  tag: 'p',
  attrs: null,
  map: [ 19, 20 ],
  nesting: 1,
  level: 2,
  children: null,
  content: '',
  markup: '',
  info: '',
  meta: null,
  block: true,
  hidden: true
}
Token {
  type: 'inline',
  tag: '',
  attrs: null,
  map: [ 19, 20 ],
  nesting: 0,
  level: 3,
  children: [
    Token {
      type: 'text',
      tag: '',
      attrs: null,
      map: null,
      nesting: 0,
      level: 0,
      children: null,
      content: '📖 My motto: [ your motto ]',
      markup: '',
      info: '',
      meta: null,
      block: false,
      hidden: false
    }
  ],
  content: '📖 My motto: [ your motto ]',
  markup: '',
  info: '',
  meta: null,
  block: true,
  hidden: false
}
Token {
  type: 'paragraph_close',
  tag: 'p',
  attrs: null,
  map: null,
  nesting: -1,
  level: 2,
  children: null,
  content: '',
  markup: '',
  info: '',
  meta: null,
  block: true,
  hidden: true
}
Token {
  type: 'list_item_close',
  tag: 'li',
  attrs: null,
  map: null,
  nesting: -1,
  level: 1,
  children: null,
  content: '',
  markup: '-',
  info: '',
  meta: null,
  block: true,
  hidden: false
}
Token {
  type: 'bullet_list_close',
  tag: 'ul',
  attrs: null,
  map: null,
  nesting: -1,
  level: 0,
  children: null,
  content: '',
  markup: '-',
  info: '',
  meta: null,
  block: true,
  hidden: false
}
Token {
  type: 'hr',
  tag: 'hr',
  attrs: null,
  map: [ 21, 22 ],
  nesting: 0,
  level: 0,
  children: null,
  content: '',
  markup: '---',
  info: '',
  meta: null,
  block: true,
  hidden: false
}
Token {
  type: 'blockquote_open',
  tag: 'blockquote',
  attrs: null,
  map: [ 23, 24 ],
  nesting: 1,
  level: 0,
  children: null,
  content: '',
  markup: '>',
  info: '',
  meta: null,
  block: true,
  hidden: false
}
Token {
  type: 'paragraph_open',
  tag: 'p',
  attrs: null,
  map: [ 23, 24 ],
  nesting: 1,
  level: 1,
  children: null,
  content: '',
  markup: '',
  info: '',
  meta: null,
  block: true,
  hidden: false
}
Token {
  type: 'inline',
  tag: '',
  attrs: null,
  map: [ 23, 24 ],
  nesting: 0,
  level: 2,
  children: [
    Token {
      type: 'text',
      tag: '',
      attrs: null,
      map: null,
      nesting: 0,
      level: 0,
      children: null,
      content: '[!tip] 在以下内容当中，挑选您熟悉的 ',
      markup: '',
      info: '',
      meta: null,
      block: false,
      hidden: false
    },
    Token {
      type: 'code_inline',
      tag: 'code',
      attrs: null,
      map: null,
      nesting: 0,
      level: 0,
      children: null,
      content: 'icon',
      markup: '`',
      info: '',
      meta: null,
      block: false,
      hidden: false
    },
    Token {
      type: 'text',
      tag: '',
      attrs: null,
      map: null,
      nesting: 0,
      level: 0,
      children: null,
      content: ' 进行展示',
      markup: '',
      info: '',
      meta: null,
      block: false,
      hidden: false
    }
  ],
  content: '[!tip] 在以下内容当中，挑选您熟悉的 `icon` 进行展示',
  markup: '',
  info: '',
  meta: null,
  block: true,
  hidden: false
}
Token {
  type: 'paragraph_close',
  tag: 'p',
  attrs: null,
  map: null,
  nesting: -1,
  level: 1,
  children: null,
  content: '',
  markup: '',
  info: '',
  meta: null,
  block: true,
  hidden: false
}
Token {
  type: 'blockquote_close',
  tag: 'blockquote',
  attrs: null,
  map: null,
  nesting: -1,
  level: 0,
  children: null,
  content: '',
  markup: '>',
  info: '',
  meta: null,
  block: true,
  hidden: false
}
Token {
  type: 'heading_open',
  tag: 'h3',
  attrs: null,
  map: [ 25, 26 ],
  nesting: 1,
  level: 0,
  children: null,
  content: '',
  markup: '###',
  info: '',
  meta: null,
  block: true,
  hidden: false
}
Token {
  type: 'inline',
  tag: '',
  attrs: null,
  map: [ 25, 26 ],
  nesting: 0,
  level: 1,
  children: [
    Token {
      type: 'text',
      tag: '',
      attrs: null,
      map: null,
      nesting: 0,
      level: 0,
      children: null,
      content: '后端',
      markup: '',
      info: '',
      meta: null,
      block: false,
      hidden: false
    }
  ],
  content: '后端',
  markup: '',
  info: '',
  meta: null,
  block: true,
  hidden: false
}
Token {
  type: 'heading_close',
  tag: 'h3',
  attrs: null,
  map: null,
  nesting: -1,
  level: 0,
  children: null,
  content: '',
  markup: '###',
  info: '',
  meta: null,
  block: true,
  hidden: false
}
Token {
  type: 'paragraph_open',
  tag: 'p',
  attrs: null,
  map: [ 27, 61 ],
  nesting: 1,
  level: 0,
  children: null,
  content: '',
  markup: '',
  info: '',
  meta: null,
  block: true,
  hidden: false
}
Token {
  type: 'inline',
  tag: '',
  attrs: null,
  map: [ 27, 61 ],
  nesting: 0,
  level: 1,
  children: [
    Token {
      type: 'text',
      tag: '',
      attrs: null,
      map: null,
      nesting: 0,
      level: 0,
      children: null,
      content: '<p>',
      markup: '',
      info: '',
      meta: null,
      block: false,
      hidden: false
    },
    Token {
      type: 'softbreak',
      tag: 'br',
      attrs: null,
      map: null,
      nesting: 0,
      level: 0,
      children: null,
      content: '',
      markup: '',
      info: '',
      meta: null,
      block: false,
      hidden: false
    },
    Token {
      type: 'text',
      tag: '',
      attrs: null,
      map: null,
      nesting: 0,
      level: 0,
      children: null,
      content: '<img src="https://img.shields.io/badge/-Go-DCDCDC?logo=Go&logoColor=00ADD8" alt="Go" style="display: inline-block;" /> ',
      markup: '&nbsp;',
      info: 'entity',
      meta: null,
      block: false,
      hidden: false
    },
    Token {
      type: 'softbreak',
      tag: 'br',
      attrs: null,
      map: null,
      nesting: 0,
      level: 0,
      children: null,
      content: '',
      markup: '',
      info: '',
      meta: null,
      block: false,
      hidden: false
    },
    Token {
      type: 'text',
      tag: '',
      attrs: null,
      map: null,
      nesting: 0,
      level: 0,
      children: null,
      content: '<img src="https://img.shields.io/badge/-MySQL-4479A1?logo=MySQL&logoColor=FFF" alt="MySQL" style="display: inline-block;" /> ',
      markup: '&nbsp;',
      info: 'entity',
      meta: null,
      block: false,
      hidden: false
    },
    Token {
      type: 'softbreak',
      tag: 'br',
      attrs: null,
      map: null,
      nesting: 0,
      level: 0,
      children: null,
      content: '',
      markup: '',
      info: '',
      meta: null,
      block: false,
      hidden: false
    },
    Token {
      type: 'text',
      tag: '',
      attrs: null,
      map: null,
      nesting: 0,
      level: 0,
      children: null,
      content: '<img src="https://img.shields.io/badge/-Redis-DC382D?logo=Redis&logoColor=FFF" alt="Redis" style="display: inline-block;" /> ',
      markup: '&nbsp;',
      info: 'entity',
      meta: null,
      block: false,
      hidden: false
    },
    Token {
      type: 'softbreak',
      tag: 'br',
      attrs: null,
      map: null,
      nesting: 0,
      level: 0,
      children: null,
      content: '',
      markup: '',
      info: '',
      meta: null,
      block: false,
      hidden: false
    },
    Token {
      type: 'text',
      tag: '',
      attrs: null,
      map: null,
      nesting: 0,
      level: 0,
      children: null,
      content: '<img src="https://img.shields.io/badge/-MongoDB-47A248?logo=MongoDB&logoColor=FFF" alt="MongoDB" style="display: inline-block;" /> ',
      markup: '&nbsp;',
      info: 'entity',
      meta: null,
      block: false,
      hidden: false
    },
    Token {
      type: 'softbreak',
      tag: 'br',
      attrs: null,
      map: null,
      nesting: 0,
      level: 0,
      children: null,
      content: '',
      markup: '',
      info: '',
      meta: null,
      block: false,
      hidden: false
    },
    Token {
      type: 'text',
      tag: '',
      attrs: null,
      map: null,
      nesting: 0,
      level: 0,
      children: null,
      content: '<img src="https://img.shields.io/badge/-ElasticSearch-005571?logo=ElasticSearch&logoColor=FFF" alt="ElasticSearch" style="display: inline-block;" /> ',
      markup: '&nbsp;',
      info: 'entity',
      meta: null,
      block: false,
      hidden: false
    },
    Token {
      type: 'softbreak',
      tag: 'br',
      attrs: null,
      map: null,
      nesting: 0,
      level: 0,
      children: null,
      content: '',
      markup: '',
      info: '',
      meta: null,
      block: false,
      hidden: false
    },
    Token {
      type: 'text',
      tag: '',
      attrs: null,
      map: null,
      nesting: 0,
      level: 0,
      children: null,
      content: '<img src="https://img.shields.io/badge/-Logstash-A9A9A9?logo=Logstash&logoColor=005571" alt="Logstash" style="display: inline-block;" /> ',
      markup: '&nbsp;',
      info: 'entity',
      meta: null,
      block: false,
      hidden: false
    },
    Token {
      type: 'softbreak',
      tag: 'br',
      attrs: null,
      map: null,
      nesting: 0,
      level: 0,
      children: null,
      content: '',
      markup: '',
      info: '',
      meta: null,
      block: false,
      hidden: false
    },
    Token {
      type: 'text',
      tag: '',
      attrs: null,
      map: null,
      nesting: 0,
      level: 0,
      children: null,
      content: '<img src="https://img.shields.io/badge/-Kibana-A9A9A9?logo=Kibana&logoColor=005571" alt="Kibana" style="display: inline-block;" /> ',
      markup: '&nbsp;',
      info: 'entity',
      meta: null,
      block: false,
      hidden: false
    },
    Token {
      type: 'softbreak',
      tag: 'br',
      attrs: null,
      map: null,
      nesting: 0,
      level: 0,
      children: null,
      content: '',
      markup: '',
      info: '',
      meta: null,
      block: false,
      hidden: false
    },
    Token {
      type: 'text',
      tag: '',
      attrs: null,
      map: null,
      nesting: 0,
      level: 0,
      children: null,
      content: '<img src="https://img.shields.io/badge/-JWT-000?logo=JSON-Web-Tokens&logoColor=FFF" alt="JWT" style="display: inline-block;" /> ',
      markup: '&nbsp;',
      info: 'entity',
      meta: null,
      block: false,
      hidden: false
    },
    Token {
      type: 'softbreak',
      tag: 'br',
      attrs: null,
      map: null,
      nesting: 0,
      level: 0,
      children: null,
      content: '',
      markup: '',
      info: '',
      meta: null,
      block: false,
      hidden: false
    },
    Token {
      type: 'text',
      tag: '',
      attrs: null,
      map: null,
      nesting: 0,
      level: 0,
      children: null,
      content: '<img src="https://img.shields.io/badge/-JSON-000?logo=JSON&logoColor=FFF" alt="JSON" style="display: inline-block;" /> ',
      markup: '&nbsp;',
      info: 'entity',
      meta: null,
      block: false,
      hidden: false
    },
    Token {
      type: 'softbreak',
      tag: 'br',
      attrs: null,
      map: null,
      nesting: 0,
      level: 0,
      children: null,
      content: '',
      markup: '',
      info: '',
      meta: null,
      block: false,
      hidden: false
    },
    Token {
      type: 'text',
      tag: '',
      attrs: null,
      map: null,
      nesting: 0,
      level: 0,
      children: null,
      content: '<img src="https://img.shields.io/badge/-Node.js-D3D3D3?logo=Node.js&logoColor=339933" alt="Node.js" style="display: inline-block;" /> ',
      markup: '&nbsp;',
      info: 'entity',
      meta: null,
      block: false,
      hidden: false
    },
    Token {
      type: 'softbreak',
      tag: 'br',
      attrs: null,
      map: null,
      nesting: 0,
      level: 0,
      children: null,
      content: '',
      markup: '',
      info: '',
      meta: null,
      block: false,
      hidden: false
    },
    Token {
      type: 'text',
      tag: '',
      attrs: null,
      map: null,
      nesting: 0,
      level: 0,
      children: null,
      content: '<img src="https://img.shields.io/badge/-Python-A9A9A9?logo=Python&logoColor=3776AB" alt="Python" style="display: inline-block;" /> ',
      markup: '&nbsp;',
      info: 'entity',
      meta: null,
      block: false,
      hidden: false
    },
    Token {
      type: 'softbreak',
      tag: 'br',
      attrs: null,
      map: null,
      nesting: 0,
      level: 0,
      children: null,
      content: '',
      markup: '',
      info: '',
      meta: null,
      block: false,
      hidden: false
    },
    Token {
      type: 'text',
      tag: '',
      attrs: null,
      map: null,
      nesting: 0,
      level: 0,
      children: null,
      content: '<img src="https://img.shields.io/badge/-Spring-6DB33F?logo=Spring&logoColor=FFF" alt="Spring" style="display: inline-block;" /> ',
      markup: '&nbsp;',
      info: 'entity',
      meta: null,
      block: false,
      hidden: false
    },
    Token {
      type: 'softbreak',
      tag: 'br',
      attrs: null,
      map: null,
      nesting: 0,
      level: 0,
      children: null,
      content: '',
      markup: '',
      info: '',
      meta: null,
      block: false,
      hidden: false
    },
    Token {
      type: 'text',
      tag: '',
      attrs: null,
      map: null,
      nesting: 0,
      level: 0,
      children: null,
      content: '<img src="https://img.shields.io/badge/-Spring%20Boot-6DB33F?logo=Spring-Boot&logoColor=FFF" alt="Spring Boot" style="display: inline-block;" /> ',
      markup: '&nbsp;',
      info: 'entity',
      meta: null,
      block: false,
      hidden: false
    },
    Token {
      type: 'softbreak',
      tag: 'br',
      attrs: null,
      map: null,
      nesting: 0,
      level: 0,
      children: null,
      content: '',
      markup: '',
      info: '',
      meta: null,
      block: false,
      hidden: false
    },
    Token {
      type: 'text',
      tag: '',
      attrs: null,
      map: null,
      nesting: 0,
      level: 0,
      children: null,
      content: '<img src="https://img.shields.io/badge/-MariaDB-A9A9A9?logo=MariaDB&logoColor=003545" alt="MariaDB" style="display: inline-block;" /> ',
      markup: '&nbsp;',
      info: 'entity',
      meta: null,
      block: false,
      hidden: false
    },
    Token {
      type: 'softbreak',
      tag: 'br',
      attrs: null,
      map: null,
      nesting: 0,
      level: 0,
      children: null,
      content: '',
      markup: '',
      info: '',
      meta: null,
      block: false,
      hidden: false
    },
    Token {
      type: 'text',
      tag: '',
      attrs: null,
      map: null,
      nesting: 0,
      level: 0,
      children: null,
      content: '<img src="https://img.shields.io/badge/-PostgreSQL-C0C0C0?logo=PostgreSQL&logoColor=4169E1" alt="PostgreSQL" style="display: inline-block;" /> ',
      markup: '&nbsp;',
      info: 'entity',
      meta: null,
      block: false,
      hidden: false
    },
    Token {
      type: 'softbreak',
      tag: 'br',
      attrs: null,
      map: null,
      nesting: 0,
      level: 0,
      children: null,
      content: '',
      markup: '',
      info: '',
      meta: null,
      block: false,
      hidden: false
    },
    Token {
      type: 'text',
      tag: '',
      attrs: null,
      map: null,
      nesting: 0,
      level: 0,
      children: null,
      content: '<img src="https://img.shields.io/badge/-Oracle-C0C0C0?logo=Oracle&logoColor=F80000" alt="Oracle" style="display: inline-block;" /> ',
      markup: '&nbsp;',
      info: 'entity',
      meta: null,
      block: false,
      hidden: false
    },
    Token {
      type: 'softbreak',
      tag: 'br',
      attrs: null,
      map: null,
      nesting: 0,
      level: 0,
      children: null,
      content: '',
      markup: '',
      info: '',
      meta: null,
      block: false,
      hidden: false
    },
    Token {
      type: 'text',
      tag: '',
      attrs: null,
      map: null,
      nesting: 0,
      level: 0,
      children: null,
      content: '<img src="https://img.shields.io/badge/-Microsoft%20SQL%20Server-D3D3D3?logo=Microsoft-SQL-Server&logoColor=CC2927" alt="Microsoft SQL Server" style="display: inline-block;" /> ',
      markup: '&nbsp;',
      info: 'entity',
      meta: null,
      block: false,
      hidden: false
    },
    Token {
      type: 'softbreak',
      tag: 'br',
      attrs: null,
      map: null,
      nesting: 0,
      level: 0,
      children: null,
      content: '',
      markup: '',
      info: '',
      meta: null,
      block: false,
      hidden: false
    },
    Token {
      type: 'text',
      tag: '',
      attrs: null,
      map: null,
      nesting: 0,
      level: 0,
      children: null,
      content: '<img src="https://img.shields.io/badge/-RabbitMQ-FF6600?logo=RabbitMQ&logoColor=FFF" alt="RabbitMQ" style="display: inline-block;" /> ',
      markup: '&nbsp;',
      info: 'entity',
      meta: null,
      block: false,
      hidden: false
    },
    Token {
      type: 'softbreak',
      tag: 'br',
      attrs: null,
      map: null,
      nesting: 0,
      level: 0,
      children: null,
      content: '',
      markup: '',
      info: '',
      meta: null,
      block: false,
      hidden: false
    },
    Token {
      type: 'text',
      tag: '',
      attrs: null,
      map: null,
      nesting: 0,
      level: 0,
      children: null,
      content: '<img src="https://img.shields.io/badge/-Solr-D9411E?logo=Apache-Solr&logoColor=FFF" alt="Solr" style="display: inline-block;" /> ',
      markup: '&nbsp;',
      info: 'entity',
      meta: null,
      block: false,
      hidden: false
    },
    Token {
      type: 'softbreak',
      tag: 'br',
      attrs: null,
      map: null,
      nesting: 0,
      level: 0,
      children: null,
      content: '',
      markup: '',
      info: '',
      meta: null,
      block: false,
      hidden: false
    },
    Token {
      type: 'text',
      tag: '',
      attrs: null,
      map: null,
      nesting: 0,
      level: 0,
      children: null,
      content: '<img src="https://img.shields.io/badge/-Kafka-C0C0C0?logo=Apache-Kafka&logoColor=231F20" alt="Kafka" style="display: inline-block;" /> ',
      markup: '&nbsp;',
      info: 'entity',
      meta: null,
      block: false,
      hidden: false
    },
    Token {
      type: 'softbreak',
      tag: 'br',
      attrs: null,
      map: null,
      nesting: 0,
      level: 0,
      children: null,
      content: '',
      markup: '',
      info: '',
      meta: null,
      block: false,
      hidden: false
    },
    Token {
      type: 'text',
      tag: '',
      attrs: null,
      map: null,
      nesting: 0,
      level: 0,
      children: null,
      content: '<img src="https://img.shields.io/badge/-Consul-F24C53?logo=Consul&logoColor=FFF" alt="Consul" style="display: inline-block;" /> ',
      markup: '&nbsp;',
      info: 'entity',
      meta: null,
      block: false,
      hidden: false
    },
    Token {
      type: 'softbreak',
      tag: 'br',
      attrs: null,
      map: null,
      nesting: 0,
      level: 0,
      children: null,
      content: '',
      markup: '',
      info: '',
      meta: null,
      block: false,
      hidden: false
    },
    Token {
      type: 'text',
      tag: '',
      attrs: null,
      map: null,
      nesting: 0,
      level: 0,
      children: null,
      content: '<img src="https://img.shields.io/badge/-Tomcat-F8DC75?logo=Apache-Tomcat&logoColor=000" alt="Tomcat" style="display: inline-block;" /> ',
      markup: '&nbsp;',
      info: 'entity',
      meta: null,
      block: false,
      hidden: false
    },
    Token {
      type: 'softbreak',
      tag: 'br',
      attrs: null,
      map: null,
      nesting: 0,
      level: 0,
      children: null,
      content: '',
      markup: '',
      info: '',
      meta: null,
      block: false,
      hidden: false
    },
    Token {
      type: 'text',
      tag: '',
      attrs: null,
      map: null,
      nesting: 0,
      level: 0,
      children: null,
      content: '<img src="https://img.shields.io/badge/-JUnit5-25A162?logo=JUnit5&logoColor=FFF" alt="JUnit5" style="display: inline-block;" /> ',
      markup: '&nbsp;',
      info: 'entity',
      meta: null,
      block: false,
      hidden: false
    },
    Token {
      type: 'softbreak',
      tag: 'br',
      attrs: null,
      map: null,
      nesting: 0,
      level: 0,
      children: null,
      content: '',
      markup: '',
      info: '',
      meta: null,
      block: false,
      hidden: false
    },
    Token {
      type: 'text',
      tag: '',
      attrs: null,
      map: null,
      nesting: 0,
      level: 0,
      children: null,
      content: '<img src="https://img.shields.io/badge/-Liquibase-2962FF?logo=Liquibase&logoColor=FFF" alt="Liquibase" style="display: inline-block;" /> ',
      markup: '&nbsp;',
      info: 'entity',
      meta: null,
      block: false,
      hidden: false
    },
    Token {
      type: 'softbreak',
      tag: 'br',
      attrs: null,
      map: null,
      nesting: 0,
      level: 0,
      children: null,
      content: '',
      markup: '',
      info: '',
      meta: null,
      block: false,
      hidden: false
    },
    Token {
      type: 'text',
      tag: '',
      attrs: null,
      map: null,
      nesting: 0,
      level: 0,
      children: null,
      content: '<img src="https://img.shields.io/badge/-Maven-C71A36?logo=Apache-Maven&logoColor=FFF" alt="Maven" style="display: inline-block;" /> ',
      markup: '&nbsp;',
      info: 'entity',
      meta: null,
      block: false,
      hidden: false
    },
    Token {
      type: 'softbreak',
      tag: 'br',
      attrs: null,
      map: null,
      nesting: 0,
      level: 0,
      children: null,
      content: '',
      markup: '',
      info: '',
      meta: null,
      block: false,
      hidden: false
    },
    Token {
      type: 'text',
      tag: '',
      attrs: null,
      map: null,
      nesting: 0,
      level: 0,
      children: null,
      content: '<img src="https://img.shields.io/badge/-Gradle-D3D3D3?logo=Gradle&logoColor=02303A" alt="Gradle" style="display: inline-block;" /> ',
      markup: '&nbsp;',
      info: 'entity',
      meta: null,
      block: false,
      hidden: false
    },
    Token {
      type: 'softbreak',
      tag: 'br',
      attrs: null,
      map: null,
      nesting: 0,
      level: 0,
      children: null,
      content: '',
      markup: '',
      info: '',
      meta: null,
      block: false,
      hidden: false
    },
    Token {
      type: 'text',
      tag: '',
      attrs: null,
      map: null,
      nesting: 0,
      level: 0,
      children: null,
      content: '<img src="https://img.shields.io/badge/-Spring%20Security-6DB33F?logo=Spring-Security&logoColor=FFF" alt="Spring Security" style="display: inline-block;" /> ',
      markup: '&nbsp;',
      info: 'entity',
      meta: null,
      block: false,
      hidden: false
    },
    Token {
      type: 'softbreak',
      tag: 'br',
      attrs: null,
      map: null,
      nesting: 0,
      level: 0,
      children: null,
      content: '',
      markup: '',
      info: '',
      meta: null,
      block: false,
      hidden: false
    },
    Token {
      type: 'text',
      tag: '',
      attrs: null,
      map: null,
      nesting: 0,
      level: 0,
      children: null,
      content: '<img src="https://img.shields.io/badge/-Hibernate-59666C?logo=Hibernate&logoColor=FFF" alt="Hibernate" style="display: inline-block;" /> ',
      markup: '&nbsp;',
      info: 'entity',
      meta: null,
      block: false,
      hidden: false
    },
    Token {
      type: 'softbreak',
      tag: 'br',
      attrs: null,
      map: null,
      nesting: 0,
      level: 0,
      children: null,
      content: '',
      markup: '',
      info: '',
      meta: null,
      block: false,
      hidden: false
    },
    Token {
      type: 'text',
      tag: '',
      attrs: null,
      map: null,
      nesting: 0,
      level: 0,
      children: null,
      content: '<img src="https://img.shields.io/badge/-Java-F78C40?logo=OpenJDK&logoColor=FFF" alt="Java" style="display: inline-block;" /> ',
      markup: '&nbsp;',
      info: 'entity',
      meta: null,
      block: false,
      hidden: false
    },
    Token {
      type: 'softbreak',
      tag: 'br',
      attrs: null,
      map: null,
      nesting: 0,
      level: 0,
      children: null,
      content: '',
      markup: '',
      info: '',
      meta: null,
      block: false,
      hidden: false
    },
    Token {
      type: 'text',
      tag: '',
      attrs: null,
      map: null,
      nesting: 0,
      level: 0,
      children: null,
      content: '<img src="https://img.shields.io/badge/-Android-C0C0C0?logo=Android&logoColor=3DDC84" alt="Android" style="display: inline-block;" /> ',
      markup: '&nbsp;',
      info: 'entity',
      meta: null,
      block: false,
      hidden: false
    },
    Token {
      type: 'softbreak',
      tag: 'br',
      attrs: null,
      map: null,
      nesting: 0,
      level: 0,
      children: null,
      content: '',
      markup: '',
      info: '',
      meta: null,
      block: false,
      hidden: false
    },
    Token {
      type: 'text',
      tag: '',
      attrs: null,
      map: null,
      nesting: 0,
      level: 0,
      children: null,
      content: '<img src="https://img.shields.io/badge/-GraphQL-FFF?logo=GraphQL&logoColor=E10098" alt="GraphQL" style="display: inline-block;" /> ',
      markup: '&nbsp;',
      info: 'entity',
      meta: null,
      block: false,
      hidden: false
    },
    Token {
      type: 'softbreak',
      tag: 'br',
      attrs: null,
      map: null,
      nesting: 0,
      level: 0,
      children: null,
      content: '',
      markup: '',
      info: '',
      meta: null,
      block: false,
      hidden: false
    },
    Token {
      type: 'text',
      tag: '',
      attrs: null,
      map: null,
      nesting: 0,
      level: 0,
      children: null,
      content: '<img src="https://img.shields.io/badge/-Node.js-D3D3D3?logo=Node.js&logoColor=339933" alt="Node.js" style="display: inline-block;" /> ',
      markup: '&nbsp;',
      info: 'entity',
      meta: null,
      block: false,
      hidden: false
    },
    Token {
      type: 'softbreak',
      tag: 'br',
      attrs: null,
      map: null,
      nesting: 0,
      level: 0,
      children: null,
      content: '',
      markup: '',
      info: '',
      meta: null,
      block: false,
      hidden: false
    },
    Token {
      type: 'text',
      tag: '',
      attrs: null,
      map: null,
      nesting: 0,
      level: 0,
      children: null,
      content: '</p>',
      markup: '',
      info: '',
      meta: null,
      block: false,
      hidden: false
    }
  ],
  content: '<p>\n' +
    '  <img src="https://img.shields.io/badge/-Go-DCDCDC?logo=Go&logoColor=00ADD8" alt="Go" style="display: inline-block;" />&nbsp;\n' +
    '  <img src="https://img.shields.io/badge/-MySQL-4479A1?logo=MySQL&logoColor=FFF" alt="MySQL" style="display: inline-block;" />&nbsp;\n' +
    '  <img src="https://img.shields.io/badge/-Redis-DC382D?logo=Redis&logoColor=FFF" alt="Redis" style="display: inline-block;" />&nbsp;\n' +
    '  <img src="https://img.shields.io/badge/-MongoDB-47A248?logo=MongoDB&logoColor=FFF" alt="MongoDB" style="display: inline-block;" />&nbsp;\n' +
    '  <img src="https://img.shields.io/badge/-ElasticSearch-005571?logo=ElasticSearch&logoColor=FFF" alt="ElasticSearch" style="display: inline-block;" />&nbsp;\n' +
    '  <img src="https://img.shields.io/badge/-Logstash-A9A9A9?logo=Logstash&logoColor=005571" alt="Logstash" style="display: inline-block;" />&nbsp;\n' +
    '  <img src="https://img.shields.io/badge/-Kibana-A9A9A9?logo=Kibana&logoColor=005571" alt="Kibana" style="display: inline-block;" />&nbsp;\n' +
    '  <img src="https://img.shields.io/badge/-JWT-000?logo=JSON-Web-Tokens&logoColor=FFF" alt="JWT" style="display: inline-block;" />&nbsp;\n' +
    '  <img src="https://img.shields.io/badge/-JSON-000?logo=JSON&logoColor=FFF" alt="JSON" style="display: inline-block;" />&nbsp;\n' +
    '  <img src="https://img.shields.io/badge/-Node.js-D3D3D3?logo=Node.js&logoColor=339933" alt="Node.js" style="display: inline-block;" />&nbsp;\n' +
    '  <img src="https://img.shields.io/badge/-Python-A9A9A9?logo=Python&logoColor=3776AB" alt="Python" style="display: inline-block;" />&nbsp;\n' +
    '    <img src="https://img.shields.io/badge/-Spring-6DB33F?logo=Spring&logoColor=FFF" alt="Spring" style="display: inline-block;" />&nbsp;\n' +
    '  <img src="https://img.shields.io/badge/-Spring%20Boot-6DB33F?logo=Spring-Boot&logoColor=FFF" alt="Spring Boot" style="display: inline-block;" />&nbsp;\n' +
    '  <img src="https://img.shields.io/badge/-MariaDB-A9A9A9?logo=MariaDB&logoColor=003545" alt="MariaDB" style="display: inline-block;" />&nbsp;\n' +
    '  <img src="https://img.shields.io/badge/-PostgreSQL-C0C0C0?logo=PostgreSQL&logoColor=4169E1" alt="PostgreSQL" style="display: inline-block;" />&nbsp;\n' +
    '  <img src="https://img.shields.io/badge/-Oracle-C0C0C0?logo=Oracle&logoColor=F80000" alt="Oracle" style="display: inline-block;" />&nbsp;\n' +
    '  <img src="https://img.shields.io/badge/-Microsoft%20SQL%20Server-D3D3D3?logo=Microsoft-SQL-Server&logoColor=CC2927" alt="Microsoft SQL Server" style="display: inline-block;" />&nbsp;\n' +
    '  <img src="https://img.shields.io/badge/-RabbitMQ-FF6600?logo=RabbitMQ&logoColor=FFF" alt="RabbitMQ" style="display: inline-block;" />&nbsp;\n' +
    '  <img src="https://img.shields.io/badge/-Solr-D9411E?logo=Apache-Solr&logoColor=FFF" alt="Solr" style="display: inline-block;" />&nbsp;\n' +
    '  <img src="https://img.shields.io/badge/-Kafka-C0C0C0?logo=Apache-Kafka&logoColor=231F20" alt="Kafka" style="display: inline-block;" />&nbsp;\n' +
    '  <img src="https://img.shields.io/badge/-Consul-F24C53?logo=Consul&logoColor=FFF" alt="Consul" style="display: inline-block;" />&nbsp;\n' +
    '  <img src="https://img.shields.io/badge/-Tomcat-F8DC75?logo=Apache-Tomcat&logoColor=000" alt="Tomcat" style="display: inline-block;" />&nbsp;\n' +
    '  <img src="https://img.shields.io/badge/-JUnit5-25A162?logo=JUnit5&logoColor=FFF" alt="JUnit5" style="display: inline-block;" />&nbsp;\n' +
    '  <img src="https://img.shields.io/badge/-Liquibase-2962FF?logo=Liquibase&logoColor=FFF" alt="Liquibase" style="display: inline-block;" />&nbsp;\n' +
    '  <img src="https://img.shields.io/badge/-Maven-C71A36?logo=Apache-Maven&logoColor=FFF" alt="Maven" style="display: inline-block;" />&nbsp;\n' +
    '  <img src="https://img.shields.io/badge/-Gradle-D3D3D3?logo=Gradle&logoColor=02303A" alt="Gradle" style="display: inline-block;" />&nbsp;\n' +
    '  <img src="https://img.shields.io/badge/-Spring%20Security-6DB33F?logo=Spring-Security&logoColor=FFF" alt="Spring Security" style="display: inline-block;" />&nbsp;\n' +
    '  <img src="https://img.shields.io/badge/-Hibernate-59666C?logo=Hibernate&logoColor=FFF" alt="Hibernate" style="display: inline-block;" />&nbsp;\n' +
    '  <img src="https://img.shields.io/badge/-Java-F78C40?logo=OpenJDK&logoColor=FFF" alt="Java" style="display: inline-block;" />&nbsp;\n' +
    '  <img src="https://img.shields.io/badge/-Android-C0C0C0?logo=Android&logoColor=3DDC84" alt="Android" style="display: inline-block;" />&nbsp;\n' +
    '  <img src="https://img.shields.io/badge/-GraphQL-FFF?logo=GraphQL&logoColor=E10098" alt="GraphQL" style="display: inline-block;" />&nbsp;\n' +
    '  <img src="https://img.shields.io/badge/-Node.js-D3D3D3?logo=Node.js&logoColor=339933" alt="Node.js" style="display: inline-block;" />&nbsp;\n' +
    '</p>',
  markup: '',
  info: '',
  meta: null,
  block: true,
  hidden: false
}
Token {
  type: 'paragraph_close',
  tag: 'p',
  attrs: null,
  map: null,
  nesting: -1,
  level: 0,
  children: null,
  content: '',
  markup: '',
  info: '',
  meta: null,
  block: true,
  hidden: false
}
Token {
  type: 'heading_open',
  tag: 'h3',
  attrs: null,
  map: [ 62, 63 ],
  nesting: 1,
  level: 0,
  children: null,
  content: '',
  markup: '###',
  info: '',
  meta: null,
  block: true,
  hidden: false
}
Token {
  type: 'inline',
  tag: '',
  attrs: null,
  map: [ 62, 63 ],
  nesting: 0,
  level: 1,
  children: [
    Token {
      type: 'text',
      tag: '',
      attrs: null,
      map: null,
      nesting: 0,
      level: 0,
      children: null,
      content: '前端',
      markup: '',
      info: '',
      meta: null,
      block: false,
      hidden: false
    }
  ],
  content: '前端',
  markup: '',
  info: '',
  meta: null,
  block: true,
  hidden: false
}
Token {
  type: 'heading_close',
  tag: 'h3',
  attrs: null,
  map: null,
  nesting: -1,
  level: 0,
  children: null,
  content: '',
  markup: '###',
  info: '',
  meta: null,
  block: true,
  hidden: false
}
Token {
  type: 'paragraph_open',
  tag: 'p',
  attrs: null,
  map: [ 64, 82 ],
  nesting: 1,
  level: 0,
  children: null,
  content: '',
  markup: '',
  info: '',
  meta: null,
  block: true,
  hidden: false
}
Token {
  type: 'inline',
  tag: '',
  attrs: null,
  map: [ 64, 82 ],
  nesting: 0,
  level: 1,
  children: [
    Token {
      type: 'text',
      tag: '',
      attrs: null,
      map: null,
      nesting: 0,
      level: 0,
      children: null,
      content: '<p>',
      markup: '',
      info: '',
      meta: null,
      block: false,
      hidden: false
    },
    Token {
      type: 'softbreak',
      tag: 'br',
      attrs: null,
      map: null,
      nesting: 0,
      level: 0,
      children: null,
      content: '',
      markup: '',
      info: '',
      meta: null,
      block: false,
      hidden: false
    },
    Token {
      type: 'text',
      tag: '',
      attrs: null,
      map: null,
      nesting: 0,
      level: 0,
      children: null,
      content: '<img src="https://img.shields.io/badge/-JavaScript-A9A9A9?logo=JavaScript&logoColor=F7DF1E" alt="JavaScript" style="display: inline-block;" /> ',
      markup: '&nbsp;',
      info: 'entity',
      meta: null,
      block: false,
      hidden: false
    },
    Token {
      type: 'softbreak',
      tag: 'br',
      attrs: null,
      map: null,
      nesting: 0,
      level: 0,
      children: null,
      content: '',
      markup: '',
      info: '',
      meta: null,
      block: false,
      hidden: false
    },
    Token {
      type: 'text',
      tag: '',
      attrs: null,
      map: null,
      nesting: 0,
      level: 0,
      children: null,
      content: '<img src="https://img.shields.io/badge/-TypeScript-C0C0C0?logo=TypeScript&logoColor=3178C6" alt="TypeScript" style="display: inline-block;" /> ',
      markup: '&nbsp;',
      info: 'entity',
      meta: null,
      block: false,
      hidden: false
    },
    Token {
      type: 'softbreak',
      tag: 'br',
      attrs: null,
      map: null,
      nesting: 0,
      level: 0,
      children: null,
      content: '',
      markup: '',
      info: '',
      meta: null,
      block: false,
      hidden: false
    },
    Token {
      type: 'text',
      tag: '',
      attrs: null,
      map: null,
      nesting: 0,
      level: 0,
      children: null,
      content: '<img src="https://img.shields.io/badge/-Vue3-C0C0C0?logo=Vue.js&logoColor=4FC08D" alt="Vue3" style="display: inline-block;" /> ',
      markup: '&nbsp;',
      info: 'entity',
      meta: null,
      block: false,
      hidden: false
    },
    Token {
      type: 'softbreak',
      tag: 'br',
      attrs: null,
      map: null,
      nesting: 0,
      level: 0,
      children: null,
      content: '',
      markup: '',
      info: '',
      meta: null,
      block: false,
      hidden: false
    },
    Token {
      type: 'text',
      tag: '',
      attrs: null,
      map: null,
      nesting: 0,
      level: 0,
      children: null,
      content: '<img src="https://img.shields.io/badge/-Vite-D3D3D3?logo=Vite&logoColor=646CFF" alt="Vite" style="display: inline-block;" /> ',
      markup: '&nbsp;',
      info: 'entity',
      meta: null,
      block: false,
      hidden: false
    },
    Token {
      type: 'softbreak',
      tag: 'br',
      attrs: null,
      map: null,
      nesting: 0,
      level: 0,
      children: null,
      content: '',
      markup: '',
      info: '',
      meta: null,
      block: false,
      hidden: false
    },
    Token {
      type: 'text',
      tag: '',
      attrs: null,
      map: null,
      nesting: 0,
      level: 0,
      children: null,
      content: '<img src="https://img.shields.io/badge/-Webpack-D3D3D3?logo=Webpack&logoColor=8DD6F9" alt="Webpack" style="display: inline-block;" /> ',
      markup: '&nbsp;',
      info: 'entity',
      meta: null,
      block: false,
      hidden: false
    },
    Token {
      type: 'softbreak',
      tag: 'br',
      attrs: null,
      map: null,
      nesting: 0,
      level: 0,
      children: null,
      content: '',
      markup: '',
      info: '',
      meta: null,
      block: false,
      hidden: false
    },
    Token {
      type: 'text',
      tag: '',
      attrs: null,
      map: null,
      nesting: 0,
      level: 0,
      children: null,
      content: '<img src="https://img.shields.io/badge/-NPM-C0C0C0?logo=npm&logoColor=CB3837" alt="NPM" style="display: inline-block;" /> ',
      markup: '&nbsp;',
      info: 'entity',
      meta: null,
      block: false,
      hidden: false
    },
    Token {
      type: 'softbreak',
      tag: 'br',
      attrs: null,
      map: null,
      nesting: 0,
      level: 0,
      children: null,
      content: '',
      markup: '',
      info: '',
      meta: null,
      block: false,
      hidden: false
    },
    Token {
      type: 'text',
      tag: '',
      attrs: null,
      map: null,
      nesting: 0,
      level: 0,
      children: null,
      content: '<img src="https://img.shields.io/badge/-Axios-C0C0C0?logo=Axios&logoColor=5A29E4" alt="Axios" style="display: inline-block;" /> ',
      markup: '&nbsp;',
      info: 'entity',
      meta: null,
      block: false,
      hidden: false
    },
    Token {
      type: 'softbreak',
      tag: 'br',
      attrs: null,
      map: null,
      nesting: 0,
      level: 0,
      children: null,
      content: '',
      markup: '',
      info: '',
      meta: null,
      block: false,
      hidden: false
    },
    Token {
      type: 'text',
      tag: '',
      attrs: null,
      map: null,
      nesting: 0,
      level: 0,
      children: null,
      content: '<img src="https://img.shields.io/badge/-ESLint-C0C0C0?logo=ESLint&logoColor=4B32C3" alt="ESLint" style="display: inline-block;" /> ',
      markup: '&nbsp;',
      info: 'entity',
      meta: null,
      block: false,
      hidden: false
    },
    Token {
      type: 'softbreak',
      tag: 'br',
      attrs: null,
      map: null,
      nesting: 0,
      level: 0,
      children: null,
      content: '',
      markup: '',
      info: '',
      meta: null,
      block: false,
      hidden: false
    },
    Token {
      type: 'text',
      tag: '',
      attrs: null,
      map: null,
      nesting: 0,
      level: 0,
      children: null,
      content: '<img src="https://img.shields.io/badge/-ECharts-C0C0C0?logo=Apache-ECharts&logoColor=AA344D" alt="ECharts" style="display: inline-block;" /> ',
      markup: '&nbsp;',
      info: 'entity',
      meta: null,
      block: false,
      hidden: false
    },
    Token {
      type: 'softbreak',
      tag: 'br',
      attrs: null,
      map: null,
      nesting: 0,
      level: 0,
      children: null,
      content: '',
      markup: '',
      info: '',
      meta: null,
      block: false,
      hidden: false
    },
    Token {
      type: 'text',
      tag: '',
      attrs: null,
      map: null,
      nesting: 0,
      level: 0,
      children: null,
      content: '<img src="https://img.shields.io/badge/-HTML5-A9A9A9?logo=HTML5&logoColor=E34F26" alt="HTML5" style="display: inline-block;" /> ',
      markup: '&nbsp;',
      info: 'entity',
      meta: null,
      block: false,
      hidden: false
    },
    Token {
      type: 'softbreak',
      tag: 'br',
      attrs: null,
      map: null,
      nesting: 0,
      level: 0,
      children: null,
      content: '',
      markup: '',
      info: '',
      meta: null,
      block: false,
      hidden: false
    },
    Token {
      type: 'text',
      tag: '',
      attrs: null,
      map: null,
      nesting: 0,
      level: 0,
      children: null,
      content: '<img src="https://img.shields.io/badge/-CSS3-A9A9A9?logo=CSS3&logoColor=1572B6" alt="CSS3" style="display: inline-block;" /> ',
      markup: '&nbsp;',
      info: 'entity',
      meta: null,
      block: false,
      hidden: false
    },
    Token {
      type: 'softbreak',
      tag: 'br',
      attrs: null,
      map: null,
      nesting: 0,
      level: 0,
      children: null,
      content: '',
      markup: '',
      info: '',
      meta: null,
      block: false,
      hidden: false
    },
    Token {
      type: 'text',
      tag: '',
      attrs: null,
      map: null,
      nesting: 0,
      level: 0,
      children: null,
      content: '<img src="https://img.shields.io/badge/-Less-D3D3D3?logo=Less&logoColor=1D365D" alt="Less" style="display: inline-block;" /> ',
      markup: '&nbsp;',
      info: 'entity',
      meta: null,
      block: false,
      hidden: false
    },
    Token {
      type: 'softbreak',
      tag: 'br',
      attrs: null,
      map: null,
      nesting: 0,
      level: 0,
      children: null,
      content: '',
      markup: '',
      info: '',
      meta: null,
      block: false,
      hidden: false
    },
    Token {
      type: 'text',
      tag: '',
      attrs: null,
      map: null,
      nesting: 0,
      level: 0,
      children: null,
      content: '<img src="https://img.shields.io/badge/-Tailwind%20CSS-FFF?logo=Tailwind-CSS&logoColor=06B6D4" alt="Tailwind CSS" style="display: inline-block;" /> ',
      markup: '&nbsp;',
      info: 'entity',
      meta: null,
      block: false,
      hidden: false
    },
    Token {
      type: 'softbreak',
      tag: 'br',
      attrs: null,
      map: null,
      nesting: 0,
      level: 0,
      children: null,
      content: '',
      markup: '',
      info: '',
      meta: null,
      block: false,
      hidden: false
    },
    Token {
      type: 'text',
      tag: '',
      attrs: null,
      map: null,
      nesting: 0,
      level: 0,
      children: null,
      content: '<img src="https://img.shields.io/badge/-Ant%20Design-C0C0C0?logo=Ant-Design&logoColor=0170FE" alt="Ant Design" style="display: inline-block;" /> ',
      markup: '&nbsp;',
      info: 'entity',
      meta: null,
      block: false,
      hidden: false
    },
    Token {
      type: 'softbreak',
      tag: 'br',
      attrs: null,
      map: null,
      nesting: 0,
      level: 0,
      children: null,
      content: '',
      markup: '',
      info: '',
      meta: null,
      block: false,
      hidden: false
    },
    Token {
      type: 'text',
      tag: '',
      attrs: null,
      map: null,
      nesting: 0,
      level: 0,
      children: null,
      content: '<img src="https://img.shields.io/badge/-jQuery-0769AD?logo=jQuery&logoColor=FFF" alt="jQuery" style="display: inline-block;" /> ',
      markup: '&nbsp;',
      info: 'entity',
      meta: null,
      block: false,
      hidden: false
    },
    Token {
      type: 'softbreak',
      tag: 'br',
      attrs: null,
      map: null,
      nesting: 0,
      level: 0,
      children: null,
      content: '',
      markup: '',
      info: '',
      meta: null,
      block: false,
      hidden: false
    },
    Token {
      type: 'text',
      tag: '',
      attrs: null,
      map: null,
      nesting: 0,
      level: 0,
      children: null,
      content: '<img src="https://img.shields.io/badge/-Bootstrap-7952B3?logo=Bootstrap&logoColor=FFF" alt="BootStrap" style="display: inline-block;" /> ',
      markup: '&nbsp;',
      info: 'entity',
      meta: null,
      block: false,
      hidden: false
    },
    Token {
      type: 'softbreak',
      tag: 'br',
      attrs: null,
      map: null,
      nesting: 0,
      level: 0,
      children: null,
      content: '',
      markup: '',
      info: '',
      meta: null,
      block: false,
      hidden: false
    },
    Token {
      type: 'text',
      tag: '',
      attrs: null,
      map: null,
      nesting: 0,
      level: 0,
      children: null,
      content: '</p>',
      markup: '',
      info: '',
      meta: null,
      block: false,
      hidden: false
    }
  ],
  content: '<p>\n' +
    '  <img src="https://img.shields.io/badge/-JavaScript-A9A9A9?logo=JavaScript&logoColor=F7DF1E" alt="JavaScript" style="display: inline-block;" />&nbsp;\n' +
    '  <img src="https://img.shields.io/badge/-TypeScript-C0C0C0?logo=TypeScript&logoColor=3178C6" alt="TypeScript" style="display: inline-block;" />&nbsp;\n' +
    '  <img src="https://img.shields.io/badge/-Vue3-C0C0C0?logo=Vue.js&logoColor=4FC08D" alt="Vue3" style="display: inline-block;" />&nbsp;\n' +
    '  <img src="https://img.shields.io/badge/-Vite-D3D3D3?logo=Vite&logoColor=646CFF" alt="Vite" style="display: inline-block;" />&nbsp;\n' +
    '  <img src="https://img.shields.io/badge/-Webpack-D3D3D3?logo=Webpack&logoColor=8DD6F9" alt="Webpack" style="display: inline-block;" />&nbsp;\n' +
    '  <img src="https://img.shields.io/badge/-NPM-C0C0C0?logo=npm&logoColor=CB3837" alt="NPM" style="display: inline-block;" />&nbsp;\n' +
    '  <img src="https://img.shields.io/badge/-Axios-C0C0C0?logo=Axios&logoColor=5A29E4" alt="Axios" style="display: inline-block;" />&nbsp;\n' +
    '  <img src="https://img.shields.io/badge/-ESLint-C0C0C0?logo=ESLint&logoColor=4B32C3" alt="ESLint" style="display: inline-block;" />&nbsp;\n' +
    '  <img src="https://img.shields.io/badge/-ECharts-C0C0C0?logo=Apache-ECharts&logoColor=AA344D" alt="ECharts" style="display: inline-block;" />&nbsp;\n' +
    '  <img src="https://img.shields.io/badge/-HTML5-A9A9A9?logo=HTML5&logoColor=E34F26" alt="HTML5" style="display: inline-block;" />&nbsp;\n' +
    '  <img src="https://img.shields.io/badge/-CSS3-A9A9A9?logo=CSS3&logoColor=1572B6" alt="CSS3" style="display: inline-block;" />&nbsp;\n' +
    '  <img src="https://img.shields.io/badge/-Less-D3D3D3?logo=Less&logoColor=1D365D" alt="Less" style="display: inline-block;" />&nbsp;\n' +
    '  <img src="https://img.shields.io/badge/-Tailwind%20CSS-FFF?logo=Tailwind-CSS&logoColor=06B6D4" alt="Tailwind CSS" style="display: inline-block;" />&nbsp;\n' +
    '  <img src="https://img.shields.io/badge/-Ant%20Design-C0C0C0?logo=Ant-Design&logoColor=0170FE" alt="Ant Design" style="display: inline-block;" />&nbsp;\n' +
    '  <img src="https://img.shields.io/badge/-jQuery-0769AD?logo=jQuery&logoColor=FFF" alt="jQuery" style="display: inline-block;" />&nbsp;\n' +
    '  <img src="https://img.shields.io/badge/-Bootstrap-7952B3?logo=Bootstrap&logoColor=FFF" alt="BootStrap" style="display: inline-block;" />&nbsp;\n' +
    '</p>',
  markup: '',
  info: '',
  meta: null,
  block: true,
  hidden: false
}
Token {
  type: 'paragraph_close',
  tag: 'p',
  attrs: null,
  map: null,
  nesting: -1,
  level: 0,
  children: null,
  content: '',
  markup: '',
  info: '',
  meta: null,
  block: true,
  hidden: false
}
Token {
  type: 'heading_open',
  tag: 'h3',
  attrs: null,
  map: [ 83, 84 ],
  nesting: 1,
  level: 0,
  children: null,
  content: '',
  markup: '###',
  info: '',
  meta: null,
  block: true,
  hidden: false
}
Token {
  type: 'inline',
  tag: '',
  attrs: null,
  map: [ 83, 84 ],
  nesting: 0,
  level: 1,
  children: [
    Token {
      type: 'text',
      tag: '',
      attrs: null,
      map: null,
      nesting: 0,
      level: 0,
      children: null,
      content: '运维',
      markup: '',
      info: '',
      meta: null,
      block: false,
      hidden: false
    }
  ],
  content: '运维',
  markup: '',
  info: '',
  meta: null,
  block: true,
  hidden: false
}
Token {
  type: 'heading_close',
  tag: 'h3',
  attrs: null,
  map: null,
  nesting: -1,
  level: 0,
  children: null,
  content: '',
  markup: '###',
  info: '',
  meta: null,
  block: true,
  hidden: false
}
Token {
  type: 'paragraph_open',
  tag: 'p',
  attrs: null,
  map: [ 85, 100 ],
  nesting: 1,
  level: 0,
  children: null,
  content: '',
  markup: '',
  info: '',
  meta: null,
  block: true,
  hidden: false
}
Token {
  type: 'inline',
  tag: '',
  attrs: null,
  map: [ 85, 100 ],
  nesting: 0,
  level: 1,
  children: [
    Token {
      type: 'text',
      tag: '',
      attrs: null,
      map: null,
      nesting: 0,
      level: 0,
      children: null,
      content: '<p>',
      markup: '',
      info: '',
      meta: null,
      block: false,
      hidden: false
    },
    Token {
      type: 'softbreak',
      tag: 'br',
      attrs: null,
      map: null,
      nesting: 0,
      level: 0,
      children: null,
      content: '',
      markup: '',
      info: '',
      meta: null,
      block: false,
      hidden: false
    },
    Token {
      type: 'text',
      tag: '',
      attrs: null,
      map: null,
      nesting: 0,
      level: 0,
      children: null,
      content: '<img src="https://img.shields.io/badge/-Git-F05032?logo=Git&logoColor=FFF" alt="Git" style="display: inline-block;" /> ',
      markup: '&nbsp;',
      info: 'entity',
      meta: null,
      block: false,
      hidden: false
    },
    Token {
      type: 'softbreak',
      tag: 'br',
      attrs: null,
      map: null,
      nesting: 0,
      level: 0,
      children: null,
      content: '',
      markup: '',
      info: '',
      meta: null,
      block: false,
      hidden: false
    },
    Token {
      type: 'text',
      tag: '',
      attrs: null,
      map: null,
      nesting: 0,
      level: 0,
      children: null,
      content: '<img src="https://img.shields.io/badge/-GitHub-181717?logo=GitHub&logoColor=FFF" alt="GitHub" style="display: inline-block;" /> ',
      markup: '&nbsp;',
      info: 'entity',
      meta: null,
      block: false,
      hidden: false
    },
    Token {
      type: 'softbreak',
      tag: 'br',
      attrs: null,
      map: null,
      nesting: 0,
      level: 0,
      children: null,
      content: '',
      markup: '',
      info: '',
      meta: null,
      block: false,
      hidden: false
    },
    Token {
      type: 'text',
      tag: '',
      attrs: null,
      map: null,
      nesting: 0,
      level: 0,
      children: null,
      content: '<img src="https://img.shields.io/badge/-GitHub%20Actions-2088FF?logo=GitHub-Actions&logoColor=FFF" alt="GitHub Actions" style="display: inline-block;" /> ',
      markup: '&nbsp;',
      info: 'entity',
      meta: null,
      block: false,
      hidden: false
    },
    Token {
      type: 'softbreak',
      tag: 'br',
      attrs: null,
      map: null,
      nesting: 0,
      level: 0,
      children: null,
      content: '',
      markup: '',
      info: '',
      meta: null,
      block: false,
      hidden: false
    },
    Token {
      type: 'text',
      tag: '',
      attrs: null,
      map: null,
      nesting: 0,
      level: 0,
      children: null,
      content: '<img src="https://img.shields.io/badge/-Docker-2496ED?logo=Docker&logoColor=FFF" alt="Docker" style="display: inline-block;" /> ',
      markup: '&nbsp;',
      info: 'entity',
      meta: null,
      block: false,
      hidden: false
    },
    Token {
      type: 'softbreak',
      tag: 'br',
      attrs: null,
      map: null,
      nesting: 0,
      level: 0,
      children: null,
      content: '',
      markup: '',
      info: '',
      meta: null,
      block: false,
      hidden: false
    },
    Token {
      type: 'text',
      tag: '',
      attrs: null,
      map: null,
      nesting: 0,
      level: 0,
      children: null,
      content: '<img src="https://img.shields.io/badge/-Kubernetes-326CE5?logo=Kubernetes&logoColor=FFF" alt="Kubernetes" style="display: inline-block;" /> ',
      markup: '&nbsp;',
      info: 'entity',
      meta: null,
      block: false,
      hidden: false
    },
    Token {
      type: 'softbreak',
      tag: 'br',
      attrs: null,
      map: null,
      nesting: 0,
      level: 0,
      children: null,
      content: '',
      markup: '',
      info: '',
      meta: null,
      block: false,
      hidden: false
    },
    Token {
      type: 'text',
      tag: '',
      attrs: null,
      map: null,
      nesting: 0,
      level: 0,
      children: null,
      content: '<img alt="bash" src="https://img.shields.io/badge/bash-blue?logo=gnubash" style="display:inline-block"/> ',
      markup: '&nbsp;',
      info: 'entity',
      meta: null,
      block: false,
      hidden: false
    },
    Token {
      type: 'softbreak',
      tag: 'br',
      attrs: null,
      map: null,
      nesting: 0,
      level: 0,
      children: null,
      content: '',
      markup: '',
      info: '',
      meta: null,
      block: false,
      hidden: false
    },
    Token {
      type: 'text',
      tag: '',
      attrs: null,
      map: null,
      nesting: 0,
      level: 0,
      children: null,
      content: '<img alt="debian" src="https://img.shields.io/badge/debian-red?logo=debian&logoColor=white" style="display:inline-block"/> ',
      markup: '&nbsp;',
      info: 'entity',
      meta: null,
      block: false,
      hidden: false
    },
    Token {
      type: 'softbreak',
      tag: 'br',
      attrs: null,
      map: null,
      nesting: 0,
      level: 0,
      children: null,
      content: '',
      markup: '',
      info: '',
      meta: null,
      block: false,
      hidden: false
    },
    Token {
      type: 'text',
      tag: '',
      attrs: null,
      map: null,
      nesting: 0,
      level: 0,
      children: null,
      content: '<img src="https://img.shields.io/badge/-CentOS-262577?logo=CentOS&logoColor=FFF" alt="CentOS" style="display: inline-block;" /> ',
      markup: '&nbsp;',
      info: 'entity',
      meta: null,
      block: false,
      hidden: false
    },
    Token {
      type: 'softbreak',
      tag: 'br',
      attrs: null,
      map: null,
      nesting: 0,
      level: 0,
      children: null,
      content: '',
      markup: '',
      info: '',
      meta: null,
      block: false,
      hidden: false
    },
    Token {
      type: 'text',
      tag: '',
      attrs: null,
      map: null,
      nesting: 0,
      level: 0,
      children: null,
      content: '<img src="https://img.shields.io/badge/-Nginx-009639?logo=Nginx&logoColor=FFF" alt="Nginx" style="display: inline-block;" /> ',
      markup: '&nbsp;',
      info: 'entity',
      meta: null,
      block: false,
      hidden: false
    },
    Token {
      type: 'softbreak',
      tag: 'br',
      attrs: null,
      map: null,
      nesting: 0,
      level: 0,
      children: null,
      content: '',
      markup: '',
      info: '',
      meta: null,
      block: false,
      hidden: false
    },
    Token {
      type: 'text',
      tag: '',
      attrs: null,
      map: null,
      nesting: 0,
      level: 0,
      children: null,
      content: '<img src="https://img.shields.io/badge/-VMware-607078?logo=VMware&logoColor=FFF" alt="VMware" style="display: inline-block;" /> ',
      markup: '&nbsp;',
      info: 'entity',
      meta: null,
      block: false,
      hidden: false
    },
    Token {
      type: 'softbreak',
      tag: 'br',
      attrs: null,
      map: null,
      nesting: 0,
      level: 0,
      children: null,
      content: '',
      markup: '',
      info: '',
      meta: null,
      block: false,
      hidden: false
    },
    Token {
      type: 'text',
      tag: '',
      attrs: null,
      map: null,
      nesting: 0,
      level: 0,
      children: null,
      content: '<img src="https://img.shields.io/badge/-Prometheus-C0C0C0?logo=Prometheus&logoColor=E6522C" alt="Prometheus" style="display: inline-block;" /> ',
      markup: '&nbsp;',
      info: 'entity',
      meta: null,
      block: false,
      hidden: false
    },
    Token {
      type: 'softbreak',
      tag: 'br',
      attrs: null,
      map: null,
      nesting: 0,
      level: 0,
      children: null,
      content: '',
      markup: '',
      info: '',
      meta: null,
      block: false,
      hidden: false
    },
    Token {
      type: 'text',
      tag: '',
      attrs: null,
      map: null,
      nesting: 0,
      level: 0,
      children: null,
      content: '<img src="https://img.shields.io/badge/-Grafana-DCDCDC?logo=Grafana&logoColor=F46800" alt="Grafana" style="display: inline-block;" /> ',
      markup: '&nbsp;',
      info: 'entity',
      meta: null,
      block: false,
      hidden: false
    },
    Token {
      type: 'softbreak',
      tag: 'br',
      attrs: null,
      map: null,
      nesting: 0,
      level: 0,
      children: null,
      content: '',
      markup: '',
      info: '',
      meta: null,
      block: false,
      hidden: false
    },
    Token {
      type: 'text',
      tag: '',
      attrs: null,
      map: null,
      nesting: 0,
      level: 0,
      children: null,
      content: '<img src="https://img.shields.io/badge/-Ansible-FFF?logo=Ansible&logoColor=EE0000" alt="Ansible" style="display: inline-block;" /> ',
      markup: '&nbsp;',
      info: 'entity',
      meta: null,
      block: false,
      hidden: false
    },
    Token {
      type: 'softbreak',
      tag: 'br',
      attrs: null,
      map: null,
      nesting: 0,
      level: 0,
      children: null,
      content: '',
      markup: '',
      info: '',
      meta: null,
      block: false,
      hidden: false
    },
    Token {
      type: 'text',
      tag: '',
      attrs: null,
      map: null,
      nesting: 0,
      level: 0,
      children: null,
      content: '<img src="https://img.shields.io/badge/-Lua-FFF?&logo=Lua&logoColor=2C2D72" alt="Lua" style="display: inline-block;" /> ',
      markup: '&nbsp;',
      info: 'entity',
      meta: null,
      block: false,
      hidden: false
    }
  ],
  content: '<p>\n' +
    '  <img src="https://img.shields.io/badge/-Git-F05032?logo=Git&logoColor=FFF" alt="Git" style="display: inline-block;" />&nbsp;\n' +
    '  <img src="https://img.shields.io/badge/-GitHub-181717?logo=GitHub&logoColor=FFF" alt="GitHub" style="display: inline-block;" />&nbsp;\n' +
    '  <img src="https://img.shields.io/badge/-GitHub%20Actions-2088FF?logo=GitHub-Actions&logoColor=FFF" alt="GitHub Actions" style="display: inline-block;" />&nbsp;\n' +
    '  <img src="https://img.shields.io/badge/-Docker-2496ED?logo=Docker&logoColor=FFF" alt="Docker" style="display: inline-block;" />&nbsp;\n' +
    '  <img src="https://img.shields.io/badge/-Kubernetes-326CE5?logo=Kubernetes&logoColor=FFF" alt="Kubernetes" style="display: inline-block;" />&nbsp;\n' +
    '  <img alt="bash" src="https://img.shields.io/badge/bash-blue?logo=gnubash" style="display:inline-block"/>&nbsp;\n' +
    '  <img alt="debian" src="https://img.shields.io/badge/debian-red?logo=debian&logoColor=white" style="display:inline-block"/>&nbsp;\n' +
    '  <img src="https://img.shields.io/badge/-CentOS-262577?logo=CentOS&logoColor=FFF" alt="CentOS" style="display: inline-block;" />&nbsp;\n' +
    '  <img src="https://img.shields.io/badge/-Nginx-009639?logo=Nginx&logoColor=FFF" alt="Nginx" style="display: inline-block;" />&nbsp;\n' +
    '  <img src="https://img.shields.io/badge/-VMware-607078?logo=VMware&logoColor=FFF" alt="VMware" style="display: inline-block;" />&nbsp;\n' +
    '  <img src="https://img.shields.io/badge/-Prometheus-C0C0C0?logo=Prometheus&logoColor=E6522C" alt="Prometheus" style="display: inline-block;" />&nbsp;\n' +
    '  <img src="https://img.shields.io/badge/-Grafana-DCDCDC?logo=Grafana&logoColor=F46800" alt="Grafana" style="display: inline-block;" />&nbsp;\n' +
    '  <img src="https://img.shields.io/badge/-Ansible-FFF?logo=Ansible&logoColor=EE0000" alt="Ansible" style="display: inline-block;" />&nbsp;\n' +
    '  <img src="https://img.shields.io/badge/-Lua-FFF?&logo=Lua&logoColor=2C2D72" alt="Lua" style="display: inline-block;" />&nbsp;',
  markup: '',
  info: '',
  meta: null,
  block: true,
  hidden: false
}
Token {
  type: 'paragraph_close',
  tag: 'p',
  attrs: null,
  map: null,
  nesting: -1,
  level: 0,
  children: null,
  content: '',
  markup: '',
  info: '',
  meta: null,
  block: true,
  hidden: false
}
Token {
  type: 'paragraph_open',
  tag: 'p',
  attrs: null,
  map: [ 101, 102 ],
  nesting: 1,
  level: 0,
  children: null,
  content: '',
  markup: '',
  info: '',
  meta: null,
  block: true,
  hidden: false
}
Token {
  type: 'inline',
  tag: '',
  attrs: null,
  map: [ 101, 102 ],
  nesting: 0,
  level: 1,
  children: [
    Token {
      type: 'text',
      tag: '',
      attrs: null,
      map: null,
      nesting: 0,
      level: 0,
      children: null,
      content: '</p>',
      markup: '',
      info: '',
      meta: null,
      block: false,
      hidden: false
    }
  ],
  content: '</p>',
  markup: '',
  info: '',
  meta: null,
  block: true,
  hidden: false
}
Token {
  type: 'paragraph_close',
  tag: 'p',
  attrs: null,
  map: null,
  nesting: -1,
  level: 0,
  children: null,
  content: '',
  markup: '',
  info: '',
  meta: null,
  block: true,
  hidden: false
}
Token {
  type: 'heading_open',
  tag: 'h3',
  attrs: null,
  map: [ 103, 104 ],
  nesting: 1,
  level: 0,
  children: null,
  content: '',
  markup: '###',
  info: '',
  meta: null,
  block: true,
  hidden: false
}
Token {
  type: 'inline',
  tag: '',
  attrs: null,
  map: [ 103, 104 ],
  nesting: 0,
  level: 1,
  children: [
    Token {
      type: 'text',
      tag: '',
      attrs: null,
      map: null,
      nesting: 0,
      level: 0,
      children: null,
      content: '开发工具',
      markup: '',
      info: '',
      meta: null,
      block: false,
      hidden: false
    }
  ],
  content: '开发工具',
  markup: '',
  info: '',
  meta: null,
  block: true,
  hidden: false
}
Token {
  type: 'heading_close',
  tag: 'h3',
  attrs: null,
  map: null,
  nesting: -1,
  level: 0,
  children: null,
  content: '',
  markup: '###',
  info: '',
  meta: null,
  block: true,
  hidden: false
}
Token {
  type: 'paragraph_open',
  tag: 'p',
  attrs: null,
  map: [ 105, 114 ],
  nesting: 1,
  level: 0,
  children: null,
  content: '',
  markup: '',
  info: '',
  meta: null,
  block: true,
  hidden: false
}
Token {
  type: 'inline',
  tag: '',
  attrs: null,
  map: [ 105, 114 ],
  nesting: 0,
  level: 1,
  children: [
    Token {
      type: 'text',
      tag: '',
      attrs: null,
      map: null,
      nesting: 0,
      level: 0,
      children: null,
      content: '<p>',
      markup: '',
      info: '',
      meta: null,
      block: false,
      hidden: false
    },
    Token {
      type: 'softbreak',
      tag: 'br',
      attrs: null,
      map: null,
      nesting: 0,
      level: 0,
      children: null,
      content: '',
      markup: '',
      info: '',
      meta: null,
      block: false,
      hidden: false
    },
    Token {
      type: 'text',
      tag: '',
      attrs: null,
      map: null,
      nesting: 0,
      level: 0,
      children: null,
      content: '<img src="https://img.shields.io/badge/nvovim-blue?logo=vim&logoColor=white " alt="Neovim" style="display: inline-block;" /> ',
      markup: '&nbsp;',
      info: 'entity',
      meta: null,
      block: false,
      hidden: false
    },
    Token {
      type: 'softbreak',
      tag: 'br',
      attrs: null,
      map: null,
      nesting: 0,
      level: 0,
      children: null,
      content: '',
      markup: '',
      info: '',
      meta: null,
      block: false,
      hidden: false
    },
    Token {
      type: 'text',
      tag: '',
      attrs: null,
      map: null,
      nesting: 0,
      level: 0,
      children: null,
      content: '<img src="https://img.shields.io/badge/-VSCode-C0C0C0?logo=Visual-Studio-Code&logoColor=007ACC" alt="VSCode" style="display: inline-block;" /> ',
      markup: '&nbsp;',
      info: 'entity',
      meta: null,
      block: false,
      hidden: false
    },
    Token {
      type: 'softbreak',
      tag: 'br',
      attrs: null,
      map: null,
      nesting: 0,
      level: 0,
      children: null,
      content: '',
      markup: '',
      info: '',
      meta: null,
      block: false,
      hidden: false
    },
    Token {
      type: 'text',
      tag: '',
      attrs: null,
      map: null,
      nesting: 0,
      level: 0,
      children: null,
      content: '<img src="https://img.shields.io/badge/-Intellij%20IDEA-000?logo=Intellij-IDEA&logoColor=FFF" alt="Intellij IDEA" style="display: inline-block;" /> ',
      markup: '&nbsp;',
      info: 'entity',
      meta: null,
      block: false,
      hidden: false
    },
    Token {
      type: 'softbreak',
      tag: 'br',
      attrs: null,
      map: null,
      nesting: 0,
      level: 0,
      children: null,
      content: '',
      markup: '',
      info: '',
      meta: null,
      block: false,
      hidden: false
    },
    Token {
      type: 'text',
      tag: '',
      attrs: null,
      map: null,
      nesting: 0,
      level: 0,
      children: null,
      content: '<img src="https://img.shields.io/badge/-Eclipse-2C2255?logo=Eclipse&logoColor=FFF" alt="Eclipse" style="display: inline-block;" /> ',
      markup: '&nbsp;',
      info: 'entity',
      meta: null,
      block: false,
      hidden: false
    },
    Token {
      type: 'softbreak',
      tag: 'br',
      attrs: null,
      map: null,
      nesting: 0,
      level: 0,
      children: null,
      content: '',
      markup: '',
      info: '',
      meta: null,
      block: false,
      hidden: false
    },
    Token {
      type: 'text',
      tag: '',
      attrs: null,
      map: null,
      nesting: 0,
      level: 0,
      children: null,
      content: '<img src="https://img.shields.io/badge/-WebStorm-000?logo=WebStorm&logoColor=FFF" alt="WebStorm" style="display: inline-block;" /> ',
      markup: '&nbsp;',
      info: 'entity',
      meta: null,
      block: false,
      hidden: false
    },
    Token {
      type: 'softbreak',
      tag: 'br',
      attrs: null,
      map: null,
      nesting: 0,
      level: 0,
      children: null,
      content: '',
      markup: '',
      info: '',
      meta: null,
      block: false,
      hidden: false
    },
    Token {
      type: 'text',
      tag: '',
      attrs: null,
      map: null,
      nesting: 0,
      level: 0,
      children: null,
      content: '<img src="https://img.shields.io/badge/-PyCharm-C0C0C0?logo=PyCharm&logoColor=000" alt="PyCharm" style="display: inline-block;" /> ',
      markup: '&nbsp;',
      info: 'entity',
      meta: null,
      block: false,
      hidden: false
    },
    Token {
      type: 'softbreak',
      tag: 'br',
      attrs: null,
      map: null,
      nesting: 0,
      level: 0,
      children: null,
      content: '',
      markup: '',
      info: '',
      meta: null,
      block: false,
      hidden: false
    },
    Token {
      type: 'text',
      tag: '',
      attrs: null,
      map: null,
      nesting: 0,
      level: 0,
      children: null,
      content: '<img src="https://img.shields.io/badge/-Android%20Studio-C0C0C0?logo=Android-Studio&logoColor=3DDC84" alt="Android Studio" style="display: inline-block;" /> ',
      markup: '&nbsp;',
      info: 'entity',
      meta: null,
      block: false,
      hidden: false
    },
    Token {
      type: 'softbreak',
      tag: 'br',
      attrs: null,
      map: null,
      nesting: 0,
      level: 0,
      children: null,
      content: '',
      markup: '',
      info: '',
      meta: null,
      block: false,
      hidden: false
    },
    Token {
      type: 'text',
      tag: '',
      attrs: null,
      map: null,
      nesting: 0,
      level: 0,
      children: null,
      content: '</p>',
      markup: '',
      info: '',
      meta: null,
      block: false,
      hidden: false
    }
  ],
  content: '<p>\n' +
    '  <img src="https://img.shields.io/badge/nvovim-blue?logo=vim&logoColor=white " alt="Neovim" style="display: inline-block;" />&nbsp;\n' +
    '  <img src="https://img.shields.io/badge/-VSCode-C0C0C0?logo=Visual-Studio-Code&logoColor=007ACC" alt="VSCode" style="display: inline-block;" />&nbsp;\n' +
    '   <img src="https://img.shields.io/badge/-Intellij%20IDEA-000?logo=Intellij-IDEA&logoColor=FFF" alt="Intellij IDEA" style="display: inline-block;" />&nbsp;\n' +
    '  <img src="https://img.shields.io/badge/-Eclipse-2C2255?logo=Eclipse&logoColor=FFF" alt="Eclipse" style="display: inline-block;" />&nbsp;\n' +
    '  <img src="https://img.shields.io/badge/-WebStorm-000?logo=WebStorm&logoColor=FFF" alt="WebStorm" style="display: inline-block;" />&nbsp;\n' +
    '  <img src="https://img.shields.io/badge/-PyCharm-C0C0C0?logo=PyCharm&logoColor=000" alt="PyCharm" style="display: inline-block;" />&nbsp;\n' +
    '  <img src="https://img.shields.io/badge/-Android%20Studio-C0C0C0?logo=Android-Studio&logoColor=3DDC84" alt="Android Studio" style="display: inline-block;" />&nbsp;\n' +
    '</p>',
  markup: '',
  info: '',
  meta: null,
  block: true,
  hidden: false
}
Token {
  type: 'paragraph_close',
  tag: 'p',
  attrs: null,
  map: null,
  nesting: -1,
  level: 0,
  children: null,
  content: '',
  markup: '',
  info: '',
  meta: null,
  block: true,
  hidden: false
}
Token {
  type: 'hr',
  tag: 'hr',
  attrs: null,
  map: [ 0, 1 ],
  nesting: 0,
  level: 0,
  children: null,
  content: '',
  markup: '---',
  info: '',
  meta: null,
  block: true,
  hidden: false
}
Token {
  type: 'paragraph_open',
  tag: 'p',
  attrs: null,
  map: [ 1, 4 ],
  nesting: 1,
  level: 0,
  children: null,
  content: '',
  markup: '',
  info: '',
  meta: null,
  block: true,
  hidden: false
}
Token {
  type: 'inline',
  tag: '',
  attrs: null,
  map: [ 1, 4 ],
  nesting: 0,
  level: 1,
  children: [
    Token {
      type: 'text',
      tag: '',
      attrs: null,
      map: null,
      nesting: 0,
      level: 0,
      children: null,
      content: 'date: 2021-06-30',
      markup: '',
      info: '',
      meta: null,
      block: false,
      hidden: false
    },
    Token {
      type: 'softbreak',
      tag: 'br',
      attrs: null,
      map: null,
      nesting: 0,
      level: 0,
      children: null,
      content: '',
      markup: '',
      info: '',
      meta: null,
      block: false,
      hidden: false
    },
    Token {
      type: 'text',
      tag: '',
      attrs: null,
      map: null,
      nesting: 0,
      level: 0,
      children: null,
      content: 'title: aa',
      markup: '',
      info: '',
      meta: null,
      block: false,
      hidden: false
    },
    Token {
      type: 'softbreak',
      tag: 'br',
      attrs: null,
      map: null,
      nesting: 0,
      level: 0,
      children: null,
      content: '',
      markup: '',
      info: '',
      meta: null,
      block: false,
      hidden: false
    },
    Token {
      type: 'text',
      tag: '',
      attrs: null,
      map: null,
      nesting: 0,
      level: 0,
      children: null,
      content: 'tags:',
      markup: '',
      info: '',
      meta: null,
      block: false,
      hidden: false
    }
  ],
  content: 'date: 2021-06-30\ntitle: aa\ntags:',
  markup: '',
  info: '',
  meta: null,
  block: true,
  hidden: false
}
Token {
  type: 'paragraph_close',
  tag: 'p',
  attrs: null,
  map: null,
  nesting: -1,
  level: 0,
  children: null,
  content: '',
  markup: '',
  info: '',
  meta: null,
  block: true,
  hidden: false
}
Token {
  type: 'bullet_list_open',
  tag: 'ul',
  attrs: null,
  map: [ 4, 7 ],
  nesting: 1,
  level: 0,
  children: null,
  content: '',
  markup: '-',
  info: '',
  meta: null,
  block: true,
  hidden: false
}
Token {
  type: 'list_item_open',
  tag: 'li',
  attrs: null,
  map: [ 4, 5 ],
  nesting: 1,
  level: 1,
  children: null,
  content: '',
  markup: '-',
  info: '',
  meta: null,
  block: true,
  hidden: false
}
Token {
  type: 'paragraph_open',
  tag: 'p',
  attrs: null,
  map: [ 4, 5 ],
  nesting: 1,
  level: 2,
  children: null,
  content: '',
  markup: '',
  info: '',
  meta: null,
  block: true,
  hidden: true
}
Token {
  type: 'inline',
  tag: '',
  attrs: null,
  map: [ 4, 5 ],
  nesting: 0,
  level: 3,
  children: [
    Token {
      type: 'text',
      tag: '',
      attrs: null,
      map: null,
      nesting: 0,
      level: 0,
      children: null,
      content: 'vitepress',
      markup: '',
      info: '',
      meta: null,
      block: false,
      hidden: false
    }
  ],
  content: 'vitepress',
  markup: '',
  info: '',
  meta: null,
  block: true,
  hidden: false
}
Token {
  type: 'paragraph_close',
  tag: 'p',
  attrs: null,
  map: null,
  nesting: -1,
  level: 2,
  children: null,
  content: '',
  markup: '',
  info: '',
  meta: null,
  block: true,
  hidden: true
}
Token {
  type: 'list_item_close',
  tag: 'li',
  attrs: null,
  map: null,
  nesting: -1,
  level: 1,
  children: null,
  content: '',
  markup: '-',
  info: '',
  meta: null,
  block: true,
  hidden: false
}
Token {
  type: 'list_item_open',
  tag: 'li',
  attrs: null,
  map: [ 5, 7 ],
  nesting: 1,
  level: 1,
  children: null,
  content: '',
  markup: '-',
  info: '',
  meta: null,
  block: true,
  hidden: false
}
Token {
  type: 'paragraph_open',
  tag: 'p',
  attrs: null,
  map: [ 5, 7 ],
  nesting: 1,
  level: 2,
  children: null,
  content: '',
  markup: '',
  info: '',
  meta: null,
  block: true,
  hidden: true
}
Token {
  type: 'inline',
  tag: '',
  attrs: null,
  map: [ 5, 7 ],
  nesting: 0,
  level: 3,
  children: [
    Token {
      type: 'text',
      tag: '',
      attrs: null,
      map: null,
      nesting: 0,
      level: 0,
      children: null,
      content: '22222',
      markup: '',
      info: '',
      meta: null,
      block: false,
      hidden: false
    },
    Token {
      type: 'softbreak',
      tag: 'br',
      attrs: null,
      map: null,
      nesting: 0,
      level: 0,
      children: null,
      content: '',
      markup: '',
      info: '',
      meta: null,
      block: false,
      hidden: false
    },
    Token {
      type: 'text',
      tag: '',
      attrs: null,
      map: null,
      nesting: 0,
      level: 0,
      children: null,
      content: 'description: this is the demo',
      markup: '',
      info: '',
      meta: null,
      block: false,
      hidden: false
    }
  ],
  content: '22222\ndescription: this is the demo',
  markup: '',
  info: '',
  meta: null,
  block: true,
  hidden: false
}
Token {
  type: 'paragraph_close',
  tag: 'p',
  attrs: null,
  map: null,
  nesting: -1,
  level: 2,
  children: null,
  content: '',
  markup: '',
  info: '',
  meta: null,
  block: true,
  hidden: true
}
Token {
  type: 'list_item_close',
  tag: 'li',
  attrs: null,
  map: null,
  nesting: -1,
  level: 1,
  children: null,
  content: '',
  markup: '-',
  info: '',
  meta: null,
  block: true,
  hidden: false
}
Token {
  type: 'bullet_list_close',
  tag: 'ul',
  attrs: null,
  map: null,
  nesting: -1,
  level: 0,
  children: null,
  content: '',
  markup: '-',
  info: '',
  meta: null,
  block: true,
  hidden: false
}
Token {
  type: 'hr',
  tag: 'hr',
  attrs: null,
  map: [ 7, 8 ],
  nesting: 0,
  level: 0,
  children: null,
  content: '',
  markup: '---',
  info: '',
  meta: null,
  block: true,
  hidden: false
}
Token {
  type: 'heading_open',
  tag: 'h1',
  attrs: null,
  map: [ 9, 10 ],
  nesting: 1,
  level: 0,
  children: null,
  content: '',
  markup: '#',
  info: '',
  meta: null,
  block: true,
  hidden: false
}
Token {
  type: 'inline',
  tag: '',
  attrs: null,
  map: [ 9, 10 ],
  nesting: 0,
  level: 1,
  children: [
    Token {
      type: 'text',
      tag: '',
      attrs: null,
      map: null,
      nesting: 0,
      level: 0,
      children: null,
      content: '数据库-MySQL 源码编译',
      markup: '',
      info: '',
      meta: null,
      block: false,
      hidden: false
    }
  ],
  content: '数据库-MySQL 源码编译',
  markup: '',
  info: '',
  meta: null,
  block: true,
  hidden: false
}
Token {
  type: 'heading_close',
  tag: 'h1',
  attrs: null,
  map: null,
  nesting: -1,
  level: 0,
  children: null,
  content: '',
  markup: '#',
  info: '',
  meta: null,
  block: true,
  hidden: false
}
Token {
  type: 'blockquote_open',
  tag: 'blockquote',
  attrs: null,
  map: [ 11, 14 ],
  nesting: 1,
  level: 0,
  children: null,
  content: '',
  markup: '>',
  info: '',
  meta: null,
  block: true,
  hidden: false
}
Token {
  type: 'paragraph_open',
  tag: 'p',
  attrs: null,
  map: [ 11, 12 ],
  nesting: 1,
  level: 1,
  children: null,
  content: '',
  markup: '',
  info: '',
  meta: null,
  block: true,
  hidden: false
}
Token {
  type: 'inline',
  tag: '',
  attrs: null,
  map: [ 11, 12 ],
  nesting: 0,
  level: 2,
  children: [
    Token {
      type: 'text',
      tag: '',
      attrs: null,
      map: null,
      nesting: 0,
      level: 0,
      children: null,
      content: '[!TIP]',
      markup: '',
      info: '',
      meta: null,
      block: false,
      hidden: false
    }
  ],
  content: '[!TIP]',
  markup: '',
  info: '',
  meta: null,
  block: true,
  hidden: false
}
Token {
  type: 'paragraph_close',
  tag: 'p',
  attrs: null,
  map: null,
  nesting: -1,
  level: 1,
  children: null,
  content: '',
  markup: '',
  info: '',
  meta: null,
  block: true,
  hidden: false
}
Token {
  type: 'bullet_list_open',
  tag: 'ul',
  attrs: null,
  map: [ 13, 14 ],
  nesting: 1,
  level: 1,
  children: null,
  content: '',
  markup: '-',
  info: '',
  meta: null,
  block: true,
  hidden: false
}
Token {
  type: 'list_item_open',
  tag: 'li',
  attrs: null,
  map: [ 13, 14 ],
  nesting: 1,
  level: 2,
  children: null,
  content: '',
  markup: '-',
  info: '',
  meta: null,
  block: true,
  hidden: false
}
Token {
  type: 'paragraph_open',
  tag: 'p',
  attrs: null,
  map: [ 13, 14 ],
  nesting: 1,
  level: 3,
  children: null,
  content: '',
  markup: '',
  info: '',
  meta: null,
  block: true,
  hidden: true
}
Token {
  type: 'inline',
  tag: '',
  attrs: null,
  map: [ 13, 14 ],
  nesting: 0,
  level: 4,
  children: [
    Token {
      type: 'text',
      tag: '',
      attrs: null,
      map: null,
      nesting: 0,
      level: 0,
      children: null,
      content: "推荐阅读： [在Debian 11中源码编译mysql 8.0.30 | Bruce's Blog](https://www.xiebruce.top/1811.html)",
      markup: '',
      info: '',
      meta: null,
      block: false,
      hidden: false
    }
  ],
  content: "推荐阅读： [在Debian 11中源码编译mysql 8.0.30 | Bruce's Blog](https://www.xiebruce.top/1811.html)",
  markup: '',
  info: '',
  meta: null,
  block: true,
  hidden: false
}
Token {
  type: 'paragraph_close',
  tag: 'p',
  attrs: null,
  map: null,
  nesting: -1,
  level: 3,
  children: null,
  content: '',
  markup: '',
  info: '',
  meta: null,
  block: true,
  hidden: true
}
Token {
  type: 'list_item_close',
  tag: 'li',
  attrs: null,
  map: null,
  nesting: -1,
  level: 2,
  children: null,
  content: '',
  markup: '-',
  info: '',
  meta: null,
  block: true,
  hidden: false
}
Token {
  type: 'bullet_list_close',
  tag: 'ul',
  attrs: null,
  map: null,
  nesting: -1,
  level: 1,
  children: null,
  content: '',
  markup: '-',
  info: '',
  meta: null,
  block: true,
  hidden: false
}
Token {
  type: 'blockquote_close',
  tag: 'blockquote',
  attrs: null,
  map: null,
  nesting: -1,
  level: 0,
  children: null,
  content: '',
  markup: '>',
  info: '',
  meta: null,
  block: true,
  hidden: false
}
Token {
  type: 'heading_open',
  tag: 'h2',
  attrs: null,
  map: [ 15, 16 ],
  nesting: 1,
  level: 0,
  children: null,
  content: '',
  markup: '##',
  info: '',
  meta: null,
  block: true,
  hidden: false
}
Token {
  type: 'inline',
  tag: '',
  attrs: null,
  map: [ 15, 16 ],
  nesting: 0,
  level: 1,
  children: [
    Token {
      type: 'text',
      tag: '',
      attrs: null,
      map: null,
      nesting: 0,
      level: 0,
      children: null,
      content: '1. 前置说明',
      markup: '',
      info: '',
      meta: null,
      block: false,
      hidden: false
    }
  ],
  content: '1. 前置说明',
  markup: '',
  info: '',
  meta: null,
  block: true,
  hidden: false
}
Token {
  type: 'heading_close',
  tag: 'h2',
  attrs: null,
  map: null,
  nesting: -1,
  level: 0,
  children: null,
  content: '',
  markup: '##',
  info: '',
  meta: null,
  block: true,
  hidden: false
}
Token {
  type: 'bullet_list_open',
  tag: 'ul',
  attrs: null,
  map: [ 17, 24 ],
  nesting: 1,
  level: 0,
  children: null,
  content: '',
  markup: '-',
  info: '',
  meta: null,
  block: true,
  hidden: false
}
Token {
  type: 'list_item_open',
  tag: 'li',
  attrs: null,
  map: [ 17, 18 ],
  nesting: 1,
  level: 1,
  children: null,
  content: '',
  markup: '-',
  info: '',
  meta: null,
  block: true,
  hidden: false
}
Token {
  type: 'paragraph_open',
  tag: 'p',
  attrs: null,
  map: [ 17, 18 ],
  nesting: 1,
  level: 2,
  children: null,
  content: '',
  markup: '',
  info: '',
  meta: null,
  block: true,
  hidden: true
}
Token {
  type: 'inline',
  tag: '',
  attrs: null,
  map: [ 17, 18 ],
  nesting: 0,
  level: 3,
  children: [
    Token {
      type: 'text',
      tag: '',
      attrs: null,
      map: null,
      nesting: 0,
      level: 0,
      children: null,
      content: '操作系统：',
      markup: '',
      info: '',
      meta: null,
      block: false,
      hidden: false
    },
    Token {
      type: 'code_inline',
      tag: 'code',
      attrs: null,
      map: null,
      nesting: 0,
      level: 0,
      children: null,
      content: 'Debian 12.2',
      markup: '`',
      info: '',
      meta: null,
      block: false,
      hidden: false
    }
  ],
  content: '操作系统：`Debian 12.2`',
  markup: '',
  info: '',
  meta: null,
  block: true,
  hidden: false
}
Token {
  type: 'paragraph_close',
  tag: 'p',
  attrs: null,
  map: null,
  nesting: -1,
  level: 2,
  children: null,
  content: '',
  markup: '',
  info: '',
  meta: null,
  block: true,
  hidden: true
}
Token {
  type: 'list_item_close',
  tag: 'li',
  attrs: null,
  map: null,
  nesting: -1,
  level: 1,
  children: null,
  content: '',
  markup: '-',
  info: '',
  meta: null,
  block: true,
  hidden: false
}
Token {
  type: 'list_item_open',
  tag: 'li',
  attrs: null,
  map: [ 18, 22 ],
  nesting: 1,
  level: 1,
  children: null,
  content: '',
  markup: '-',
  info: '',
  meta: null,
  block: true,
  hidden: false
}
Token {
  type: 'paragraph_open',
  tag: 'p',
  attrs: null,
  map: [ 18, 19 ],
  nesting: 1,
  level: 2,
  children: null,
  content: '',
  markup: '',
  info: '',
  meta: null,
  block: true,
  hidden: true
}
Token {
  type: 'inline',
  tag: '',
  attrs: null,
  map: [ 18, 19 ],
  nesting: 0,
  level: 3,
  children: [
    Token {
      type: 'text',
      tag: '',
      attrs: null,
      map: null,
      nesting: 0,
      level: 0,
      children: null,
      content: '硬件：',
      markup: '',
      info: '',
      meta: null,
      block: false,
      hidden: false
    }
  ],
  content: '硬件：',
  markup: '',
  info: '',
  meta: null,
  block: true,
  hidden: false
}
Token {
  type: 'paragraph_close',
  tag: 'p',
  attrs: null,
  map: null,
  nesting: -1,
  level: 2,
  children: null,
  content: '',
  markup: '',
  info: '',
  meta: null,
  block: true,
  hidden: true
}
Token {
  type: 'bullet_list_open',
  tag: 'ul',
  attrs: null,
  map: [ 19, 22 ],
  nesting: 1,
  level: 2,
  children: null,
  content: '',
  markup: '-',
  info: '',
  meta: null,
  block: true,
  hidden: false
}
Token {
  type: 'list_item_open',
  tag: 'li',
  attrs: null,
  map: [ 19, 20 ],
  nesting: 1,
  level: 3,
  children: null,
  content: '',
  markup: '-',
  info: '',
  meta: null,
  block: true,
  hidden: false
}
Token {
  type: 'paragraph_open',
  tag: 'p',
  attrs: null,
  map: [ 19, 20 ],
  nesting: 1,
  level: 4,
  children: null,
  content: '',
  markup: '',
  info: '',
  meta: null,
  block: true,
  hidden: true
}
Token {
  type: 'inline',
  tag: '',
  attrs: null,
  map: [ 19, 20 ],
  nesting: 0,
  level: 5,
  children: [
    Token {
      type: 'text',
      tag: '',
      attrs: null,
      map: null,
      nesting: 0,
      level: 0,
      children: null,
      content: 'CPU：',
      markup: '',
      info: '',
      meta: null,
      block: false,
      hidden: false
    },
    Token {
      type: 'code_inline',
      tag: 'code',
      attrs: null,
      map: null,
      nesting: 0,
      level: 0,
      children: null,
      content: 'AMD APEC 7302',
      markup: '`',
      info: '',
      meta: null,
      block: false,
      hidden: false
    },
    Token {
      type: 'text',
      tag: '',
      attrs: null,
      map: null,
      nesting: 0,
      level: 0,
      children: null,
      content: ' * 2',
      markup: '',
      info: '',
      meta: null,
      block: false,
      hidden: false
    }
  ],
  content: 'CPU：`AMD APEC 7302` \\* 2',
  markup: '',
  info: '',
  meta: null,
  block: true,
  hidden: false
}
Token {
  type: 'paragraph_close',
  tag: 'p',
  attrs: null,
  map: null,
  nesting: -1,
  level: 4,
  children: null,
  content: '',
  markup: '',
  info: '',
  meta: null,
  block: true,
  hidden: true
}
Token {
  type: 'list_item_close',
  tag: 'li',
  attrs: null,
  map: null,
  nesting: -1,
  level: 3,
  children: null,
  content: '',
  markup: '-',
  info: '',
  meta: null,
  block: true,
  hidden: false
}
Token {
  type: 'list_item_open',
  tag: 'li',
  attrs: null,
  map: [ 20, 21 ],
  nesting: 1,
  level: 3,
  children: null,
  content: '',
  markup: '-',
  info: '',
  meta: null,
  block: true,
  hidden: false
}
Token {
  type: 'paragraph_open',
  tag: 'p',
  attrs: null,
  map: [ 20, 21 ],
  nesting: 1,
  level: 4,
  children: null,
  content: '',
  markup: '',
  info: '',
  meta: null,
  block: true,
  hidden: true
}
Token {
  type: 'inline',
  tag: '',
  attrs: null,
  map: [ 20, 21 ],
  nesting: 0,
  level: 5,
  children: [
    Token {
      type: 'text',
      tag: '',
      attrs: null,
      map: null,
      nesting: 0,
      level: 0,
      children: null,
      content: '固态：长江存储 ',
      markup: '',
      info: '',
      meta: null,
      block: false,
      hidden: false
    },
    Token {
      type: 'code_inline',
      tag: 'code',
      attrs: null,
      map: null,
      nesting: 0,
      level: 0,
      children: null,
      content: 'pcie 4.0',
      markup: '`',
      info: '',
      meta: null,
      block: false,
      hidden: false
    },
    Token {
      type: 'text',
      tag: '',
      attrs: null,
      map: null,
      nesting: 0,
      level: 0,
      children: null,
      content: '，容量为 ',
      markup: '',
      info: '',
      meta: null,
      block: false,
      hidden: false
    },
    Token {
      type: 'code_inline',
      tag: 'code',
      attrs: null,
      map: null,
      nesting: 0,
      level: 0,
      children: null,
      content: '2TiB',
      markup: '`',
      info: '',
      meta: null,
      block: false,
      hidden: false
    }
  ],
  content: '固态：长江存储 `pcie 4.0`，容量为 `2TiB`',
  markup: '',
  info: '',
  meta: null,
  block: true,
  hidden: false
}
Token {
  type: 'paragraph_close',
  tag: 'p',
  attrs: null,
  map: null,
  nesting: -1,
  level: 4,
  children: null,
  content: '',
  markup: '',
  info: '',
  meta: null,
  block: true,
  hidden: true
}
Token {
  type: 'list_item_close',
  tag: 'li',
  attrs: null,
  map: null,
  nesting: -1,
  level: 3,
  children: null,
  content: '',
  markup: '-',
  info: '',
  meta: null,
  block: true,
  hidden: false
}
Token {
  type: 'list_item_open',
  tag: 'li',
  attrs: null,
  map: [ 21, 22 ],
  nesting: 1,
  level: 3,
  children: null,
  content: '',
  markup: '-',
  info: '',
  meta: null,
  block: true,
  hidden: false
}
Token {
  type: 'paragraph_open',
  tag: 'p',
  attrs: null,
  map: [ 21, 22 ],
  nesting: 1,
  level: 4,
  children: null,
  content: '',
  markup: '',
  info: '',
  meta: null,
  block: true,
  hidden: true
}
Token {
  type: 'inline',
  tag: '',
  attrs: null,
  map: [ 21, 22 ],
  nesting: 0,
  level: 5,
  children: [
    Token {
      type: 'text',
      tag: '',
      attrs: null,
      map: null,
      nesting: 0,
      level: 0,
      children: null,
      content: '内存：',
      markup: '',
      info: '',
      meta: null,
      block: false,
      hidden: false
    },
    Token {
      type: 'code_inline',
      tag: 'code',
      attrs: null,
      map: null,
      nesting: 0,
      level: 0,
      children: null,
      content: '128GiB DDR3 ECC',
      markup: '`',
      info: '',
      meta: null,
      block: false,
      hidden: false
    },
    Token {
      type: 'text',
      tag: '',
      attrs: null,
      map: null,
      nesting: 0,
      level: 0,
      children: null,
      content: ' 内存',
      markup: '',
      info: '',
      meta: null,
      block: false,
      hidden: false
    }
  ],
  content: '内存：`128GiB DDR3 ECC` 内存',
  markup: '',
  info: '',
  meta: null,
  block: true,
  hidden: false
}
Token {
  type: 'paragraph_close',
  tag: 'p',
  attrs: null,
  map: null,
  nesting: -1,
  level: 4,
  children: null,
  content: '',
  markup: '',
  info: '',
  meta: null,
  block: true,
  hidden: true
}
Token {
  type: 'list_item_close',
  tag: 'li',
  attrs: null,
  map: null,
  nesting: -1,
  level: 3,
  children: null,
  content: '',
  markup: '-',
  info: '',
  meta: null,
  block: true,
  hidden: false
}
Token {
  type: 'bullet_list_close',
  tag: 'ul',
  attrs: null,
  map: null,
  nesting: -1,
  level: 2,
  children: null,
  content: '',
  markup: '-',
  info: '',
  meta: null,
  block: true,
  hidden: false
}
Token {
  type: 'list_item_close',
  tag: 'li',
  attrs: null,
  map: null,
  nesting: -1,
  level: 1,
  children: null,
  content: '',
  markup: '-',
  info: '',
  meta: null,
  block: true,
  hidden: false
}
Token {
  type: 'list_item_open',
  tag: 'li',
  attrs: null,
  map: [ 22, 24 ],
  nesting: 1,
  level: 1,
  children: null,
  content: '',
  markup: '-',
  info: '',
  meta: null,
  block: true,
  hidden: false
}
Token {
  type: 'paragraph_open',
  tag: 'p',
  attrs: null,
  map: [ 22, 23 ],
  nesting: 1,
  level: 2,
  children: null,
  content: '',
  markup: '',
  info: '',
  meta: null,
  block: true,
  hidden: true
}
Token {
  type: 'inline',
  tag: '',
  attrs: null,
  map: [ 22, 23 ],
  nesting: 0,
  level: 3,
  children: [
    Token {
      type: 'code_inline',
      tag: 'code',
      attrs: null,
      map: null,
      nesting: 0,
      level: 0,
      children: null,
      content: 'Mysql',
      markup: '`',
      info: '',
      meta: null,
      block: false,
      hidden: false
    },
    Token {
      type: 'text',
      tag: '',
      attrs: null,
      map: null,
      nesting: 0,
      level: 0,
      children: null,
      content: ' 版本为 ',
      markup: '',
      info: '',
      meta: null,
      block: false,
      hidden: false
    },
    Token {
      type: 'code_inline',
      tag: 'code',
      attrs: null,
      map: null,
      nesting: 0,
      level: 0,
      children: null,
      content: '9.0.0',
      markup: '`',
      info: '',
      meta: null,
      block: false,
      hidden: false
    }
  ],
  content: '`Mysql` 版本为 `9.0.0`',
  markup: '',
  info: '',
  meta: null,
  block: true,
  hidden: false
}
Token {
  type: 'paragraph_close',
  tag: 'p',
  attrs: null,
  map: null,
  nesting: -1,
  level: 2,
  children: null,
  content: '',
  markup: '',
  info: '',
  meta: null,
  block: true,
  hidden: true
}
Token {
  type: 'list_item_close',
  tag: 'li',
  attrs: null,
  map: null,
  nesting: -1,
  level: 1,
  children: null,
  content: '',
  markup: '-',
  info: '',
  meta: null,
  block: true,
  hidden: false
}
Token {
  type: 'bullet_list_close',
  tag: 'ul',
  attrs: null,
  map: null,
  nesting: -1,
  level: 0,
  children: null,
  content: '',
  markup: '-',
  info: '',
  meta: null,
  block: true,
  hidden: false
}
Token {
  type: 'hr',
  tag: 'hr',
  attrs: null,
  map: [ 24, 25 ],
  nesting: 0,
  level: 0,
  children: null,
  content: '',
  markup: '---',
  info: '',
  meta: null,
  block: true,
  hidden: false
}
Token {
  type: 'bullet_list_open',
  tag: 'ul',
  attrs: null,
  map: [ 26, 29 ],
  nesting: 1,
  level: 0,
  children: null,
  content: '',
  markup: '-',
  info: '',
  meta: null,
  block: true,
  hidden: false
}
Token {
  type: 'list_item_open',
  tag: 'li',
  attrs: null,
  map: [ 26, 27 ],
  nesting: 1,
  level: 1,
  children: null,
  content: '',
  markup: '-',
  info: '',
  meta: null,
  block: true,
  hidden: false
}
Token {
  type: 'paragraph_open',
  tag: 'p',
  attrs: null,
  map: [ 26, 27 ],
  nesting: 1,
  level: 2,
  children: null,
  content: '',
  markup: '',
  info: '',
  meta: null,
  block: true,
  hidden: true
}
Token {
  type: 'inline',
  tag: '',
  attrs: null,
  map: [ 26, 27 ],
  nesting: 0,
  level: 3,
  children: [
    Token {
      type: 'text',
      tag: '',
      attrs: null,
      map: null,
      nesting: 0,
      level: 0,
      children: null,
      content: '',
      markup: '',
      info: '',
      meta: null,
      block: false,
      hidden: false
    },
    Token {
      type: 'strong_open',
      tag: 'strong',
      attrs: null,
      map: null,
      nesting: 1,
      level: 0,
      children: null,
      content: '',
      markup: '**',
      info: '',
      meta: null,
      block: false,
      hidden: false
    },
    Token {
      type: 'text',
      tag: '',
      attrs: null,
      map: null,
      nesting: 0,
      level: 1,
      children: null,
      content: '此文档的目的在于编译、调试 ',
      markup: '',
      info: '',
      meta: null,
      block: false,
      hidden: false
    },
    Token {
      type: 'code_inline',
      tag: 'code',
      attrs: null,
      map: null,
      nesting: 0,
      level: 1,
      children: null,
      content: 'mysql',
      markup: '`',
      info: '',
      meta: null,
      block: false,
      hidden: false
    },
    Token {
      type: 'text',
      tag: '',
      attrs: null,
      map: null,
      nesting: 0,
      level: 1,
      children: null,
      content: ' 源码，并非部署可用服务',
      markup: '',
      info: '',
      meta: null,
      block: false,
      hidden: false
    },
    Token {
      type: 'strong_close',
      tag: 'strong',
      attrs: null,
      map: null,
      nesting: -1,
      level: 0,
      children: null,
      content: '',
      markup: '**',
      info: '',
      meta: null,
      block: false,
      hidden: false
    },
    Token {
      type: 'text',
      tag: '',
      attrs: null,
      map: null,
      nesting: 0,
      level: 0,
      children: null,
      content: '',
      markup: '',
      info: '',
      meta: null,
      block: false,
      hidden: false
    }
  ],
  content: '**此文档的目的在于编译、调试 `mysql` 源码，并非部署可用服务**',
  markup: '',
  info: '',
  meta: null,
  block: true,
  hidden: false
}
Token {
  type: 'paragraph_close',
  tag: 'p',
  attrs: null,
  map: null,
  nesting: -1,
  level: 2,
  children: null,
  content: '',
  markup: '',
  info: '',
  meta: null,
  block: true,
  hidden: true
}
Token {
  type: 'list_item_close',
  tag: 'li',
  attrs: null,
  map: null,
  nesting: -1,
  level: 1,
  children: null,
  content: '',
  markup: '-',
  info: '',
  meta: null,
  block: true,
  hidden: false
}
Token {
  type: 'list_item_open',
  tag: 'li',
  attrs: null,
  map: [ 27, 29 ],
  nesting: 1,
  level: 1,
  children: null,
  content: '',
  markup: '-',
  info: '',
  meta: null,
  block: true,
  hidden: false
}
Token {
  type: 'paragraph_open',
  tag: 'p',
  attrs: null,
  map: [ 27, 28 ],
  nesting: 1,
  level: 2,
  children: null,
  content: '',
  markup: '',
  info: '',
  meta: null,
  block: true,
  hidden: true
}
Token {
  type: 'inline',
  tag: '',
  attrs: null,
  map: [ 27, 28 ],
  nesting: 0,
  level: 3,
  children: [
    Token {
      type: 'text',
      tag: '',
      attrs: null,
      map: null,
      nesting: 0,
      level: 0,
      children: null,
      content: '整体安装过程平滑，没有明显的依赖缺失、冲突等。',
      markup: '',
      info: '',
      meta: null,
      block: false,
      hidden: false
    }
  ],
  content: '整体安装过程平滑，没有明显的依赖缺失、冲突等。',
  markup: '',
  info: '',
  meta: null,
  block: true,
  hidden: false
}
Token {
  type: 'paragraph_close',
  tag: 'p',
  attrs: null,
  map: null,
  nesting: -1,
  level: 2,
  children: null,
  content: '',
  markup: '',
  info: '',
  meta: null,
  block: true,
  hidden: true
}
Token {
  type: 'list_item_close',
  tag: 'li',
  attrs: null,
  map: null,
  nesting: -1,
  level: 1,
  children: null,
  content: '',
  markup: '-',
  info: '',
  meta: null,
  block: true,
  hidden: false
}
Token {
  type: 'bullet_list_close',
  tag: 'ul',
  attrs: null,
  map: null,
  nesting: -1,
  level: 0,
  children: null,
  content: '',
  markup: '-',
  info: '',
  meta: null,
  block: true,
  hidden: false
}
Token {
  type: 'heading_open',
  tag: 'h2',
  attrs: null,
  map: [ 29, 30 ],
  nesting: 1,
  level: 0,
  children: null,
  content: '',
  markup: '##',
  info: '',
  meta: null,
  block: true,
  hidden: false
}
Token {
  type: 'inline',
  tag: '',
  attrs: null,
  map: [ 29, 30 ],
  nesting: 0,
  level: 1,
  children: [
    Token {
      type: 'text',
      tag: '',
      attrs: null,
      map: null,
      nesting: 0,
      level: 0,
      children: null,
      content: '2. 构建流程',
      markup: '',
      info: '',
      meta: null,
      block: false,
      hidden: false
    }
  ],
  content: '2. 构建流程',
  markup: '',
  info: '',
  meta: null,
  block: true,
  hidden: false
}
Token {
  type: 'heading_close',
  tag: 'h2',
  attrs: null,
  map: null,
  nesting: -1,
  level: 0,
  children: null,
  content: '',
  markup: '##',
  info: '',
  meta: null,
  block: true,
  hidden: false
}
Token {
  type: 'heading_open',
  tag: 'h3',
  attrs: null,
  map: [ 31, 32 ],
  nesting: 1,
  level: 0,
  children: null,
  content: '',
  markup: '###',
  info: '',
  meta: null,
  block: true,
  hidden: false
}
Token {
  type: 'inline',
  tag: '',
  attrs: null,
  map: [ 31, 32 ],
  nesting: 0,
  level: 1,
  children: [
    Token {
      type: 'text',
      tag: '',
      attrs: null,
      map: null,
      nesting: 0,
      level: 0,
      children: null,
      content: '2.1 ',
      markup: '',
      info: '',
      meta: null,
      block: false,
      hidden: false
    },
    Token {
      type: 'code_inline',
      tag: 'code',
      attrs: null,
      map: null,
      nesting: 0,
      level: 0,
      children: null,
      content: 'git clone',
      markup: '`',
      info: '',
      meta: null,
      block: false,
      hidden: false
    }
  ],
  content: '2.1 `git clone`',
  markup: '',
  info: '',
  meta: null,
  block: true,
  hidden: false
}
Token {
  type: 'heading_close',
  tag: 'h3',
  attrs: null,
  map: null,
  nesting: -1,
  level: 0,
  children: null,
  content: '',
  markup: '###',
  info: '',
  meta: null,
  block: true,
  hidden: false
}
Token {
  type: 'fence',
  tag: 'code',
  attrs: null,
  map: [ 33, 40 ],
  nesting: 0,
  level: 0,
  children: null,
  content: '# clone\n' +
    'git clone git@github.com:mysql/mysql-server.git\n' +
    '\n' +
    '# cd to dir\n' +
    'cd mysql-server\n',
  markup: '```',
  info: 'sh',
  meta: null,
  block: true,
  hidden: false
}
Token {
  type: 'bullet_list_open',
  tag: 'ul',
  attrs: null,
  map: [ 41, 43 ],
  nesting: 1,
  level: 0,
  children: null,
  content: '',
  markup: '-',
  info: '',
  meta: null,
  block: true,
  hidden: false
}
Token {
  type: 'list_item_open',
  tag: 'li',
  attrs: null,
  map: [ 41, 43 ],
  nesting: 1,
  level: 1,
  children: null,
  content: '',
  markup: '-',
  info: '',
  meta: null,
  block: true,
  hidden: false
}
Token {
  type: 'paragraph_open',
  tag: 'p',
  attrs: null,
  map: [ 41, 42 ],
  nesting: 1,
  level: 2,
  children: null,
  content: '',
  markup: '',
  info: '',
  meta: null,
  block: true,
  hidden: true
}
Token {
  type: 'inline',
  tag: '',
  attrs: null,
  map: [ 41, 42 ],
  nesting: 0,
  level: 3,
  children: [
    Token {
      type: 'text',
      tag: '',
      attrs: null,
      map: null,
      nesting: 0,
      level: 0,
      children: null,
      content: '查看当前版本：',
      markup: '',
      info: '',
      meta: null,
      block: false,
      hidden: false
    }
  ],
  content: '查看当前版本：',
  markup: '',
  info: '',
  meta: null,
  block: true,
  hidden: false
}
Token {
  type: 'paragraph_close',
  tag: 'p',
  attrs: null,
  map: null,
  nesting: -1,
  level: 2,
  children: null,
  content: '',
  markup: '',
  info: '',
  meta: null,
  block: true,
  hidden: true
}
Token {
  type: 'list_item_close',
  tag: 'li',
  attrs: null,
  map: null,
  nesting: -1,
  level: 1,
  children: null,
  content: '',
  markup: '-',
  info: '',
  meta: null,
  block: true,
  hidden: false
}
Token {
  type: 'bullet_list_close',
  tag: 'ul',
  attrs: null,
  map: null,
  nesting: -1,
  level: 0,
  children: null,
  content: '',
  markup: '-',
  info: '',
  meta: null,
  block: true,
  hidden: false
}
Token {
  type: 'fence',
  tag: 'code',
  attrs: null,
  map: [ 43, 51 ],
  nesting: 0,
  level: 0,
  children: null,
  content: '# cat ./MYSQL_VERSION\n' +
    'MYSQL_VERSION_MAJOR=9\n' +
    'MYSQL_VERSION_MINOR=0\n' +
    'MYSQL_VERSION_PATCH=0\n' +
    'MYSQL_VERSION_EXTRA=\n' +
    'MYSQL_VERSION_MATURITY="INNOVATION"\n',
  markup: '```',
  info: 'sh',
  meta: null,
  block: true,
  hidden: false
}
Token {
  type: 'heading_open',
  tag: 'h3',
  attrs: null,
  map: [ 52, 53 ],
  nesting: 1,
  level: 0,
  children: null,
  content: '',
  markup: '###',
  info: '',
  meta: null,
  block: true,
  hidden: false
}
Token {
  type: 'inline',
  tag: '',
  attrs: null,
  map: [ 52, 53 ],
  nesting: 0,
  level: 1,
  children: [
    Token {
      type: 'text',
      tag: '',
      attrs: null,
      map: null,
      nesting: 0,
      level: 0,
      children: null,
      content: '2.2 安装必要依赖',
      markup: '',
      info: '',
      meta: null,
      block: false,
      hidden: false
    }
  ],
  content: '2.2 安装必要依赖',
  markup: '',
  info: '',
  meta: null,
  block: true,
  hidden: false
}
Token {
  type: 'heading_close',
  tag: 'h3',
  attrs: null,
  map: null,
  nesting: -1,
  level: 0,
  children: null,
  content: '',
  markup: '###',
  info: '',
  meta: null,
  block: true,
  hidden: false
}
Token {
  type: 'bullet_list_open',
  tag: 'ul',
  attrs: null,
  map: [ 54, 56 ],
  nesting: 1,
  level: 0,
  children: null,
  content: '',
  markup: '-',
  info: '',
  meta: null,
  block: true,
  hidden: false
}
Token {
  type: 'list_item_open',
  tag: 'li',
  attrs: null,
  map: [ 54, 56 ],
  nesting: 1,
  level: 1,
  children: null,
  content: '',
  markup: '-',
  info: '',
  meta: null,
  block: true,
  hidden: false
}
Token {
  type: 'paragraph_open',
  tag: 'p',
  attrs: null,
  map: [ 54, 55 ],
  nesting: 1,
  level: 2,
  children: null,
  content: '',
  markup: '',
  info: '',
  meta: null,
  block: true,
  hidden: true
}
Token {
  type: 'inline',
  tag: '',
  attrs: null,
  map: [ 54, 55 ],
  nesting: 0,
  level: 3,
  children: [
    Token {
      type: 'text',
      tag: '',
      attrs: null,
      map: null,
      nesting: 0,
      level: 0,
      children: null,
      content: '升级 ',
      markup: '',
      info: '',
      meta: null,
      block: false,
      hidden: false
    },
    Token {
      type: 'code_inline',
      tag: 'code',
      attrs: null,
      map: null,
      nesting: 0,
      level: 0,
      children: null,
      content: 'apt',
      markup: '`',
      info: '',
      meta: null,
      block: false,
      hidden: false
    },
    Token {
      type: 'text',
      tag: '',
      attrs: null,
      map: null,
      nesting: 0,
      level: 0,
      children: null,
      content: ' 包，并安装必要依赖',
      markup: '',
      info: '',
      meta: null,
      block: false,
      hidden: false
    }
  ],
  content: '升级 `apt` 包，并安装必要依赖',
  markup: '',
  info: '',
  meta: null,
  block: true,
  hidden: false
}
Token {
  type: 'paragraph_close',
  tag: 'p',
  attrs: null,
  map: null,
  nesting: -1,
  level: 2,
  children: null,
  content: '',
  markup: '',
  info: '',
  meta: null,
  block: true,
  hidden: true
}
Token {
  type: 'list_item_close',
  tag: 'li',
  attrs: null,
  map: null,
  nesting: -1,
  level: 1,
  children: null,
  content: '',
  markup: '-',
  info: '',
  meta: null,
  block: true,
  hidden: false
}
Token {
  type: 'bullet_list_close',
  tag: 'ul',
  attrs: null,
  map: null,
  nesting: -1,
  level: 0,
  children: null,
  content: '',
  markup: '-',
  info: '',
  meta: null,
  block: true,
  hidden: false
}
Token {
  type: 'fence',
  tag: 'code',
  attrs: null,
  map: [ 56, 62 ],
  nesting: 0,
  level: 0,
  children: null,
  content: 'sudo apt update\n' +
    '&& sudo apt install -y gcc g++ cmake pkg-config \\\n' +
    '   libssl1.1 libssl-dev \\\n' +
    '   libncurses5-dev libncursesw5-dev\n',
  markup: '```',
  info: 'sh',
  meta: null,
  block: true,
  hidden: false
}
Token {
  type: 'heading_open',
  tag: 'h3',
  attrs: null,
  map: [ 63, 64 ],
  nesting: 1,
  level: 0,
  children: null,
  content: '',
  markup: '###',
  info: '',
  meta: null,
  block: true,
  hidden: false
}
Token {
  type: 'inline',
  tag: '',
  attrs: null,
  map: [ 63, 64 ],
  nesting: 0,
  level: 1,
  children: [
    Token {
      type: 'text',
      tag: '',
      attrs: null,
      map: null,
      nesting: 0,
      level: 0,
      children: null,
      content: '2.3 编写 ',
      markup: '',
      info: '',
      meta: null,
      block: false,
      hidden: false
    },
    Token {
      type: 'code_inline',
      tag: 'code',
      attrs: null,
      map: null,
      nesting: 0,
      level: 0,
      children: null,
      content: 'cmake',
      markup: '`',
      info: '',
      meta: null,
      block: false,
      hidden: false
    },
    Token {
      type: 'text',
      tag: '',
      attrs: null,
      map: null,
      nesting: 0,
      level: 0,
      children: null,
      content: ' 脚本',
      markup: '',
      info: '',
      meta: null,
      block: false,
      hidden: false
    }
  ],
  content: '2.3 编写 `cmake` 脚本',
  markup: '',
  info: '',
  meta: null,
  block: true,
  hidden: false
}
Token {
  type: 'heading_close',
  tag: 'h3',
  attrs: null,
  map: null,
  nesting: -1,
  level: 0,
  children: null,
  content: '',
  markup: '###',
  info: '',
  meta: null,
  block: true,
  hidden: false
}
Token {
  type: 'bullet_list_open',
  tag: 'ul',
  attrs: null,
  map: [ 65, 67 ],
  nesting: 1,
  level: 0,
  children: null,
  content: '',
  markup: '-',
  info: '',
  meta: null,
  block: true,
  hidden: false
}
Token {
  type: 'list_item_open',
  tag: 'li',
  attrs: null,
  map: [ 65, 67 ],
  nesting: 1,
  level: 1,
  children: null,
  content: '',
  markup: '-',
  info: '',
  meta: null,
  block: true,
  hidden: false
}
Token {
  type: 'paragraph_open',
  tag: 'p',
  attrs: null,
  map: [ 65, 66 ],
  nesting: 1,
  level: 2,
  children: null,
  content: '',
  markup: '',
  info: '',
  meta: null,
  block: true,
  hidden: true
}
Token {
  type: 'inline',
  tag: '',
  attrs: null,
  map: [ 65, 66 ],
  nesting: 0,
  level: 3,
  children: [
    Token {
      type: 'text',
      tag: '',
      attrs: null,
      map: null,
      nesting: 0,
      level: 0,
      children: null,
      content: '首先，在项目一级目录下，创建 ',
      markup: '',
      info: '',
      meta: null,
      block: false,
      hidden: false
    },
    Token {
      type: 'code_inline',
      tag: 'code',
      attrs: null,
      map: null,
      nesting: 0,
      level: 0,
      children: null,
      content: 'build',
      markup: '`',
      info: '',
      meta: null,
      block: false,
      hidden: false
    },
    Token {
      type: 'text',
      tag: '',
      attrs: null,
      map: null,
      nesting: 0,
      level: 0,
      children: null,
      content: ' 目录',
      markup: '',
      info: '',
      meta: null,
      block: false,
      hidden: false
    }
  ],
  content: '首先，在项目一级目录下，创建 `build` 目录',
  markup: '',
  info: '',
  meta: null,
  block: true,
  hidden: false
}
Token {
  type: 'paragraph_close',
  tag: 'p',
  attrs: null,
  map: null,
  nesting: -1,
  level: 2,
  children: null,
  content: '',
  markup: '',
  info: '',
  meta: null,
  block: true,
  hidden: true
}
Token {
  type: 'list_item_close',
  tag: 'li',
  attrs: null,
  map: null,
  nesting: -1,
  level: 1,
  children: null,
  content: '',
  markup: '-',
  info: '',
  meta: null,
  block: true,
  hidden: false
}
Token {
  type: 'bullet_list_close',
  tag: 'ul',
  attrs: null,
  map: null,
  nesting: -1,
  level: 0,
  children: null,
  content: '',
  markup: '-',
  info: '',
  meta: null,
  block: true,
  hidden: false
}
Token {
  type: 'fence',
  tag: 'code',
  attrs: null,
  map: [ 67, 72 ],
  nesting: 0,
  level: 0,
  children: null,
  content: '# mkdir\n\nmkdir build && cd build\n',
  markup: '```',
  info: 'sh',
  meta: null,
  block: true,
  hidden: false
}
Token {
  type: 'bullet_list_open',
  tag: 'ul',
  attrs: null,
  map: [ 73, 75 ],
  nesting: 1,
  level: 0,
  children: null,
  content: '',
  markup: '-',
  info: '',
  meta: null,
  block: true,
  hidden: false
}
Token {
  type: 'list_item_open',
  tag: 'li',
  attrs: null,
  map: [ 73, 75 ],
  nesting: 1,
  level: 1,
  children: null,
  content: '',
  markup: '-',
  info: '',
  meta: null,
  block: true,
  hidden: false
}
Token {
  type: 'paragraph_open',
  tag: 'p',
  attrs: null,
  map: [ 73, 74 ],
  nesting: 1,
  level: 2,
  children: null,
  content: '',
  markup: '',
  info: '',
  meta: null,
  block: true,
  hidden: true
}
Token {
  type: 'inline',
  tag: '',
  attrs: null,
  map: [ 73, 74 ],
  nesting: 0,
  level: 3,
  children: [
    Token {
      type: 'text',
      tag: '',
      attrs: null,
      map: null,
      nesting: 0,
      level: 0,
      children: null,
      content: '在 ',
      markup: '',
      info: '',
      meta: null,
      block: false,
      hidden: false
    },
    Token {
      type: 'code_inline',
      tag: 'code',
      attrs: null,
      map: null,
      nesting: 0,
      level: 0,
      children: null,
      content: 'build',
      markup: '`',
      info: '',
      meta: null,
      block: false,
      hidden: false
    },
    Token {
      type: 'text',
      tag: '',
      attrs: null,
      map: null,
      nesting: 0,
      level: 0,
      children: null,
      content: ' 目录下，创建 ',
      markup: '',
      info: '',
      meta: null,
      block: false,
      hidden: false
    },
    Token {
      type: 'code_inline',
      tag: 'code',
      attrs: null,
      map: null,
      nesting: 0,
      level: 0,
      children: null,
      content: 'cmake_up.sh',
      markup: '`',
      info: '',
      meta: null,
      block: false,
      hidden: false
    },
    Token {
      type: 'text',
      tag: '',
      attrs: null,
      map: null,
      nesting: 0,
      level: 0,
      children: null,
      content: ' 脚本，用以便捷启动 ',
      markup: '',
      info: '',
      meta: null,
      block: false,
      hidden: false
    },
    Token {
      type: 'code_inline',
      tag: 'code',
      attrs: null,
      map: null,
      nesting: 0,
      level: 0,
      children: null,
      content: 'cmake',
      markup: '`',
      info: '',
      meta: null,
      block: false,
      hidden: false
    }
  ],
  content: '在 `build` 目录下，创建 `cmake_up.sh` 脚本，用以便捷启动 `cmake`',
  markup: '',
  info: '',
  meta: null,
  block: true,
  hidden: false
}
Token {
  type: 'paragraph_close',
  tag: 'p',
  attrs: null,
  map: null,
  nesting: -1,
  level: 2,
  children: null,
  content: '',
  markup: '',
  info: '',
  meta: null,
  block: true,
  hidden: true
}
Token {
  type: 'list_item_close',
  tag: 'li',
  attrs: null,
  map: null,
  nesting: -1,
  level: 1,
  children: null,
  content: '',
  markup: '-',
  info: '',
  meta: null,
  block: true,
  hidden: false
}
Token {
  type: 'bullet_list_close',
  tag: 'ul',
  attrs: null,
  map: null,
  nesting: -1,
  level: 0,
  children: null,
  content: '',
  markup: '-',
  info: '',
  meta: null,
  block: true,
  hidden: false
}
Token {
  type: 'fence',
  tag: 'code',
  attrs: null,
  map: [ 75, 140 ],
  nesting: 0,
  level: 0,
  children: null,
  content: '\n' +
    '# @/build/cmake_up.sh\n' +
    '#!/bin/bash\n' +
    '\n' +
    'function cmake_mysql_up {\n' +
    '\t# #指定mysql的安装路径\n' +
    '\t# -DCMAKE_INSTALL_PREFIX=/usr/local/mysql\n' +
    '\n' +
    '\t# #指定mysql进程监听套接字文件（数据库连接文件）的存储路径\n' +
    '\t# -DMYSQL_UNIX_ADDR=/usr/local/mysql/mysql.sock\n' +
    '\n' +
    '\t# #指定配置文件的存储路径\n' +
    '\t# -DSYSCONFDIR=/etc\n' +
    '\n' +
    '\t# #指定进程文件的存储路径\n' +
    '\t# -DSYSTEMD_PID_DIR=/usr/local/mysql\n' +
    '\n' +
    '\t# #指定默认使用的字符集编码，如utf8\n' +
    '\t# -DDEFAULT_CHARSET=utf8\n' +
    '\n' +
    '\t# #指定默认使用的字符集校对规则\n' +
    '\t# -DDEFAULT_COLLATION=utf8_general_ci\n' +
    '\n' +
    '\t# #安装INNOBASE存储引擎\n' +
    '\t# -DWITH_INNOBASE_STORAGE_ENGINE=1\n' +
    '\n' +
    '\t# #安装ARCHIVE存储引擎\n' +
    '\t# -DWITH_ARCHIVE_STORAGE_ENGINE=1\n' +
    '\n' +
    '\t# #安装BLACKHOLE存储引擎\n' +
    '\t# -DWITH_BLACKHOLE_STORAGE_ENGINE=1\n' +
    '\n' +
    '\t# #安装FEDERATED存储引擎\n' +
    '\t# -DWITH_PERFSCHEMA_STORAGE_ENGINE=1\n' +
    '\n' +
    '\t# #指定数据库文件的存储路径\n' +
    '\t# -DMYSQL_DATADIR=/usr/local/mysql/data\n' +
    '\n' +
    '\t# #指定boost的路径，\n' +
    '\t# -DWITH_BOOST=boost\n' +
    '\n' +
    '\t# #生成便于systemctl管理的文件\n' +
    '\t# -DWITH_SYSTEMD=1\n' +
    '\n' +
    '\tsudo cmake .. -DCMAKE_INSTALL_PREFIX=/opt/mysql-source-code/mysql \\\n' +
    '\t\t-DSYSTEMD_PID_DIR=/opt/mysql-source-code/mysql \\\n' +
    '\t\t-DMYSQL_DATADIR=/opt/mysql-source-code/mysql-data \\\n' +
    '\t\t-DWITH_INNOBASE_STORAGE_ENGINE=1 \\\n' +
    '\t\t-DWITH_DEBUG=1 \\\n' +
    '\t\t-DSYSCONFDIR=/opt/mysql-source-code/mysql-config \\\n' +
    '\t\t-DMYSQL_TCP_PORT=3316 \\\n' +
    '\t\t-DWITH_BOOST=/opt/mysql-source-code/boost \\\n' +
    '\t\t-DCMAKE_CXX_COMPILER=/usr/bin/g++ \\\n' +
    '\t\t-DFORCE_INSOURCE_BUILD=0 \\\n' +
    '\t\t-DDOWNLOAD_BOOST=1 \\\n' +
    '\t\t-DHAVE_DTRACE=1 \\\n' +
    '\t\t-DMYSQL_UNIX_ADDR=/opt/mysql-source-code/mysql/mysql.sock \\\n' +
    '\t\t-DWITH_SYSTEMD=0 \\\n' +
    '\t\t-DDEFAULT_CHARSET=utf8 \\\n' +
    '\t\t-DDEFAULT_COLLATION=utf8_general_ci\n' +
    '}\n' +
    '\n' +
    'cmake_mysql_up\n',
  markup: '```',
  info: 'sh',
  meta: null,
  block: true,
  hidden: false
}
Token {
  type: 'bullet_list_open',
  tag: 'ul',
  attrs: null,
  map: [ 141, 143 ],
  nesting: 1,
  level: 0,
  children: null,
  content: '',
  markup: '-',
  info: '',
  meta: null,
  block: true,
  hidden: false
}
Token {
  type: 'list_item_open',
  tag: 'li',
  attrs: null,
  map: [ 141, 143 ],
  nesting: 1,
  level: 1,
  children: null,
  content: '',
  markup: '-',
  info: '',
  meta: null,
  block: true,
  hidden: false
}
Token {
  type: 'paragraph_open',
  tag: 'p',
  attrs: null,
  map: [ 141, 142 ],
  nesting: 1,
  level: 2,
  children: null,
  content: '',
  markup: '',
  info: '',
  meta: null,
  block: true,
  hidden: true
}
Token {
  type: 'inline',
  tag: '',
  attrs: null,
  map: [ 141, 142 ],
  nesting: 0,
  level: 3,
  children: [
    Token {
      type: 'text',
      tag: '',
      attrs: null,
      map: null,
      nesting: 0,
      level: 0,
      children: null,
      content: '该脚本的目的，在于',
      markup: '',
      info: '',
      meta: null,
      block: false,
      hidden: false
    },
    Token {
      type: 'strong_open',
      tag: 'strong',
      attrs: null,
      map: null,
      nesting: 1,
      level: 0,
      children: null,
      content: '',
      markup: '**',
      info: '',
      meta: null,
      block: false,
      hidden: false
    },
    Token {
      type: 'text',
      tag: '',
      attrs: null,
      map: null,
      nesting: 0,
      level: 1,
      children: null,
      content: '有记录地',
      markup: '',
      info: '',
      meta: null,
      block: false,
      hidden: false
    },
    Token {
      type: 'strong_close',
      tag: 'strong',
      attrs: null,
      map: null,
      nesting: -1,
      level: 0,
      children: null,
      content: '',
      markup: '**',
      info: '',
      meta: null,
      block: false,
      hidden: false
    },
    Token {
      type: 'text',
      tag: '',
      attrs: null,
      map: null,
      nesting: 0,
      level: 0,
      children: null,
      content: '启动 ',
      markup: '',
      info: '',
      meta: null,
      block: false,
      hidden: false
    },
    Token {
      type: 'code_inline',
      tag: 'code',
      attrs: null,
      map: null,
      nesting: 0,
      level: 0,
      children: null,
      content: 'cmake',
      markup: '`',
      info: '',
      meta: null,
      block: false,
      hidden: false
    }
  ],
  content: '该脚本的目的，在于**有记录地**启动 `cmake`',
  markup: '',
  info: '',
  meta: null,
  block: true,
  hidden: false
}
Token {
  type: 'paragraph_close',
  tag: 'p',
  attrs: null,
  map: null,
  nesting: -1,
  level: 2,
  children: null,
  content: '',
  markup: '',
  info: '',
  meta: null,
  block: true,
  hidden: true
}
Token {
  type: 'list_item_close',
  tag: 'li',
  attrs: null,
  map: null,
  nesting: -1,
  level: 1,
  children: null,
  content: '',
  markup: '-',
  info: '',
  meta: null,
  block: true,
  hidden: false
}
Token {
  type: 'bullet_list_close',
  tag: 'ul',
  attrs: null,
  map: null,
  nesting: -1,
  level: 0,
  children: null,
  content: '',
  markup: '-',
  info: '',
  meta: null,
  block: true,
  hidden: false
}
Token {
  type: 'heading_open',
  tag: 'h3',
  attrs: null,
  map: [ 143, 144 ],
  nesting: 1,
  level: 0,
  children: null,
  content: '',
  markup: '###',
  info: '',
  meta: null,
  block: true,
  hidden: false
}
Token {
  type: 'inline',
  tag: '',
  attrs: null,
  map: [ 143, 144 ],
  nesting: 0,
  level: 1,
  children: [
    Token {
      type: 'text',
      tag: '',
      attrs: null,
      map: null,
      nesting: 0,
      level: 0,
      children: null,
      content: '2.4 通过 ',
      markup: '',
      info: '',
      meta: null,
      block: false,
      hidden: false
    },
    Token {
      type: 'code_inline',
      tag: 'code',
      attrs: null,
      map: null,
      nesting: 0,
      level: 0,
      children: null,
      content: 'cmake',
      markup: '`',
      info: '',
      meta: null,
      block: false,
      hidden: false
    },
    Token {
      type: 'text',
      tag: '',
      attrs: null,
      map: null,
      nesting: 0,
      level: 0,
      children: null,
      content: ' 构建 ',
      markup: '',
      info: '',
      meta: null,
      block: false,
      hidden: false
    },
    Token {
      type: 'code_inline',
      tag: 'code',
      attrs: null,
      map: null,
      nesting: 0,
      level: 0,
      children: null,
      content: 'makefile',
      markup: '`',
      info: '',
      meta: null,
      block: false,
      hidden: false
    }
  ],
  content: '2.4 通过 `cmake` 构建 `makefile`',
  markup: '',
  info: '',
  meta: null,
  block: true,
  hidden: false
}
Token {
  type: 'heading_close',
  tag: 'h3',
  attrs: null,
  map: null,
  nesting: -1,
  level: 0,
  children: null,
  content: '',
  markup: '###',
  info: '',
  meta: null,
  block: true,
  hidden: false
}
Token {
  type: 'bullet_list_open',
  tag: 'ul',
  attrs: null,
  map: [ 145, 147 ],
  nesting: 1,
  level: 0,
  children: null,
  content: '',
  markup: '-',
  info: '',
  meta: null,
  block: true,
  hidden: false
}
Token {
  type: 'list_item_open',
  tag: 'li',
  attrs: null,
  map: [ 145, 147 ],
  nesting: 1,
  level: 1,
  children: null,
  content: '',
  markup: '-',
  info: '',
  meta: null,
  block: true,
  hidden: false
}
Token {
  type: 'paragraph_open',
  tag: 'p',
  attrs: null,
  map: [ 145, 146 ],
  nesting: 1,
  level: 2,
  children: null,
  content: '',
  markup: '',
  info: '',
  meta: null,
  block: true,
  hidden: true
}
Token {
  type: 'inline',
  tag: '',
  attrs: null,
  map: [ 145, 146 ],
  nesting: 0,
  level: 3,
  children: [
    Token {
      type: 'text',
      tag: '',
      attrs: null,
      map: null,
      nesting: 0,
      level: 0,
      children: null,
      content: '执行 ',
      markup: '',
      info: '',
      meta: null,
      block: false,
      hidden: false
    },
    Token {
      type: 'code_inline',
      tag: 'code',
      attrs: null,
      map: null,
      nesting: 0,
      level: 0,
      children: null,
      content: 'build/cmake_up.sh',
      markup: '`',
      info: '',
      meta: null,
      block: false,
      hidden: false
    },
    Token {
      type: 'text',
      tag: '',
      attrs: null,
      map: null,
      nesting: 0,
      level: 0,
      children: null,
      content: ' 即可',
      markup: '',
      info: '',
      meta: null,
      block: false,
      hidden: false
    }
  ],
  content: '执行 `build/cmake_up.sh` 即可',
  markup: '',
  info: '',
  meta: null,
  block: true,
  hidden: false
}
Token {
  type: 'paragraph_close',
  tag: 'p',
  attrs: null,
  map: null,
  nesting: -1,
  level: 2,
  children: null,
  content: '',
  markup: '',
  info: '',
  meta: null,
  block: true,
  hidden: true
}
Token {
  type: 'list_item_close',
  tag: 'li',
  attrs: null,
  map: null,
  nesting: -1,
  level: 1,
  children: null,
  content: '',
  markup: '-',
  info: '',
  meta: null,
  block: true,
  hidden: false
}
Token {
  type: 'bullet_list_close',
  tag: 'ul',
  attrs: null,
  map: null,
  nesting: -1,
  level: 0,
  children: null,
  content: '',
  markup: '-',
  info: '',
  meta: null,
  block: true,
  hidden: false
}
Token {
  type: 'fence',
  tag: 'code',
  attrs: null,
  map: [ 147, 150 ],
  nesting: 0,
  level: 0,
  children: null,
  content: 'sudo bash ./cmake_up.sh\n',
  markup: '```',
  info: 'sh',
  meta: null,
  block: true,
  hidden: false
}
Token {
  type: 'bullet_list_open',
  tag: 'ul',
  attrs: null,
  map: [ 151, 154 ],
  nesting: 1,
  level: 0,
  children: null,
  content: '',
  markup: '-',
  info: '',
  meta: null,
  block: true,
  hidden: false
}
Token {
  type: 'list_item_open',
  tag: 'li',
  attrs: null,
  map: [ 151, 152 ],
  nesting: 1,
  level: 1,
  children: null,
  content: '',
  markup: '-',
  info: '',
  meta: null,
  block: true,
  hidden: false
}
Token {
  type: 'paragraph_open',
  tag: 'p',
  attrs: null,
  map: [ 151, 152 ],
  nesting: 1,
  level: 2,
  children: null,
  content: '',
  markup: '',
  info: '',
  meta: null,
  block: true,
  hidden: true
}
Token {
  type: 'inline',
  tag: '',
  attrs: null,
  map: [ 151, 152 ],
  nesting: 0,
  level: 3,
  children: [
    Token {
      type: 'text',
      tag: '',
      attrs: null,
      map: null,
      nesting: 0,
      level: 0,
      children: null,
      content: '这一步目的在于，构建出必要的 ',
      markup: '',
      info: '',
      meta: null,
      block: false,
      hidden: false
    },
    Token {
      type: 'code_inline',
      tag: 'code',
      attrs: null,
      map: null,
      nesting: 0,
      level: 0,
      children: null,
      content: 'makefile',
      markup: '`',
      info: '',
      meta: null,
      block: false,
      hidden: false
    },
    Token {
      type: 'text',
      tag: '',
      attrs: null,
      map: null,
      nesting: 0,
      level: 0,
      children: null,
      content: '，只是起到中间桥梁的作用，并非真正执行编译。',
      markup: '',
      info: '',
      meta: null,
      block: false,
      hidden: false
    }
  ],
  content: '这一步目的在于，构建出必要的 `makefile`，只是起到中间桥梁的作用，并非真正执行编译。',
  markup: '',
  info: '',
  meta: null,
  block: true,
  hidden: false
}
Token {
  type: 'paragraph_close',
  tag: 'p',
  attrs: null,
  map: null,
  nesting: -1,
  level: 2,
  children: null,
  content: '',
  markup: '',
  info: '',
  meta: null,
  block: true,
  hidden: true
}
Token {
  type: 'list_item_close',
  tag: 'li',
  attrs: null,
  map: null,
  nesting: -1,
  level: 1,
  children: null,
  content: '',
  markup: '-',
  info: '',
  meta: null,
  block: true,
  hidden: false
}
Token {
  type: 'list_item_open',
  tag: 'li',
  attrs: null,
  map: [ 152, 154 ],
  nesting: 1,
  level: 1,
  children: null,
  content: '',
  markup: '-',
  info: '',
  meta: null,
  block: true,
  hidden: false
}
Token {
  type: 'paragraph_open',
  tag: 'p',
  attrs: null,
  map: [ 152, 153 ],
  nesting: 1,
  level: 2,
  children: null,
  content: '',
  markup: '',
  info: '',
  meta: null,
  block: true,
  hidden: true
}
Token {
  type: 'inline',
  tag: '',
  attrs: null,
  map: [ 152, 153 ],
  nesting: 0,
  level: 3,
  children: [
    Token {
      type: 'text',
      tag: '',
      attrs: null,
      map: null,
      nesting: 0,
      level: 0,
      children: null,
      content: '此步骤耗时大约 1 分钟左右。',
      markup: '',
      info: '',
      meta: null,
      block: false,
      hidden: false
    }
  ],
  content: '此步骤耗时大约 1 分钟左右。',
  markup: '',
  info: '',
  meta: null,
  block: true,
  hidden: false
}
Token {
  type: 'paragraph_close',
  tag: 'p',
  attrs: null,
  map: null,
  nesting: -1,
  level: 2,
  children: null,
  content: '',
  markup: '',
  info: '',
  meta: null,
  block: true,
  hidden: true
}
Token {
  type: 'list_item_close',
  tag: 'li',
  attrs: null,
  map: null,
  nesting: -1,
  level: 1,
  children: null,
  content: '',
  markup: '-',
  info: '',
  meta: null,
  block: true,
  hidden: false
}
Token {
  type: 'bullet_list_close',
  tag: 'ul',
  attrs: null,
  map: null,
  nesting: -1,
  level: 0,
  children: null,
  content: '',
  markup: '-',
  info: '',
  meta: null,
  block: true,
  hidden: false
}
Token {
  type: 'heading_open',
  tag: 'h3',
  attrs: null,
  map: [ 154, 155 ],
  nesting: 1,
  level: 0,
  children: null,
  content: '',
  markup: '###',
  info: '',
  meta: null,
  block: true,
  hidden: false
}
Token {
  type: 'inline',
  tag: '',
  attrs: null,
  map: [ 154, 155 ],
  nesting: 0,
  level: 1,
  children: [
    Token {
      type: 'text',
      tag: '',
      attrs: null,
      map: null,
      nesting: 0,
      level: 0,
      children: null,
      content: '2.5 通过 ',
      markup: '',
      info: '',
      meta: null,
      block: false,
      hidden: false
    },
    Token {
      type: 'code_inline',
      tag: 'code',
      attrs: null,
      map: null,
      nesting: 0,
      level: 0,
      children: null,
      content: 'makefile',
      markup: '`',
      info: '',
      meta: null,
      block: false,
      hidden: false
    },
    Token {
      type: 'text',
      tag: '',
      attrs: null,
      map: null,
      nesting: 0,
      level: 0,
      children: null,
      content: ' 构建二进制文件',
      markup: '',
      info: '',
      meta: null,
      block: false,
      hidden: false
    }
  ],
  content: '2.5 通过 `makefile` 构建二进制文件',
  markup: '',
  info: '',
  meta: null,
  block: true,
  hidden: false
}
Token {
  type: 'heading_close',
  tag: 'h3',
  attrs: null,
  map: null,
  nesting: -1,
  level: 0,
  children: null,
  content: '',
  markup: '###',
  info: '',
  meta: null,
  block: true,
  hidden: false
}
Token {
  type: 'bullet_list_open',
  tag: 'ul',
  attrs: null,
  map: [ 156, 158 ],
  nesting: 1,
  level: 0,
  children: null,
  content: '',
  markup: '-',
  info: '',
  meta: null,
  block: true,
  hidden: false
}
Token {
  type: 'list_item_open',
  tag: 'li',
  attrs: null,
  map: [ 156, 158 ],
  nesting: 1,
  level: 1,
  children: null,
  content: '',
  markup: '-',
  info: '',
  meta: null,
  block: true,
  hidden: false
}
Token {
  type: 'paragraph_open',
  tag: 'p',
  attrs: null,
  map: [ 156, 157 ],
  nesting: 1,
  level: 2,
  children: null,
  content: '',
  markup: '',
  info: '',
  meta: null,
  block: true,
  hidden: true
}
Token {
  type: 'inline',
  tag: '',
  attrs: null,
  map: [ 156, 157 ],
  nesting: 0,
  level: 3,
  children: [
    Token {
      type: 'text',
      tag: '',
      attrs: null,
      map: null,
      nesting: 0,
      level: 0,
      children: null,
      content: '现在，可以看到 ',
      markup: '',
      info: '',
      meta: null,
      block: false,
      hidden: false
    },
    Token {
      type: 'code_inline',
      tag: 'code',
      attrs: null,
      map: null,
      nesting: 0,
      level: 0,
      children: null,
      content: 'build',
      markup: '`',
      info: '',
      meta: null,
      block: false,
      hidden: false
    },
    Token {
      type: 'text',
      tag: '',
      attrs: null,
      map: null,
      nesting: 0,
      level: 0,
      children: null,
      content: ' 目录下已经有了一系列文件。',
      markup: '',
      info: '',
      meta: null,
      block: false,
      hidden: false
    }
  ],
  content: '现在，可以看到 `build` 目录下已经有了一系列文件。',
  markup: '',
  info: '',
  meta: null,
  block: true,
  hidden: false
}
Token {
  type: 'paragraph_close',
  tag: 'p',
  attrs: null,
  map: null,
  nesting: -1,
  level: 2,
  children: null,
  content: '',
  markup: '',
  info: '',
  meta: null,
  block: true,
  hidden: true
}
Token {
  type: 'list_item_close',
  tag: 'li',
  attrs: null,
  map: null,
  nesting: -1,
  level: 1,
  children: null,
  content: '',
  markup: '-',
  info: '',
  meta: null,
  block: true,
  hidden: false
}
Token {
  type: 'bullet_list_close',
  tag: 'ul',
  attrs: null,
  map: null,
  nesting: -1,
  level: 0,
  children: null,
  content: '',
  markup: '-',
  info: '',
  meta: null,
  block: true,
  hidden: false
}
Token {
  type: 'fence',
  tag: 'code',
  attrs: null,
  map: [ 158, 217 ],
  nesting: 0,
  level: 0,
  children: null,
  content: '#  pwd && tree . -L 1\n' +
    '# /home/albert/remote-codespace/from-github/db/mysql-server/build\n' +
    '.\n' +
    '├── abi_check.out\n' +
    '├── archive_output_directory\n' +
    '├── bin -> ./runtime_output_directory\n' +
    '├── client\n' +
    '├── CMakeCache.txt\n' +
    '├── CMakeFiles\n' +
    '├── cmake_install.cmake\n' +
    '├── cmake_up.sh\n' +
    '├── components\n' +
    '├── CPackConfig.cmake\n' +
    '├── CPackSourceConfig.cmake\n' +
    '├── CTestTestfile.cmake\n' +
    '├── DartConfiguration.tcl\n' +
    '├── debian\n' +
    '├── Docs\n' +
    '├── extra\n' +
    '├── icudt73l.lnk\n' +
    '├── include\n' +
    '├── info_macros.cmake\n' +
    '├── install_manifest.txt\n' +
    '├── lib -> ./library_output_directory\n' +
    '├── libchangestreams\n' +
    '├── libgmock.a\n' +
    '├── libgmock_main.a\n' +
    '├── libgtest.a\n' +
    '├── libgtest_main.a\n' +
    '├── libmysql\n' +
    '├── library_output_directory\n' +
    '├── libs\n' +
    '├── libservices\n' +
    '├── make_dist.cmake\n' +
    '├── Makefile   # 此文件就是编译依赖的真正管理者\n' +
    '├── man\n' +
    '├── mysql-test\n' +
    '├── mysys\n' +
    '├── packaging\n' +
    '├── plugin\n' +
    '├── plugin_output_directory\n' +
    '├── router\n' +
    '├── runtime_output_directory\n' +
    '├── scripts\n' +
    '├── server_unittest_library_dummy.c\n' +
    '├── share\n' +
    '├── sql\n' +
    '├── sql-common\n' +
    '├── storage\n' +
    '├── strings\n' +
    '├── support-files\n' +
    '├── testclients\n' +
    '├── Testing\n' +
    '├── unittest\n' +
    '├── utilities\n' +
    '├── VERSION.dep\n' +
    '└── vio\n',
  markup: '```',
  info: 'sh',
  meta: null,
  block: true,
  hidden: false
}
Token {
  type: 'bullet_list_open',
  tag: 'ul',
  attrs: null,
  map: [ 218, 221 ],
  nesting: 1,
  level: 0,
  children: null,
  content: '',
  markup: '-',
  info: '',
  meta: null,
  block: true,
  hidden: false
}
Token {
  type: 'list_item_open',
  tag: 'li',
  attrs: null,
  map: [ 218, 219 ],
  nesting: 1,
  level: 1,
  children: null,
  content: '',
  markup: '-',
  info: '',
  meta: null,
  block: true,
  hidden: false
}
Token {
  type: 'paragraph_open',
  tag: 'p',
  attrs: null,
  map: [ 218, 219 ],
  nesting: 1,
  level: 2,
  children: null,
  content: '',
  markup: '',
  info: '',
  meta: null,
  block: true,
  hidden: true
}
Token {
  type: 'inline',
  tag: '',
  attrs: null,
  map: [ 218, 219 ],
  nesting: 0,
  level: 3,
  children: [
    Token {
      type: 'text',
      tag: '',
      attrs: null,
      map: null,
      nesting: 0,
      level: 0,
      children: null,
      content: '可以看到，已经出现了 ',
      markup: '',
      info: '',
      meta: null,
      block: false,
      hidden: false
    },
    Token {
      type: 'code_inline',
      tag: 'code',
      attrs: null,
      map: null,
      nesting: 0,
      level: 0,
      children: null,
      content: 'makefile',
      markup: '`',
      info: '',
      meta: null,
      block: false,
      hidden: false
    },
    Token {
      type: 'text',
      tag: '',
      attrs: null,
      map: null,
      nesting: 0,
      level: 0,
      children: null,
      content: ', 此文件就是编译依赖的真正管理者。',
      markup: '',
      info: '',
      meta: null,
      block: false,
      hidden: false
    }
  ],
  content: '可以看到，已经出现了 `makefile`, 此文件就是编译依赖的真正管理者。',
  markup: '',
  info: '',
  meta: null,
  block: true,
  hidden: false
}
Token {
  type: 'paragraph_close',
  tag: 'p',
  attrs: null,
  map: null,
  nesting: -1,
  level: 2,
  children: null,
  content: '',
  markup: '',
  info: '',
  meta: null,
  block: true,
  hidden: true
}
Token {
  type: 'list_item_close',
  tag: 'li',
  attrs: null,
  map: null,
  nesting: -1,
  level: 1,
  children: null,
  content: '',
  markup: '-',
  info: '',
  meta: null,
  block: true,
  hidden: false
}
Token {
  type: 'list_item_open',
  tag: 'li',
  attrs: null,
  map: [ 219, 221 ],
  nesting: 1,
  level: 1,
  children: null,
  content: '',
  markup: '-',
  info: '',
  meta: null,
  block: true,
  hidden: false
}
Token {
  type: 'paragraph_open',
  tag: 'p',
  attrs: null,
  map: [ 219, 220 ],
  nesting: 1,
  level: 2,
  children: null,
  content: '',
  markup: '',
  info: '',
  meta: null,
  block: true,
  hidden: true
}
Token {
  type: 'inline',
  tag: '',
  attrs: null,
  map: [ 219, 220 ],
  nesting: 0,
  level: 3,
  children: [
    Token {
      type: 'text',
      tag: '',
      attrs: null,
      map: null,
      nesting: 0,
      level: 0,
      children: null,
      content: '执行编译命令，使用 ',
      markup: '',
      info: '',
      meta: null,
      block: false,
      hidden: false
    },
    Token {
      type: 'code_inline',
      tag: 'code',
      attrs: null,
      map: null,
      nesting: 0,
      level: 0,
      children: null,
      content: '48',
      markup: '`',
      info: '',
      meta: null,
      block: false,
      hidden: false
    },
    Token {
      type: 'text',
      tag: '',
      attrs: null,
      map: null,
      nesting: 0,
      level: 0,
      children: null,
      content: ' 个线程来编译，总耗时大约 ',
      markup: '',
      info: '',
      meta: null,
      block: false,
      hidden: false
    },
    Token {
      type: 'code_inline',
      tag: 'code',
      attrs: null,
      map: null,
      nesting: 0,
      level: 0,
      children: null,
      content: '4',
      markup: '`',
      info: '',
      meta: null,
      block: false,
      hidden: false
    },
    Token {
      type: 'text',
      tag: '',
      attrs: null,
      map: null,
      nesting: 0,
      level: 0,
      children: null,
      content: ' 分钟左右。',
      markup: '',
      info: '',
      meta: null,
      block: false,
      hidden: false
    }
  ],
  content: '执行编译命令，使用 `48` 个线程来编译，总耗时大约 `4` 分钟左右。',
  markup: '',
  info: '',
  meta: null,
  block: true,
  hidden: false
}
Token {
  type: 'paragraph_close',
  tag: 'p',
  attrs: null,
  map: null,
  nesting: -1,
  level: 2,
  children: null,
  content: '',
  markup: '',
  info: '',
  meta: null,
  block: true,
  hidden: true
}
Token {
  type: 'list_item_close',
  tag: 'li',
  attrs: null,
  map: null,
  nesting: -1,
  level: 1,
  children: null,
  content: '',
  markup: '-',
  info: '',
  meta: null,
  block: true,
  hidden: false
}
Token {
  type: 'bullet_list_close',
  tag: 'ul',
  attrs: null,
  map: null,
  nesting: -1,
  level: 0,
  children: null,
  content: '',
  markup: '-',
  info: '',
  meta: null,
  block: true,
  hidden: false
}
Token {
  type: 'fence',
  tag: 'code',
  attrs: null,
  map: [ 221, 224 ],
  nesting: 0,
  level: 0,
  children: null,
  content: 'suod make install -j 48\n',
  markup: '```',
  info: 'sh',
  meta: null,
  block: true,
  hidden: false
}
Token {
  type: 'bullet_list_open',
  tag: 'ul',
  attrs: null,
  map: [ 225, 227 ],
  nesting: 1,
  level: 0,
  children: null,
  content: '',
  markup: '-',
  info: '',
  meta: null,
  block: true,
  hidden: false
}
Token {
  type: 'list_item_open',
  tag: 'li',
  attrs: null,
  map: [ 225, 227 ],
  nesting: 1,
  level: 1,
  children: null,
  content: '',
  markup: '-',
  info: '',
  meta: null,
  block: true,
  hidden: false
}
Token {
  type: 'paragraph_open',
  tag: 'p',
  attrs: null,
  map: [ 225, 226 ],
  nesting: 1,
  level: 2,
  children: null,
  content: '',
  markup: '',
  info: '',
  meta: null,
  block: true,
  hidden: true
}
Token {
  type: 'inline',
  tag: '',
  attrs: null,
  map: [ 225, 226 ],
  nesting: 0,
  level: 3,
  children: [
    Token {
      type: 'text',
      tag: '',
      attrs: null,
      map: null,
      nesting: 0,
      level: 0,
      children: null,
      content: '执行成功，在 ',
      markup: '',
      info: '',
      meta: null,
      block: false,
      hidden: false
    },
    Token {
      type: 'code_inline',
      tag: 'code',
      attrs: null,
      map: null,
      nesting: 0,
      level: 0,
      children: null,
      content: '/opt/mysql-source-code/',
      markup: '`',
      info: '',
      meta: null,
      block: false,
      hidden: false
    },
    Token {
      type: 'text',
      tag: '',
      attrs: null,
      map: null,
      nesting: 0,
      level: 0,
      children: null,
      content: ' 目录下创建目录，至如下状态：',
      markup: '',
      info: '',
      meta: null,
      block: false,
      hidden: false
    }
  ],
  content: '执行成功，在 `/opt/mysql-source-code/` 目录下创建目录，至如下状态：',
  markup: '',
  info: '',
  meta: null,
  block: true,
  hidden: false
}
Token {
  type: 'paragraph_close',
  tag: 'p',
  attrs: null,
  map: null,
  nesting: -1,
  level: 2,
  children: null,
  content: '',
  markup: '',
  info: '',
  meta: null,
  block: true,
  hidden: true
}
Token {
  type: 'list_item_close',
  tag: 'li',
  attrs: null,
  map: null,
  nesting: -1,
  level: 1,
  children: null,
  content: '',
  markup: '-',
  info: '',
  meta: null,
  block: true,
  hidden: false
}
Token {
  type: 'bullet_list_close',
  tag: 'ul',
  attrs: null,
  map: null,
  nesting: -1,
  level: 0,
  children: null,
  content: '',
  markup: '-',
  info: '',
  meta: null,
  block: true,
  hidden: false
}
Token {
  type: 'fence',
  tag: 'code',
  attrs: null,
  map: [ 227, 239 ],
  nesting: 0,
  level: 0,
  children: null,
  content: '# pwd:/opt/mysql-source-code\n' +
    '# tree . -L 1\n' +
    '.\n' +
    '├── mysql\n' +
    '├── mysql-config\n' +
    '├── mysql-data\n' +
    '├── mysql-log\n' +
    '├── mysql-pid\n' +
    '├── mysql-socket\n' +
    '└── tmp\n',
  markup: '```',
  info: 'sh',
  meta: null,
  block: true,
  hidden: false
}
Token {
  type: 'bullet_list_open',
  tag: 'ul',
  attrs: null,
  map: [ 240, 242 ],
  nesting: 1,
  level: 0,
  children: null,
  content: '',
  markup: '-',
  info: '',
  meta: null,
  block: true,
  hidden: false
}
Token {
  type: 'list_item_open',
  tag: 'li',
  attrs: null,
  map: [ 240, 242 ],
  nesting: 1,
  level: 1,
  children: null,
  content: '',
  markup: '-',
  info: '',
  meta: null,
  block: true,
  hidden: false
}
Token {
  type: 'paragraph_open',
  tag: 'p',
  attrs: null,
  map: [ 240, 241 ],
  nesting: 1,
  level: 2,
  children: null,
  content: '',
  markup: '',
  info: '',
  meta: null,
  block: true,
  hidden: true
}
Token {
  type: 'inline',
  tag: '',
  attrs: null,
  map: [ 240, 241 ],
  nesting: 0,
  level: 3,
  children: [
    Token {
      type: 'text',
      tag: '',
      attrs: null,
      map: null,
      nesting: 0,
      level: 0,
      children: null,
      content: '基本的思想，运行态所需要的一切文件，都放置在 ',
      markup: '',
      info: '',
      meta: null,
      block: false,
      hidden: false
    },
    Token {
      type: 'code_inline',
      tag: 'code',
      attrs: null,
      map: null,
      nesting: 0,
      level: 0,
      children: null,
      content: '/opt/mysql-source-code',
      markup: '`',
      info: '',
      meta: null,
      block: false,
      hidden: false
    },
    Token {
      type: 'text',
      tag: '',
      attrs: null,
      map: null,
      nesting: 0,
      level: 0,
      children: null,
      content: ' 目录下。',
      markup: '',
      info: '',
      meta: null,
      block: false,
      hidden: false
    }
  ],
  content: '基本的思想，运行态所需要的一切文件，都放置在 `/opt/mysql-source-code` 目录下。',
  markup: '',
  info: '',
  meta: null,
  block: true,
  hidden: false
}
Token {
  type: 'paragraph_close',
  tag: 'p',
  attrs: null,
  map: null,
  nesting: -1,
  level: 2,
  children: null,
  content: '',
  markup: '',
  info: '',
  meta: null,
  block: true,
  hidden: true
}
Token {
  type: 'list_item_close',
  tag: 'li',
  attrs: null,
  map: null,
  nesting: -1,
  level: 1,
  children: null,
  content: '',
  markup: '-',
  info: '',
  meta: null,
  block: true,
  hidden: false
}
Token {
  type: 'bullet_list_close',
  tag: 'ul',
  attrs: null,
  map: null,
  nesting: -1,
  level: 0,
  children: null,
  content: '',
  markup: '-',
  info: '',
  meta: null,
  block: true,
  hidden: false
}
Token {
  type: 'heading_open',
  tag: 'h2',
  attrs: null,
  map: [ 242, 243 ],
  nesting: 1,
  level: 0,
  children: null,
  content: '',
  markup: '##',
  info: '',
  meta: null,
  block: true,
  hidden: false
}
Token {
  type: 'inline',
  tag: '',
  attrs: null,
  map: [ 242, 243 ],
  nesting: 0,
  level: 1,
  children: [
    Token {
      type: 'text',
      tag: '',
      attrs: null,
      map: null,
      nesting: 0,
      level: 0,
      children: null,
      content: '3. 启动流程',
      markup: '',
      info: '',
      meta: null,
      block: false,
      hidden: false
    }
  ],
  content: '3. 启动流程',
  markup: '',
  info: '',
  meta: null,
  block: true,
  hidden: false
}
Token {
  type: 'heading_close',
  tag: 'h2',
  attrs: null,
  map: null,
  nesting: -1,
  level: 0,
  children: null,
  content: '',
  markup: '##',
  info: '',
  meta: null,
  block: true,
  hidden: false
}
Token {
  type: 'heading_open',
  tag: 'h3',
  attrs: null,
  map: [ 244, 245 ],
  nesting: 1,
  level: 0,
  children: null,
  content: '',
  markup: '###',
  info: '',
  meta: null,
  block: true,
  hidden: false
}
Token {
  type: 'inline',
  tag: '',
  attrs: null,
  map: [ 244, 245 ],
  nesting: 0,
  level: 1,
  children: [
    Token {
      type: 'text',
      tag: '',
      attrs: null,
      map: null,
      nesting: 0,
      level: 0,
      children: null,
      content: '3.1 创建配置文件',
      markup: '',
      info: '',
      meta: null,
      block: false,
      hidden: false
    }
  ],
  content: '3.1 创建配置文件',
  markup: '',
  info: '',
  meta: null,
  block: true,
  hidden: false
}
Token {
  type: 'heading_close',
  tag: 'h3',
  attrs: null,
  map: null,
  nesting: -1,
  level: 0,
  children: null,
  content: '',
  markup: '###',
  info: '',
  meta: null,
  block: true,
  hidden: false
}
Token {
  type: 'bullet_list_open',
  tag: 'ul',
  attrs: null,
  map: [ 246, 248 ],
  nesting: 1,
  level: 0,
  children: null,
  content: '',
  markup: '-',
  info: '',
  meta: null,
  block: true,
  hidden: false
}
Token {
  type: 'list_item_open',
  tag: 'li',
  attrs: null,
  map: [ 246, 248 ],
  nesting: 1,
  level: 1,
  children: null,
  content: '',
  markup: '-',
  info: '',
  meta: null,
  block: true,
  hidden: false
}
Token {
  type: 'paragraph_open',
  tag: 'p',
  attrs: null,
  map: [ 246, 247 ],
  nesting: 1,
  level: 2,
  children: null,
  content: '',
  markup: '',
  info: '',
  meta: null,
  block: true,
  hidden: true
}
Token {
  type: 'inline',
  tag: '',
  attrs: null,
  map: [ 246, 247 ],
  nesting: 0,
  level: 3,
  children: [
    Token {
      type: 'text',
      tag: '',
      attrs: null,
      map: null,
      nesting: 0,
      level: 0,
      children: null,
      content: '创建 ',
      markup: '',
      info: '',
      meta: null,
      block: false,
      hidden: false
    },
    Token {
      type: 'code_inline',
      tag: 'code',
      attrs: null,
      map: null,
      nesting: 0,
      level: 0,
      children: null,
      content: '/opt/mysql-source-code/mysql-config/my.cnf',
      markup: '`',
      info: '',
      meta: null,
      block: false,
      hidden: false
    },
    Token {
      type: 'text',
      tag: '',
      attrs: null,
      map: null,
      nesting: 0,
      level: 0,
      children: null,
      content: '，并编辑：',
      markup: '',
      info: '',
      meta: null,
      block: false,
      hidden: false
    }
  ],
  content: '创建 `/opt/mysql-source-code/mysql-config/my.cnf`，并编辑：',
  markup: '',
  info: '',
  meta: null,
  block: true,
  hidden: false
}
Token {
  type: 'paragraph_close',
  tag: 'p',
  attrs: null,
  map: null,
  nesting: -1,
  level: 2,
  children: null,
  content: '',
  markup: '',
  info: '',
  meta: null,
  block: true,
  hidden: true
}
Token {
  type: 'list_item_close',
  tag: 'li',
  attrs: null,
  map: null,
  nesting: -1,
  level: 1,
  children: null,
  content: '',
  markup: '-',
  info: '',
  meta: null,
  block: true,
  hidden: false
}
Token {
  type: 'bullet_list_close',
  tag: 'ul',
  attrs: null,
  map: null,
  nesting: -1,
  level: 0,
  children: null,
  content: '',
  markup: '-',
  info: '',
  meta: null,
  block: true,
  hidden: false
}
Token {
  type: 'fence',
  tag: 'code',
  attrs: null,
  map: [ 248, 271 ],
  nesting: 0,
  level: 0,
  children: null,
  content: '[client]\n' +
    'port = 3306\n' +
    'socket = /opt/mysql-source-code/mysql-socket/mysql.sock\n' +
    'default-character-set=utf8mb4\n' +
    '\n' +
    '[mysql]\n' +
    'default-character-set=utf8mb4\n' +
    '\n' +
    '[mysqld]\n' +
    'bind-address = 0.0.0.0\n' +
    'user = root\n' +
    'port = 3306\n' +
    'basedir = /opt/mysql-source-code/\n' +
    'datadir = /opt/mysql-source-code/mysql-data\n' +
    'tmpdir = /opt/mysql-source-code/tmp\n' +
    'pid-file = /opt/mysql-source-code/mysql-pid/mysqld.pid\n' +
    'log-error = /opt/mysql-source-code/mysql-log/error.log\n' +
    'socket = /opt/mysql-source-code/mysql-socket/mysql.sock\n' +
    'default-storage-engine = innodb\n' +
    'character-set-server=utf8mb4\n' +
    'collation-server=utf8mb4_general_ci\n',
  markup: '```',
  info: 'ini',
  meta: null,
  block: true,
  hidden: false
}
Token {
  type: 'bullet_list_open',
  tag: 'ul',
  attrs: null,
  map: [ 272, 274 ],
  nesting: 1,
  level: 0,
  children: null,
  content: '',
  markup: '-',
  info: '',
  meta: null,
  block: true,
  hidden: false
}
Token {
  type: 'list_item_open',
  tag: 'li',
  attrs: null,
  map: [ 272, 274 ],
  nesting: 1,
  level: 1,
  children: null,
  content: '',
  markup: '-',
  info: '',
  meta: null,
  block: true,
  hidden: false
}
Token {
  type: 'paragraph_open',
  tag: 'p',
  attrs: null,
  map: [ 272, 273 ],
  nesting: 1,
  level: 2,
  children: null,
  content: '',
  markup: '',
  info: '',
  meta: null,
  block: true,
  hidden: true
}
Token {
  type: 'inline',
  tag: '',
  attrs: null,
  map: [ 272, 273 ],
  nesting: 0,
  level: 3,
  children: [
    Token {
      type: 'text',
      tag: '',
      attrs: null,
      map: null,
      nesting: 0,
      level: 0,
      children: null,
      content: '注意：',
      markup: '',
      info: '',
      meta: null,
      block: false,
      hidden: false
    },
    Token {
      type: 'code_inline',
      tag: 'code',
      attrs: null,
      map: null,
      nesting: 0,
      level: 0,
      children: null,
      content: 'client',
      markup: '`',
      info: '',
      meta: null,
      block: false,
      hidden: false
    },
    Token {
      type: 'text',
      tag: '',
      attrs: null,
      map: null,
      nesting: 0,
      level: 0,
      children: null,
      content: ' 和 ',
      markup: '',
      info: '',
      meta: null,
      block: false,
      hidden: false
    },
    Token {
      type: 'code_inline',
      tag: 'code',
      attrs: null,
      map: null,
      nesting: 0,
      level: 0,
      children: null,
      content: 'mysqld',
      markup: '`',
      info: '',
      meta: null,
      block: false,
      hidden: false
    },
    Token {
      type: 'text',
      tag: '',
      attrs: null,
      map: null,
      nesting: 0,
      level: 0,
      children: null,
      content: ' 的读写 ',
      markup: '',
      info: '',
      meta: null,
      block: false,
      hidden: false
    },
    Token {
      type: 'code_inline',
      tag: 'code',
      attrs: null,
      map: null,
      nesting: 0,
      level: 0,
      children: null,
      content: 'socket',
      markup: '`',
      info: '',
      meta: null,
      block: false,
      hidden: false
    },
    Token {
      type: 'text',
      tag: '',
      attrs: null,
      map: null,
      nesting: 0,
      level: 0,
      children: null,
      content: ' 目录需要一致',
      markup: '',
      info: '',
      meta: null,
      block: false,
      hidden: false
    }
  ],
  content: '注意：`client` 和 `mysqld` 的读写 `socket` 目录需要一致',
  markup: '',
  info: '',
  meta: null,
  block: true,
  hidden: false
}
Token {
  type: 'paragraph_close',
  tag: 'p',
  attrs: null,
  map: null,
  nesting: -1,
  level: 2,
  children: null,
  content: '',
  markup: '',
  info: '',
  meta: null,
  block: true,
  hidden: true
}
Token {
  type: 'list_item_close',
  tag: 'li',
  attrs: null,
  map: null,
  nesting: -1,
  level: 1,
  children: null,
  content: '',
  markup: '-',
  info: '',
  meta: null,
  block: true,
  hidden: false
}
Token {
  type: 'bullet_list_close',
  tag: 'ul',
  attrs: null,
  map: null,
  nesting: -1,
  level: 0,
  children: null,
  content: '',
  markup: '-',
  info: '',
  meta: null,
  block: true,
  hidden: false
}
Token {
  type: 'heading_open',
  tag: 'h3',
  attrs: null,
  map: [ 274, 275 ],
  nesting: 1,
  level: 0,
  children: null,
  content: '',
  markup: '###',
  info: '',
  meta: null,
  block: true,
  hidden: false
}
Token {
  type: 'inline',
  tag: '',
  attrs: null,
  map: [ 274, 275 ],
  nesting: 0,
  level: 1,
  children: [
    Token {
      type: 'text',
      tag: '',
      attrs: null,
      map: null,
      nesting: 0,
      level: 0,
      children: null,
      content: '3.2 ',
      markup: '',
      info: '',
      meta: null,
      block: false,
      hidden: false
    },
    Token {
      type: 'code_inline',
      tag: 'code',
      attrs: null,
      map: null,
      nesting: 0,
      level: 0,
      children: null,
      content: 'init',
      markup: '`',
      info: '',
      meta: null,
      block: false,
      hidden: false
    },
    Token {
      type: 'text',
      tag: '',
      attrs: null,
      map: null,
      nesting: 0,
      level: 0,
      children: null,
      content: ' 初始配置',
      markup: '',
      info: '',
      meta: null,
      block: false,
      hidden: false
    }
  ],
  content: '3.2 `init` 初始配置',
  markup: '',
  info: '',
  meta: null,
  block: true,
  hidden: false
}
Token {
  type: 'heading_close',
  tag: 'h3',
  attrs: null,
  map: null,
  nesting: -1,
  level: 0,
  children: null,
  content: '',
  markup: '###',
  info: '',
  meta: null,
  block: true,
  hidden: false
}
Token {
  type: 'bullet_list_open',
  tag: 'ul',
  attrs: null,
  map: [ 276, 278 ],
  nesting: 1,
  level: 0,
  children: null,
  content: '',
  markup: '-',
  info: '',
  meta: null,
  block: true,
  hidden: false
}
Token {
  type: 'list_item_open',
  tag: 'li',
  attrs: null,
  map: [ 276, 278 ],
  nesting: 1,
  level: 1,
  children: null,
  content: '',
  markup: '-',
  info: '',
  meta: null,
  block: true,
  hidden: false
}
Token {
  type: 'paragraph_open',
  tag: 'p',
  attrs: null,
  map: [ 276, 277 ],
  nesting: 1,
  level: 2,
  children: null,
  content: '',
  markup: '',
  info: '',
  meta: null,
  block: true,
  hidden: true
}
Token {
  type: 'inline',
  tag: '',
  attrs: null,
  map: [ 276, 277 ],
  nesting: 0,
  level: 3,
  children: [
    Token {
      type: 'text',
      tag: '',
      attrs: null,
      map: null,
      nesting: 0,
      level: 0,
      children: null,
      content: '执行如下命令，启动 ',
      markup: '',
      info: '',
      meta: null,
      block: false,
      hidden: false
    },
    Token {
      type: 'code_inline',
      tag: 'code',
      attrs: null,
      map: null,
      nesting: 0,
      level: 0,
      children: null,
      content: 'mysqld',
      markup: '`',
      info: '',
      meta: null,
      block: false,
      hidden: false
    },
    Token {
      type: 'text',
      tag: '',
      attrs: null,
      map: null,
      nesting: 0,
      level: 0,
      children: null,
      content: ' 服务端。',
      markup: '',
      info: '',
      meta: null,
      block: false,
      hidden: false
    }
  ],
  content: '执行如下命令，启动 `mysqld` 服务端。',
  markup: '',
  info: '',
  meta: null,
  block: true,
  hidden: false
}
Token {
  type: 'paragraph_close',
  tag: 'p',
  attrs: null,
  map: null,
  nesting: -1,
  level: 2,
  children: null,
  content: '',
  markup: '',
  info: '',
  meta: null,
  block: true,
  hidden: true
}
Token {
  type: 'list_item_close',
  tag: 'li',
  attrs: null,
  map: null,
  nesting: -1,
  level: 1,
  children: null,
  content: '',
  markup: '-',
  info: '',
  meta: null,
  block: true,
  hidden: false
}
Token {
  type: 'bullet_list_close',
  tag: 'ul',
  attrs: null,
  map: null,
  nesting: -1,
  level: 0,
  children: null,
  content: '',
  markup: '-',
  info: '',
  meta: null,
  block: true,
  hidden: false
}
Token {
  type: 'fence',
  tag: 'code',
  attrs: null,
  map: [ 278, 286 ],
  nesting: 0,
  level: 0,
  children: null,
  content: 'cd opt/mysql-source-code/mysql/bin\n' +
    '\n' +
    '# init\n' +
    'sudo ./mysqld --defaults-file=/opt/mysql-source-code/mysql-config/my.cnf \\\n' +
    '  --initialize-insecure \\\n' +
    '  --user=root\n',
  markup: '```',
  info: 'sh',
  meta: null,
  block: true,
  hidden: false
}
Token {
  type: 'bullet_list_open',
  tag: 'ul',
  attrs: null,
  map: [ 287, 290 ],
  nesting: 1,
  level: 0,
  children: null,
  content: '',
  markup: '-',
  info: '',
  meta: null,
  block: true,
  hidden: false
}
Token {
  type: 'list_item_open',
  tag: 'li',
  attrs: null,
  map: [ 287, 288 ],
  nesting: 1,
  level: 1,
  children: null,
  content: '',
  markup: '-',
  info: '',
  meta: null,
  block: true,
  hidden: false
}
Token {
  type: 'paragraph_open',
  tag: 'p',
  attrs: null,
  map: [ 287, 288 ],
  nesting: 1,
  level: 2,
  children: null,
  content: '',
  markup: '',
  info: '',
  meta: null,
  block: true,
  hidden: true
}
Token {
  type: 'inline',
  tag: '',
  attrs: null,
  map: [ 287, 288 ],
  nesting: 0,
  level: 3,
  children: [
    Token {
      type: 'text',
      tag: '',
      attrs: null,
      map: null,
      nesting: 0,
      level: 0,
      children: null,
      content: '此处直接使用 ',
      markup: '',
      info: '',
      meta: null,
      block: false,
      hidden: false
    },
    Token {
      type: 'code_inline',
      tag: 'code',
      attrs: null,
      map: null,
      nesting: 0,
      level: 0,
      children: null,
      content: '--initialize-insecure',
      markup: '`',
      info: '',
      meta: null,
      block: false,
      hidden: false
    },
    Token {
      type: 'text',
      tag: '',
      attrs: null,
      map: null,
      nesting: 0,
      level: 0,
      children: null,
      content: '，非安全模式启动，后面把密码改掉即可。',
      markup: '',
      info: '',
      meta: null,
      block: false,
      hidden: false
    }
  ],
  content: '此处直接使用 `--initialize-insecure`，非安全模式启动，后面把密码改掉即可。',
  markup: '',
  info: '',
  meta: null,
  block: true,
  hidden: false
}
Token {
  type: 'paragraph_close',
  tag: 'p',
  attrs: null,
  map: null,
  nesting: -1,
  level: 2,
  children: null,
  content: '',
  markup: '',
  info: '',
  meta: null,
  block: true,
  hidden: true
}
Token {
  type: 'list_item_close',
  tag: 'li',
  attrs: null,
  map: null,
  nesting: -1,
  level: 1,
  children: null,
  content: '',
  markup: '-',
  info: '',
  meta: null,
  block: true,
  hidden: false
}
Token {
  type: 'list_item_open',
  tag: 'li',
  attrs: null,
  map: [ 288, 290 ],
  nesting: 1,
  level: 1,
  children: null,
  content: '',
  markup: '-',
  info: '',
  meta: null,
  block: true,
  hidden: false
}
Token {
  type: 'paragraph_open',
  tag: 'p',
  attrs: null,
  map: [ 288, 289 ],
  nesting: 1,
  level: 2,
  children: null,
  content: '',
  markup: '',
  info: '',
  meta: null,
  block: true,
  hidden: true
}
Token {
  type: 'inline',
  tag: '',
  attrs: null,
  map: [ 288, 289 ],
  nesting: 0,
  level: 3,
  children: [
    Token {
      type: 'text',
      tag: '',
      attrs: null,
      map: null,
      nesting: 0,
      level: 0,
      children: null,
      content: '初始化成功之后，即可在 ',
      markup: '',
      info: '',
      meta: null,
      block: false,
      hidden: false
    },
    Token {
      type: 'code_inline',
      tag: 'code',
      attrs: null,
      map: null,
      nesting: 0,
      level: 0,
      children: null,
      content: 'opt/mysql-source-code/mysql-data',
      markup: '`',
      info: '',
      meta: null,
      block: false,
      hidden: false
    },
    Token {
      type: 'text',
      tag: '',
      attrs: null,
      map: null,
      nesting: 0,
      level: 0,
      children: null,
      content: ' 下看到有写入的文件。',
      markup: '',
      info: '',
      meta: null,
      block: false,
      hidden: false
    }
  ],
  content: '初始化成功之后，即可在 `opt/mysql-source-code/mysql-data` 下看到有写入的文件。',
  markup: '',
  info: '',
  meta: null,
  block: true,
  hidden: false
}
Token {
  type: 'paragraph_close',
  tag: 'p',
  attrs: null,
  map: null,
  nesting: -1,
  level: 2,
  children: null,
  content: '',
  markup: '',
  info: '',
  meta: null,
  block: true,
  hidden: true
}
Token {
  type: 'list_item_close',
  tag: 'li',
  attrs: null,
  map: null,
  nesting: -1,
  level: 1,
  children: null,
  content: '',
  markup: '-',
  info: '',
  meta: null,
  block: true,
  hidden: false
}
Token {
  type: 'bullet_list_close',
  tag: 'ul',
  attrs: null,
  map: null,
  nesting: -1,
  level: 0,
  children: null,
  content: '',
  markup: '-',
  info: '',
  meta: null,
  block: true,
  hidden: false
}
Token {
  type: 'heading_open',
  tag: 'h3',
  attrs: null,
  map: [ 290, 291 ],
  nesting: 1,
  level: 0,
  children: null,
  content: '',
  markup: '###',
  info: '',
  meta: null,
  block: true,
  hidden: false
}
Token {
  type: 'inline',
  tag: '',
  attrs: null,
  map: [ 290, 291 ],
  nesting: 0,
  level: 1,
  children: [
    Token {
      type: 'text',
      tag: '',
      attrs: null,
      map: null,
      nesting: 0,
      level: 0,
      children: null,
      content: '3.3 启动和关闭',
      markup: '',
      info: '',
      meta: null,
      block: false,
      hidden: false
    }
  ],
  content: '3.3 启动和关闭',
  markup: '',
  info: '',
  meta: null,
  block: true,
  hidden: false
}
Token {
  type: 'heading_close',
  tag: 'h3',
  attrs: null,
  map: null,
  nesting: -1,
  level: 0,
  children: null,
  content: '',
  markup: '###',
  info: '',
  meta: null,
  block: true,
  hidden: false
}
Token {
  type: 'bullet_list_open',
  tag: 'ul',
  attrs: null,
  map: [ 292, 295 ],
  nesting: 1,
  level: 0,
  children: null,
  content: '',
  markup: '-',
  info: '',
  meta: null,
  block: true,
  hidden: false
}
Token {
  type: 'list_item_open',
  tag: 'li',
  attrs: null,
  map: [ 292, 293 ],
  nesting: 1,
  level: 1,
  children: null,
  content: '',
  markup: '-',
  info: '',
  meta: null,
  block: true,
  hidden: false
}
Token {
  type: 'paragraph_open',
  tag: 'p',
  attrs: null,
  map: [ 292, 293 ],
  nesting: 1,
  level: 2,
  children: null,
  content: '',
  markup: '',
  info: '',
  meta: null,
  block: true,
  hidden: true
}
Token {
  type: 'inline',
  tag: '',
  attrs: null,
  map: [ 292, 293 ],
  nesting: 0,
  level: 3,
  children: [
    Token {
      type: 'text',
      tag: '',
      attrs: null,
      map: null,
      nesting: 0,
      level: 0,
      children: null,
      content: '在 ',
      markup: '',
      info: '',
      meta: null,
      block: false,
      hidden: false
    },
    Token {
      type: 'code_inline',
      tag: 'code',
      attrs: null,
      map: null,
      nesting: 0,
      level: 0,
      children: null,
      content: '/opt/mysql-source-code/mysql/bin',
      markup: '`',
      info: '',
      meta: null,
      block: false,
      hidden: false
    },
    Token {
      type: 'text',
      tag: '',
      attrs: null,
      map: null,
      nesting: 0,
      level: 0,
      children: null,
      content: ' 目录下，可以同时看到 ',
      markup: '',
      info: '',
      meta: null,
      block: false,
      hidden: false
    },
    Token {
      type: 'code_inline',
      tag: 'code',
      attrs: null,
      map: null,
      nesting: 0,
      level: 0,
      children: null,
      content: 'mysqld',
      markup: '`',
      info: '',
      meta: null,
      block: false,
      hidden: false
    },
    Token {
      type: 'text',
      tag: '',
      attrs: null,
      map: null,
      nesting: 0,
      level: 0,
      children: null,
      content: ' 和 ',
      markup: '',
      info: '',
      meta: null,
      block: false,
      hidden: false
    },
    Token {
      type: 'code_inline',
      tag: 'code',
      attrs: null,
      map: null,
      nesting: 0,
      level: 0,
      children: null,
      content: 'mysqld_safe',
      markup: '`',
      info: '',
      meta: null,
      block: false,
      hidden: false
    },
    Token {
      type: 'text',
      tag: '',
      attrs: null,
      map: null,
      nesting: 0,
      level: 0,
      children: null,
      content: ' 两个文件。实际上，',
      markup: '',
      info: '',
      meta: null,
      block: false,
      hidden: false
    },
    Token {
      type: 'code_inline',
      tag: 'code',
      attrs: null,
      map: null,
      nesting: 0,
      level: 0,
      children: null,
      content: 'mysqld_safe',
      markup: '`',
      info: '',
      meta: null,
      block: false,
      hidden: false
    },
    Token {
      type: 'text',
      tag: '',
      attrs: null,
      map: null,
      nesting: 0,
      level: 0,
      children: null,
      content: ' 是 ',
      markup: '',
      info: '',
      meta: null,
      block: false,
      hidden: false
    },
    Token {
      type: 'code_inline',
      tag: 'code',
      attrs: null,
      map: null,
      nesting: 0,
      level: 0,
      children: null,
      content: 'shell',
      markup: '`',
      info: '',
      meta: null,
      block: false,
      hidden: false
    },
    Token {
      type: 'text',
      tag: '',
      attrs: null,
      map: null,
      nesting: 0,
      level: 0,
      children: null,
      content: ' 脚本，是用来启动 ',
      markup: '',
      info: '',
      meta: null,
      block: false,
      hidden: false
    },
    Token {
      type: 'code_inline',
      tag: 'code',
      attrs: null,
      map: null,
      nesting: 0,
      level: 0,
      children: null,
      content: 'mysqld',
      markup: '`',
      info: '',
      meta: null,
      block: false,
      hidden: false
    },
    Token {
      type: 'text',
      tag: '',
      attrs: null,
      map: null,
      nesting: 0,
      level: 0,
      children: null,
      content: ' 的，有重启等等功能，通过 ',
      markup: '',
      info: '',
      meta: null,
      block: false,
      hidden: false
    },
    Token {
      type: 'code_inline',
      tag: 'code',
      attrs: null,
      map: null,
      nesting: 0,
      level: 0,
      children: null,
      content: 'mysqld_safe',
      markup: '`',
      info: '',
      meta: null,
      block: false,
      hidden: false
    },
    Token {
      type: 'text',
      tag: '',
      attrs: null,
      map: null,
      nesting: 0,
      level: 0,
      children: null,
      content: ' 启动相对来说更好一些。',
      markup: '',
      info: '',
      meta: null,
      block: false,
      hidden: false
    }
  ],
  content: '在 `/opt/mysql-source-code/mysql/bin` 目录下，可以同时看到 `mysqld` 和 `mysqld_safe` 两个文件。实际上，`mysqld_safe` 是 `shell` 脚本，是用来启动 `mysqld` 的，有重启等等功能，通过 `mysqld_safe` 启动相对来说更好一些。',
  markup: '',
  info: '',
  meta: null,
  block: true,
  hidden: false
}
Token {
  type: 'paragraph_close',
  tag: 'p',
  attrs: null,
  map: null,
  nesting: -1,
  level: 2,
  children: null,
  content: '',
  markup: '',
  info: '',
  meta: null,
  block: true,
  hidden: true
}
Token {
  type: 'list_item_close',
  tag: 'li',
  attrs: null,
  map: null,
  nesting: -1,
  level: 1,
  children: null,
  content: '',
  markup: '-',
  info: '',
  meta: null,
  block: true,
  hidden: false
}
Token {
  type: 'list_item_open',
  tag: 'li',
  attrs: null,
  map: [ 293, 295 ],
  nesting: 1,
  level: 1,
  children: null,
  content: '',
  markup: '-',
  info: '',
  meta: null,
  block: true,
  hidden: false
}
Token {
  type: 'paragraph_open',
  tag: 'p',
  attrs: null,
  map: [ 293, 294 ],
  nesting: 1,
  level: 2,
  children: null,
  content: '',
  markup: '',
  info: '',
  meta: null,
  block: true,
  hidden: true
}
Token {
  type: 'inline',
  tag: '',
  attrs: null,
  map: [ 293, 294 ],
  nesting: 0,
  level: 3,
  children: [
    Token {
      type: 'text',
      tag: '',
      attrs: null,
      map: null,
      nesting: 0,
      level: 0,
      children: null,
      content: '通过 ',
      markup: '',
      info: '',
      meta: null,
      block: false,
      hidden: false
    },
    Token {
      type: 'code_inline',
      tag: 'code',
      attrs: null,
      map: null,
      nesting: 0,
      level: 0,
      children: null,
      content: 'mysqld_safe',
      markup: '`',
      info: '',
      meta: null,
      block: false,
      hidden: false
    },
    Token {
      type: 'text',
      tag: '',
      attrs: null,
      map: null,
      nesting: 0,
      level: 0,
      children: null,
      content: ' 启动，执行如下命令：',
      markup: '',
      info: '',
      meta: null,
      block: false,
      hidden: false
    }
  ],
  content: '通过 `mysqld_safe` 启动，执行如下命令：',
  markup: '',
  info: '',
  meta: null,
  block: true,
  hidden: false
}
Token {
  type: 'paragraph_close',
  tag: 'p',
  attrs: null,
  map: null,
  nesting: -1,
  level: 2,
  children: null,
  content: '',
  markup: '',
  info: '',
  meta: null,
  block: true,
  hidden: true
}
Token {
  type: 'list_item_close',
  tag: 'li',
  attrs: null,
  map: null,
  nesting: -1,
  level: 1,
  children: null,
  content: '',
  markup: '-',
  info: '',
  meta: null,
  block: true,
  hidden: false
}
Token {
  type: 'bullet_list_close',
  tag: 'ul',
  attrs: null,
  map: null,
  nesting: -1,
  level: 0,
  children: null,
  content: '',
  markup: '-',
  info: '',
  meta: null,
  block: true,
  hidden: false
}
Token {
  type: 'fence',
  tag: 'code',
  attrs: null,
  map: [ 295, 298 ],
  nesting: 0,
  level: 0,
  children: null,
  content: 'sudo ./mysqld_safe &\n',
  markup: '```',
  info: 'sh',
  meta: null,
  block: true,
  hidden: false
}
Token {
  type: 'bullet_list_open',
  tag: 'ul',
  attrs: null,
  map: [ 299, 301 ],
  nesting: 1,
  level: 0,
  children: null,
  content: '',
  markup: '-',
  info: '',
  meta: null,
  block: true,
  hidden: false
}
Token {
  type: 'list_item_open',
  tag: 'li',
  attrs: null,
  map: [ 299, 301 ],
  nesting: 1,
  level: 1,
  children: null,
  content: '',
  markup: '-',
  info: '',
  meta: null,
  block: true,
  hidden: false
}
Token {
  type: 'paragraph_open',
  tag: 'p',
  attrs: null,
  map: [ 299, 300 ],
  nesting: 1,
  level: 2,
  children: null,
  content: '',
  markup: '',
  info: '',
  meta: null,
  block: true,
  hidden: true
}
Token {
  type: 'inline',
  tag: '',
  attrs: null,
  map: [ 299, 300 ],
  nesting: 0,
  level: 3,
  children: [
    Token {
      type: 'text',
      tag: '',
      attrs: null,
      map: null,
      nesting: 0,
      level: 0,
      children: null,
      content: '可将实例放到后台运行，不会阻塞当前 ',
      markup: '',
      info: '',
      meta: null,
      block: false,
      hidden: false
    },
    Token {
      type: 'code_inline',
      tag: 'code',
      attrs: null,
      map: null,
      nesting: 0,
      level: 0,
      children: null,
      content: 'shell',
      markup: '`',
      info: '',
      meta: null,
      block: false,
      hidden: false
    },
    Token {
      type: 'text',
      tag: '',
      attrs: null,
      map: null,
      nesting: 0,
      level: 0,
      children: null,
      content: ' 会话。',
      markup: '',
      info: '',
      meta: null,
      block: false,
      hidden: false
    }
  ],
  content: '可将实例放到后台运行，不会阻塞当前 `shell` 会话。',
  markup: '',
  info: '',
  meta: null,
  block: true,
  hidden: false
}
Token {
  type: 'paragraph_close',
  tag: 'p',
  attrs: null,
  map: null,
  nesting: -1,
  level: 2,
  children: null,
  content: '',
  markup: '',
  info: '',
  meta: null,
  block: true,
  hidden: true
}
Token {
  type: 'list_item_close',
  tag: 'li',
  attrs: null,
  map: null,
  nesting: -1,
  level: 1,
  children: null,
  content: '',
  markup: '-',
  info: '',
  meta: null,
  block: true,
  hidden: false
}
Token {
  type: 'bullet_list_close',
  tag: 'ul',
  attrs: null,
  map: null,
  nesting: -1,
  level: 0,
  children: null,
  content: '',
  markup: '-',
  info: '',
  meta: null,
  block: true,
  hidden: false
}
Token {
  type: 'hr',
  tag: 'hr',
  attrs: null,
  map: [ 301, 302 ],
  nesting: 0,
  level: 0,
  children: null,
  content: '',
  markup: '---',
  info: '',
  meta: null,
  block: true,
  hidden: false
}
Token {
  type: 'bullet_list_open',
  tag: 'ul',
  attrs: null,
  map: [ 303, 305 ],
  nesting: 1,
  level: 0,
  children: null,
  content: '',
  markup: '-',
  info: '',
  meta: null,
  block: true,
  hidden: false
}
Token {
  type: 'list_item_open',
  tag: 'li',
  attrs: null,
  map: [ 303, 305 ],
  nesting: 1,
  level: 1,
  children: null,
  content: '',
  markup: '-',
  info: '',
  meta: null,
  block: true,
  hidden: false
}
Token {
  type: 'paragraph_open',
  tag: 'p',
  attrs: null,
  map: [ 303, 304 ],
  nesting: 1,
  level: 2,
  children: null,
  content: '',
  markup: '',
  info: '',
  meta: null,
  block: true,
  hidden: true
}
Token {
  type: 'inline',
  tag: '',
  attrs: null,
  map: [ 303, 304 ],
  nesting: 0,
  level: 3,
  children: [
    Token {
      type: 'text',
      tag: '',
      attrs: null,
      map: null,
      nesting: 0,
      level: 0,
      children: null,
      content: '如果需要管理实例，则可以通过 ',
      markup: '',
      info: '',
      meta: null,
      block: false,
      hidden: false
    },
    Token {
      type: 'code_inline',
      tag: 'code',
      attrs: null,
      map: null,
      nesting: 0,
      level: 0,
      children: null,
      content: 'opt/mysql-source-code/mysql/bin/mysqladmin',
      markup: '`',
      info: '',
      meta: null,
      block: false,
      hidden: false
    },
    Token {
      type: 'text',
      tag: '',
      attrs: null,
      map: null,
      nesting: 0,
      level: 0,
      children: null,
      content: ' 二进制文件来管理，比如需要关闭实例：',
      markup: '',
      info: '',
      meta: null,
      block: false,
      hidden: false
    }
  ],
  content: '如果需要管理实例，则可以通过 `opt/mysql-source-code/mysql/bin/mysqladmin` 二进制文件来管理，比如需要关闭实例：',
  markup: '',
  info: '',
  meta: null,
  block: true,
  hidden: false
}
Token {
  type: 'paragraph_close',
  tag: 'p',
  attrs: null,
  map: null,
  nesting: -1,
  level: 2,
  children: null,
  content: '',
  markup: '',
  info: '',
  meta: null,
  block: true,
  hidden: true
}
Token {
  type: 'list_item_close',
  tag: 'li',
  attrs: null,
  map: null,
  nesting: -1,
  level: 1,
  children: null,
  content: '',
  markup: '-',
  info: '',
  meta: null,
  block: true,
  hidden: false
}
Token {
  type: 'bullet_list_close',
  tag: 'ul',
  attrs: null,
  map: null,
  nesting: -1,
  level: 0,
  children: null,
  content: '',
  markup: '-',
  info: '',
  meta: null,
  block: true,
  hidden: false
}
Token {
  type: 'fence',
  tag: 'code',
  attrs: null,
  map: [ 305, 310 ],
  nesting: 0,
  level: 0,
  children: null,
  content: 'cd opt/mysql-source-code/mysql/bin\n\n./mysqladmin -u root shutdown\n',
  markup: '```',
  info: 'sh',
  meta: null,
  block: true,
  hidden: false
}
Token {
  type: 'heading_open',
  tag: 'h3',
  attrs: null,
  map: [ 311, 312 ],
  nesting: 1,
  level: 0,
  children: null,
  content: '',
  markup: '###',
  info: '',
  meta: null,
  block: true,
  hidden: false
}
Token {
  type: 'inline',
  tag: '',
  attrs: null,
  map: [ 311, 312 ],
  nesting: 0,
  level: 1,
  children: [
    Token {
      type: 'text',
      tag: '',
      attrs: null,
      map: null,
      nesting: 0,
      level: 0,
      children: null,
      content: '3.4 客户端连接',
      markup: '',
      info: '',
      meta: null,
      block: false,
      hidden: false
    }
  ],
  content: '3.4 客户端连接',
  markup: '',
  info: '',
  meta: null,
  block: true,
  hidden: false
}
Token {
  type: 'heading_close',
  tag: 'h3',
  attrs: null,
  map: null,
  nesting: -1,
  level: 0,
  children: null,
  content: '',
  markup: '###',
  info: '',
  meta: null,
  block: true,
  hidden: false
}
Token {
  type: 'bullet_list_open',
  tag: 'ul',
  attrs: null,
  map: [ 313, 317 ],
  nesting: 1,
  level: 0,
  children: null,
  content: '',
  markup: '-',
  info: '',
  meta: null,
  block: true,
  hidden: false
}
Token {
  type: 'list_item_open',
  tag: 'li',
  attrs: null,
  map: [ 313, 314 ],
  nesting: 1,
  level: 1,
  children: null,
  content: '',
  markup: '-',
  info: '',
  meta: null,
  block: true,
  hidden: false
}
Token {
  type: 'paragraph_open',
  tag: 'p',
  attrs: null,
  map: [ 313, 314 ],
  nesting: 1,
  level: 2,
  children: null,
  content: '',
  markup: '',
  info: '',
  meta: null,
  block: true,
  hidden: true
}
Token {
  type: 'inline',
  tag: '',
  attrs: null,
  map: [ 313, 314 ],
  nesting: 0,
  level: 3,
  children: [
    Token {
      type: 'text',
      tag: '',
      attrs: null,
      map: null,
      nesting: 0,
      level: 0,
      children: null,
      content: '推荐安装客户端工具：[GitHub - dbcli/mycli: A Terminal Client for MySQL with AutoCompletion and Syntax Highlighting.](https://github.com/dbcli/mycli)',
      markup: '',
      info: '',
      meta: null,
      block: false,
      hidden: false
    }
  ],
  content: '推荐安装客户端工具：[GitHub - dbcli/mycli: A Terminal Client for MySQL with AutoCompletion and Syntax Highlighting.](https://github.com/dbcli/mycli)',
  markup: '',
  info: '',
  meta: null,
  block: true,
  hidden: false
}
Token {
  type: 'paragraph_close',
  tag: 'p',
  attrs: null,
  map: null,
  nesting: -1,
  level: 2,
  children: null,
  content: '',
  markup: '',
  info: '',
  meta: null,
  block: true,
  hidden: true
}
Token {
  type: 'list_item_close',
  tag: 'li',
  attrs: null,
  map: null,
  nesting: -1,
  level: 1,
  children: null,
  content: '',
  markup: '-',
  info: '',
  meta: null,
  block: true,
  hidden: false
}
Token {
  type: 'list_item_open',
  tag: 'li',
  attrs: null,
  map: [ 314, 315 ],
  nesting: 1,
  level: 1,
  children: null,
  content: '',
  markup: '-',
  info: '',
  meta: null,
  block: true,
  hidden: false
}
Token {
  type: 'paragraph_open',
  tag: 'p',
  attrs: null,
  map: [ 314, 315 ],
  nesting: 1,
  level: 2,
  children: null,
  content: '',
  markup: '',
  info: '',
  meta: null,
  block: true,
  hidden: true
}
Token {
  type: 'inline',
  tag: '',
  attrs: null,
  map: [ 314, 315 ],
  nesting: 0,
  level: 3,
  children: [
    Token {
      type: 'code_inline',
      tag: 'code',
      attrs: null,
      map: null,
      nesting: 0,
      level: 0,
      children: null,
      content: 'mycli',
      markup: '`',
      info: '',
      meta: null,
      block: false,
      hidden: false
    },
    Token {
      type: 'text',
      tag: '',
      attrs: null,
      map: null,
      nesting: 0,
      level: 0,
      children: null,
      content: ' 工具带有补全和高亮，还支持格式化输出，相对来说手感较好。',
      markup: '',
      info: '',
      meta: null,
      block: false,
      hidden: false
    }
  ],
  content: '`mycli` 工具带有补全和高亮，还支持格式化输出，相对来说手感较好。',
  markup: '',
  info: '',
  meta: null,
  block: true,
  hidden: false
}
Token {
  type: 'paragraph_close',
  tag: 'p',
  attrs: null,
  map: null,
  nesting: -1,
  level: 2,
  children: null,
  content: '',
  markup: '',
  info: '',
  meta: null,
  block: true,
  hidden: true
}
Token {
  type: 'list_item_close',
  tag: 'li',
  attrs: null,
  map: null,
  nesting: -1,
  level: 1,
  children: null,
  content: '',
  markup: '-',
  info: '',
  meta: null,
  block: true,
  hidden: false
}
Token {
  type: 'list_item_open',
  tag: 'li',
  attrs: null,
  map: [ 315, 317 ],
  nesting: 1,
  level: 1,
  children: null,
  content: '',
  markup: '-',
  info: '',
  meta: null,
  block: true,
  hidden: false
}
Token {
  type: 'paragraph_open',
  tag: 'p',
  attrs: null,
  map: [ 315, 316 ],
  nesting: 1,
  level: 2,
  children: null,
  content: '',
  markup: '',
  info: '',
  meta: null,
  block: true,
  hidden: true
}
Token {
  type: 'inline',
  tag: '',
  attrs: null,
  map: [ 315, 316 ],
  nesting: 0,
  level: 3,
  children: [
    Token {
      type: 'text',
      tag: '',
      attrs: null,
      map: null,
      nesting: 0,
      level: 0,
      children: null,
      content: '启动 ',
      markup: '',
      info: '',
      meta: null,
      block: false,
      hidden: false
    },
    Token {
      type: 'code_inline',
      tag: 'code',
      attrs: null,
      map: null,
      nesting: 0,
      level: 0,
      children: null,
      content: 'mysqld',
      markup: '`',
      info: '',
      meta: null,
      block: false,
      hidden: false
    },
    Token {
      type: 'text',
      tag: '',
      attrs: null,
      map: null,
      nesting: 0,
      level: 0,
      children: null,
      content: ' 服务端后，执行如下命令即可连接',
      markup: '',
      info: '',
      meta: null,
      block: false,
      hidden: false
    }
  ],
  content: '启动 `mysqld` 服务端后，执行如下命令即可连接',
  markup: '',
  info: '',
  meta: null,
  block: true,
  hidden: false
}
Token {
  type: 'paragraph_close',
  tag: 'p',
  attrs: null,
  map: null,
  nesting: -1,
  level: 2,
  children: null,
  content: '',
  markup: '',
  info: '',
  meta: null,
  block: true,
  hidden: true
}
Token {
  type: 'list_item_close',
  tag: 'li',
  attrs: null,
  map: null,
  nesting: -1,
  level: 1,
  children: null,
  content: '',
  markup: '-',
  info: '',
  meta: null,
  block: true,
  hidden: false
}
Token {
  type: 'bullet_list_close',
  tag: 'ul',
  attrs: null,
  map: null,
  nesting: -1,
  level: 0,
  children: null,
  content: '',
  markup: '-',
  info: '',
  meta: null,
  block: true,
  hidden: false
}
Token {
  type: 'fence',
  tag: 'code',
  attrs: null,
  map: [ 317, 320 ],
  nesting: 0,
  level: 0,
  children: null,
  content: 'mycli -u root\n',
  markup: '```',
  info: 'sh',
  meta: null,
  block: true,
  hidden: false
}
Token {
  type: 'heading_open',
  tag: 'h3',
  attrs: null,
  map: [ 321, 322 ],
  nesting: 1,
  level: 0,
  children: null,
  content: '',
  markup: '###',
  info: '',
  meta: null,
  block: true,
  hidden: false
}
Token {
  type: 'inline',
  tag: '',
  attrs: null,
  map: [ 321, 322 ],
  nesting: 0,
  level: 1,
  children: [
    Token {
      type: 'text',
      tag: '',
      attrs: null,
      map: null,
      nesting: 0,
      level: 0,
      children: null,
      content: '3.4 修改密码',
      markup: '',
      info: '',
      meta: null,
      block: false,
      hidden: false
    }
  ],
  content: '3.4 修改密码',
  markup: '',
  info: '',
  meta: null,
  block: true,
  hidden: false
}
Token {
  type: 'heading_close',
  tag: 'h3',
  attrs: null,
  map: null,
  nesting: -1,
  level: 0,
  children: null,
  content: '',
  markup: '###',
  info: '',
  meta: null,
  block: true,
  hidden: false
}
Token {
  type: 'bullet_list_open',
  tag: 'ul',
  attrs: null,
  map: [ 323, 327 ],
  nesting: 1,
  level: 0,
  children: null,
  content: '',
  markup: '-',
  info: '',
  meta: null,
  block: true,
  hidden: false
}
Token {
  type: 'list_item_open',
  tag: 'li',
  attrs: null,
  map: [ 323, 324 ],
  nesting: 1,
  level: 1,
  children: null,
  content: '',
  markup: '-',
  info: '',
  meta: null,
  block: true,
  hidden: false
}
Token {
  type: 'paragraph_open',
  tag: 'p',
  attrs: null,
  map: [ 323, 324 ],
  nesting: 1,
  level: 2,
  children: null,
  content: '',
  markup: '',
  info: '',
  meta: null,
  block: true,
  hidden: true
}
Token {
  type: 'inline',
  tag: '',
  attrs: null,
  map: [ 323, 324 ],
  nesting: 0,
  level: 3,
  children: [
    Token {
      type: 'text',
      tag: '',
      attrs: null,
      map: null,
      nesting: 0,
      level: 0,
      children: null,
      content: '虽然此数据库只是调试使用，服务器也有简单的安全配置，但是，出于谨慎考虑，还是添加一个密码较好。',
      markup: '',
      info: '',
      meta: null,
      block: false,
      hidden: false
    }
  ],
  content: '虽然此数据库只是调试使用，服务器也有简单的安全配置，但是，出于谨慎考虑，还是添加一个密码较好。',
  markup: '',
  info: '',
  meta: null,
  block: true,
  hidden: false
}
Token {
  type: 'paragraph_close',
  tag: 'p',
  attrs: null,
  map: null,
  nesting: -1,
  level: 2,
  children: null,
  content: '',
  markup: '',
  info: '',
  meta: null,
  block: true,
  hidden: true
}
Token {
  type: 'list_item_close',
  tag: 'li',
  attrs: null,
  map: null,
  nesting: -1,
  level: 1,
  children: null,
  content: '',
  markup: '-',
  info: '',
  meta: null,
  block: true,
  hidden: false
}
Token {
  type: 'list_item_open',
  tag: 'li',
  attrs: null,
  map: [ 324, 325 ],
  nesting: 1,
  level: 1,
  children: null,
  content: '',
  markup: '-',
  info: '',
  meta: null,
  block: true,
  hidden: false
}
Token {
  type: 'paragraph_open',
  tag: 'p',
  attrs: null,
  map: [ 324, 325 ],
  nesting: 1,
  level: 2,
  children: null,
  content: '',
  markup: '',
  info: '',
  meta: null,
  block: true,
  hidden: true
}
Token {
  type: 'inline',
  tag: '',
  attrs: null,
  map: [ 324, 325 ],
  nesting: 0,
  level: 3,
  children: [
    Token {
      type: 'text',
      tag: '',
      attrs: null,
      map: null,
      nesting: 0,
      level: 0,
      children: null,
      content: '使用客户端连接之后，执行如下命令：',
      markup: '',
      info: '',
      meta: null,
      block: false,
      hidden: false
    }
  ],
  content: '使用客户端连接之后，执行如下命令：',
  markup: '',
  info: '',
  meta: null,
  block: true,
  hidden: false
}
Token {
  type: 'paragraph_close',
  tag: 'p',
  attrs: null,
  map: null,
  nesting: -1,
  level: 2,
  children: null,
  content: '',
  markup: '',
  info: '',
  meta: null,
  block: true,
  hidden: true
}
Token {
  type: 'list_item_close',
  tag: 'li',
  attrs: null,
  map: null,
  nesting: -1,
  level: 1,
  children: null,
  content: '',
  markup: '-',
  info: '',
  meta: null,
  block: true,
  hidden: false
}
Token {
  type: 'list_item_open',
  tag: 'li',
  attrs: null,
  map: [ 325, 327 ],
  nesting: 1,
  level: 1,
  children: null,
  content: '',
  markup: '-',
  info: '',
  meta: null,
  block: true,
  hidden: false
}
Token {
  type: 'paragraph_open',
  tag: 'p',
  attrs: null,
  map: [ 325, 326 ],
  nesting: 1,
  level: 2,
  children: null,
  content: '',
  markup: '',
  info: '',
  meta: null,
  block: true,
  hidden: true
}
Token {
  type: 'inline',
  tag: '',
  attrs: null,
  map: [ 325, 326 ],
  nesting: 0,
  level: 3,
  children: [
    Token {
      type: 'text',
      tag: '',
      attrs: null,
      map: null,
      nesting: 0,
      level: 0,
      children: null,
      content: '将 ',
      markup: '',
      info: '',
      meta: null,
      block: false,
      hidden: false
    },
    Token {
      type: 'code_inline',
      tag: 'code',
      attrs: null,
      map: null,
      nesting: 0,
      level: 0,
      children: null,
      content: '123456',
      markup: '`',
      info: '',
      meta: null,
      block: false,
      hidden: false
    },
    Token {
      type: 'text',
      tag: '',
      attrs: null,
      map: null,
      nesting: 0,
      level: 0,
      children: null,
      content: ' 改成实际的密码',
      markup: '',
      info: '',
      meta: null,
      block: false,
      hidden: false
    }
  ],
  content: '将 `123456` 改成实际的密码',
  markup: '',
  info: '',
  meta: null,
  block: true,
  hidden: false
}
Token {
  type: 'paragraph_close',
  tag: 'p',
  attrs: null,
  map: null,
  nesting: -1,
  level: 2,
  children: null,
  content: '',
  markup: '',
  info: '',
  meta: null,
  block: true,
  hidden: true
}
Token {
  type: 'list_item_close',
  tag: 'li',
  attrs: null,
  map: null,
  nesting: -1,
  level: 1,
  children: null,
  content: '',
  markup: '-',
  info: '',
  meta: null,
  block: true,
  hidden: false
}
Token {
  type: 'bullet_list_close',
  tag: 'ul',
  attrs: null,
  map: null,
  nesting: -1,
  level: 0,
  children: null,
  content: '',
  markup: '-',
  info: '',
  meta: null,
  block: true,
  hidden: false
}
Token {
  type: 'fence',
  tag: 'code',
  attrs: null,
  map: [ 327, 331 ],
  nesting: 0,
  level: 0,
  children: null,
  content: "mysql> ALTER USER 'root'@'localhost' IDENTIFIED BY '123456';\n" +
    'mysql> flush privileges;\n',
  markup: '```',
  info: 'sh',
  meta: null,
  block: true,
  hidden: false
}
Token {
  type: 'heading_open',
  tag: 'h3',
  attrs: null,
  map: [ 332, 333 ],
  nesting: 1,
  level: 0,
  children: null,
  content: '',
  markup: '###',
  info: '',
  meta: null,
  block: true,
  hidden: false
}
Token {
  type: 'inline',
  tag: '',
  attrs: null,
  map: [ 332, 333 ],
  nesting: 0,
  level: 1,
  children: [
    Token {
      type: 'text',
      tag: '',
      attrs: null,
      map: null,
      nesting: 0,
      level: 0,
      children: null,
      content: '3.5 说明',
      markup: '',
      info: '',
      meta: null,
      block: false,
      hidden: false
    }
  ],
  content: '3.5 说明',
  markup: '',
  info: '',
  meta: null,
  block: true,
  hidden: false
}
Token {
  type: 'heading_close',
  tag: 'h3',
  attrs: null,
  map: null,
  nesting: -1,
  level: 0,
  children: null,
  content: '',
  markup: '###',
  info: '',
  meta: null,
  block: true,
  hidden: false
}
Token {
  type: 'bullet_list_open',
  tag: 'ul',
  attrs: null,
  map: [ 334, 335 ],
  nesting: 1,
  level: 0,
  children: null,
  content: '',
  markup: '-',
  info: '',
  meta: null,
  block: true,
  hidden: false
}
Token {
  type: 'list_item_open',
  tag: 'li',
  attrs: null,
  map: [ 334, 335 ],
  nesting: 1,
  level: 1,
  children: null,
  content: '',
  markup: '-',
  info: '',
  meta: null,
  block: true,
  hidden: false
}
Token {
  type: 'paragraph_open',
  tag: 'p',
  attrs: null,
  map: [ 334, 335 ],
  nesting: 1,
  level: 2,
  children: null,
  content: '',
  markup: '',
  info: '',
  meta: null,
  block: true,
  hidden: true
}
Token {
  type: 'inline',
  tag: '',
  attrs: null,
  map: [ 334, 335 ],
  nesting: 0,
  level: 3,
  children: [
    Token {
      type: 'text',
      tag: '',
      attrs: null,
      map: null,
      nesting: 0,
      level: 0,
      children: null,
      content: '本文档并非生产环境下的部署，主要目的是为了探索 ',
      markup: '',
      info: '',
      meta: null,
      block: false,
      hidden: false
    },
    Token {
      type: 'code_inline',
      tag: 'code',
      attrs: null,
      map: null,
      nesting: 0,
      level: 0,
      children: null,
      content: 'mysql',
      markup: '`',
      info: '',
      meta: null,
      block: false,
      hidden: false
    },
    Token {
      type: 'text',
      tag: '',
      attrs: null,
      map: null,
      nesting: 0,
      level: 0,
      children: null,
      content: ' 源码，因此，未进行 ',
      markup: '',
      info: '',
      meta: null,
      block: false,
      hidden: false
    },
    Token {
      type: 'code_inline',
      tag: 'code',
      attrs: null,
      map: null,
      nesting: 0,
      level: 0,
      children: null,
      content: 'systemctl',
      markup: '`',
      info: '',
      meta: null,
      block: false,
      hidden: false
    },
    Token {
      type: 'text',
      tag: '',
      attrs: null,
      map: null,
      nesting: 0,
      level: 0,
      children: null,
      content: ' 等实际生产环境下的部署操作。',
      markup: '',
      info: '',
      meta: null,
      block: false,
      hidden: false
    }
  ],
  content: '本文档并非生产环境下的部署，主要目的是为了探索 `mysql` 源码，因此，未进行 `systemctl` 等实际生产环境下的部署操作。',
  markup: '',
  info: '',
  meta: null,
  block: true,
  hidden: false
}
Token {
  type: 'paragraph_close',
  tag: 'p',
  attrs: null,
  map: null,
  nesting: -1,
  level: 2,
  children: null,
  content: '',
  markup: '',
  info: '',
  meta: null,
  block: true,
  hidden: true
}
Token {
  type: 'list_item_close',
  tag: 'li',
  attrs: null,
  map: null,
  nesting: -1,
  level: 1,
  children: null,
  content: '',
  markup: '-',
  info: '',
  meta: null,
  block: true,
  hidden: false
}
Token {
  type: 'bullet_list_close',
  tag: 'ul',
  attrs: null,
  map: null,
  nesting: -1,
  level: 0,
  children: null,
  content: '',
  markup: '-',
  info: '',
  meta: null,
  block: true,
  hidden: false
}
Token {
  type: 'hr',
  tag: 'hr',
  attrs: null,
  map: [ 0, 1 ],
  nesting: 0,
  level: 0,
  children: null,
  content: '',
  markup: '---',
  info: '',
  meta: null,
  block: true,
  hidden: false
}
Token {
  type: 'paragraph_open',
  tag: 'p',
  attrs: null,
  map: [ 1, 4 ],
  nesting: 1,
  level: 0,
  children: null,
  content: '',
  markup: '',
  info: '',
  meta: null,
  block: true,
  hidden: false
}
Token {
  type: 'inline',
  tag: '',
  attrs: null,
  map: [ 1, 4 ],
  nesting: 0,
  level: 1,
  children: [
    Token {
      type: 'text',
      tag: '',
      attrs: null,
      map: null,
      nesting: 0,
      level: 0,
      children: null,
      content: 'date: 2021-06-30',
      markup: '',
      info: '',
      meta: null,
      block: false,
      hidden: false
    },
    Token {
      type: 'softbreak',
      tag: 'br',
      attrs: null,
      map: null,
      nesting: 0,
      level: 0,
      children: null,
      content: '',
      markup: '',
      info: '',
      meta: null,
      block: false,
      hidden: false
    },
    Token {
      type: 'text',
      tag: '',
      attrs: null,
      map: null,
      nesting: 0,
      level: 0,
      children: null,
      content: 'title: some demo',
      markup: '',
      info: '',
      meta: null,
      block: false,
      hidden: false
    },
    Token {
      type: 'softbreak',
      tag: 'br',
      attrs: null,
      map: null,
      nesting: 0,
      level: 0,
      children: null,
      content: '',
      markup: '',
      info: '',
      meta: null,
      block: false,
      hidden: false
    },
    Token {
      type: 'text',
      tag: '',
      attrs: null,
      map: null,
      nesting: 0,
      level: 0,
      children: null,
      content: 'tags:',
      markup: '',
      info: '',
      meta: null,
      block: false,
      hidden: false
    }
  ],
  content: 'date: 2021-06-30\ntitle: some demo\ntags:',
  markup: '',
  info: '',
  meta: null,
  block: true,
  hidden: false
}
Token {
  type: 'paragraph_close',
  tag: 'p',
  attrs: null,
  map: null,
  nesting: -1,
  level: 0,
  children: null,
  content: '',
  markup: '',
  info: '',
  meta: null,
  block: true,
  hidden: false
}
Token {
  type: 'bullet_list_open',
  tag: 'ul',
  attrs: null,
  map: [ 4, 7 ],
  nesting: 1,
  level: 0,
  children: null,
  content: '',
  markup: '-',
  info: '',
  meta: null,
  block: true,
  hidden: false
}
Token {
  type: 'list_item_open',
  tag: 'li',
  attrs: null,
  map: [ 4, 5 ],
  nesting: 1,
  level: 1,
  children: null,
  content: '',
  markup: '-',
  info: '',
  meta: null,
  block: true,
  hidden: false
}
Token {
  type: 'paragraph_open',
  tag: 'p',
  attrs: null,
  map: [ 4, 5 ],
  nesting: 1,
  level: 2,
  children: null,
  content: '',
  markup: '',
  info: '',
  meta: null,
  block: true,
  hidden: true
}
Token {
  type: 'inline',
  tag: '',
  attrs: null,
  map: [ 4, 5 ],
  nesting: 0,
  level: 3,
  children: [
    Token {
      type: 'text',
      tag: '',
      attrs: null,
      map: null,
      nesting: 0,
      level: 0,
      children: null,
      content: 'vitepress',
      markup: '',
      info: '',
      meta: null,
      block: false,
      hidden: false
    }
  ],
  content: 'vitepress',
  markup: '',
  info: '',
  meta: null,
  block: true,
  hidden: false
}
Token {
  type: 'paragraph_close',
  tag: 'p',
  attrs: null,
  map: null,
  nesting: -1,
  level: 2,
  children: null,
  content: '',
  markup: '',
  info: '',
  meta: null,
  block: true,
  hidden: true
}
Token {
  type: 'list_item_close',
  tag: 'li',
  attrs: null,
  map: null,
  nesting: -1,
  level: 1,
  children: null,
  content: '',
  markup: '-',
  info: '',
  meta: null,
  block: true,
  hidden: false
}
Token {
  type: 'list_item_open',
  tag: 'li',
  attrs: null,
  map: [ 5, 7 ],
  nesting: 1,
  level: 1,
  children: null,
  content: '',
  markup: '-',
  info: '',
  meta: null,
  block: true,
  hidden: false
}
Token {
  type: 'paragraph_open',
  tag: 'p',
  attrs: null,
  map: [ 5, 7 ],
  nesting: 1,
  level: 2,
  children: null,
  content: '',
  markup: '',
  info: '',
  meta: null,
  block: true,
  hidden: true
}
Token {
  type: 'inline',
  tag: '',
  attrs: null,
  map: [ 5, 7 ],
  nesting: 0,
  level: 3,
  children: [
    Token {
      type: 'text',
      tag: '',
      attrs: null,
      map: null,
      nesting: 0,
      level: 0,
      children: null,
      content: 'markdown',
      markup: '',
      info: '',
      meta: null,
      block: false,
      hidden: false
    },
    Token {
      type: 'softbreak',
      tag: 'br',
      attrs: null,
      map: null,
      nesting: 0,
      level: 0,
      children: null,
      content: '',
      markup: '',
      info: '',
      meta: null,
      block: false,
      hidden: false
    },
    Token {
      type: 'text',
      tag: '',
      attrs: null,
      map: null,
      nesting: 0,
      level: 0,
      children: null,
      content: 'description: this is the demo for vitepress',
      markup: '',
      info: '',
      meta: null,
      block: false,
      hidden: false
    }
  ],
  content: 'markdown\ndescription: this is the demo for vitepress',
  markup: '',
  info: '',
  meta: null,
  block: true,
  hidden: false
}
Token {
  type: 'paragraph_close',
  tag: 'p',
  attrs: null,
  map: null,
  nesting: -1,
  level: 2,
  children: null,
  content: '',
  markup: '',
  info: '',
  meta: null,
  block: true,
  hidden: true
}
Token {
  type: 'list_item_close',
  tag: 'li',
  attrs: null,
  map: null,
  nesting: -1,
  level: 1,
  children: null,
  content: '',
  markup: '-',
  info: '',
  meta: null,
  block: true,
  hidden: false
}
Token {
  type: 'bullet_list_close',
  tag: 'ul',
  attrs: null,
  map: null,
  nesting: -1,
  level: 0,
  children: null,
  content: '',
  markup: '-',
  info: '',
  meta: null,
  block: true,
  hidden: false
}
Token {
  type: 'hr',
  tag: 'hr',
  attrs: null,
  map: [ 7, 8 ],
  nesting: 0,
  level: 0,
  children: null,
  content: '',
  markup: '---',
  info: '',
  meta: null,
  block: true,
  hidden: false
}
Token {
  type: 'heading_open',
  tag: 'h1',
  attrs: null,
  map: [ 9, 10 ],
  nesting: 1,
  level: 0,
  children: null,
  content: '',
  markup: '#',
  info: '',
  meta: null,
  block: true,
  hidden: false
}
Token {
  type: 'inline',
  tag: '',
  attrs: null,
  map: [ 9, 10 ],
  nesting: 0,
  level: 1,
  children: [
    Token {
      type: 'text',
      tag: '',
      attrs: null,
      map: null,
      nesting: 0,
      level: 0,
      children: null,
      content: 'h1',
      markup: '',
      info: '',
      meta: null,
      block: false,
      hidden: false
    }
  ],
  content: 'h1',
  markup: '',
  info: '',
  meta: null,
  block: true,
  hidden: false
}
Token {
  type: 'heading_close',
  tag: 'h1',
  attrs: null,
  map: null,
  nesting: -1,
  level: 0,
  children: null,
  content: '',
  markup: '#',
  info: '',
  meta: null,
  block: true,
  hidden: false
}
Token {
  type: 'heading_open',
  tag: 'h3',
  attrs: null,
  map: [ 11, 12 ],
  nesting: 1,
  level: 0,
  children: null,
  content: '',
  markup: '###',
  info: '',
  meta: null,
  block: true,
  hidden: false
}
Token {
  type: 'inline',
  tag: '',
  attrs: null,
  map: [ 11, 12 ],
  nesting: 0,
  level: 1,
  children: [
    Token {
      type: 'text',
      tag: '',
      attrs: null,
      map: null,
      nesting: 0,
      level: 0,
      children: null,
      content: '3.5 说明',
      markup: '',
      info: '',
      meta: null,
      block: false,
      hidden: false
    }
  ],
  content: '3.5 说明',
  markup: '',
  info: '',
  meta: null,
  block: true,
  hidden: false
}
Token {
  type: 'heading_close',
  tag: 'h3',
  attrs: null,
  map: null,
  nesting: -1,
  level: 0,
  children: null,
  content: '',
  markup: '###',
  info: '',
  meta: null,
  block: true,
  hidden: false
}
Token {
  type: 'bullet_list_open',
  tag: 'ul',
  attrs: null,
  map: [ 13, 14 ],
  nesting: 1,
  level: 0,
  children: null,
  content: '',
  markup: '-',
  info: '',
  meta: null,
  block: true,
  hidden: false
}
Token {
  type: 'list_item_open',
  tag: 'li',
  attrs: null,
  map: [ 13, 14 ],
  nesting: 1,
  level: 1,
  children: null,
  content: '',
  markup: '-',
  info: '',
  meta: null,
  block: true,
  hidden: false
}
Token {
  type: 'paragraph_open',
  tag: 'p',
  attrs: null,
  map: [ 13, 14 ],
  nesting: 1,
  level: 2,
  children: null,
  content: '',
  markup: '',
  info: '',
  meta: null,
  block: true,
  hidden: true
}
Token {
  type: 'inline',
  tag: '',
  attrs: null,
  map: [ 13, 14 ],
  nesting: 0,
  level: 3,
  children: [
    Token {
      type: 'text',
      tag: '',
      attrs: null,
      map: null,
      nesting: 0,
      level: 0,
      children: null,
      content: '本文档并非生产环境下的部署，主要目的是为了探索 ',
      markup: '',
      info: '',
      meta: null,
      block: false,
      hidden: false
    },
    Token {
      type: 'code_inline',
      tag: 'code',
      attrs: null,
      map: null,
      nesting: 0,
      level: 0,
      children: null,
      content: 'mysql',
      markup: '`',
      info: '',
      meta: null,
      block: false,
      hidden: false
    },
    Token {
      type: 'text',
      tag: '',
      attrs: null,
      map: null,
      nesting: 0,
      level: 0,
      children: null,
      content: ' 源码，因此，未进行 ',
      markup: '',
      info: '',
      meta: null,
      block: false,
      hidden: false
    },
    Token {
      type: 'code_inline',
      tag: 'code',
      attrs: null,
      map: null,
      nesting: 0,
      level: 0,
      children: null,
      content: 'systemctl',
      markup: '`',
      info: '',
      meta: null,
      block: false,
      hidden: false
    },
    Token {
      type: 'text',
      tag: '',
      attrs: null,
      map: null,
      nesting: 0,
      level: 0,
      children: null,
      content: ' 等实际生产环境下的部署操作。',
      markup: '',
      info: '',
      meta: null,
      block: false,
      hidden: false
    }
  ],
  content: '本文档并非生产环境下的部署，主要目的是为了探索 `mysql` 源码，因此，未进行 `systemctl` 等实际生产环境下的部署操作。',
  markup: '',
  info: '',
  meta: null,
  block: true,
  hidden: false
}
Token {
  type: 'paragraph_close',
  tag: 'p',
  attrs: null,
  map: null,
  nesting: -1,
  level: 2,
  children: null,
  content: '',
  markup: '',
  info: '',
  meta: null,
  block: true,
  hidden: true
}
Token {
  type: 'list_item_close',
  tag: 'li',
  attrs: null,
  map: null,
  nesting: -1,
  level: 1,
  children: null,
  content: '',
  markup: '-',
  info: '',
  meta: null,
  block: true,
  hidden: false
}
Token {
  type: 'bullet_list_close',
  tag: 'ul',
  attrs: null,
  map: null,
  nesting: -1,
  level: 0,
  children: null,
  content: '',
  markup: '-',
  info: '',
  meta: null,
  block: true,
  hidden: false
}
Token {
  type: 'hr',
  tag: 'hr',
  attrs: null,
  map: [ 0, 1 ],
  nesting: 0,
  level: 0,
  children: null,
  content: '',
  markup: '---',
  info: '',
  meta: null,
  block: true,
  hidden: false
}
Token {
  type: 'paragraph_open',
  tag: 'p',
  attrs: null,
  map: [ 1, 4 ],
  nesting: 1,
  level: 0,
  children: null,
  content: '',
  markup: '',
  info: '',
  meta: null,
  block: true,
  hidden: false
}
Token {
  type: 'inline',
  tag: '',
  attrs: null,
  map: [ 1, 4 ],
  nesting: 0,
  level: 1,
  children: [
    Token {
      type: 'text',
      tag: '',
      attrs: null,
      map: null,
      nesting: 0,
      level: 0,
      children: null,
      content: 'date: 2021-06-30',
      markup: '',
      info: '',
      meta: null,
      block: false,
      hidden: false
    },
    Token {
      type: 'softbreak',
      tag: 'br',
      attrs: null,
      map: null,
      nesting: 0,
      level: 0,
      children: null,
      content: '',
      markup: '',
      info: '',
      meta: null,
      block: false,
      hidden: false
    },
    Token {
      type: 'text',
      tag: '',
      attrs: null,
      map: null,
      nesting: 0,
      level: 0,
      children: null,
      content: 'title: new-demo',
      markup: '',
      info: '',
      meta: null,
      block: false,
      hidden: false
    },
    Token {
      type: 'softbreak',
      tag: 'br',
      attrs: null,
      map: null,
      nesting: 0,
      level: 0,
      children: null,
      content: '',
      markup: '',
      info: '',
      meta: null,
      block: false,
      hidden: false
    },
    Token {
      type: 'text',
      tag: '',
      attrs: null,
      map: null,
      nesting: 0,
      level: 0,
      children: null,
      content: 'tags:',
      markup: '',
      info: '',
      meta: null,
      block: false,
      hidden: false
    }
  ],
  content: 'date: 2021-06-30\ntitle: new-demo\ntags:',
  markup: '',
  info: '',
  meta: null,
  block: true,
  hidden: false
}
Token {
  type: 'paragraph_close',
  tag: 'p',
  attrs: null,
  map: null,
  nesting: -1,
  level: 0,
  children: null,
  content: '',
  markup: '',
  info: '',
  meta: null,
  block: true,
  hidden: false
}
Token {
  type: 'bullet_list_open',
  tag: 'ul',
  attrs: null,
  map: [ 4, 9 ],
  nesting: 1,
  level: 0,
  children: null,
  content: '',
  markup: '-',
  info: '',
  meta: null,
  block: true,
  hidden: false
}
Token {
  type: 'list_item_open',
  tag: 'li',
  attrs: null,
  map: [ 4, 5 ],
  nesting: 1,
  level: 1,
  children: null,
  content: '',
  markup: '-',
  info: '',
  meta: null,
  block: true,
  hidden: false
}
Token {
  type: 'paragraph_open',
  tag: 'p',
  attrs: null,
  map: [ 4, 5 ],
  nesting: 1,
  level: 2,
  children: null,
  content: '',
  markup: '',
  info: '',
  meta: null,
  block: true,
  hidden: true
}
Token {
  type: 'inline',
  tag: '',
  attrs: null,
  map: [ 4, 5 ],
  nesting: 0,
  level: 3,
  children: [
    Token {
      type: 'text',
      tag: '',
      attrs: null,
      map: null,
      nesting: 0,
      level: 0,
      children: null,
      content: 'vitepress',
      markup: '',
      info: '',
      meta: null,
      block: false,
      hidden: false
    }
  ],
  content: 'vitepress',
  markup: '',
  info: '',
  meta: null,
  block: true,
  hidden: false
}
Token {
  type: 'paragraph_close',
  tag: 'p',
  attrs: null,
  map: null,
  nesting: -1,
  level: 2,
  children: null,
  content: '',
  markup: '',
  info: '',
  meta: null,
  block: true,
  hidden: true
}
Token {
  type: 'list_item_close',
  tag: 'li',
  attrs: null,
  map: null,
  nesting: -1,
  level: 1,
  children: null,
  content: '',
  markup: '-',
  info: '',
  meta: null,
  block: true,
  hidden: false
}
Token {
  type: 'list_item_open',
  tag: 'li',
  attrs: null,
  map: [ 5, 6 ],
  nesting: 1,
  level: 1,
  children: null,
  content: '',
  markup: '-',
  info: '',
  meta: null,
  block: true,
  hidden: false
}
Token {
  type: 'paragraph_open',
  tag: 'p',
  attrs: null,
  map: [ 5, 6 ],
  nesting: 1,
  level: 2,
  children: null,
  content: '',
  markup: '',
  info: '',
  meta: null,
  block: true,
  hidden: true
}
Token {
  type: 'inline',
  tag: '',
  attrs: null,
  map: [ 5, 6 ],
  nesting: 0,
  level: 3,
  children: [
    Token {
      type: 'text',
      tag: '',
      attrs: null,
      map: null,
      nesting: 0,
      level: 0,
      children: null,
      content: '22222',
      markup: '',
      info: '',
      meta: null,
      block: false,
      hidden: false
    }
  ],
  content: '22222',
  markup: '',
  info: '',
  meta: null,
  block: true,
  hidden: false
}
Token {
  type: 'paragraph_close',
  tag: 'p',
  attrs: null,
  map: null,
  nesting: -1,
  level: 2,
  children: null,
  content: '',
  markup: '',
  info: '',
  meta: null,
  block: true,
  hidden: true
}
Token {
  type: 'list_item_close',
  tag: 'li',
  attrs: null,
  map: null,
  nesting: -1,
  level: 1,
  children: null,
  content: '',
  markup: '-',
  info: '',
  meta: null,
  block: true,
  hidden: false
}
Token {
  type: 'list_item_open',
  tag: 'li',
  attrs: null,
  map: [ 6, 7 ],
  nesting: 1,
  level: 1,
  children: null,
  content: '',
  markup: '-',
  info: '',
  meta: null,
  block: true,
  hidden: false
}
Token {
  type: 'paragraph_open',
  tag: 'p',
  attrs: null,
  map: [ 6, 7 ],
  nesting: 1,
  level: 2,
  children: null,
  content: '',
  markup: '',
  info: '',
  meta: null,
  block: true,
  hidden: true
}
Token {
  type: 'inline',
  tag: '',
  attrs: null,
  map: [ 6, 7 ],
  nesting: 0,
  level: 3,
  children: [
    Token {
      type: 'text',
      tag: '',
      attrs: null,
      map: null,
      nesting: 0,
      level: 0,
      children: null,
      content: 'demo',
      markup: '',
      info: '',
      meta: null,
      block: false,
      hidden: false
    }
  ],
  content: 'demo',
  markup: '',
  info: '',
  meta: null,
  block: true,
  hidden: false
}
Token {
  type: 'paragraph_close',
  tag: 'p',
  attrs: null,
  map: null,
  nesting: -1,
  level: 2,
  children: null,
  content: '',
  markup: '',
  info: '',
  meta: null,
  block: true,
  hidden: true
}
Token {
  type: 'list_item_close',
  tag: 'li',
  attrs: null,
  map: null,
  nesting: -1,
  level: 1,
  children: null,
  content: '',
  markup: '-',
  info: '',
  meta: null,
  block: true,
  hidden: false
}
Token {
  type: 'list_item_open',
  tag: 'li',
  attrs: null,
  map: [ 7, 9 ],
  nesting: 1,
  level: 1,
  children: null,
  content: '',
  markup: '-',
  info: '',
  meta: null,
  block: true,
  hidden: false
}
Token {
  type: 'paragraph_open',
  tag: 'p',
  attrs: null,
  map: [ 7, 9 ],
  nesting: 1,
  level: 2,
  children: null,
  content: '',
  markup: '',
  info: '',
  meta: null,
  block: true,
  hidden: true
}
Token {
  type: 'inline',
  tag: '',
  attrs: null,
  map: [ 7, 9 ],
  nesting: 0,
  level: 3,
  children: [
    Token {
      type: 'text',
      tag: '',
      attrs: null,
      map: null,
      nesting: 0,
      level: 0,
      children: null,
      content: 'aaa',
      markup: '',
      info: '',
      meta: null,
      block: false,
      hidden: false
    },
    Token {
      type: 'softbreak',
      tag: 'br',
      attrs: null,
      map: null,
      nesting: 0,
      level: 0,
      children: null,
      content: '',
      markup: '',
      info: '',
      meta: null,
      block: false,
      hidden: false
    },
    Token {
      type: 'text',
      tag: '',
      attrs: null,
      map: null,
      nesting: 0,
      level: 0,
      children: null,
      content: 'description: this is the demo aaaa',
      markup: '',
      info: '',
      meta: null,
      block: false,
      hidden: false
    }
  ],
  content: 'aaa\ndescription: this is the demo aaaa',
  markup: '',
  info: '',
  meta: null,
  block: true,
  hidden: false
}
Token {
  type: 'paragraph_close',
  tag: 'p',
  attrs: null,
  map: null,
  nesting: -1,
  level: 2,
  children: null,
  content: '',
  markup: '',
  info: '',
  meta: null,
  block: true,
  hidden: true
}
Token {
  type: 'list_item_close',
  tag: 'li',
  attrs: null,
  map: null,
  nesting: -1,
  level: 1,
  children: null,
  content: '',
  markup: '-',
  info: '',
  meta: null,
  block: true,
  hidden: false
}
Token {
  type: 'bullet_list_close',
  tag: 'ul',
  attrs: null,
  map: null,
  nesting: -1,
  level: 0,
  children: null,
  content: '',
  markup: '-',
  info: '',
  meta: null,
  block: true,
  hidden: false
}
Token {
  type: 'hr',
  tag: 'hr',
  attrs: null,
  map: [ 9, 10 ],
  nesting: 0,
  level: 0,
  children: null,
  content: '',
  markup: '---',
  info: '',
  meta: null,
  block: true,
  hidden: false
}
Token {
  type: 'heading_open',
  tag: 'h1',
  attrs: null,
  map: [ 11, 12 ],
  nesting: 1,
  level: 0,
  children: null,
  content: '',
  markup: '#',
  info: '',
  meta: null,
  block: true,
  hidden: false
}
Token {
  type: 'inline',
  tag: '',
  attrs: null,
  map: [ 11, 12 ],
  nesting: 0,
  level: 1,
  children: [
    Token {
      type: 'text',
      tag: '',
      attrs: null,
      map: null,
      nesting: 0,
      level: 0,
      children: null,
      content: 'new-demo',
      markup: '',
      info: '',
      meta: null,
      block: false,
      hidden: false
    }
  ],
  content: 'new-demo',
  markup: '',
  info: '',
  meta: null,
  block: true,
  hidden: false
}
Token {
  type: 'heading_close',
  tag: 'h1',
  attrs: null,
  map: null,
  nesting: -1,
  level: 0,
  children: null,
  content: '',
  markup: '#',
  info: '',
  meta: null,
  block: true,
  hidden: false
}
Token {
  type: 'hr',
  tag: 'hr',
  attrs: null,
  map: [ 0, 1 ],
  nesting: 0,
  level: 0,
  children: null,
  content: '',
  markup: '---',
  info: '',
  meta: null,
  block: true,
  hidden: false
}
Token {
  type: 'paragraph_open',
  tag: 'p',
  attrs: null,
  map: [ 1, 4 ],
  nesting: 1,
  level: 0,
  children: null,
  content: '',
  markup: '',
  info: '',
  meta: null,
  block: true,
  hidden: false
}
Token {
  type: 'inline',
  tag: '',
  attrs: null,
  map: [ 1, 4 ],
  nesting: 0,
  level: 1,
  children: [
    Token {
      type: 'text',
      tag: '',
      attrs: null,
      map: null,
      nesting: 0,
      level: 0,
      children: null,
      content: 'date: 2021-06-30',
      markup: '',
      info: '',
      meta: null,
      block: false,
      hidden: false
    },
    Token {
      type: 'softbreak',
      tag: 'br',
      attrs: null,
      map: null,
      nesting: 0,
      level: 0,
      children: null,
      content: '',
      markup: '',
      info: '',
      meta: null,
      block: false,
      hidden: false
    },
    Token {
      type: 'text',
      tag: '',
      attrs: null,
      map: null,
      nesting: 0,
      level: 0,
      children: null,
      content: 'title: aa',
      markup: '',
      info: '',
      meta: null,
      block: false,
      hidden: false
    },
    Token {
      type: 'softbreak',
      tag: 'br',
      attrs: null,
      map: null,
      nesting: 0,
      level: 0,
      children: null,
      content: '',
      markup: '',
      info: '',
      meta: null,
      block: false,
      hidden: false
    },
    Token {
      type: 'text',
      tag: '',
      attrs: null,
      map: null,
      nesting: 0,
      level: 0,
      children: null,
      content: 'tags:',
      markup: '',
      info: '',
      meta: null,
      block: false,
      hidden: false
    }
  ],
  content: 'date: 2021-06-30\ntitle: aa\ntags:',
  markup: '',
  info: '',
  meta: null,
  block: true,
  hidden: false
}
Token {
  type: 'paragraph_close',
  tag: 'p',
  attrs: null,
  map: null,
  nesting: -1,
  level: 0,
  children: null,
  content: '',
  markup: '',
  info: '',
  meta: null,
  block: true,
  hidden: false
}
Token {
  type: 'bullet_list_open',
  tag: 'ul',
  attrs: null,
  map: [ 4, 9 ],
  nesting: 1,
  level: 0,
  children: null,
  content: '',
  markup: '-',
  info: '',
  meta: null,
  block: true,
  hidden: false
}
Token {
  type: 'list_item_open',
  tag: 'li',
  attrs: null,
  map: [ 4, 5 ],
  nesting: 1,
  level: 1,
  children: null,
  content: '',
  markup: '-',
  info: '',
  meta: null,
  block: true,
  hidden: false
}
Token {
  type: 'paragraph_open',
  tag: 'p',
  attrs: null,
  map: [ 4, 5 ],
  nesting: 1,
  level: 2,
  children: null,
  content: '',
  markup: '',
  info: '',
  meta: null,
  block: true,
  hidden: true
}
Token {
  type: 'inline',
  tag: '',
  attrs: null,
  map: [ 4, 5 ],
  nesting: 0,
  level: 3,
  children: [
    Token {
      type: 'text',
      tag: '',
      attrs: null,
      map: null,
      nesting: 0,
      level: 0,
      children: null,
      content: 'vitepress',
      markup: '',
      info: '',
      meta: null,
      block: false,
      hidden: false
    }
  ],
  content: 'vitepress',
  markup: '',
  info: '',
  meta: null,
  block: true,
  hidden: false
}
Token {
  type: 'paragraph_close',
  tag: 'p',
  attrs: null,
  map: null,
  nesting: -1,
  level: 2,
  children: null,
  content: '',
  markup: '',
  info: '',
  meta: null,
  block: true,
  hidden: true
}
Token {
  type: 'list_item_close',
  tag: 'li',
  attrs: null,
  map: null,
  nesting: -1,
  level: 1,
  children: null,
  content: '',
  markup: '-',
  info: '',
  meta: null,
  block: true,
  hidden: false
}
Token {
  type: 'list_item_open',
  tag: 'li',
  attrs: null,
  map: [ 5, 6 ],
  nesting: 1,
  level: 1,
  children: null,
  content: '',
  markup: '-',
  info: '',
  meta: null,
  block: true,
  hidden: false
}
Token {
  type: 'paragraph_open',
  tag: 'p',
  attrs: null,
  map: [ 5, 6 ],
  nesting: 1,
  level: 2,
  children: null,
  content: '',
  markup: '',
  info: '',
  meta: null,
  block: true,
  hidden: true
}
Token {
  type: 'inline',
  tag: '',
  attrs: null,
  map: [ 5, 6 ],
  nesting: 0,
  level: 3,
  children: [
    Token {
      type: 'text',
      tag: '',
      attrs: null,
      map: null,
      nesting: 0,
      level: 0,
      children: null,
      content: 'markdown',
      markup: '',
      info: '',
      meta: null,
      block: false,
      hidden: false
    }
  ],
  content: 'markdown',
  markup: '',
  info: '',
  meta: null,
  block: true,
  hidden: false
}
Token {
  type: 'paragraph_close',
  tag: 'p',
  attrs: null,
  map: null,
  nesting: -1,
  level: 2,
  children: null,
  content: '',
  markup: '',
  info: '',
  meta: null,
  block: true,
  hidden: true
}
Token {
  type: 'list_item_close',
  tag: 'li',
  attrs: null,
  map: null,
  nesting: -1,
  level: 1,
  children: null,
  content: '',
  markup: '-',
  info: '',
  meta: null,
  block: true,
  hidden: false
}
Token {
  type: 'list_item_open',
  tag: 'li',
  attrs: null,
  map: [ 6, 7 ],
  nesting: 1,
  level: 1,
  children: null,
  content: '',
  markup: '-',
  info: '',
  meta: null,
  block: true,
  hidden: false
}
Token {
  type: 'paragraph_open',
  tag: 'p',
  attrs: null,
  map: [ 6, 7 ],
  nesting: 1,
  level: 2,
  children: null,
  content: '',
  markup: '',
  info: '',
  meta: null,
  block: true,
  hidden: true
}
Token {
  type: 'inline',
  tag: '',
  attrs: null,
  map: [ 6, 7 ],
  nesting: 0,
  level: 3,
  children: [
    Token {
      type: 'text',
      tag: '',
      attrs: null,
      map: null,
      nesting: 0,
      level: 0,
      children: null,
      content: 'UpperCase',
      markup: '',
      info: '',
      meta: null,
      block: false,
      hidden: false
    }
  ],
  content: 'UpperCase',
  markup: '',
  info: '',
  meta: null,
  block: true,
  hidden: false
}
Token {
  type: 'paragraph_close',
  tag: 'p',
  attrs: null,
  map: null,
  nesting: -1,
  level: 2,
  children: null,
  content: '',
  markup: '',
  info: '',
  meta: null,
  block: true,
  hidden: true
}
Token {
  type: 'list_item_close',
  tag: 'li',
  attrs: null,
  map: null,
  nesting: -1,
  level: 1,
  children: null,
  content: '',
  markup: '-',
  info: '',
  meta: null,
  block: true,
  hidden: false
}
Token {
  type: 'list_item_open',
  tag: 'li',
  attrs: null,
  map: [ 7, 9 ],
  nesting: 1,
  level: 1,
  children: null,
  content: '',
  markup: '-',
  info: '',
  meta: null,
  block: true,
  hidden: false
}
Token {
  type: 'paragraph_open',
  tag: 'p',
  attrs: null,
  map: [ 7, 9 ],
  nesting: 1,
  level: 2,
  children: null,
  content: '',
  markup: '',
  info: '',
  meta: null,
  block: true,
  hidden: true
}
Token {
  type: 'inline',
  tag: '',
  attrs: null,
  map: [ 7, 9 ],
  nesting: 0,
  level: 3,
  children: [
    Token {
      type: 'text',
      tag: '',
      attrs: null,
      map: null,
      nesting: 0,
      level: 0,
      children: null,
      content: '中文',
      markup: '',
      info: '',
      meta: null,
      block: false,
      hidden: false
    },
    Token {
      type: 'softbreak',
      tag: 'br',
      attrs: null,
      map: null,
      nesting: 0,
      level: 0,
      children: null,
      content: '',
      markup: '',
      info: '',
      meta: null,
      block: false,
      hidden: false
    },
    Token {
      type: 'text',
      tag: '',
      attrs: null,
      map: null,
      nesting: 0,
      level: 0,
      children: null,
      content: 'description: this is the demo for vitepress',
      markup: '',
      info: '',
      meta: null,
      block: false,
      hidden: false
    }
  ],
  content: '中文\ndescription: this is the demo for vitepress',
  markup: '',
  info: '',
  meta: null,
  block: true,
  hidden: false
}
Token {
  type: 'paragraph_close',
  tag: 'p',
  attrs: null,
  map: null,
  nesting: -1,
  level: 2,
  children: null,
  content: '',
  markup: '',
  info: '',
  meta: null,
  block: true,
  hidden: true
}
Token {
  type: 'list_item_close',
  tag: 'li',
  attrs: null,
  map: null,
  nesting: -1,
  level: 1,
  children: null,
  content: '',
  markup: '-',
  info: '',
  meta: null,
  block: true,
  hidden: false
}
Token {
  type: 'bullet_list_close',
  tag: 'ul',
  attrs: null,
  map: null,
  nesting: -1,
  level: 0,
  children: null,
  content: '',
  markup: '-',
  info: '',
  meta: null,
  block: true,
  hidden: false
}
Token {
  type: 'hr',
  tag: 'hr',
  attrs: null,
  map: [ 9, 10 ],
  nesting: 0,
  level: 0,
  children: null,
  content: '',
  markup: '---',
  info: '',
  meta: null,
  block: true,
  hidden: false
}
Token {
  type: 'heading_open',
  tag: 'h1',
  attrs: null,
  map: [ 11, 12 ],
  nesting: 1,
  level: 0,
  children: null,
  content: '',
  markup: '#',
  info: '',
  meta: null,
  block: true,
  hidden: false
}
Token {
  type: 'inline',
  tag: '',
  attrs: null,
  map: [ 11, 12 ],
  nesting: 0,
  level: 1,
  children: [
    Token {
      type: 'text',
      tag: '',
      attrs: null,
      map: null,
      nesting: 0,
      level: 0,
      children: null,
      content: 'aa',
      markup: '',
      info: '',
      meta: null,
      block: false,
      hidden: false
    }
  ],
  content: 'aa',
  markup: '',
  info: '',
  meta: null,
  block: true,
  hidden: false
}
Token {
  type: 'heading_close',
  tag: 'h1',
  attrs: null,
  map: null,
  nesting: -1,
  level: 0,
  children: null,
  content: '',
  markup: '#',
  info: '',
  meta: null,
  block: true,
  hidden: false
}
Token {
  type: 'heading_open',
  tag: 'h2',
  attrs: null,
  map: [ 13, 14 ],
  nesting: 1,
  level: 0,
  children: null,
  content: '',
  markup: '##',
  info: '',
  meta: null,
  block: true,
  hidden: false
}
Token {
  type: 'inline',
  tag: '',
  attrs: null,
  map: [ 13, 14 ],
  nesting: 0,
  level: 1,
  children: [
    Token {
      type: 'text',
      tag: '',
      attrs: null,
      map: null,
      nesting: 0,
      level: 0,
      children: null,
      content: 'bb',
      markup: '',
      info: '',
      meta: null,
      block: false,
      hidden: false
    }
  ],
  content: 'bb',
  markup: '',
  info: '',
  meta: null,
  block: true,
  hidden: false
}
Token {
  type: 'heading_close',
  tag: 'h2',
  attrs: null,
  map: null,
  nesting: -1,
  level: 0,
  children: null,
  content: '',
  markup: '##',
  info: '',
  meta: null,
  block: true,
  hidden: false
}
Token {
  type: 'heading_open',
  tag: 'h3',
  attrs: null,
  map: [ 15, 16 ],
  nesting: 1,
  level: 0,
  children: null,
  content: '',
  markup: '###',
  info: '',
  meta: null,
  block: true,
  hidden: false
}
Token {
  type: 'inline',
  tag: '',
  attrs: null,
  map: [ 15, 16 ],
  nesting: 0,
  level: 1,
  children: [
    Token {
      type: 'text',
      tag: '',
      attrs: null,
      map: null,
      nesting: 0,
      level: 0,
      children: null,
      content: 'cc',
      markup: '',
      info: '',
      meta: null,
      block: false,
      hidden: false
    }
  ],
  content: 'cc',
  markup: '',
  info: '',
  meta: null,
  block: true,
  hidden: false
}
Token {
  type: 'heading_close',
  tag: 'h3',
  attrs: null,
  map: null,
  nesting: -1,
  level: 0,
  children: null,
  content: '',
  markup: '###',
  info: '',
  meta: null,
  block: true,
  hidden: false
}
Token {
  type: 'paragraph_open',
  tag: 'p',
  attrs: null,
  map: [ 17, 18 ],
  nesting: 1,
  level: 0,
  children: null,
  content: '',
  markup: '',
  info: '',
  meta: null,
  block: true,
  hidden: false
}
Token {
  type: 'inline',
  tag: '',
  attrs: null,
  map: [ 17, 18 ],
  nesting: 0,
  level: 1,
  children: [
    Token {
      type: 'text',
      tag: '',
      attrs: null,
      map: null,
      nesting: 0,
      level: 0,
      children: null,
      content: '1111111111111111111111111111 333333333333333 333333333333333333333333333 222222222222222222222222',
      markup: '',
      info: '',
      meta: null,
      block: false,
      hidden: false
    }
  ],
  content: '1111111111111111111111111111 333333333333333 333333333333333333333333333 222222222222222222222222',
  markup: '',
  info: '',
  meta: null,
  block: true,
  hidden: false
}
Token {
  type: 'paragraph_close',
  tag: 'p',
  attrs: null,
  map: null,
  nesting: -1,
  level: 0,
  children: null,
  content: '',
  markup: '',
  info: '',
  meta: null,
  block: true,
  hidden: false
}
Token {
  type: 'paragraph_open',
  tag: 'p',
  attrs: null,
  map: [ 19, 20 ],
  nesting: 1,
  level: 0,
  children: null,
  content: '',
  markup: '',
  info: '',
  meta: null,
  block: true,
  hidden: false
}
Token {
  type: 'inline',
  tag: '',
  attrs: null,
  map: [ 19, 20 ],
  nesting: 0,
  level: 1,
  children: [
    Token {
      type: 'em_open',
      tag: 'em',
      attrs: null,
      map: null,
      nesting: 1,
      level: 0,
      children: null,
      content: '',
      markup: '_',
      info: '',
      meta: null,
      block: false,
      hidden: false
    },
    Token {
      type: 'text',
      tag: '',
      attrs: null,
      map: null,
      nesting: 0,
      level: 1,
      children: null,
      content: 'test',
      markup: '',
      info: '',
      meta: null,
      block: false,
      hidden: false
    },
    Token {
      type: 'em_close',
      tag: 'em',
      attrs: null,
      map: null,
      nesting: -1,
      level: 0,
      children: null,
      content: '',
      markup: '_',
      info: '',
      meta: null,
      block: false,
      hidden: false
    }
  ],
  content: '_test_',
  markup: '',
  info: '',
  meta: null,
  block: true,
  hidden: false
}
Token {
  type: 'paragraph_close',
  tag: 'p',
  attrs: null,
  map: null,
  nesting: -1,
  level: 0,
  children: null,
  content: '',
  markup: '',
  info: '',
  meta: null,
  block: true,
  hidden: false
}
Token {
  type: 'paragraph_open',
  tag: 'p',
  attrs: null,
  map: [ 21, 22 ],
  nesting: 1,
  level: 0,
  children: null,
  content: '',
  markup: '',
  info: '',
  meta: null,
  block: true,
  hidden: false
}
Token {
  type: 'inline',
  tag: '',
  attrs: null,
  map: [ 21, 22 ],
  nesting: 0,
  level: 1,
  children: [
    Token {
      type: 'text',
      tag: '',
      attrs: null,
      map: null,
      nesting: 0,
      level: 0,
      children: null,
      content: '',
      markup: '',
      info: '',
      meta: null,
      block: false,
      hidden: false
    },
    Token {
      type: 'strong_open',
      tag: 'strong',
      attrs: null,
      map: null,
      nesting: 1,
      level: 0,
      children: null,
      content: '',
      markup: '**',
      info: '',
      meta: null,
      block: false,
      hidden: false
    },
    Token {
      type: 'text',
      tag: '',
      attrs: null,
      map: null,
      nesting: 0,
      level: 1,
      children: null,
      content: 'strong',
      markup: '',
      info: '',
      meta: null,
      block: false,
      hidden: false
    },
    Token {
      type: 'strong_close',
      tag: 'strong',
      attrs: null,
      map: null,
      nesting: -1,
      level: 0,
      children: null,
      content: '',
      markup: '**',
      info: '',
      meta: null,
      block: false,
      hidden: false
    },
    Token {
      type: 'text',
      tag: '',
      attrs: null,
      map: null,
      nesting: 0,
      level: 0,
      children: null,
      content: '',
      markup: '',
      info: '',
      meta: null,
      block: false,
      hidden: false
    }
  ],
  content: '**strong**',
  markup: '',
  info: '',
  meta: null,
  block: true,
  hidden: false
}
Token {
  type: 'paragraph_close',
  tag: 'p',
  attrs: null,
  map: null,
  nesting: -1,
  level: 0,
  children: null,
  content: '',
  markup: '',
  info: '',
  meta: null,
  block: true,
  hidden: false
}
Token {
  type: 'paragraph_open',
  tag: 'p',
  attrs: null,
  map: [ 23, 24 ],
  nesting: 1,
  level: 0,
  children: null,
  content: '',
  markup: '',
  info: '',
  meta: null,
  block: true,
  hidden: false
}
Token {
  type: 'inline',
  tag: '',
  attrs: null,
  map: [ 23, 24 ],
  nesting: 0,
  level: 1,
  children: [
    Token {
      type: 'text',
      tag: '',
      attrs: null,
      map: null,
      nesting: 0,
      level: 0,
      children: null,
      content: '',
      markup: '',
      info: '',
      meta: null,
      block: false,
      hidden: false
    },
    Token {
      type: 'strong_open',
      tag: 'strong',
      attrs: null,
      map: null,
      nesting: 1,
      level: 0,
      children: null,
      content: '',
      markup: '**',
      info: '',
      meta: null,
      block: false,
      hidden: false
    },
    Token {
      type: 'em_open',
      tag: 'em',
      attrs: null,
      map: null,
      nesting: 1,
      level: 1,
      children: null,
      content: '',
      markup: '_',
      info: '',
      meta: null,
      block: false,
      hidden: false
    },
    Token {
      type: 'text',
      tag: '',
      attrs: null,
      map: null,
      nesting: 0,
      level: 2,
      children: null,
      content: 'strong and italic',
      markup: '',
      info: '',
      meta: null,
      block: false,
      hidden: false
    },
    Token {
      type: 'em_close',
      tag: 'em',
      attrs: null,
      map: null,
      nesting: -1,
      level: 1,
      children: null,
      content: '',
      markup: '_',
      info: '',
      meta: null,
      block: false,
      hidden: false
    },
    Token {
      type: 'strong_close',
      tag: 'strong',
      attrs: null,
      map: null,
      nesting: -1,
      level: 0,
      children: null,
      content: '',
      markup: '**',
      info: '',
      meta: null,
      block: false,
      hidden: false
    },
    Token {
      type: 'text',
      tag: '',
      attrs: null,
      map: null,
      nesting: 0,
      level: 0,
      children: null,
      content: '',
      markup: '',
      info: '',
      meta: null,
      block: false,
      hidden: false
    }
  ],
  content: '**_strong and italic_**',
  markup: '',
  info: '',
  meta: null,
  block: true,
  hidden: false
}
Token {
  type: 'paragraph_close',
  tag: 'p',
  attrs: null,
  map: null,
  nesting: -1,
  level: 0,
  children: null,
  content: '',
  markup: '',
  info: '',
  meta: null,
  block: true,
  hidden: false
}
Token {
  type: 'paragraph_open',
  tag: 'p',
  attrs: null,
  map: [ 25, 26 ],
  nesting: 1,
  level: 0,
  children: null,
  content: '',
  markup: '',
  info: '',
  meta: null,
  block: true,
  hidden: false
}
Token {
  type: 'inline',
  tag: '',
  attrs: null,
  map: [ 25, 26 ],
  nesting: 0,
  level: 1,
  children: [
    Token {
      type: 'code_inline',
      tag: 'code',
      attrs: null,
      map: null,
      nesting: 0,
      level: 0,
      children: null,
      content: 'demo',
      markup: '`',
      info: '',
      meta: null,
      block: false,
      hidden: false
    }
  ],
  content: '`demo`',
  markup: '',
  info: '',
  meta: null,
  block: true,
  hidden: false
}
Token {
  type: 'paragraph_close',
  tag: 'p',
  attrs: null,
  map: null,
  nesting: -1,
  level: 0,
  children: null,
  content: '',
  markup: '',
  info: '',
  meta: null,
  block: true,
  hidden: false
}
Token {
  type: 'fence',
  tag: 'code',
  attrs: null,
  map: [ 27, 30 ],
  nesting: 0,
  level: 0,
  children: null,
  content: "console.log('hello world')\n",
  markup: '```',
  info: 'js',
  meta: null,
  block: true,
  hidden: false
}
Token {
  type: 'paragraph_open',
  tag: 'p',
  attrs: null,
  map: [ 31, 32 ],
  nesting: 1,
  level: 0,
  children: null,
  content: '',
  markup: '',
  info: '',
  meta: null,
  block: true,
  hidden: false
}
Token {
  type: 'inline',
  tag: '',
  attrs: null,
  map: [ 31, 32 ],
  nesting: 0,
  level: 1,
  children: [
    Token {
      type: 'text',
      tag: '',
      attrs: null,
      map: null,
      nesting: 0,
      level: 0,
      children: null,
      content: '![](https://img-20221128.oss-cn-shanghai.aliyuncs.com/img-2023-05/202411291706301.png)',
      markup: '',
      info: '',
      meta: null,
      block: false,
      hidden: false
    }
  ],
  content: '![](https://img-20221128.oss-cn-shanghai.aliyuncs.com/img-2023-05/202411291706301.png)',
  markup: '',
  info: '',
  meta: null,
  block: true,
  hidden: false
}
Token {
  type: 'paragraph_close',
  tag: 'p',
  attrs: null,
  map: null,
  nesting: -1,
  level: 0,
  children: null,
  content: '',
  markup: '',
  info: '',
  meta: null,
  block: true,
  hidden: false
}
Token {
  type: 'paragraph_open',
  tag: 'p',
  attrs: null,
  map: [ 33, 34 ],
  nesting: 1,
  level: 0,
  children: null,
  content: '',
  markup: '',
  info: '',
  meta: null,
  block: true,
  hidden: false
}
Token {
  type: 'inline',
  tag: '',
  attrs: null,
  map: [ 33, 34 ],
  nesting: 0,
  level: 1,
  children: [
    Token {
      type: 'text',
      tag: '',
      attrs: null,
      map: null,
      nesting: 0,
      level: 0,
      children: null,
      content: '-222222222',
      markup: '',
      info: '',
      meta: null,
      block: false,
      hidden: false
    }
  ],
  content: '-222222222',
  markup: '',
  info: '',
  meta: null,
  block: true,
  hidden: false
}
Token {
  type: 'paragraph_close',
  tag: 'p',
  attrs: null,
  map: null,
  nesting: -1,
  level: 0,
  children: null,
  content: '',
  markup: '',
  info: '',
  meta: null,
  block: true,
  hidden: false
}
Token {
  type: 'bullet_list_open',
  tag: 'ul',
  attrs: null,
  map: [ 35, 38 ],
  nesting: 1,
  level: 0,
  children: null,
  content: '',
  markup: '-',
  info: '',
  meta: null,
  block: true,
  hidden: false
}
Token {
  type: 'list_item_open',
  tag: 'li',
  attrs: null,
  map: [ 35, 36 ],
  nesting: 1,
  level: 1,
  children: null,
  content: '',
  markup: '-',
  info: '',
  meta: null,
  block: true,
  hidden: false
}
Token {
  type: 'paragraph_open',
  tag: 'p',
  attrs: null,
  map: [ 35, 36 ],
  nesting: 1,
  level: 2,
  children: null,
  content: '',
  markup: '',
  info: '',
  meta: null,
  block: true,
  hidden: true
}
Token {
  type: 'inline',
  tag: '',
  attrs: null,
  map: [ 35, 36 ],
  nesting: 0,
  level: 3,
  children: [
    Token {
      type: 'text',
      tag: '',
      attrs: null,
      map: null,
      nesting: 0,
      level: 0,
      children: null,
      content: '[[111]]',
      markup: '',
      info: '',
      meta: null,
      block: false,
      hidden: false
    }
  ],
  content: '[[111]]',
  markup: '',
  info: '',
  meta: null,
  block: true,
  hidden: false
}
Token {
  type: 'paragraph_close',
  tag: 'p',
  attrs: null,
  map: null,
  nesting: -1,
  level: 2,
  children: null,
  content: '',
  markup: '',
  info: '',
  meta: null,
  block: true,
  hidden: true
}
Token {
  type: 'list_item_close',
  tag: 'li',
  attrs: null,
  map: null,
  nesting: -1,
  level: 1,
  children: null,
  content: '',
  markup: '-',
  info: '',
  meta: null,
  block: true,
  hidden: false
}
Token {
  type: 'list_item_open',
  tag: 'li',
  attrs: null,
  map: [ 36, 37 ],
  nesting: 1,
  level: 1,
  children: null,
  content: '',
  markup: '-',
  info: '',
  meta: null,
  block: true,
  hidden: false
}
Token {
  type: 'paragraph_open',
  tag: 'p',
  attrs: null,
  map: [ 36, 37 ],
  nesting: 1,
  level: 2,
  children: null,
  content: '',
  markup: '',
  info: '',
  meta: null,
  block: true,
  hidden: true
}
Token {
  type: 'inline',
  tag: '',
  attrs: null,
  map: [ 36, 37 ],
  nesting: 0,
  level: 3,
  children: [
    Token {
      type: 'text',
      tag: '',
      attrs: null,
      map: null,
      nesting: 0,
      level: 0,
      children: null,
      content: '[[demos/aaa]]',
      markup: '',
      info: '',
      meta: null,
      block: false,
      hidden: false
    }
  ],
  content: '[[demos/aaa]]',
  markup: '',
  info: '',
  meta: null,
  block: true,
  hidden: false
}
Token {
  type: 'paragraph_close',
  tag: 'p',
  attrs: null,
  map: null,
  nesting: -1,
  level: 2,
  children: null,
  content: '',
  markup: '',
  info: '',
  meta: null,
  block: true,
  hidden: true
}
Token {
  type: 'list_item_close',
  tag: 'li',
  attrs: null,
  map: null,
  nesting: -1,
  level: 1,
  children: null,
  content: '',
  markup: '-',
  info: '',
  meta: null,
  block: true,
  hidden: false
}
Token {
  type: 'list_item_open',
  tag: 'li',
  attrs: null,
  map: [ 37, 38 ],
  nesting: 1,
  level: 1,
  children: null,
  content: '',
  markup: '-',
  info: '',
  meta: null,
  block: true,
  hidden: false
}
Token {
  type: 'paragraph_open',
  tag: 'p',
  attrs: null,
  map: [ 37, 38 ],
  nesting: 1,
  level: 2,
  children: null,
  content: '',
  markup: '',
  info: '',
  meta: null,
  block: true,
  hidden: true
}
Token {
  type: 'inline',
  tag: '',
  attrs: null,
  map: [ 37, 38 ],
  nesting: 0,
  level: 3,
  children: [
    Token {
      type: 'link_open',
      tag: 'a',
      attrs: [Array],
      map: null,
      nesting: 1,
      level: 0,
      children: null,
      content: '',
      markup: '',
      info: '',
      meta: null,
      block: false,
      hidden: false
    },
    Token {
      type: 'text',
      tag: '',
      attrs: null,
      map: null,
      nesting: 0,
      level: 1,
      children: null,
      content: 'test',
      markup: '',
      info: '',
      meta: null,
      block: false,
      hidden: false
    },
    Token {
      type: 'link_close',
      tag: 'a',
      attrs: null,
      map: null,
      nesting: -1,
      level: 0,
      children: null,
      content: '',
      markup: '',
      info: '',
      meta: null,
      block: false,
      hidden: false
    }
  ],
  content: '[test](./111.md)',
  markup: '',
  info: '',
  meta: null,
  block: true,
  hidden: false
}
Token {
  type: 'paragraph_close',
  tag: 'p',
  attrs: null,
  map: null,
  nesting: -1,
  level: 2,
  children: null,
  content: '',
  markup: '',
  info: '',
  meta: null,
  block: true,
  hidden: true
}
Token {
  type: 'list_item_close',
  tag: 'li',
  attrs: null,
  map: null,
  nesting: -1,
  level: 1,
  children: null,
  content: '',
  markup: '-',
  info: '',
  meta: null,
  block: true,
  hidden: false
}
Token {
  type: 'bullet_list_close',
  tag: 'ul',
  attrs: null,
  map: null,
  nesting: -1,
  level: 0,
  children: null,
  content: '',
  markup: '-',
  info: '',
  meta: null,
  block: true,
  hidden: false
}
Token {
  type: 'hr',
  tag: 'hr',
  attrs: null,
  map: [ 0, 1 ],
  nesting: 0,
  level: 0,
  children: null,
  content: '',
  markup: '---',
  info: '',
  meta: null,
  block: true,
  hidden: false
}
Token {
  type: 'heading_open',
  tag: 'h2',
  attrs: null,
  map: [ 1, 7 ],
  nesting: 1,
  level: 0,
  children: null,
  content: '',
  markup: '-',
  info: '',
  meta: null,
  block: true,
  hidden: false
}
Token {
  type: 'inline',
  tag: '',
  attrs: null,
  map: [ 1, 6 ],
  nesting: 0,
  level: 1,
  children: [
    Token {
      type: 'text',
      tag: '',
      attrs: null,
      map: null,
      nesting: 0,
      level: 0,
      children: null,
      content: 'page: true',
      markup: '',
      info: '',
      meta: null,
      block: false,
      hidden: false
    },
    Token {
      type: 'softbreak',
      tag: 'br',
      attrs: null,
      map: null,
      nesting: 0,
      level: 0,
      children: null,
      content: '',
      markup: '',
      info: '',
      meta: null,
      block: false,
      hidden: false
    },
    Token {
      type: 'text',
      tag: '',
      attrs: null,
      map: null,
      nesting: 0,
      level: 0,
      children: null,
      content: 'title: Collections',
      markup: '',
      info: '',
      meta: null,
      block: false,
      hidden: false
    },
    Token {
      type: 'softbreak',
      tag: 'br',
      attrs: null,
      map: null,
      nesting: 0,
      level: 0,
      children: null,
      content: '',
      markup: '',
      info: '',
      meta: null,
      block: false,
      hidden: false
    },
    Token {
      type: 'text',
      tag: '',
      attrs: null,
      map: null,
      nesting: 0,
      level: 0,
      children: null,
      content: 'description: Tags',
      markup: '',
      info: '',
      meta: null,
      block: false,
      hidden: false
    },
    Token {
      type: 'softbreak',
      tag: 'br',
      attrs: null,
      map: null,
      nesting: 0,
      level: 0,
      children: null,
      content: '',
      markup: '',
      info: '',
      meta: null,
      block: false,
      hidden: false
    },
    Token {
      type: 'text',
      tag: '',
      attrs: null,
      map: null,
      nesting: 0,
      level: 0,
      children: null,
      content: 'aside: false',
      markup: '',
      info: '',
      meta: null,
      block: false,
      hidden: false
    },
    Token {
      type: 'softbreak',
      tag: 'br',
      attrs: null,
      map: null,
      nesting: 0,
      level: 0,
      children: null,
      content: '',
      markup: '',
      info: '',
      meta: null,
      block: false,
      hidden: false
    },
    Token {
      type: 'text',
      tag: '',
      attrs: null,
      map: null,
      nesting: 0,
      level: 0,
      children: null,
      content: 'date: 2020-09-01',
      markup: '',
      info: '',
      meta: null,
      block: false,
      hidden: false
    }
  ],
  content: 'page: true\n' +
    'title: Collections\n' +
    'description: Tags\n' +
    'aside: false\n' +
    'date: 2020-09-01',
  markup: '',
  info: '',
  meta: null,
  block: true,
  hidden: false
}
Token {
  type: 'heading_close',
  tag: 'h2',
  attrs: null,
  map: null,
  nesting: -1,
  level: 0,
  children: null,
  content: '',
  markup: '-',
  info: '',
  meta: null,
  block: true,
  hidden: false
}
Token {
  type: 'paragraph_open',
  tag: 'p',
  attrs: null,
  map: [ 8, 9 ],
  nesting: 1,
  level: 0,
  children: null,
  content: '',
  markup: '',
  info: '',
  meta: null,
  block: true,
  hidden: false
}
Token {
  type: 'inline',
  tag: '',
  attrs: null,
  map: [ 8, 9 ],
  nesting: 0,
  level: 1,
  children: [
    Token {
      type: 'text',
      tag: '',
      attrs: null,
      map: null,
      nesting: 0,
      level: 0,
      children: null,
      content: '<Collections/>',
      markup: '',
      info: '',
      meta: null,
      block: false,
      hidden: false
    }
  ],
  content: '<Collections/>',
  markup: '',
  info: '',
  meta: null,
  block: true,
  hidden: false
}
Token {
  type: 'paragraph_close',
  tag: 'p',
  attrs: null,
  map: null,
  nesting: -1,
  level: 0,
  children: null,
  content: '',
  markup: '',
  info: '',
  meta: null,
  block: true,
  hidden: false
}
Token {
  type: 'hr',
  tag: 'hr',
  attrs: null,
  map: [ 0, 1 ],
  nesting: 0,
  level: 0,
  children: null,
  content: '',
  markup: '---',
  info: '',
  meta: null,
  block: true,
  hidden: false
}
Token {
  type: 'heading_open',
  tag: 'h2',
  attrs: null,
  map: [ 1, 3 ],
  nesting: 1,
  level: 0,
  children: null,
  content: '',
  markup: '-',
  info: '',
  meta: null,
  block: true,
  hidden: false
}
Token {
  type: 'inline',
  tag: '',
  attrs: null,
  map: [ 1, 2 ],
  nesting: 0,
  level: 1,
  children: [
    Token {
      type: 'text',
      tag: '',
      attrs: null,
      map: null,
      nesting: 0,
      level: 0,
      children: null,
      content: 'layout: home',
      markup: '',
      info: '',
      meta: null,
      block: false,
      hidden: false
    }
  ],
  content: 'layout: home',
  markup: '',
  info: '',
  meta: null,
  block: true,
  hidden: false
}
Token {
  type: 'heading_close',
  tag: 'h2',
  attrs: null,
  map: null,
  nesting: -1,
  level: 0,
  children: null,
  content: '',
  markup: '-',
  info: '',
  meta: null,
  block: true,
  hidden: false
}
Token {
  type: 'paragraph_open',
  tag: 'p',
  attrs: null,
  map: [ 4, 5 ],
  nesting: 1,
  level: 0,
  children: null,
  content: '',
  markup: '',
  info: '',
  meta: null,
  block: true,
  hidden: false
}
Token {
  type: 'inline',
  tag: '',
  attrs: null,
  map: [ 4, 5 ],
  nesting: 0,
  level: 1,
  children: [
    Token {
      type: 'text',
      tag: '',
      attrs: null,
      map: null,
      nesting: 0,
      level: 0,
      children: null,
      content: '<Homepage />',
      markup: '',
      info: '',
      meta: null,
      block: false,
      hidden: false
    }
  ],
  content: '<Homepage />',
  markup: '',
  info: '',
  meta: null,
  block: true,
  hidden: false
}
Token {
  type: 'paragraph_close',
  tag: 'p',
  attrs: null,
  map: null,
  nesting: -1,
  level: 0,
  children: null,
  content: '',
  markup: '',
  info: '',
  meta: null,
  block: true,
  hidden: false
}
Token {
  type: 'hr',
  tag: 'hr',
  attrs: null,
  map: [ 0, 1 ],
  nesting: 0,
  level: 0,
  children: null,
  content: '',
  markup: '---',
  info: '',
  meta: null,
  block: true,
  hidden: false
}
Token {
  type: 'heading_open',
  tag: 'h2',
  attrs: null,
  map: [ 1, 6 ],
  nesting: 1,
  level: 0,
  children: null,
  content: '',
  markup: '-',
  info: '',
  meta: null,
  block: true,
  hidden: false
}
Token {
  type: 'inline',
  tag: '',
  attrs: null,
  map: [ 1, 5 ],
  nesting: 0,
  level: 1,
  children: [
    Token {
      type: 'text',
      tag: '',
      attrs: null,
      map: null,
      nesting: 0,
      level: 0,
      children: null,
      content: 'title: home',
      markup: '',
      info: '',
      meta: null,
      block: false,
      hidden: false
    },
    Token {
      type: 'softbreak',
      tag: 'br',
      attrs: null,
      map: null,
      nesting: 0,
      level: 0,
      children: null,
      content: '',
      markup: '',
      info: '',
      meta: null,
      block: false,
      hidden: false
    },
    Token {
      type: 'text',
      tag: '',
      attrs: null,
      map: null,
      nesting: 0,
      level: 0,
      children: null,
      content: 'aside: false',
      markup: '',
      info: '',
      meta: null,
      block: false,
      hidden: false
    },
    Token {
      type: 'softbreak',
      tag: 'br',
      attrs: null,
      map: null,
      nesting: 0,
      level: 0,
      children: null,
      content: '',
      markup: '',
      info: '',
      meta: null,
      block: false,
      hidden: false
    },
    Token {
      type: 'text',
      tag: '',
      attrs: null,
      map: null,
      nesting: 0,
      level: 0,
      children: null,
      content: 'sidebar: false',
      markup: '',
      info: '',
      meta: null,
      block: false,
      hidden: false
    },
    Token {
      type: 'softbreak',
      tag: 'br',
      attrs: null,
      map: null,
      nesting: 0,
      level: 0,
      children: null,
      content: '',
      markup: '',
      info: '',
      meta: null,
      block: false,
      hidden: false
    },
    Token {
      type: 'text',
      tag: '',
      attrs: null,
      map: null,
      nesting: 0,
      level: 0,
      children: null,
      content: 'layout: page',
      markup: '',
      info: '',
      meta: null,
      block: false,
      hidden: false
    }
  ],
  content: 'title: home\naside: false\nsidebar: false\nlayout: page',
  markup: '',
  info: '',
  meta: null,
  block: true,
  hidden: false
}
Token {
  type: 'heading_close',
  tag: 'h2',
  attrs: null,
  map: null,
  nesting: -1,
  level: 0,
  children: null,
  content: '',
  markup: '-',
  info: '',
  meta: null,
  block: true,
  hidden: false
}
Token {
  type: 'paragraph_open',
  tag: 'p',
  attrs: null,
  map: [ 6, 13 ],
  nesting: 1,
  level: 0,
  children: null,
  content: '',
  markup: '',
  info: '',
  meta: null,
  block: true,
  hidden: false
}
Token {
  type: 'inline',
  tag: '',
  attrs: null,
  map: [ 6, 13 ],
  nesting: 0,
  level: 1,
  children: [
    Token {
      type: 'text',
      tag: '',
      attrs: null,
      map: null,
      nesting: 0,
      level: 0,
      children: null,
      content: '<script setup>',
      markup: '',
      info: '',
      meta: null,
      block: false,
      hidden: false
    },
    Token {
      type: 'softbreak',
      tag: 'br',
      attrs: null,
      map: null,
      nesting: 0,
      level: 0,
      children: null,
      content: '',
      markup: '',
      info: '',
      meta: null,
      block: false,
      hidden: false
    },
    Token {
      type: 'text',
      tag: '',
      attrs: null,
      map: null,
      nesting: 0,
      level: 0,
      children: null,
      content: 'import BlogContainer from "../../.vitepress/theme/components/page/BlogContainer.vue";',
      markup: '',
      info: '',
      meta: null,
      block: false,
      hidden: false
    },
    Token {
      type: 'softbreak',
      tag: 'br',
      attrs: null,
      map: null,
      nesting: 0,
      level: 0,
      children: null,
      content: '',
      markup: '',
      info: '',
      meta: null,
      block: false,
      hidden: false
    },
    Token {
      type: 'text',
      tag: '',
      attrs: null,
      map: null,
      nesting: 0,
      level: 0,
      children: null,
      content: 'import { useData } from "vitepress";',
      markup: '',
      info: '',
      meta: null,
      block: false,
      hidden: false
    },
    Token {
      type: 'softbreak',
      tag: 'br',
      attrs: null,
      map: null,
      nesting: 0,
      level: 0,
      children: null,
      content: '',
      markup: '',
      info: '',
      meta: null,
      block: false,
      hidden: false
    },
    Token {
      type: 'text',
      tag: '',
      attrs: null,
      map: null,
      nesting: 0,
      level: 0,
      children: null,
      content: 'const { theme } = useData();',
      markup: '',
      info: '',
      meta: null,
      block: false,
      hidden: false
    },
    Token {
      type: 'softbreak',
      tag: 'br',
      attrs: null,
      map: null,
      nesting: 0,
      level: 0,
      children: null,
      content: '',
      markup: '',
      info: '',
      meta: null,
      block: false,
      hidden: false
    },
    Token {
      type: 'text',
      tag: '',
      attrs: null,
      map: null,
      nesting: 0,
      level: 0,
      children: null,
      content: 'const posts = theme.value.posts.slice(0,10)',
      markup: '',
      info: '',
      meta: null,
      block: false,
      hidden: false
    },
    Token {
      type: 'softbreak',
      tag: 'br',
      attrs: null,
      map: null,
      nesting: 0,
      level: 0,
      children: null,
      content: '',
      markup: '',
      info: '',
      meta: null,
      block: false,
      hidden: false
    },
    Token {
      type: 'text',
      tag: '',
      attrs: null,
      map: null,
      nesting: 0,
      level: 0,
      children: null,
      content: '</script>',
      markup: '',
      info: '',
      meta: null,
      block: false,
      hidden: false
    },
    Token {
      type: 'softbreak',
      tag: 'br',
      attrs: null,
      map: null,
      nesting: 0,
      level: 0,
      children: null,
      content: '',
      markup: '',
      info: '',
      meta: null,
      block: false,
      hidden: false
    },
    Token {
      type: 'text',
      tag: '',
      attrs: null,
      map: null,
      nesting: 0,
      level: 0,
      children: null,
      content: '<BlogContainer :posts="posts" :pageCurrent="1" :pagesNum="1" />',
      markup: '',
      info: '',
      meta: null,
      block: false,
      hidden: false
    }
  ],
  content: '<script setup>\n' +
    'import BlogContainer from "../../.vitepress/theme/components/page/BlogContainer.vue";\n' +
    'import { useData } from "vitepress";\n' +
    'const { theme } = useData();\n' +
    'const posts = theme.value.posts.slice(0,10)\n' +
    '</script>\n' +
    '<BlogContainer :posts="posts" :pageCurrent="1" :pagesNum="1" />',
  markup: '',
  info: '',
  meta: null,
  block: true,
  hidden: false
}
Token {
  type: 'paragraph_close',
  tag: 'p',
  attrs: null,
  map: null,
  nesting: -1,
  level: 0,
  children: null,
  content: '',
  markup: '',
  info: '',
  meta: null,
  block: true,
  hidden: false
}
Token {
  type: 'hr',
  tag: 'hr',
  attrs: null,
  map: [ 0, 1 ],
  nesting: 0,
  level: 0,
  children: null,
  content: '',
  markup: '---',
  info: '',
  meta: null,
  block: true,
  hidden: false
}
Token {
  type: 'heading_open',
  tag: 'h2',
  attrs: null,
  map: [ 1, 7 ],
  nesting: 1,
  level: 0,
  children: null,
  content: '',
  markup: '-',
  info: '',
  meta: null,
  block: true,
  hidden: false
}
Token {
  type: 'inline',
  tag: '',
  attrs: null,
  map: [ 1, 6 ],
  nesting: 0,
  level: 1,
  children: [
    Token {
      type: 'text',
      tag: '',
      attrs: null,
      map: null,
      nesting: 0,
      level: 0,
      children: null,
      content: 'layout: page',
      markup: '',
      info: '',
      meta: null,
      block: false,
      hidden: false
    },
    Token {
      type: 'softbreak',
      tag: 'br',
      attrs: null,
      map: null,
      nesting: 0,
      level: 0,
      children: null,
      content: '',
      markup: '',
      info: '',
      meta: null,
      block: false,
      hidden: false
    },
    Token {
      type: 'text',
      tag: '',
      attrs: null,
      map: null,
      nesting: 0,
      level: 0,
      children: null,
      content: 'title: Tags',
      markup: '',
      info: '',
      meta: null,
      block: false,
      hidden: false
    },
    Token {
      type: 'softbreak',
      tag: 'br',
      attrs: null,
      map: null,
      nesting: 0,
      level: 0,
      children: null,
      content: '',
      markup: '',
      info: '',
      meta: null,
      block: false,
      hidden: false
    },
    Token {
      type: 'text',
      tag: '',
      attrs: null,
      map: null,
      nesting: 0,
      level: 0,
      children: null,
      content: 'description: Tags',
      markup: '',
      info: '',
      meta: null,
      block: false,
      hidden: false
    },
    Token {
      type: 'softbreak',
      tag: 'br',
      attrs: null,
      map: null,
      nesting: 0,
      level: 0,
      children: null,
      content: '',
      markup: '',
      info: '',
      meta: null,
      block: false,
      hidden: false
    },
    Token {
      type: 'text',
      tag: '',
      attrs: null,
      map: null,
      nesting: 0,
      level: 0,
      children: null,
      content: 'sidebar: false',
      markup: '',
      info: '',
      meta: null,
      block: false,
      hidden: false
    },
    Token {
      type: 'softbreak',
      tag: 'br',
      attrs: null,
      map: null,
      nesting: 0,
      level: 0,
      children: null,
      content: '',
      markup: '',
      info: '',
      meta: null,
      block: false,
      hidden: false
    },
    Token {
      type: 'text',
      tag: '',
      attrs: null,
      map: null,
      nesting: 0,
      level: 0,
      children: null,
      content: 'aside: false',
      markup: '',
      info: '',
      meta: null,
      block: false,
      hidden: false
    }
  ],
  content: 'layout: page\ntitle: Tags\ndescription: Tags\nsidebar: false\naside: false',
  markup: '',
  info: '',
  meta: null,
  block: true,
  hidden: false
}
Token {
  type: 'heading_close',
  tag: 'h2',
  attrs: null,
  map: null,
  nesting: -1,
  level: 0,
  children: null,
  content: '',
  markup: '-',
  info: '',
  meta: null,
  block: true,
  hidden: false
}
Token {
  type: 'paragraph_open',
  tag: 'p',
  attrs: null,
  map: [ 8, 9 ],
  nesting: 1,
  level: 0,
  children: null,
  content: '',
  markup: '',
  info: '',
  meta: null,
  block: true,
  hidden: false
}
Token {
  type: 'inline',
  tag: '',
  attrs: null,
  map: [ 8, 9 ],
  nesting: 0,
  level: 1,
  children: [
    Token {
      type: 'text',
      tag: '',
      attrs: null,
      map: null,
      nesting: 0,
      level: 0,
      children: null,
      content: '<Tags/>',
      markup: '',
      info: '',
      meta: null,
      block: false,
      hidden: false
    }
  ],
  content: '<Tags/>',
  markup: '',
  info: '',
  meta: null,
  block: true,
  hidden: false
}
Token {
  type: 'paragraph_close',
  tag: 'p',
  attrs: null,
  map: null,
  nesting: -1,
  level: 0,
  children: null,
  content: '',
  markup: '',
  info: '',
  meta: null,
  block: true,
  hidden: false
}
Token {
  type: 'hr',
  tag: 'hr',
  attrs: null,
  map: [ 0, 1 ],
  nesting: 0,
  level: 0,
  children: null,
  content: '',
  markup: '---',
  info: '',
  meta: null,
  block: true,
  hidden: false
}
Token {
  type: 'heading_open',
  tag: 'h2',
  attrs: null,
  map: [ 1, 7 ],
  nesting: 1,
  level: 0,
  children: null,
  content: '',
  markup: '-',
  info: '',
  meta: null,
  block: true,
  hidden: false
}
Token {
  type: 'inline',
  tag: '',
  attrs: null,
  map: [ 1, 6 ],
  nesting: 0,
  level: 1,
  children: [
    Token {
      type: 'text',
      tag: '',
      attrs: null,
      map: null,
      nesting: 0,
      level: 0,
      children: null,
      content: 'layout: page',
      markup: '',
      info: '',
      meta: null,
      block: false,
      hidden: false
    },
    Token {
      type: 'softbreak',
      tag: 'br',
      attrs: null,
      map: null,
      nesting: 0,
      level: 0,
      children: null,
      content: '',
      markup: '',
      info: '',
      meta: null,
      block: false,
      hidden: false
    },
    Token {
      type: 'text',
      tag: '',
      attrs: null,
      map: null,
      nesting: 0,
      level: 0,
      children: null,
      content: 'title: Timeline',
      markup: '',
      info: '',
      meta: null,
      block: false,
      hidden: false
    },
    Token {
      type: 'softbreak',
      tag: 'br',
      attrs: null,
      map: null,
      nesting: 0,
      level: 0,
      children: null,
      content: '',
      markup: '',
      info: '',
      meta: null,
      block: false,
      hidden: false
    },
    Token {
      type: 'text',
      tag: '',
      attrs: null,
      map: null,
      nesting: 0,
      level: 0,
      children: null,
      content: 'description: Timeline',
      markup: '',
      info: '',
      meta: null,
      block: false,
      hidden: false
    },
    Token {
      type: 'softbreak',
      tag: 'br',
      attrs: null,
      map: null,
      nesting: 0,
      level: 0,
      children: null,
      content: '',
      markup: '',
      info: '',
      meta: null,
      block: false,
      hidden: false
    },
    Token {
      type: 'text',
      tag: '',
      attrs: null,
      map: null,
      nesting: 0,
      level: 0,
      children: null,
      content: 'sidebar: false',
      markup: '',
      info: '',
      meta: null,
      block: false,
      hidden: false
    },
    Token {
      type: 'softbreak',
      tag: 'br',
      attrs: null,
      map: null,
      nesting: 0,
      level: 0,
      children: null,
      content: '',
      markup: '',
      info: '',
      meta: null,
      block: false,
      hidden: false
    },
    Token {
      type: 'text',
      tag: '',
      attrs: null,
      map: null,
      nesting: 0,
      level: 0,
      children: null,
      content: 'aside: false',
      markup: '',
      info: '',
      meta: null,
      block: false,
      hidden: false
    }
  ],
  content: 'layout: page\n' +
    'title: Timeline\n' +
    'description: Timeline\n' +
    'sidebar: false\n' +
    'aside: false',
  markup: '',
  info: '',
  meta: null,
  block: true,
  hidden: false
}
Token {
  type: 'heading_close',
  tag: 'h2',
  attrs: null,
  map: null,
  nesting: -1,
  level: 0,
  children: null,
  content: '',
  markup: '-',
  info: '',
  meta: null,
  block: true,
  hidden: false
}
Token {
  type: 'paragraph_open',
  tag: 'p',
  attrs: null,
  map: [ 8, 9 ],
  nesting: 1,
  level: 0,
  children: null,
  content: '',
  markup: '',
  info: '',
  meta: null,
  block: true,
  hidden: false
}
Token {
  type: 'inline',
  tag: '',
  attrs: null,
  map: [ 8, 9 ],
  nesting: 0,
  level: 1,
  children: [
    Token {
      type: 'text',
      tag: '',
      attrs: null,
      map: null,
      nesting: 0,
      level: 0,
      children: null,
      content: '<Timeline/>',
      markup: '',
      info: '',
      meta: null,
      block: false,
      hidden: false
    }
  ],
  content: '<Timeline/>',
  markup: '',
  info: '',
  meta: null,
  block: true,
  hidden: false
}
Token {
  type: 'paragraph_close',
  tag: 'p',
  attrs: null,
  map: null,
  nesting: -1,
  level: 0,
  children: null,
  content: '',
  markup: '',
  info: '',
  meta: null,
  block: true,
  hidden: false
}

  vitepress v1.5.0

  ➜  Local:   http://localhost:5000/
  ➜  Network: http://10.177.73.149:5000/
  ➜  Network: http://172.16.9.1:5000/
  ➜  Network: http://172.16.2.1:5000/
  ➜  Network: http://172.16.4.1:5000/
  ➜  Network: http://192.168.112.1:5000/
  ➜  Network: http://172.22.0.1:5000/
  ➜  Network: http://192.168.96.1:5000/
  ➜  Network: http://172.16.7.1:5000/
  ➜  Network: http://192.168.16.1:5000/
  ➜  Network: http://172.30.0.1:5000/
  ➜  Network: http://172.28.0.1:5000/
  ➜  Network: http://172.27.0.1:5000/
  ➜  Network: http://192.168.224.1:5000/
  ➜  Network: http://172.31.0.1:5000/
  ➜  Network: http://172.16.11.1:5000/
  ➜  Network: http://172.29.0.1:5000/
  ➜  Network: http://172.20.0.1:5000/
  ➜  Network: http://172.16.1.1:5000/
  ➜  Network: http://192.168.128.1:5000/
  ➜  Network: http://172.16.8.1:5000/
  ➜  Network: http://172.25.0.1:5000/
  ➜  Network: http://192.168.176.1:5000/
  ➜  Network: http://192.168.240.1:5000/
  ➜  Network: http://172.16.6.1:5000/
  ➜  Network: http://172.21.0.1:5000/
  ➜  Network: http://192.168.160.1:5000/
  ➜  Network: http://172.16.5.1:5000/
  ➜  Network: http://192.168.144.1:5000/
  ➜  Network: http://192.168.64.1:5000/
  ➜  Network: http://172.16.13.1:5000/
  ➜  Network: http://172.16.0.1:5000/
  ➜  Network: http://172.23.5.8:5000/
  ➜  Network: http://172.16.15.1:5000/
  ➜  Network: http://172.16.10.1:5000/
  ➜  Network: http://172.16.12.1:5000/
  ➜  Network: http://172.16.3.1:5000/
  ➜  Network: http://198.18.0.1:5000/
  ➜  press h to show help
5:08:56 PM [vitepress] .vitepress/plugins/analyze.ts changed, restarting server...

Token {
  type: 'hr',
  tag: 'hr',
  attrs: null,
  map: [ 0, 1 ],
  nesting: 0,
  level: 0,
  children: null,
  content: '',
  markup: '---',
  info: '',
  meta: null,
  block: true,
  hidden: false
}
Token {
  type: 'heading_open',
  tag: 'h2',
  attrs: null,
  map: [ 1, 6 ],
  nesting: 1,
  level: 0,
  children: null,
  content: '',
  markup: '-',
  info: '',
  meta: null,
  block: true,
  hidden: false
}
Token {
  type: 'inline',
  tag: '',
  attrs: null,
  map: [ 1, 5 ],
  nesting: 0,
  level: 1,
  children: [
    Token {
      type: 'text',
      tag: '',
      attrs: null,
      map: null,
      nesting: 0,
      level: 0,
      children: null,
      content: 'title: home',
      markup: '',
      info: '',
      meta: null,
      block: false,
      hidden: false
    },
    Token {
      type: 'softbreak',
      tag: 'br',
      attrs: null,
      map: null,
      nesting: 0,
      level: 0,
      children: null,
      content: '',
      markup: '',
      info: '',
      meta: null,
      block: false,
      hidden: false
    },
    Token {
      type: 'text',
      tag: '',
      attrs: null,
      map: null,
      nesting: 0,
      level: 0,
      children: null,
      content: 'aside: false',
      markup: '',
      info: '',
      meta: null,
      block: false,
      hidden: false
    },
    Token {
      type: 'softbreak',
      tag: 'br',
      attrs: null,
      map: null,
      nesting: 0,
      level: 0,
      children: null,
      content: '',
      markup: '',
      info: '',
      meta: null,
      block: false,
      hidden: false
    },
    Token {
      type: 'text',
      tag: '',
      attrs: null,
      map: null,
      nesting: 0,
      level: 0,
      children: null,
      content: 'sidebar: false',
      markup: '',
      info: '',
      meta: null,
      block: false,
      hidden: false
    },
    Token {
      type: 'softbreak',
      tag: 'br',
      attrs: null,
      map: null,
      nesting: 0,
      level: 0,
      children: null,
      content: '',
      markup: '',
      info: '',
      meta: null,
      block: false,
      hidden: false
    },
    Token {
      type: 'text',
      tag: '',
      attrs: null,
      map: null,
      nesting: 0,
      level: 0,
      children: null,
      content: 'layout: page',
      markup: '',
      info: '',
      meta: null,
      block: false,
      hidden: false
    }
  ],
  content: 'title: home\naside: false\nsidebar: false\nlayout: page',
  markup: '',
  info: '',
  meta: null,
  block: true,
  hidden: false
}
Token {
  type: 'heading_close',
  tag: 'h2',
  attrs: null,
  map: null,
  nesting: -1,
  level: 0,
  children: null,
  content: '',
  markup: '-',
  info: '',
  meta: null,
  block: true,
  hidden: false
}
Token {
  type: 'paragraph_open',
  tag: 'p',
  attrs: null,
  map: [ 6, 13 ],
  nesting: 1,
  level: 0,
  children: null,
  content: '',
  markup: '',
  info: '',
  meta: null,
  block: true,
  hidden: false
}
Token {
  type: 'inline',
  tag: '',
  attrs: null,
  map: [ 6, 13 ],
  nesting: 0,
  level: 1,
  children: [
    Token {
      type: 'text',
      tag: '',
      attrs: null,
      map: null,
      nesting: 0,
      level: 0,
      children: null,
      content: '<script setup>',
      markup: '',
      info: '',
      meta: null,
      block: false,
      hidden: false
    },
    Token {
      type: 'softbreak',
      tag: 'br',
      attrs: null,
      map: null,
      nesting: 0,
      level: 0,
      children: null,
      content: '',
      markup: '',
      info: '',
      meta: null,
      block: false,
      hidden: false
    },
    Token {
      type: 'text',
      tag: '',
      attrs: null,
      map: null,
      nesting: 0,
      level: 0,
      children: null,
      content: 'import BlogContainer from "../../.vitepress/theme/components/page/BlogContainer.vue";',
      markup: '',
      info: '',
      meta: null,
      block: false,
      hidden: false
    },
    Token {
      type: 'softbreak',
      tag: 'br',
      attrs: null,
      map: null,
      nesting: 0,
      level: 0,
      children: null,
      content: '',
      markup: '',
      info: '',
      meta: null,
      block: false,
      hidden: false
    },
    Token {
      type: 'text',
      tag: '',
      attrs: null,
      map: null,
      nesting: 0,
      level: 0,
      children: null,
      content: 'import { useData } from "vitepress";',
      markup: '',
      info: '',
      meta: null,
      block: false,
      hidden: false
    },
    Token {
      type: 'softbreak',
      tag: 'br',
      attrs: null,
      map: null,
      nesting: 0,
      level: 0,
      children: null,
      content: '',
      markup: '',
      info: '',
      meta: null,
      block: false,
      hidden: false
    },
    Token {
      type: 'text',
      tag: '',
      attrs: null,
      map: null,
      nesting: 0,
      level: 0,
      children: null,
      content: 'const { theme } = useData();',
      markup: '',
      info: '',
      meta: null,
      block: false,
      hidden: false
    },
    Token {
      type: 'softbreak',
      tag: 'br',
      attrs: null,
      map: null,
      nesting: 0,
      level: 0,
      children: null,
      content: '',
      markup: '',
      info: '',
      meta: null,
      block: false,
      hidden: false
    },
    Token {
      type: 'text',
      tag: '',
      attrs: null,
      map: null,
      nesting: 0,
      level: 0,
      children: null,
      content: 'const posts = theme.value.posts.slice(0,10)',
      markup: '',
      info: '',
      meta: null,
      block: false,
      hidden: false
    },
    Token {
      type: 'softbreak',
      tag: 'br',
      attrs: null,
      map: null,
      nesting: 0,
      level: 0,
      children: null,
      content: '',
      markup: '',
      info: '',
      meta: null,
      block: false,
      hidden: false
    },
    Token {
      type: 'text',
      tag: '',
      attrs: null,
      map: null,
      nesting: 0,
      level: 0,
      children: null,
      content: '</script>',
      markup: '',
      info: '',
      meta: null,
      block: false,
      hidden: false
    },
    Token {
      type: 'softbreak',
      tag: 'br',
      attrs: null,
      map: null,
      nesting: 0,
      level: 0,
      children: null,
      content: '',
      markup: '',
      info: '',
      meta: null,
      block: false,
      hidden: false
    },
    Token {
      type: 'text',
      tag: '',
      attrs: null,
      map: null,
      nesting: 0,
      level: 0,
      children: null,
      content: '<BlogContainer :posts="posts" :pageCurrent="1" :pagesNum="1" />',
      markup: '',
      info: '',
      meta: null,
      block: false,
      hidden: false
    }
  ],
  content: '<script setup>\n' +
    'import BlogContainer from "../../.vitepress/theme/components/page/BlogContainer.vue";\n' +
    'import { useData } from "vitepress";\n' +
    'const { theme } = useData();\n' +
    'const posts = theme.value.posts.slice(0,10)\n' +
    '</script>\n' +
    '<BlogContainer :posts="posts" :pageCurrent="1" :pagesNum="1" />',
  markup: '',
  info: '',
  meta: null,
  block: true,
  hidden: false
}
Token {
  type: 'paragraph_close',
  tag: 'p',
  attrs: null,
  map: null,
  nesting: -1,
  level: 0,
  children: null,
  content: '',
  markup: '',
  info: '',
  meta: null,
  block: true,
  hidden: false
}
Token {
  type: 'hr',
  tag: 'hr',
  attrs: null,
  map: [ 0, 1 ],
  nesting: 0,
  level: 0,
  children: null,
  content: '',
  markup: '---',
  info: '',
  meta: null,
  block: true,
  hidden: false
}
Token {
  type: 'heading_open',
  tag: 'h2',
  attrs: null,
  map: [ 1, 6 ],
  nesting: 1,
  level: 0,
  children: null,
  content: '',
  markup: '-',
  info: '',
  meta: null,
  block: true,
  hidden: false
}
Token {
  type: 'inline',
  tag: '',
  attrs: null,
  map: [ 1, 5 ],
  nesting: 0,
  level: 1,
  children: [
    Token {
      type: 'text',
      tag: '',
      attrs: null,
      map: null,
      nesting: 0,
      level: 0,
      children: null,
      content: 'title: home',
      markup: '',
      info: '',
      meta: null,
      block: false,
      hidden: false
    },
    Token {
      type: 'softbreak',
      tag: 'br',
      attrs: null,
      map: null,
      nesting: 0,
      level: 0,
      children: null,
      content: '',
      markup: '',
      info: '',
      meta: null,
      block: false,
      hidden: false
    },
    Token {
      type: 'text',
      tag: '',
      attrs: null,
      map: null,
      nesting: 0,
      level: 0,
      children: null,
      content: 'aside: false',
      markup: '',
      info: '',
      meta: null,
      block: false,
      hidden: false
    },
    Token {
      type: 'softbreak',
      tag: 'br',
      attrs: null,
      map: null,
      nesting: 0,
      level: 0,
      children: null,
      content: '',
      markup: '',
      info: '',
      meta: null,
      block: false,
      hidden: false
    },
    Token {
      type: 'text',
      tag: '',
      attrs: null,
      map: null,
      nesting: 0,
      level: 0,
      children: null,
      content: 'sidebar: false',
      markup: '',
      info: '',
      meta: null,
      block: false,
      hidden: false
    },
    Token {
      type: 'softbreak',
      tag: 'br',
      attrs: null,
      map: null,
      nesting: 0,
      level: 0,
      children: null,
      content: '',
      markup: '',
      info: '',
      meta: null,
      block: false,
      hidden: false
    },
    Token {
      type: 'text',
      tag: '',
      attrs: null,
      map: null,
      nesting: 0,
      level: 0,
      children: null,
      content: 'layout: page',
      markup: '',
      info: '',
      meta: null,
      block: false,
      hidden: false
    }
  ],
  content: 'title: home\naside: false\nsidebar: false\nlayout: page',
  markup: '',
  info: '',
  meta: null,
  block: true,
  hidden: false
}
Token {
  type: 'heading_close',
  tag: 'h2',
  attrs: null,
  map: null,
  nesting: -1,
  level: 0,
  children: null,
  content: '',
  markup: '-',
  info: '',
  meta: null,
  block: true,
  hidden: false
}
Token {
  type: 'paragraph_open',
  tag: 'p',
  attrs: null,
  map: [ 6, 13 ],
  nesting: 1,
  level: 0,
  children: null,
  content: '',
  markup: '',
  info: '',
  meta: null,
  block: true,
  hidden: false
}
Token {
  type: 'inline',
  tag: '',
  attrs: null,
  map: [ 6, 13 ],
  nesting: 0,
  level: 1,
  children: [
    Token {
      type: 'text',
      tag: '',
      attrs: null,
      map: null,
      nesting: 0,
      level: 0,
      children: null,
      content: '<script setup>',
      markup: '',
      info: '',
      meta: null,
      block: false,
      hidden: false
    },
    Token {
      type: 'softbreak',
      tag: 'br',
      attrs: null,
      map: null,
      nesting: 0,
      level: 0,
      children: null,
      content: '',
      markup: '',
      info: '',
      meta: null,
      block: false,
      hidden: false
    },
    Token {
      type: 'text',
      tag: '',
      attrs: null,
      map: null,
      nesting: 0,
      level: 0,
      children: null,
      content: 'import BlogContainer from "../../.vitepress/theme/components/page/BlogContainer.vue";',
      markup: '',
      info: '',
      meta: null,
      block: false,
      hidden: false
    },
    Token {
      type: 'softbreak',
      tag: 'br',
      attrs: null,
      map: null,
      nesting: 0,
      level: 0,
      children: null,
      content: '',
      markup: '',
      info: '',
      meta: null,
      block: false,
      hidden: false
    },
    Token {
      type: 'text',
      tag: '',
      attrs: null,
      map: null,
      nesting: 0,
      level: 0,
      children: null,
      content: 'import { useData } from "vitepress";',
      markup: '',
      info: '',
      meta: null,
      block: false,
      hidden: false
    },
    Token {
      type: 'softbreak',
      tag: 'br',
      attrs: null,
      map: null,
      nesting: 0,
      level: 0,
      children: null,
      content: '',
      markup: '',
      info: '',
      meta: null,
      block: false,
      hidden: false
    },
    Token {
      type: 'text',
      tag: '',
      attrs: null,
      map: null,
      nesting: 0,
      level: 0,
      children: null,
      content: 'const { theme } = useData();',
      markup: '',
      info: '',
      meta: null,
      block: false,
      hidden: false
    },
    Token {
      type: 'softbreak',
      tag: 'br',
      attrs: null,
      map: null,
      nesting: 0,
      level: 0,
      children: null,
      content: '',
      markup: '',
      info: '',
      meta: null,
      block: false,
      hidden: false
    },
    Token {
      type: 'text',
      tag: '',
      attrs: null,
      map: null,
      nesting: 0,
      level: 0,
      children: null,
      content: 'const posts = theme.value.posts.slice(0,10)',
      markup: '',
      info: '',
      meta: null,
      block: false,
      hidden: false
    },
    Token {
      type: 'softbreak',
      tag: 'br',
      attrs: null,
      map: null,
      nesting: 0,
      level: 0,
      children: null,
      content: '',
      markup: '',
      info: '',
      meta: null,
      block: false,
      hidden: false
    },
    Token {
      type: 'text',
      tag: '',
      attrs: null,
      map: null,
      nesting: 0,
      level: 0,
      children: null,
      content: '</script>',
      markup: '',
      info: '',
      meta: null,
      block: false,
      hidden: false
    },
    Token {
      type: 'softbreak',
      tag: 'br',
      attrs: null,
      map: null,
      nesting: 0,
      level: 0,
      children: null,
      content: '',
      markup: '',
      info: '',
      meta: null,
      block: false,
      hidden: false
    },
    Token {
      type: 'text',
      tag: '',
      attrs: null,
      map: null,
      nesting: 0,
      level: 0,
      children: null,
      content: '<BlogContainer :posts="posts" :pageCurrent="1" :pagesNum="1" />',
      markup: '',
      info: '',
      meta: null,
      block: false,
      hidden: false
    }
  ],
  content: '<script setup>\n' +
    'import BlogContainer from "../../.vitepress/theme/components/page/BlogContainer.vue";\n' +
    'import { useData } from "vitepress";\n' +
    'const { theme } = useData();\n' +
    'const posts = theme.value.posts.slice(0,10)\n' +
    '</script>\n' +
    '<BlogContainer :posts="posts" :pageCurrent="1" :pagesNum="1" />',
  markup: '',
  info: '',
  meta: null,
  block: true,
  hidden: false
}
Token {
  type: 'paragraph_close',
  tag: 'p',
  attrs: null,
  map: null,
  nesting: -1,
  level: 0,
  children: null,
  content: '',
  markup: '',
  info: '',
  meta: null,
  block: true,
  hidden: false
}
Token {
  type: 'hr',
  tag: 'hr',
  attrs: null,
  map: [ 0, 1 ],
  nesting: 0,
  level: 0,
  children: null,
  content: '',
  markup: '---',
  info: '',
  meta: null,
  block: true,
  hidden: false
}
Token {
  type: 'heading_open',
  tag: 'h2',
  attrs: null,
  map: [ 1, 6 ],
  nesting: 1,
  level: 0,
  children: null,
  content: '',
  markup: '-',
  info: '',
  meta: null,
  block: true,
  hidden: false
}
Token {
  type: 'inline',
  tag: '',
  attrs: null,
  map: [ 1, 5 ],
  nesting: 0,
  level: 1,
  children: [
    Token {
      type: 'text',
      tag: '',
      attrs: null,
      map: null,
      nesting: 0,
      level: 0,
      children: null,
      content: 'title: About',
      markup: '',
      info: '',
      meta: null,
      block: false,
      hidden: false
    },
    Token {
      type: 'softbreak',
      tag: 'br',
      attrs: null,
      map: null,
      nesting: 0,
      level: 0,
      children: null,
      content: '',
      markup: '',
      info: '',
      meta: null,
      block: false,
      hidden: false
    },
    Token {
      type: 'text',
      tag: '',
      attrs: null,
      map: null,
      nesting: 0,
      level: 0,
      children: null,
      content: 'description: About me test',
      markup: '',
      info: '',
      meta: null,
      block: false,
      hidden: false
    },
    Token {
      type: 'softbreak',
      tag: 'br',
      attrs: null,
      map: null,
      nesting: 0,
      level: 0,
      children: null,
      content: '',
      markup: '',
      info: '',
      meta: null,
      block: false,
      hidden: false
    },
    Token {
      type: 'text',
      tag: '',
      attrs: null,
      map: null,
      nesting: 0,
      level: 0,
      children: null,
      content: 'sidebar: false',
      markup: '',
      info: '',
      meta: null,
      block: false,
      hidden: false
    },
    Token {
      type: 'softbreak',
      tag: 'br',
      attrs: null,
      map: null,
      nesting: 0,
      level: 0,
      children: null,
      content: '',
      markup: '',
      info: '',
      meta: null,
      block: false,
      hidden: false
    },
    Token {
      type: 'text',
      tag: '',
      attrs: null,
      map: null,
      nesting: 0,
      level: 0,
      children: null,
      content: 'aside: false',
      markup: '',
      info: '',
      meta: null,
      block: false,
      hidden: false
    }
  ],
  content: 'title: About\ndescription: About me test\nsidebar: false\naside: false',
  markup: '',
  info: '',
  meta: null,
  block: true,
  hidden: false
}
Token {
  type: 'heading_close',
  tag: 'h2',
  attrs: null,
  map: null,
  nesting: -1,
  level: 0,
  children: null,
  content: '',
  markup: '-',
  info: '',
  meta: null,
  block: true,
  hidden: false
}
Token {
  type: 'heading_open',
  tag: 'h2',
  attrs: null,
  map: [ 7, 8 ],
  nesting: 1,
  level: 0,
  children: null,
  content: '',
  markup: '##',
  info: '',
  meta: null,
  block: true,
  hidden: false
}
Token {
  type: 'inline',
  tag: '',
  attrs: null,
  map: [ 7, 8 ],
  nesting: 0,
  level: 1,
  children: [
    Token {
      type: 'text',
      tag: '',
      attrs: null,
      map: null,
      nesting: 0,
      level: 0,
      children: null,
      content: 'About this site',
      markup: '',
      info: '',
      meta: null,
      block: false,
      hidden: false
    }
  ],
  content: 'About this site',
  markup: '',
  info: '',
  meta: null,
  block: true,
  hidden: false
}
Token {
  type: 'heading_close',
  tag: 'h2',
  attrs: null,
  map: null,
  nesting: -1,
  level: 0,
  children: null,
  content: '',
  markup: '##',
  info: '',
  meta: null,
  block: true,
  hidden: false
}
Token {
  type: 'bullet_list_open',
  tag: 'ul',
  attrs: null,
  map: [ 9, 12 ],
  nesting: 1,
  level: 0,
  children: null,
  content: '',
  markup: '-',
  info: '',
  meta: null,
  block: true,
  hidden: false
}
Token {
  type: 'list_item_open',
  tag: 'li',
  attrs: null,
  map: [ 9, 10 ],
  nesting: 1,
  level: 1,
  children: null,
  content: '',
  markup: '-',
  info: '',
  meta: null,
  block: true,
  hidden: false
}
Token {
  type: 'paragraph_open',
  tag: 'p',
  attrs: null,
  map: [ 9, 10 ],
  nesting: 1,
  level: 2,
  children: null,
  content: '',
  markup: '',
  info: '',
  meta: null,
  block: true,
  hidden: true
}
Token {
  type: 'inline',
  tag: '',
  attrs: null,
  map: [ 9, 10 ],
  nesting: 0,
  level: 3,
  children: [
    Token {
      type: 'text',
      tag: '',
      attrs: null,
      map: null,
      nesting: 0,
      level: 0,
      children: null,
      content: '本站点基于 `` 搭建，用以记录一些学习笔记和技术分享。',
      markup: '',
      info: '',
      meta: null,
      block: false,
      hidden: false
    }
  ],
  content: '本站点基于 `` 搭建，用以记录一些学习笔记和技术分享。',
  markup: '',
  info: '',
  meta: null,
  block: true,
  hidden: false
}
Token {
  type: 'paragraph_close',
  tag: 'p',
  attrs: null,
  map: null,
  nesting: -1,
  level: 2,
  children: null,
  content: '',
  markup: '',
  info: '',
  meta: null,
  block: true,
  hidden: true
}
Token {
  type: 'list_item_close',
  tag: 'li',
  attrs: null,
  map: null,
  nesting: -1,
  level: 1,
  children: null,
  content: '',
  markup: '-',
  info: '',
  meta: null,
  block: true,
  hidden: false
}
Token {
  type: 'list_item_open',
  tag: 'li',
  attrs: null,
  map: [ 10, 12 ],
  nesting: 1,
  level: 1,
  children: null,
  content: '',
  markup: '-',
  info: '',
  meta: null,
  block: true,
  hidden: false
}
Token {
  type: 'paragraph_open',
  tag: 'p',
  attrs: null,
  map: [ 10, 11 ],
  nesting: 1,
  level: 2,
  children: null,
  content: '',
  markup: '',
  info: '',
  meta: null,
  block: true,
  hidden: true
}
Token {
  type: 'inline',
  tag: '',
  attrs: null,
  map: [ 10, 11 ],
  nesting: 0,
  level: 3,
  children: [
    Token {
      type: 'text',
      tag: '',
      attrs: null,
      map: null,
      nesting: 0,
      level: 0,
      children: null,
      content: '欢迎 ',
      markup: '',
      info: '',
      meta: null,
      block: false,
      hidden: false
    },
    Token {
      type: 'code_inline',
      tag: 'code',
      attrs: null,
      map: null,
      nesting: 0,
      level: 0,
      children: null,
      content: 'star',
      markup: '`',
      info: '',
      meta: null,
      block: false,
      hidden: false
    },
    Token {
      type: 'text',
      tag: '',
      attrs: null,
      map: null,
      nesting: 0,
      level: 0,
      children: null,
      content: ' 和 ',
      markup: '',
      info: '',
      meta: null,
      block: false,
      hidden: false
    },
    Token {
      type: 'code_inline',
      tag: 'code',
      attrs: null,
      map: null,
      nesting: 0,
      level: 0,
      children: null,
      content: 'fork',
      markup: '`',
      info: '',
      meta: null,
      block: false,
      hidden: false
    },
    Token {
      type: 'text',
      tag: '',
      attrs: null,
      map: null,
      nesting: 0,
      level: 0,
      children: null,
      content: ' 本项目，也欢迎提出 ',
      markup: '',
      info: '',
      meta: null,
      block: false,
      hidden: false
    },
    Token {
      type: 'code_inline',
      tag: 'code',
      attrs: null,
      map: null,
      nesting: 0,
      level: 0,
      children: null,
      content: 'issue',
      markup: '`',
      info: '',
      meta: null,
      block: false,
      hidden: false
    },
    Token {
      type: 'text',
      tag: '',
      attrs: null,
      map: null,
      nesting: 0,
      level: 0,
      children: null,
      content: ' 和 ',
      markup: '',
      info: '',
      meta: null,
      block: false,
      hidden: false
    },
    Token {
      type: 'code_inline',
      tag: 'code',
      attrs: null,
      map: null,
      nesting: 0,
      level: 0,
      children: null,
      content: 'pr',
      markup: '`',
      info: '',
      meta: null,
      block: false,
      hidden: false
    },
    Token {
      type: 'text',
      tag: '',
      attrs: null,
      map: null,
      nesting: 0,
      level: 0,
      children: null,
      content: '。',
      markup: '',
      info: '',
      meta: null,
      block: false,
      hidden: false
    }
  ],
  content: '欢迎 `star` 和 `fork` 本项目，也欢迎提出 `issue` 和 `pr`。',
  markup: '',
  info: '',
  meta: null,
  block: true,
  hidden: false
}
Token {
  type: 'paragraph_close',
  tag: 'p',
  attrs: null,
  map: null,
  nesting: -1,
  level: 2,
  children: null,
  content: '',
  markup: '',
  info: '',
  meta: null,
  block: true,
  hidden: true
}
Token {
  type: 'list_item_close',
  tag: 'li',
  attrs: null,
  map: null,
  nesting: -1,
  level: 1,
  children: null,
  content: '',
  markup: '-',
  info: '',
  meta: null,
  block: true,
  hidden: false
}
Token {
  type: 'bullet_list_close',
  tag: 'ul',
  attrs: null,
  map: null,
  nesting: -1,
  level: 0,
  children: null,
  content: '',
  markup: '-',
  info: '',
  meta: null,
  block: true,
  hidden: false
}
Token {
  type: 'heading_open',
  tag: 'h2',
  attrs: null,
  map: [ 12, 13 ],
  nesting: 1,
  level: 0,
  children: null,
  content: '',
  markup: '##',
  info: '',
  meta: null,
  block: true,
  hidden: false
}
Token {
  type: 'inline',
  tag: '',
  attrs: null,
  map: [ 12, 13 ],
  nesting: 0,
  level: 1,
  children: [
    Token {
      type: 'text',
      tag: '',
      attrs: null,
      map: null,
      nesting: 0,
      level: 0,
      children: null,
      content: 'About me',
      markup: '',
      info: '',
      meta: null,
      block: false,
      hidden: false
    }
  ],
  content: 'About me',
  markup: '',
  info: '',
  meta: null,
  block: true,
  hidden: false
}
Token {
  type: 'heading_close',
  tag: 'h2',
  attrs: null,
  map: null,
  nesting: -1,
  level: 0,
  children: null,
  content: '',
  markup: '##',
  info: '',
  meta: null,
  block: true,
  hidden: false
}
Token {
  type: 'hr',
  tag: 'hr',
  attrs: null,
  map: [ 14, 15 ],
  nesting: 0,
  level: 0,
  children: null,
  content: '',
  markup: '---',
  info: '',
  meta: null,
  block: true,
  hidden: false
}
Token {
  type: 'bullet_list_open',
  tag: 'ul',
  attrs: null,
  map: [ 16, 21 ],
  nesting: 1,
  level: 0,
  children: null,
  content: '',
  markup: '-',
  info: '',
  meta: null,
  block: true,
  hidden: false
}
Token {
  type: 'list_item_open',
  tag: 'li',
  attrs: null,
  map: [ 16, 17 ],
  nesting: 1,
  level: 1,
  children: null,
  content: '',
  markup: '-',
  info: '',
  meta: null,
  block: true,
  hidden: false
}
Token {
  type: 'paragraph_open',
  tag: 'p',
  attrs: null,
  map: [ 16, 17 ],
  nesting: 1,
  level: 2,
  children: null,
  content: '',
  markup: '',
  info: '',
  meta: null,
  block: true,
  hidden: true
}
Token {
  type: 'inline',
  tag: '',
  attrs: null,
  map: [ 16, 17 ],
  nesting: 0,
  level: 3,
  children: [
    Token {
      type: 'text',
      tag: '',
      attrs: null,
      map: null,
      nesting: 0,
      level: 0,
      children: null,
      content: "👋 Hi, I'm [ your name ]",
      markup: '',
      info: '',
      meta: null,
      block: false,
      hidden: false
    }
  ],
  content: "👋 Hi, I'm [ your name ]",
  markup: '',
  info: '',
  meta: null,
  block: true,
  hidden: false
}
Token {
  type: 'paragraph_close',
  tag: 'p',
  attrs: null,
  map: null,
  nesting: -1,
  level: 2,
  children: null,
  content: '',
  markup: '',
  info: '',
  meta: null,
  block: true,
  hidden: true
}
Token {
  type: 'list_item_close',
  tag: 'li',
  attrs: null,
  map: null,
  nesting: -1,
  level: 1,
  children: null,
  content: '',
  markup: '-',
  info: '',
  meta: null,
  block: true,
  hidden: false
}
Token {
  type: 'list_item_open',
  tag: 'li',
  attrs: null,
  map: [ 17, 18 ],
  nesting: 1,
  level: 1,
  children: null,
  content: '',
  markup: '-',
  info: '',
  meta: null,
  block: true,
  hidden: false
}
Token {
  type: 'paragraph_open',
  tag: 'p',
  attrs: null,
  map: [ 17, 18 ],
  nesting: 1,
  level: 2,
  children: null,
  content: '',
  markup: '',
  info: '',
  meta: null,
  block: true,
  hidden: true
}
Token {
  type: 'inline',
  tag: '',
  attrs: null,
  map: [ 17, 18 ],
  nesting: 0,
  level: 3,
  children: [
    Token {
      type: 'text',
      tag: '',
      attrs: null,
      map: null,
      nesting: 0,
      level: 0,
      children: null,
      content: "🚀️ I'm currently working as [ your position ]",
      markup: '',
      info: '',
      meta: null,
      block: false,
      hidden: false
    }
  ],
  content: "🚀️ I'm currently working as [ your position ]",
  markup: '',
  info: '',
  meta: null,
  block: true,
  hidden: false
}
Token {
  type: 'paragraph_close',
  tag: 'p',
  attrs: null,
  map: null,
  nesting: -1,
  level: 2,
  children: null,
  content: '',
  markup: '',
  info: '',
  meta: null,
  block: true,
  hidden: true
}
Token {
  type: 'list_item_close',
  tag: 'li',
  attrs: null,
  map: null,
  nesting: -1,
  level: 1,
  children: null,
  content: '',
  markup: '-',
  info: '',
  meta: null,
  block: true,
  hidden: false
}
Token {
  type: 'list_item_open',
  tag: 'li',
  attrs: null,
  map: [ 18, 19 ],
  nesting: 1,
  level: 1,
  children: null,
  content: '',
  markup: '-',
  info: '',
  meta: null,
  block: true,
  hidden: false
}
Token {
  type: 'paragraph_open',
  tag: 'p',
  attrs: null,
  map: [ 18, 19 ],
  nesting: 1,
  level: 2,
  children: null,
  content: '',
  markup: '',
  info: '',
  meta: null,
  block: true,
  hidden: true
}
Token {
  type: 'inline',
  tag: '',
  attrs: null,
  map: [ 18, 19 ],
  nesting: 0,
  level: 3,
  children: [
    Token {
      type: 'text',
      tag: '',
      attrs: null,
      map: null,
      nesting: 0,
      level: 0,
      children: null,
      content: '📮️ How to reach me: [your Github](https://github.com)',
      markup: '',
      info: '',
      meta: null,
      block: false,
      hidden: false
    }
  ],
  content: '📮️ How to reach me: [your Github](https://github.com)',
  markup: '',
  info: '',
  meta: null,
  block: true,
  hidden: false
}
Token {
  type: 'paragraph_close',
  tag: 'p',
  attrs: null,
  map: null,
  nesting: -1,
  level: 2,
  children: null,
  content: '',
  markup: '',
  info: '',
  meta: null,
  block: true,
  hidden: true
}
Token {
  type: 'list_item_close',
  tag: 'li',
  attrs: null,
  map: null,
  nesting: -1,
  level: 1,
  children: null,
  content: '',
  markup: '-',
  info: '',
  meta: null,
  block: true,
  hidden: false
}
Token {
  type: 'list_item_open',
  tag: 'li',
  attrs: null,
  map: [ 19, 21 ],
  nesting: 1,
  level: 1,
  children: null,
  content: '',
  markup: '-',
  info: '',
  meta: null,
  block: true,
  hidden: false
}
Token {
  type: 'paragraph_open',
  tag: 'p',
  attrs: null,
  map: [ 19, 20 ],
  nesting: 1,
  level: 2,
  children: null,
  content: '',
  markup: '',
  info: '',
  meta: null,
  block: true,
  hidden: true
}
Token {
  type: 'inline',
  tag: '',
  attrs: null,
  map: [ 19, 20 ],
  nesting: 0,
  level: 3,
  children: [
    Token {
      type: 'text',
      tag: '',
      attrs: null,
      map: null,
      nesting: 0,
      level: 0,
      children: null,
      content: '📖 My motto: [ your motto ]',
      markup: '',
      info: '',
      meta: null,
      block: false,
      hidden: false
    }
  ],
  content: '📖 My motto: [ your motto ]',
  markup: '',
  info: '',
  meta: null,
  block: true,
  hidden: false
}
Token {
  type: 'paragraph_close',
  tag: 'p',
  attrs: null,
  map: null,
  nesting: -1,
  level: 2,
  children: null,
  content: '',
  markup: '',
  info: '',
  meta: null,
  block: true,
  hidden: true
}
Token {
  type: 'list_item_close',
  tag: 'li',
  attrs: null,
  map: null,
  nesting: -1,
  level: 1,
  children: null,
  content: '',
  markup: '-',
  info: '',
  meta: null,
  block: true,
  hidden: false
}
Token {
  type: 'bullet_list_close',
  tag: 'ul',
  attrs: null,
  map: null,
  nesting: -1,
  level: 0,
  children: null,
  content: '',
  markup: '-',
  info: '',
  meta: null,
  block: true,
  hidden: false
}
Token {
  type: 'hr',
  tag: 'hr',
  attrs: null,
  map: [ 21, 22 ],
  nesting: 0,
  level: 0,
  children: null,
  content: '',
  markup: '---',
  info: '',
  meta: null,
  block: true,
  hidden: false
}
Token {
  type: 'blockquote_open',
  tag: 'blockquote',
  attrs: null,
  map: [ 23, 24 ],
  nesting: 1,
  level: 0,
  children: null,
  content: '',
  markup: '>',
  info: '',
  meta: null,
  block: true,
  hidden: false
}
Token {
  type: 'paragraph_open',
  tag: 'p',
  attrs: null,
  map: [ 23, 24 ],
  nesting: 1,
  level: 1,
  children: null,
  content: '',
  markup: '',
  info: '',
  meta: null,
  block: true,
  hidden: false
}
Token {
  type: 'inline',
  tag: '',
  attrs: null,
  map: [ 23, 24 ],
  nesting: 0,
  level: 2,
  children: [
    Token {
      type: 'text',
      tag: '',
      attrs: null,
      map: null,
      nesting: 0,
      level: 0,
      children: null,
      content: '[!tip] 在以下内容当中，挑选您熟悉的 ',
      markup: '',
      info: '',
      meta: null,
      block: false,
      hidden: false
    },
    Token {
      type: 'code_inline',
      tag: 'code',
      attrs: null,
      map: null,
      nesting: 0,
      level: 0,
      children: null,
      content: 'icon',
      markup: '`',
      info: '',
      meta: null,
      block: false,
      hidden: false
    },
    Token {
      type: 'text',
      tag: '',
      attrs: null,
      map: null,
      nesting: 0,
      level: 0,
      children: null,
      content: ' 进行展示',
      markup: '',
      info: '',
      meta: null,
      block: false,
      hidden: false
    }
  ],
  content: '[!tip] 在以下内容当中，挑选您熟悉的 `icon` 进行展示',
  markup: '',
  info: '',
  meta: null,
  block: true,
  hidden: false
}
Token {
  type: 'paragraph_close',
  tag: 'p',
  attrs: null,
  map: null,
  nesting: -1,
  level: 1,
  children: null,
  content: '',
  markup: '',
  info: '',
  meta: null,
  block: true,
  hidden: false
}
Token {
  type: 'blockquote_close',
  tag: 'blockquote',
  attrs: null,
  map: null,
  nesting: -1,
  level: 0,
  children: null,
  content: '',
  markup: '>',
  info: '',
  meta: null,
  block: true,
  hidden: false
}
Token {
  type: 'heading_open',
  tag: 'h3',
  attrs: null,
  map: [ 25, 26 ],
  nesting: 1,
  level: 0,
  children: null,
  content: '',
  markup: '###',
  info: '',
  meta: null,
  block: true,
  hidden: false
}
Token {
  type: 'inline',
  tag: '',
  attrs: null,
  map: [ 25, 26 ],
  nesting: 0,
  level: 1,
  children: [
    Token {
      type: 'text',
      tag: '',
      attrs: null,
      map: null,
      nesting: 0,
      level: 0,
      children: null,
      content: '后端',
      markup: '',
      info: '',
      meta: null,
      block: false,
      hidden: false
    }
  ],
  content: '后端',
  markup: '',
  info: '',
  meta: null,
  block: true,
  hidden: false
}
Token {
  type: 'heading_close',
  tag: 'h3',
  attrs: null,
  map: null,
  nesting: -1,
  level: 0,
  children: null,
  content: '',
  markup: '###',
  info: '',
  meta: null,
  block: true,
  hidden: false
}
Token {
  type: 'paragraph_open',
  tag: 'p',
  attrs: null,
  map: [ 27, 61 ],
  nesting: 1,
  level: 0,
  children: null,
  content: '',
  markup: '',
  info: '',
  meta: null,
  block: true,
  hidden: false
}
Token {
  type: 'inline',
  tag: '',
  attrs: null,
  map: [ 27, 61 ],
  nesting: 0,
  level: 1,
  children: [
    Token {
      type: 'text',
      tag: '',
      attrs: null,
      map: null,
      nesting: 0,
      level: 0,
      children: null,
      content: '<p>',
      markup: '',
      info: '',
      meta: null,
      block: false,
      hidden: false
    },
    Token {
      type: 'softbreak',
      tag: 'br',
      attrs: null,
      map: null,
      nesting: 0,
      level: 0,
      children: null,
      content: '',
      markup: '',
      info: '',
      meta: null,
      block: false,
      hidden: false
    },
    Token {
      type: 'text',
      tag: '',
      attrs: null,
      map: null,
      nesting: 0,
      level: 0,
      children: null,
      content: '<img src="https://img.shields.io/badge/-Go-DCDCDC?logo=Go&logoColor=00ADD8" alt="Go" style="display: inline-block;" /> ',
      markup: '&nbsp;',
      info: 'entity',
      meta: null,
      block: false,
      hidden: false
    },
    Token {
      type: 'softbreak',
      tag: 'br',
      attrs: null,
      map: null,
      nesting: 0,
      level: 0,
      children: null,
      content: '',
      markup: '',
      info: '',
      meta: null,
      block: false,
      hidden: false
    },
    Token {
      type: 'text',
      tag: '',
      attrs: null,
      map: null,
      nesting: 0,
      level: 0,
      children: null,
      content: '<img src="https://img.shields.io/badge/-MySQL-4479A1?logo=MySQL&logoColor=FFF" alt="MySQL" style="display: inline-block;" /> ',
      markup: '&nbsp;',
      info: 'entity',
      meta: null,
      block: false,
      hidden: false
    },
    Token {
      type: 'softbreak',
      tag: 'br',
      attrs: null,
      map: null,
      nesting: 0,
      level: 0,
      children: null,
      content: '',
      markup: '',
      info: '',
      meta: null,
      block: false,
      hidden: false
    },
    Token {
      type: 'text',
      tag: '',
      attrs: null,
      map: null,
      nesting: 0,
      level: 0,
      children: null,
      content: '<img src="https://img.shields.io/badge/-Redis-DC382D?logo=Redis&logoColor=FFF" alt="Redis" style="display: inline-block;" /> ',
      markup: '&nbsp;',
      info: 'entity',
      meta: null,
      block: false,
      hidden: false
    },
    Token {
      type: 'softbreak',
      tag: 'br',
      attrs: null,
      map: null,
      nesting: 0,
      level: 0,
      children: null,
      content: '',
      markup: '',
      info: '',
      meta: null,
      block: false,
      hidden: false
    },
    Token {
      type: 'text',
      tag: '',
      attrs: null,
      map: null,
      nesting: 0,
      level: 0,
      children: null,
      content: '<img src="https://img.shields.io/badge/-MongoDB-47A248?logo=MongoDB&logoColor=FFF" alt="MongoDB" style="display: inline-block;" /> ',
      markup: '&nbsp;',
      info: 'entity',
      meta: null,
      block: false,
      hidden: false
    },
    Token {
      type: 'softbreak',
      tag: 'br',
      attrs: null,
      map: null,
      nesting: 0,
      level: 0,
      children: null,
      content: '',
      markup: '',
      info: '',
      meta: null,
      block: false,
      hidden: false
    },
    Token {
      type: 'text',
      tag: '',
      attrs: null,
      map: null,
      nesting: 0,
      level: 0,
      children: null,
      content: '<img src="https://img.shields.io/badge/-ElasticSearch-005571?logo=ElasticSearch&logoColor=FFF" alt="ElasticSearch" style="display: inline-block;" /> ',
      markup: '&nbsp;',
      info: 'entity',
      meta: null,
      block: false,
      hidden: false
    },
    Token {
      type: 'softbreak',
      tag: 'br',
      attrs: null,
      map: null,
      nesting: 0,
      level: 0,
      children: null,
      content: '',
      markup: '',
      info: '',
      meta: null,
      block: false,
      hidden: false
    },
    Token {
      type: 'text',
      tag: '',
      attrs: null,
      map: null,
      nesting: 0,
      level: 0,
      children: null,
      content: '<img src="https://img.shields.io/badge/-Logstash-A9A9A9?logo=Logstash&logoColor=005571" alt="Logstash" style="display: inline-block;" /> ',
      markup: '&nbsp;',
      info: 'entity',
      meta: null,
      block: false,
      hidden: false
    },
    Token {
      type: 'softbreak',
      tag: 'br',
      attrs: null,
      map: null,
      nesting: 0,
      level: 0,
      children: null,
      content: '',
      markup: '',
      info: '',
      meta: null,
      block: false,
      hidden: false
    },
    Token {
      type: 'text',
      tag: '',
      attrs: null,
      map: null,
      nesting: 0,
      level: 0,
      children: null,
      content: '<img src="https://img.shields.io/badge/-Kibana-A9A9A9?logo=Kibana&logoColor=005571" alt="Kibana" style="display: inline-block;" /> ',
      markup: '&nbsp;',
      info: 'entity',
      meta: null,
      block: false,
      hidden: false
    },
    Token {
      type: 'softbreak',
      tag: 'br',
      attrs: null,
      map: null,
      nesting: 0,
      level: 0,
      children: null,
      content: '',
      markup: '',
      info: '',
      meta: null,
      block: false,
      hidden: false
    },
    Token {
      type: 'text',
      tag: '',
      attrs: null,
      map: null,
      nesting: 0,
      level: 0,
      children: null,
      content: '<img src="https://img.shields.io/badge/-JWT-000?logo=JSON-Web-Tokens&logoColor=FFF" alt="JWT" style="display: inline-block;" /> ',
      markup: '&nbsp;',
      info: 'entity',
      meta: null,
      block: false,
      hidden: false
    },
    Token {
      type: 'softbreak',
      tag: 'br',
      attrs: null,
      map: null,
      nesting: 0,
      level: 0,
      children: null,
      content: '',
      markup: '',
      info: '',
      meta: null,
      block: false,
      hidden: false
    },
    Token {
      type: 'text',
      tag: '',
      attrs: null,
      map: null,
      nesting: 0,
      level: 0,
      children: null,
      content: '<img src="https://img.shields.io/badge/-JSON-000?logo=JSON&logoColor=FFF" alt="JSON" style="display: inline-block;" /> ',
      markup: '&nbsp;',
      info: 'entity',
      meta: null,
      block: false,
      hidden: false
    },
    Token {
      type: 'softbreak',
      tag: 'br',
      attrs: null,
      map: null,
      nesting: 0,
      level: 0,
      children: null,
      content: '',
      markup: '',
      info: '',
      meta: null,
      block: false,
      hidden: false
    },
    Token {
      type: 'text',
      tag: '',
      attrs: null,
      map: null,
      nesting: 0,
      level: 0,
      children: null,
      content: '<img src="https://img.shields.io/badge/-Node.js-D3D3D3?logo=Node.js&logoColor=339933" alt="Node.js" style="display: inline-block;" /> ',
      markup: '&nbsp;',
      info: 'entity',
      meta: null,
      block: false,
      hidden: false
    },
    Token {
      type: 'softbreak',
      tag: 'br',
      attrs: null,
      map: null,
      nesting: 0,
      level: 0,
      children: null,
      content: '',
      markup: '',
      info: '',
      meta: null,
      block: false,
      hidden: false
    },
    Token {
      type: 'text',
      tag: '',
      attrs: null,
      map: null,
      nesting: 0,
      level: 0,
      children: null,
      content: '<img src="https://img.shields.io/badge/-Python-A9A9A9?logo=Python&logoColor=3776AB" alt="Python" style="display: inline-block;" /> ',
      markup: '&nbsp;',
      info: 'entity',
      meta: null,
      block: false,
      hidden: false
    },
    Token {
      type: 'softbreak',
      tag: 'br',
      attrs: null,
      map: null,
      nesting: 0,
      level: 0,
      children: null,
      content: '',
      markup: '',
      info: '',
      meta: null,
      block: false,
      hidden: false
    },
    Token {
      type: 'text',
      tag: '',
      attrs: null,
      map: null,
      nesting: 0,
      level: 0,
      children: null,
      content: '<img src="https://img.shields.io/badge/-Spring-6DB33F?logo=Spring&logoColor=FFF" alt="Spring" style="display: inline-block;" /> ',
      markup: '&nbsp;',
      info: 'entity',
      meta: null,
      block: false,
      hidden: false
    },
    Token {
      type: 'softbreak',
      tag: 'br',
      attrs: null,
      map: null,
      nesting: 0,
      level: 0,
      children: null,
      content: '',
      markup: '',
      info: '',
      meta: null,
      block: false,
      hidden: false
    },
    Token {
      type: 'text',
      tag: '',
      attrs: null,
      map: null,
      nesting: 0,
      level: 0,
      children: null,
      content: '<img src="https://img.shields.io/badge/-Spring%20Boot-6DB33F?logo=Spring-Boot&logoColor=FFF" alt="Spring Boot" style="display: inline-block;" /> ',
      markup: '&nbsp;',
      info: 'entity',
      meta: null,
      block: false,
      hidden: false
    },
    Token {
      type: 'softbreak',
      tag: 'br',
      attrs: null,
      map: null,
      nesting: 0,
      level: 0,
      children: null,
      content: '',
      markup: '',
      info: '',
      meta: null,
      block: false,
      hidden: false
    },
    Token {
      type: 'text',
      tag: '',
      attrs: null,
      map: null,
      nesting: 0,
      level: 0,
      children: null,
      content: '<img src="https://img.shields.io/badge/-MariaDB-A9A9A9?logo=MariaDB&logoColor=003545" alt="MariaDB" style="display: inline-block;" /> ',
      markup: '&nbsp;',
      info: 'entity',
      meta: null,
      block: false,
      hidden: false
    },
    Token {
      type: 'softbreak',
      tag: 'br',
      attrs: null,
      map: null,
      nesting: 0,
      level: 0,
      children: null,
      content: '',
      markup: '',
      info: '',
      meta: null,
      block: false,
      hidden: false
    },
    Token {
      type: 'text',
      tag: '',
      attrs: null,
      map: null,
      nesting: 0,
      level: 0,
      children: null,
      content: '<img src="https://img.shields.io/badge/-PostgreSQL-C0C0C0?logo=PostgreSQL&logoColor=4169E1" alt="PostgreSQL" style="display: inline-block;" /> ',
      markup: '&nbsp;',
      info: 'entity',
      meta: null,
      block: false,
      hidden: false
    },
    Token {
      type: 'softbreak',
      tag: 'br',
      attrs: null,
      map: null,
      nesting: 0,
      level: 0,
      children: null,
      content: '',
      markup: '',
      info: '',
      meta: null,
      block: false,
      hidden: false
    },
    Token {
      type: 'text',
      tag: '',
      attrs: null,
      map: null,
      nesting: 0,
      level: 0,
      children: null,
      content: '<img src="https://img.shields.io/badge/-Oracle-C0C0C0?logo=Oracle&logoColor=F80000" alt="Oracle" style="display: inline-block;" /> ',
      markup: '&nbsp;',
      info: 'entity',
      meta: null,
      block: false,
      hidden: false
    },
    Token {
      type: 'softbreak',
      tag: 'br',
      attrs: null,
      map: null,
      nesting: 0,
      level: 0,
      children: null,
      content: '',
      markup: '',
      info: '',
      meta: null,
      block: false,
      hidden: false
    },
    Token {
      type: 'text',
      tag: '',
      attrs: null,
      map: null,
      nesting: 0,
      level: 0,
      children: null,
      content: '<img src="https://img.shields.io/badge/-Microsoft%20SQL%20Server-D3D3D3?logo=Microsoft-SQL-Server&logoColor=CC2927" alt="Microsoft SQL Server" style="display: inline-block;" /> ',
      markup: '&nbsp;',
      info: 'entity',
      meta: null,
      block: false,
      hidden: false
    },
    Token {
      type: 'softbreak',
      tag: 'br',
      attrs: null,
      map: null,
      nesting: 0,
      level: 0,
      children: null,
      content: '',
      markup: '',
      info: '',
      meta: null,
      block: false,
      hidden: false
    },
    Token {
      type: 'text',
      tag: '',
      attrs: null,
      map: null,
      nesting: 0,
      level: 0,
      children: null,
      content: '<img src="https://img.shields.io/badge/-RabbitMQ-FF6600?logo=RabbitMQ&logoColor=FFF" alt="RabbitMQ" style="display: inline-block;" /> ',
      markup: '&nbsp;',
      info: 'entity',
      meta: null,
      block: false,
      hidden: false
    },
    Token {
      type: 'softbreak',
      tag: 'br',
      attrs: null,
      map: null,
      nesting: 0,
      level: 0,
      children: null,
      content: '',
      markup: '',
      info: '',
      meta: null,
      block: false,
      hidden: false
    },
    Token {
      type: 'text',
      tag: '',
      attrs: null,
      map: null,
      nesting: 0,
      level: 0,
      children: null,
      content: '<img src="https://img.shields.io/badge/-Solr-D9411E?logo=Apache-Solr&logoColor=FFF" alt="Solr" style="display: inline-block;" /> ',
      markup: '&nbsp;',
      info: 'entity',
      meta: null,
      block: false,
      hidden: false
    },
    Token {
      type: 'softbreak',
      tag: 'br',
      attrs: null,
      map: null,
      nesting: 0,
      level: 0,
      children: null,
      content: '',
      markup: '',
      info: '',
      meta: null,
      block: false,
      hidden: false
    },
    Token {
      type: 'text',
      tag: '',
      attrs: null,
      map: null,
      nesting: 0,
      level: 0,
      children: null,
      content: '<img src="https://img.shields.io/badge/-Kafka-C0C0C0?logo=Apache-Kafka&logoColor=231F20" alt="Kafka" style="display: inline-block;" /> ',
      markup: '&nbsp;',
      info: 'entity',
      meta: null,
      block: false,
      hidden: false
    },
    Token {
      type: 'softbreak',
      tag: 'br',
      attrs: null,
      map: null,
      nesting: 0,
      level: 0,
      children: null,
      content: '',
      markup: '',
      info: '',
      meta: null,
      block: false,
      hidden: false
    },
    Token {
      type: 'text',
      tag: '',
      attrs: null,
      map: null,
      nesting: 0,
      level: 0,
      children: null,
      content: '<img src="https://img.shields.io/badge/-Consul-F24C53?logo=Consul&logoColor=FFF" alt="Consul" style="display: inline-block;" /> ',
      markup: '&nbsp;',
      info: 'entity',
      meta: null,
      block: false,
      hidden: false
    },
    Token {
      type: 'softbreak',
      tag: 'br',
      attrs: null,
      map: null,
      nesting: 0,
      level: 0,
      children: null,
      content: '',
      markup: '',
      info: '',
      meta: null,
      block: false,
      hidden: false
    },
    Token {
      type: 'text',
      tag: '',
      attrs: null,
      map: null,
      nesting: 0,
      level: 0,
      children: null,
      content: '<img src="https://img.shields.io/badge/-Tomcat-F8DC75?logo=Apache-Tomcat&logoColor=000" alt="Tomcat" style="display: inline-block;" /> ',
      markup: '&nbsp;',
      info: 'entity',
      meta: null,
      block: false,
      hidden: false
    },
    Token {
      type: 'softbreak',
      tag: 'br',
      attrs: null,
      map: null,
      nesting: 0,
      level: 0,
      children: null,
      content: '',
      markup: '',
      info: '',
      meta: null,
      block: false,
      hidden: false
    },
    Token {
      type: 'text',
      tag: '',
      attrs: null,
      map: null,
      nesting: 0,
      level: 0,
      children: null,
      content: '<img src="https://img.shields.io/badge/-JUnit5-25A162?logo=JUnit5&logoColor=FFF" alt="JUnit5" style="display: inline-block;" /> ',
      markup: '&nbsp;',
      info: 'entity',
      meta: null,
      block: false,
      hidden: false
    },
    Token {
      type: 'softbreak',
      tag: 'br',
      attrs: null,
      map: null,
      nesting: 0,
      level: 0,
      children: null,
      content: '',
      markup: '',
      info: '',
      meta: null,
      block: false,
      hidden: false
    },
    Token {
      type: 'text',
      tag: '',
      attrs: null,
      map: null,
      nesting: 0,
      level: 0,
      children: null,
      content: '<img src="https://img.shields.io/badge/-Liquibase-2962FF?logo=Liquibase&logoColor=FFF" alt="Liquibase" style="display: inline-block;" /> ',
      markup: '&nbsp;',
      info: 'entity',
      meta: null,
      block: false,
      hidden: false
    },
    Token {
      type: 'softbreak',
      tag: 'br',
      attrs: null,
      map: null,
      nesting: 0,
      level: 0,
      children: null,
      content: '',
      markup: '',
      info: '',
      meta: null,
      block: false,
      hidden: false
    },
    Token {
      type: 'text',
      tag: '',
      attrs: null,
      map: null,
      nesting: 0,
      level: 0,
      children: null,
      content: '<img src="https://img.shields.io/badge/-Maven-C71A36?logo=Apache-Maven&logoColor=FFF" alt="Maven" style="display: inline-block;" /> ',
      markup: '&nbsp;',
      info: 'entity',
      meta: null,
      block: false,
      hidden: false
    },
    Token {
      type: 'softbreak',
      tag: 'br',
      attrs: null,
      map: null,
      nesting: 0,
      level: 0,
      children: null,
      content: '',
      markup: '',
      info: '',
      meta: null,
      block: false,
      hidden: false
    },
    Token {
      type: 'text',
      tag: '',
      attrs: null,
      map: null,
      nesting: 0,
      level: 0,
      children: null,
      content: '<img src="https://img.shields.io/badge/-Gradle-D3D3D3?logo=Gradle&logoColor=02303A" alt="Gradle" style="display: inline-block;" /> ',
      markup: '&nbsp;',
      info: 'entity',
      meta: null,
      block: false,
      hidden: false
    },
    Token {
      type: 'softbreak',
      tag: 'br',
      attrs: null,
      map: null,
      nesting: 0,
      level: 0,
      children: null,
      content: '',
      markup: '',
      info: '',
      meta: null,
      block: false,
      hidden: false
    },
    Token {
      type: 'text',
      tag: '',
      attrs: null,
      map: null,
      nesting: 0,
      level: 0,
      children: null,
      content: '<img src="https://img.shields.io/badge/-Spring%20Security-6DB33F?logo=Spring-Security&logoColor=FFF" alt="Spring Security" style="display: inline-block;" /> ',
      markup: '&nbsp;',
      info: 'entity',
      meta: null,
      block: false,
      hidden: false
    },
    Token {
      type: 'softbreak',
      tag: 'br',
      attrs: null,
      map: null,
      nesting: 0,
      level: 0,
      children: null,
      content: '',
      markup: '',
      info: '',
      meta: null,
      block: false,
      hidden: false
    },
    Token {
      type: 'text',
      tag: '',
      attrs: null,
      map: null,
      nesting: 0,
      level: 0,
      children: null,
      content: '<img src="https://img.shields.io/badge/-Hibernate-59666C?logo=Hibernate&logoColor=FFF" alt="Hibernate" style="display: inline-block;" /> ',
      markup: '&nbsp;',
      info: 'entity',
      meta: null,
      block: false,
      hidden: false
    },
    Token {
      type: 'softbreak',
      tag: 'br',
      attrs: null,
      map: null,
      nesting: 0,
      level: 0,
      children: null,
      content: '',
      markup: '',
      info: '',
      meta: null,
      block: false,
      hidden: false
    },
    Token {
      type: 'text',
      tag: '',
      attrs: null,
      map: null,
      nesting: 0,
      level: 0,
      children: null,
      content: '<img src="https://img.shields.io/badge/-Java-F78C40?logo=OpenJDK&logoColor=FFF" alt="Java" style="display: inline-block;" /> ',
      markup: '&nbsp;',
      info: 'entity',
      meta: null,
      block: false,
      hidden: false
    },
    Token {
      type: 'softbreak',
      tag: 'br',
      attrs: null,
      map: null,
      nesting: 0,
      level: 0,
      children: null,
      content: '',
      markup: '',
      info: '',
      meta: null,
      block: false,
      hidden: false
    },
    Token {
      type: 'text',
      tag: '',
      attrs: null,
      map: null,
      nesting: 0,
      level: 0,
      children: null,
      content: '<img src="https://img.shields.io/badge/-Android-C0C0C0?logo=Android&logoColor=3DDC84" alt="Android" style="display: inline-block;" /> ',
      markup: '&nbsp;',
      info: 'entity',
      meta: null,
      block: false,
      hidden: false
    },
    Token {
      type: 'softbreak',
      tag: 'br',
      attrs: null,
      map: null,
      nesting: 0,
      level: 0,
      children: null,
      content: '',
      markup: '',
      info: '',
      meta: null,
      block: false,
      hidden: false
    },
    Token {
      type: 'text',
      tag: '',
      attrs: null,
      map: null,
      nesting: 0,
      level: 0,
      children: null,
      content: '<img src="https://img.shields.io/badge/-GraphQL-FFF?logo=GraphQL&logoColor=E10098" alt="GraphQL" style="display: inline-block;" /> ',
      markup: '&nbsp;',
      info: 'entity',
      meta: null,
      block: false,
      hidden: false
    },
    Token {
      type: 'softbreak',
      tag: 'br',
      attrs: null,
      map: null,
      nesting: 0,
      level: 0,
      children: null,
      content: '',
      markup: '',
      info: '',
      meta: null,
      block: false,
      hidden: false
    },
    Token {
      type: 'text',
      tag: '',
      attrs: null,
      map: null,
      nesting: 0,
      level: 0,
      children: null,
      content: '<img src="https://img.shields.io/badge/-Node.js-D3D3D3?logo=Node.js&logoColor=339933" alt="Node.js" style="display: inline-block;" /> ',
      markup: '&nbsp;',
      info: 'entity',
      meta: null,
      block: false,
      hidden: false
    },
    Token {
      type: 'softbreak',
      tag: 'br',
      attrs: null,
      map: null,
      nesting: 0,
      level: 0,
      children: null,
      content: '',
      markup: '',
      info: '',
      meta: null,
      block: false,
      hidden: false
    },
    Token {
      type: 'text',
      tag: '',
      attrs: null,
      map: null,
      nesting: 0,
      level: 0,
      children: null,
      content: '</p>',
      markup: '',
      info: '',
      meta: null,
      block: false,
      hidden: false
    }
  ],
  content: '<p>\n' +
    '  <img src="https://img.shields.io/badge/-Go-DCDCDC?logo=Go&logoColor=00ADD8" alt="Go" style="display: inline-block;" />&nbsp;\n' +
    '  <img src="https://img.shields.io/badge/-MySQL-4479A1?logo=MySQL&logoColor=FFF" alt="MySQL" style="display: inline-block;" />&nbsp;\n' +
    '  <img src="https://img.shields.io/badge/-Redis-DC382D?logo=Redis&logoColor=FFF" alt="Redis" style="display: inline-block;" />&nbsp;\n' +
    '  <img src="https://img.shields.io/badge/-MongoDB-47A248?logo=MongoDB&logoColor=FFF" alt="MongoDB" style="display: inline-block;" />&nbsp;\n' +
    '  <img src="https://img.shields.io/badge/-ElasticSearch-005571?logo=ElasticSearch&logoColor=FFF" alt="ElasticSearch" style="display: inline-block;" />&nbsp;\n' +
    '  <img src="https://img.shields.io/badge/-Logstash-A9A9A9?logo=Logstash&logoColor=005571" alt="Logstash" style="display: inline-block;" />&nbsp;\n' +
    '  <img src="https://img.shields.io/badge/-Kibana-A9A9A9?logo=Kibana&logoColor=005571" alt="Kibana" style="display: inline-block;" />&nbsp;\n' +
    '  <img src="https://img.shields.io/badge/-JWT-000?logo=JSON-Web-Tokens&logoColor=FFF" alt="JWT" style="display: inline-block;" />&nbsp;\n' +
    '  <img src="https://img.shields.io/badge/-JSON-000?logo=JSON&logoColor=FFF" alt="JSON" style="display: inline-block;" />&nbsp;\n' +
    '  <img src="https://img.shields.io/badge/-Node.js-D3D3D3?logo=Node.js&logoColor=339933" alt="Node.js" style="display: inline-block;" />&nbsp;\n' +
    '  <img src="https://img.shields.io/badge/-Python-A9A9A9?logo=Python&logoColor=3776AB" alt="Python" style="display: inline-block;" />&nbsp;\n' +
    '    <img src="https://img.shields.io/badge/-Spring-6DB33F?logo=Spring&logoColor=FFF" alt="Spring" style="display: inline-block;" />&nbsp;\n' +
    '  <img src="https://img.shields.io/badge/-Spring%20Boot-6DB33F?logo=Spring-Boot&logoColor=FFF" alt="Spring Boot" style="display: inline-block;" />&nbsp;\n' +
    '  <img src="https://img.shields.io/badge/-MariaDB-A9A9A9?logo=MariaDB&logoColor=003545" alt="MariaDB" style="display: inline-block;" />&nbsp;\n' +
    '  <img src="https://img.shields.io/badge/-PostgreSQL-C0C0C0?logo=PostgreSQL&logoColor=4169E1" alt="PostgreSQL" style="display: inline-block;" />&nbsp;\n' +
    '  <img src="https://img.shields.io/badge/-Oracle-C0C0C0?logo=Oracle&logoColor=F80000" alt="Oracle" style="display: inline-block;" />&nbsp;\n' +
    '  <img src="https://img.shields.io/badge/-Microsoft%20SQL%20Server-D3D3D3?logo=Microsoft-SQL-Server&logoColor=CC2927" alt="Microsoft SQL Server" style="display: inline-block;" />&nbsp;\n' +
    '  <img src="https://img.shields.io/badge/-RabbitMQ-FF6600?logo=RabbitMQ&logoColor=FFF" alt="RabbitMQ" style="display: inline-block;" />&nbsp;\n' +
    '  <img src="https://img.shields.io/badge/-Solr-D9411E?logo=Apache-Solr&logoColor=FFF" alt="Solr" style="display: inline-block;" />&nbsp;\n' +
    '  <img src="https://img.shields.io/badge/-Kafka-C0C0C0?logo=Apache-Kafka&logoColor=231F20" alt="Kafka" style="display: inline-block;" />&nbsp;\n' +
    '  <img src="https://img.shields.io/badge/-Consul-F24C53?logo=Consul&logoColor=FFF" alt="Consul" style="display: inline-block;" />&nbsp;\n' +
    '  <img src="https://img.shields.io/badge/-Tomcat-F8DC75?logo=Apache-Tomcat&logoColor=000" alt="Tomcat" style="display: inline-block;" />&nbsp;\n' +
    '  <img src="https://img.shields.io/badge/-JUnit5-25A162?logo=JUnit5&logoColor=FFF" alt="JUnit5" style="display: inline-block;" />&nbsp;\n' +
    '  <img src="https://img.shields.io/badge/-Liquibase-2962FF?logo=Liquibase&logoColor=FFF" alt="Liquibase" style="display: inline-block;" />&nbsp;\n' +
    '  <img src="https://img.shields.io/badge/-Maven-C71A36?logo=Apache-Maven&logoColor=FFF" alt="Maven" style="display: inline-block;" />&nbsp;\n' +
    '  <img src="https://img.shields.io/badge/-Gradle-D3D3D3?logo=Gradle&logoColor=02303A" alt="Gradle" style="display: inline-block;" />&nbsp;\n' +
    '  <img src="https://img.shields.io/badge/-Spring%20Security-6DB33F?logo=Spring-Security&logoColor=FFF" alt="Spring Security" style="display: inline-block;" />&nbsp;\n' +
    '  <img src="https://img.shields.io/badge/-Hibernate-59666C?logo=Hibernate&logoColor=FFF" alt="Hibernate" style="display: inline-block;" />&nbsp;\n' +
    '  <img src="https://img.shields.io/badge/-Java-F78C40?logo=OpenJDK&logoColor=FFF" alt="Java" style="display: inline-block;" />&nbsp;\n' +
    '  <img src="https://img.shields.io/badge/-Android-C0C0C0?logo=Android&logoColor=3DDC84" alt="Android" style="display: inline-block;" />&nbsp;\n' +
    '  <img src="https://img.shields.io/badge/-GraphQL-FFF?logo=GraphQL&logoColor=E10098" alt="GraphQL" style="display: inline-block;" />&nbsp;\n' +
    '  <img src="https://img.shields.io/badge/-Node.js-D3D3D3?logo=Node.js&logoColor=339933" alt="Node.js" style="display: inline-block;" />&nbsp;\n' +
    '</p>',
  markup: '',
  info: '',
  meta: null,
  block: true,
  hidden: false
}
Token {
  type: 'paragraph_close',
  tag: 'p',
  attrs: null,
  map: null,
  nesting: -1,
  level: 0,
  children: null,
  content: '',
  markup: '',
  info: '',
  meta: null,
  block: true,
  hidden: false
}
Token {
  type: 'heading_open',
  tag: 'h3',
  attrs: null,
  map: [ 62, 63 ],
  nesting: 1,
  level: 0,
  children: null,
  content: '',
  markup: '###',
  info: '',
  meta: null,
  block: true,
  hidden: false
}
Token {
  type: 'inline',
  tag: '',
  attrs: null,
  map: [ 62, 63 ],
  nesting: 0,
  level: 1,
  children: [
    Token {
      type: 'text',
      tag: '',
      attrs: null,
      map: null,
      nesting: 0,
      level: 0,
      children: null,
      content: '前端',
      markup: '',
      info: '',
      meta: null,
      block: false,
      hidden: false
    }
  ],
  content: '前端',
  markup: '',
  info: '',
  meta: null,
  block: true,
  hidden: false
}
Token {
  type: 'heading_close',
  tag: 'h3',
  attrs: null,
  map: null,
  nesting: -1,
  level: 0,
  children: null,
  content: '',
  markup: '###',
  info: '',
  meta: null,
  block: true,
  hidden: false
}
Token {
  type: 'paragraph_open',
  tag: 'p',
  attrs: null,
  map: [ 64, 82 ],
  nesting: 1,
  level: 0,
  children: null,
  content: '',
  markup: '',
  info: '',
  meta: null,
  block: true,
  hidden: false
}
Token {
  type: 'inline',
  tag: '',
  attrs: null,
  map: [ 64, 82 ],
  nesting: 0,
  level: 1,
  children: [
    Token {
      type: 'text',
      tag: '',
      attrs: null,
      map: null,
      nesting: 0,
      level: 0,
      children: null,
      content: '<p>',
      markup: '',
      info: '',
      meta: null,
      block: false,
      hidden: false
    },
    Token {
      type: 'softbreak',
      tag: 'br',
      attrs: null,
      map: null,
      nesting: 0,
      level: 0,
      children: null,
      content: '',
      markup: '',
      info: '',
      meta: null,
      block: false,
      hidden: false
    },
    Token {
      type: 'text',
      tag: '',
      attrs: null,
      map: null,
      nesting: 0,
      level: 0,
      children: null,
      content: '<img src="https://img.shields.io/badge/-JavaScript-A9A9A9?logo=JavaScript&logoColor=F7DF1E" alt="JavaScript" style="display: inline-block;" /> ',
      markup: '&nbsp;',
      info: 'entity',
      meta: null,
      block: false,
      hidden: false
    },
    Token {
      type: 'softbreak',
      tag: 'br',
      attrs: null,
      map: null,
      nesting: 0,
      level: 0,
      children: null,
      content: '',
      markup: '',
      info: '',
      meta: null,
      block: false,
      hidden: false
    },
    Token {
      type: 'text',
      tag: '',
      attrs: null,
      map: null,
      nesting: 0,
      level: 0,
      children: null,
      content: '<img src="https://img.shields.io/badge/-TypeScript-C0C0C0?logo=TypeScript&logoColor=3178C6" alt="TypeScript" style="display: inline-block;" /> ',
      markup: '&nbsp;',
      info: 'entity',
      meta: null,
      block: false,
      hidden: false
    },
    Token {
      type: 'softbreak',
      tag: 'br',
      attrs: null,
      map: null,
      nesting: 0,
      level: 0,
      children: null,
      content: '',
      markup: '',
      info: '',
      meta: null,
      block: false,
      hidden: false
    },
    Token {
      type: 'text',
      tag: '',
      attrs: null,
      map: null,
      nesting: 0,
      level: 0,
      children: null,
      content: '<img src="https://img.shields.io/badge/-Vue3-C0C0C0?logo=Vue.js&logoColor=4FC08D" alt="Vue3" style="display: inline-block;" /> ',
      markup: '&nbsp;',
      info: 'entity',
      meta: null,
      block: false,
      hidden: false
    },
    Token {
      type: 'softbreak',
      tag: 'br',
      attrs: null,
      map: null,
      nesting: 0,
      level: 0,
      children: null,
      content: '',
      markup: '',
      info: '',
      meta: null,
      block: false,
      hidden: false
    },
    Token {
      type: 'text',
      tag: '',
      attrs: null,
      map: null,
      nesting: 0,
      level: 0,
      children: null,
      content: '<img src="https://img.shields.io/badge/-Vite-D3D3D3?logo=Vite&logoColor=646CFF" alt="Vite" style="display: inline-block;" /> ',
      markup: '&nbsp;',
      info: 'entity',
      meta: null,
      block: false,
      hidden: false
    },
    Token {
      type: 'softbreak',
      tag: 'br',
      attrs: null,
      map: null,
      nesting: 0,
      level: 0,
      children: null,
      content: '',
      markup: '',
      info: '',
      meta: null,
      block: false,
      hidden: false
    },
    Token {
      type: 'text',
      tag: '',
      attrs: null,
      map: null,
      nesting: 0,
      level: 0,
      children: null,
      content: '<img src="https://img.shields.io/badge/-Webpack-D3D3D3?logo=Webpack&logoColor=8DD6F9" alt="Webpack" style="display: inline-block;" /> ',
      markup: '&nbsp;',
      info: 'entity',
      meta: null,
      block: false,
      hidden: false
    },
    Token {
      type: 'softbreak',
      tag: 'br',
      attrs: null,
      map: null,
      nesting: 0,
      level: 0,
      children: null,
      content: '',
      markup: '',
      info: '',
      meta: null,
      block: false,
      hidden: false
    },
    Token {
      type: 'text',
      tag: '',
      attrs: null,
      map: null,
      nesting: 0,
      level: 0,
      children: null,
      content: '<img src="https://img.shields.io/badge/-NPM-C0C0C0?logo=npm&logoColor=CB3837" alt="NPM" style="display: inline-block;" /> ',
      markup: '&nbsp;',
      info: 'entity',
      meta: null,
      block: false,
      hidden: false
    },
    Token {
      type: 'softbreak',
      tag: 'br',
      attrs: null,
      map: null,
      nesting: 0,
      level: 0,
      children: null,
      content: '',
      markup: '',
      info: '',
      meta: null,
      block: false,
      hidden: false
    },
    Token {
      type: 'text',
      tag: '',
      attrs: null,
      map: null,
      nesting: 0,
      level: 0,
      children: null,
      content: '<img src="https://img.shields.io/badge/-Axios-C0C0C0?logo=Axios&logoColor=5A29E4" alt="Axios" style="display: inline-block;" /> ',
      markup: '&nbsp;',
      info: 'entity',
      meta: null,
      block: false,
      hidden: false
    },
    Token {
      type: 'softbreak',
      tag: 'br',
      attrs: null,
      map: null,
      nesting: 0,
      level: 0,
      children: null,
      content: '',
      markup: '',
      info: '',
      meta: null,
      block: false,
      hidden: false
    },
    Token {
      type: 'text',
      tag: '',
      attrs: null,
      map: null,
      nesting: 0,
      level: 0,
      children: null,
      content: '<img src="https://img.shields.io/badge/-ESLint-C0C0C0?logo=ESLint&logoColor=4B32C3" alt="ESLint" style="display: inline-block;" /> ',
      markup: '&nbsp;',
      info: 'entity',
      meta: null,
      block: false,
      hidden: false
    },
    Token {
      type: 'softbreak',
      tag: 'br',
      attrs: null,
      map: null,
      nesting: 0,
      level: 0,
      children: null,
      content: '',
      markup: '',
      info: '',
      meta: null,
      block: false,
      hidden: false
    },
    Token {
      type: 'text',
      tag: '',
      attrs: null,
      map: null,
      nesting: 0,
      level: 0,
      children: null,
      content: '<img src="https://img.shields.io/badge/-ECharts-C0C0C0?logo=Apache-ECharts&logoColor=AA344D" alt="ECharts" style="display: inline-block;" /> ',
      markup: '&nbsp;',
      info: 'entity',
      meta: null,
      block: false,
      hidden: false
    },
    Token {
      type: 'softbreak',
      tag: 'br',
      attrs: null,
      map: null,
      nesting: 0,
      level: 0,
      children: null,
      content: '',
      markup: '',
      info: '',
      meta: null,
      block: false,
      hidden: false
    },
    Token {
      type: 'text',
      tag: '',
      attrs: null,
      map: null,
      nesting: 0,
      level: 0,
      children: null,
      content: '<img src="https://img.shields.io/badge/-HTML5-A9A9A9?logo=HTML5&logoColor=E34F26" alt="HTML5" style="display: inline-block;" /> ',
      markup: '&nbsp;',
      info: 'entity',
      meta: null,
      block: false,
      hidden: false
    },
    Token {
      type: 'softbreak',
      tag: 'br',
      attrs: null,
      map: null,
      nesting: 0,
      level: 0,
      children: null,
      content: '',
      markup: '',
      info: '',
      meta: null,
      block: false,
      hidden: false
    },
    Token {
      type: 'text',
      tag: '',
      attrs: null,
      map: null,
      nesting: 0,
      level: 0,
      children: null,
      content: '<img src="https://img.shields.io/badge/-CSS3-A9A9A9?logo=CSS3&logoColor=1572B6" alt="CSS3" style="display: inline-block;" /> ',
      markup: '&nbsp;',
      info: 'entity',
      meta: null,
      block: false,
      hidden: false
    },
    Token {
      type: 'softbreak',
      tag: 'br',
      attrs: null,
      map: null,
      nesting: 0,
      level: 0,
      children: null,
      content: '',
      markup: '',
      info: '',
      meta: null,
      block: false,
      hidden: false
    },
    Token {
      type: 'text',
      tag: '',
      attrs: null,
      map: null,
      nesting: 0,
      level: 0,
      children: null,
      content: '<img src="https://img.shields.io/badge/-Less-D3D3D3?logo=Less&logoColor=1D365D" alt="Less" style="display: inline-block;" /> ',
      markup: '&nbsp;',
      info: 'entity',
      meta: null,
      block: false,
      hidden: false
    },
    Token {
      type: 'softbreak',
      tag: 'br',
      attrs: null,
      map: null,
      nesting: 0,
      level: 0,
      children: null,
      content: '',
      markup: '',
      info: '',
      meta: null,
      block: false,
      hidden: false
    },
    Token {
      type: 'text',
      tag: '',
      attrs: null,
      map: null,
      nesting: 0,
      level: 0,
      children: null,
      content: '<img src="https://img.shields.io/badge/-Tailwind%20CSS-FFF?logo=Tailwind-CSS&logoColor=06B6D4" alt="Tailwind CSS" style="display: inline-block;" /> ',
      markup: '&nbsp;',
      info: 'entity',
      meta: null,
      block: false,
      hidden: false
    },
    Token {
      type: 'softbreak',
      tag: 'br',
      attrs: null,
      map: null,
      nesting: 0,
      level: 0,
      children: null,
      content: '',
      markup: '',
      info: '',
      meta: null,
      block: false,
      hidden: false
    },
    Token {
      type: 'text',
      tag: '',
      attrs: null,
      map: null,
      nesting: 0,
      level: 0,
      children: null,
      content: '<img src="https://img.shields.io/badge/-Ant%20Design-C0C0C0?logo=Ant-Design&logoColor=0170FE" alt="Ant Design" style="display: inline-block;" /> ',
      markup: '&nbsp;',
      info: 'entity',
      meta: null,
      block: false,
      hidden: false
    },
    Token {
      type: 'softbreak',
      tag: 'br',
      attrs: null,
      map: null,
      nesting: 0,
      level: 0,
      children: null,
      content: '',
      markup: '',
      info: '',
      meta: null,
      block: false,
      hidden: false
    },
    Token {
      type: 'text',
      tag: '',
      attrs: null,
      map: null,
      nesting: 0,
      level: 0,
      children: null,
      content: '<img src="https://img.shields.io/badge/-jQuery-0769AD?logo=jQuery&logoColor=FFF" alt="jQuery" style="display: inline-block;" /> ',
      markup: '&nbsp;',
      info: 'entity',
      meta: null,
      block: false,
      hidden: false
    },
    Token {
      type: 'softbreak',
      tag: 'br',
      attrs: null,
      map: null,
      nesting: 0,
      level: 0,
      children: null,
      content: '',
      markup: '',
      info: '',
      meta: null,
      block: false,
      hidden: false
    },
    Token {
      type: 'text',
      tag: '',
      attrs: null,
      map: null,
      nesting: 0,
      level: 0,
      children: null,
      content: '<img src="https://img.shields.io/badge/-Bootstrap-7952B3?logo=Bootstrap&logoColor=FFF" alt="BootStrap" style="display: inline-block;" /> ',
      markup: '&nbsp;',
      info: 'entity',
      meta: null,
      block: false,
      hidden: false
    },
    Token {
      type: 'softbreak',
      tag: 'br',
      attrs: null,
      map: null,
      nesting: 0,
      level: 0,
      children: null,
      content: '',
      markup: '',
      info: '',
      meta: null,
      block: false,
      hidden: false
    },
    Token {
      type: 'text',
      tag: '',
      attrs: null,
      map: null,
      nesting: 0,
      level: 0,
      children: null,
      content: '</p>',
      markup: '',
      info: '',
      meta: null,
      block: false,
      hidden: false
    }
  ],
  content: '<p>\n' +
    '  <img src="https://img.shields.io/badge/-JavaScript-A9A9A9?logo=JavaScript&logoColor=F7DF1E" alt="JavaScript" style="display: inline-block;" />&nbsp;\n' +
    '  <img src="https://img.shields.io/badge/-TypeScript-C0C0C0?logo=TypeScript&logoColor=3178C6" alt="TypeScript" style="display: inline-block;" />&nbsp;\n' +
    '  <img src="https://img.shields.io/badge/-Vue3-C0C0C0?logo=Vue.js&logoColor=4FC08D" alt="Vue3" style="display: inline-block;" />&nbsp;\n' +
    '  <img src="https://img.shields.io/badge/-Vite-D3D3D3?logo=Vite&logoColor=646CFF" alt="Vite" style="display: inline-block;" />&nbsp;\n' +
    '  <img src="https://img.shields.io/badge/-Webpack-D3D3D3?logo=Webpack&logoColor=8DD6F9" alt="Webpack" style="display: inline-block;" />&nbsp;\n' +
    '  <img src="https://img.shields.io/badge/-NPM-C0C0C0?logo=npm&logoColor=CB3837" alt="NPM" style="display: inline-block;" />&nbsp;\n' +
    '  <img src="https://img.shields.io/badge/-Axios-C0C0C0?logo=Axios&logoColor=5A29E4" alt="Axios" style="display: inline-block;" />&nbsp;\n' +
    '  <img src="https://img.shields.io/badge/-ESLint-C0C0C0?logo=ESLint&logoColor=4B32C3" alt="ESLint" style="display: inline-block;" />&nbsp;\n' +
    '  <img src="https://img.shields.io/badge/-ECharts-C0C0C0?logo=Apache-ECharts&logoColor=AA344D" alt="ECharts" style="display: inline-block;" />&nbsp;\n' +
    '  <img src="https://img.shields.io/badge/-HTML5-A9A9A9?logo=HTML5&logoColor=E34F26" alt="HTML5" style="display: inline-block;" />&nbsp;\n' +
    '  <img src="https://img.shields.io/badge/-CSS3-A9A9A9?logo=CSS3&logoColor=1572B6" alt="CSS3" style="display: inline-block;" />&nbsp;\n' +
    '  <img src="https://img.shields.io/badge/-Less-D3D3D3?logo=Less&logoColor=1D365D" alt="Less" style="display: inline-block;" />&nbsp;\n' +
    '  <img src="https://img.shields.io/badge/-Tailwind%20CSS-FFF?logo=Tailwind-CSS&logoColor=06B6D4" alt="Tailwind CSS" style="display: inline-block;" />&nbsp;\n' +
    '  <img src="https://img.shields.io/badge/-Ant%20Design-C0C0C0?logo=Ant-Design&logoColor=0170FE" alt="Ant Design" style="display: inline-block;" />&nbsp;\n' +
    '  <img src="https://img.shields.io/badge/-jQuery-0769AD?logo=jQuery&logoColor=FFF" alt="jQuery" style="display: inline-block;" />&nbsp;\n' +
    '  <img src="https://img.shields.io/badge/-Bootstrap-7952B3?logo=Bootstrap&logoColor=FFF" alt="BootStrap" style="display: inline-block;" />&nbsp;\n' +
    '</p>',
  markup: '',
  info: '',
  meta: null,
  block: true,
  hidden: false
}
Token {
  type: 'paragraph_close',
  tag: 'p',
  attrs: null,
  map: null,
  nesting: -1,
  level: 0,
  children: null,
  content: '',
  markup: '',
  info: '',
  meta: null,
  block: true,
  hidden: false
}
Token {
  type: 'heading_open',
  tag: 'h3',
  attrs: null,
  map: [ 83, 84 ],
  nesting: 1,
  level: 0,
  children: null,
  content: '',
  markup: '###',
  info: '',
  meta: null,
  block: true,
  hidden: false
}
Token {
  type: 'inline',
  tag: '',
  attrs: null,
  map: [ 83, 84 ],
  nesting: 0,
  level: 1,
  children: [
    Token {
      type: 'text',
      tag: '',
      attrs: null,
      map: null,
      nesting: 0,
      level: 0,
      children: null,
      content: '运维',
      markup: '',
      info: '',
      meta: null,
      block: false,
      hidden: false
    }
  ],
  content: '运维',
  markup: '',
  info: '',
  meta: null,
  block: true,
  hidden: false
}
Token {
  type: 'heading_close',
  tag: 'h3',
  attrs: null,
  map: null,
  nesting: -1,
  level: 0,
  children: null,
  content: '',
  markup: '###',
  info: '',
  meta: null,
  block: true,
  hidden: false
}
Token {
  type: 'paragraph_open',
  tag: 'p',
  attrs: null,
  map: [ 85, 100 ],
  nesting: 1,
  level: 0,
  children: null,
  content: '',
  markup: '',
  info: '',
  meta: null,
  block: true,
  hidden: false
}
Token {
  type: 'inline',
  tag: '',
  attrs: null,
  map: [ 85, 100 ],
  nesting: 0,
  level: 1,
  children: [
    Token {
      type: 'text',
      tag: '',
      attrs: null,
      map: null,
      nesting: 0,
      level: 0,
      children: null,
      content: '<p>',
      markup: '',
      info: '',
      meta: null,
      block: false,
      hidden: false
    },
    Token {
      type: 'softbreak',
      tag: 'br',
      attrs: null,
      map: null,
      nesting: 0,
      level: 0,
      children: null,
      content: '',
      markup: '',
      info: '',
      meta: null,
      block: false,
      hidden: false
    },
    Token {
      type: 'text',
      tag: '',
      attrs: null,
      map: null,
      nesting: 0,
      level: 0,
      children: null,
      content: '<img src="https://img.shields.io/badge/-Git-F05032?logo=Git&logoColor=FFF" alt="Git" style="display: inline-block;" /> ',
      markup: '&nbsp;',
      info: 'entity',
      meta: null,
      block: false,
      hidden: false
    },
    Token {
      type: 'softbreak',
      tag: 'br',
      attrs: null,
      map: null,
      nesting: 0,
      level: 0,
      children: null,
      content: '',
      markup: '',
      info: '',
      meta: null,
      block: false,
      hidden: false
    },
    Token {
      type: 'text',
      tag: '',
      attrs: null,
      map: null,
      nesting: 0,
      level: 0,
      children: null,
      content: '<img src="https://img.shields.io/badge/-GitHub-181717?logo=GitHub&logoColor=FFF" alt="GitHub" style="display: inline-block;" /> ',
      markup: '&nbsp;',
      info: 'entity',
      meta: null,
      block: false,
      hidden: false
    },
    Token {
      type: 'softbreak',
      tag: 'br',
      attrs: null,
      map: null,
      nesting: 0,
      level: 0,
      children: null,
      content: '',
      markup: '',
      info: '',
      meta: null,
      block: false,
      hidden: false
    },
    Token {
      type: 'text',
      tag: '',
      attrs: null,
      map: null,
      nesting: 0,
      level: 0,
      children: null,
      content: '<img src="https://img.shields.io/badge/-GitHub%20Actions-2088FF?logo=GitHub-Actions&logoColor=FFF" alt="GitHub Actions" style="display: inline-block;" /> ',
      markup: '&nbsp;',
      info: 'entity',
      meta: null,
      block: false,
      hidden: false
    },
    Token {
      type: 'softbreak',
      tag: 'br',
      attrs: null,
      map: null,
      nesting: 0,
      level: 0,
      children: null,
      content: '',
      markup: '',
      info: '',
      meta: null,
      block: false,
      hidden: false
    },
    Token {
      type: 'text',
      tag: '',
      attrs: null,
      map: null,
      nesting: 0,
      level: 0,
      children: null,
      content: '<img src="https://img.shields.io/badge/-Docker-2496ED?logo=Docker&logoColor=FFF" alt="Docker" style="display: inline-block;" /> ',
      markup: '&nbsp;',
      info: 'entity',
      meta: null,
      block: false,
      hidden: false
    },
    Token {
      type: 'softbreak',
      tag: 'br',
      attrs: null,
      map: null,
      nesting: 0,
      level: 0,
      children: null,
      content: '',
      markup: '',
      info: '',
      meta: null,
      block: false,
      hidden: false
    },
    Token {
      type: 'text',
      tag: '',
      attrs: null,
      map: null,
      nesting: 0,
      level: 0,
      children: null,
      content: '<img src="https://img.shields.io/badge/-Kubernetes-326CE5?logo=Kubernetes&logoColor=FFF" alt="Kubernetes" style="display: inline-block;" /> ',
      markup: '&nbsp;',
      info: 'entity',
      meta: null,
      block: false,
      hidden: false
    },
    Token {
      type: 'softbreak',
      tag: 'br',
      attrs: null,
      map: null,
      nesting: 0,
      level: 0,
      children: null,
      content: '',
      markup: '',
      info: '',
      meta: null,
      block: false,
      hidden: false
    },
    Token {
      type: 'text',
      tag: '',
      attrs: null,
      map: null,
      nesting: 0,
      level: 0,
      children: null,
      content: '<img alt="bash" src="https://img.shields.io/badge/bash-blue?logo=gnubash" style="display:inline-block"/> ',
      markup: '&nbsp;',
      info: 'entity',
      meta: null,
      block: false,
      hidden: false
    },
    Token {
      type: 'softbreak',
      tag: 'br',
      attrs: null,
      map: null,
      nesting: 0,
      level: 0,
      children: null,
      content: '',
      markup: '',
      info: '',
      meta: null,
      block: false,
      hidden: false
    },
    Token {
      type: 'text',
      tag: '',
      attrs: null,
      map: null,
      nesting: 0,
      level: 0,
      children: null,
      content: '<img alt="debian" src="https://img.shields.io/badge/debian-red?logo=debian&logoColor=white" style="display:inline-block"/> ',
      markup: '&nbsp;',
      info: 'entity',
      meta: null,
      block: false,
      hidden: false
    },
    Token {
      type: 'softbreak',
      tag: 'br',
      attrs: null,
      map: null,
      nesting: 0,
      level: 0,
      children: null,
      content: '',
      markup: '',
      info: '',
      meta: null,
      block: false,
      hidden: false
    },
    Token {
      type: 'text',
      tag: '',
      attrs: null,
      map: null,
      nesting: 0,
      level: 0,
      children: null,
      content: '<img src="https://img.shields.io/badge/-CentOS-262577?logo=CentOS&logoColor=FFF" alt="CentOS" style="display: inline-block;" /> ',
      markup: '&nbsp;',
      info: 'entity',
      meta: null,
      block: false,
      hidden: false
    },
    Token {
      type: 'softbreak',
      tag: 'br',
      attrs: null,
      map: null,
      nesting: 0,
      level: 0,
      children: null,
      content: '',
      markup: '',
      info: '',
      meta: null,
      block: false,
      hidden: false
    },
    Token {
      type: 'text',
      tag: '',
      attrs: null,
      map: null,
      nesting: 0,
      level: 0,
      children: null,
      content: '<img src="https://img.shields.io/badge/-Nginx-009639?logo=Nginx&logoColor=FFF" alt="Nginx" style="display: inline-block;" /> ',
      markup: '&nbsp;',
      info: 'entity',
      meta: null,
      block: false,
      hidden: false
    },
    Token {
      type: 'softbreak',
      tag: 'br',
      attrs: null,
      map: null,
      nesting: 0,
      level: 0,
      children: null,
      content: '',
      markup: '',
      info: '',
      meta: null,
      block: false,
      hidden: false
    },
    Token {
      type: 'text',
      tag: '',
      attrs: null,
      map: null,
      nesting: 0,
      level: 0,
      children: null,
      content: '<img src="https://img.shields.io/badge/-VMware-607078?logo=VMware&logoColor=FFF" alt="VMware" style="display: inline-block;" /> ',
      markup: '&nbsp;',
      info: 'entity',
      meta: null,
      block: false,
      hidden: false
    },
    Token {
      type: 'softbreak',
      tag: 'br',
      attrs: null,
      map: null,
      nesting: 0,
      level: 0,
      children: null,
      content: '',
      markup: '',
      info: '',
      meta: null,
      block: false,
      hidden: false
    },
    Token {
      type: 'text',
      tag: '',
      attrs: null,
      map: null,
      nesting: 0,
      level: 0,
      children: null,
      content: '<img src="https://img.shields.io/badge/-Prometheus-C0C0C0?logo=Prometheus&logoColor=E6522C" alt="Prometheus" style="display: inline-block;" /> ',
      markup: '&nbsp;',
      info: 'entity',
      meta: null,
      block: false,
      hidden: false
    },
    Token {
      type: 'softbreak',
      tag: 'br',
      attrs: null,
      map: null,
      nesting: 0,
      level: 0,
      children: null,
      content: '',
      markup: '',
      info: '',
      meta: null,
      block: false,
      hidden: false
    },
    Token {
      type: 'text',
      tag: '',
      attrs: null,
      map: null,
      nesting: 0,
      level: 0,
      children: null,
      content: '<img src="https://img.shields.io/badge/-Grafana-DCDCDC?logo=Grafana&logoColor=F46800" alt="Grafana" style="display: inline-block;" /> ',
      markup: '&nbsp;',
      info: 'entity',
      meta: null,
      block: false,
      hidden: false
    },
    Token {
      type: 'softbreak',
      tag: 'br',
      attrs: null,
      map: null,
      nesting: 0,
      level: 0,
      children: null,
      content: '',
      markup: '',
      info: '',
      meta: null,
      block: false,
      hidden: false
    },
    Token {
      type: 'text',
      tag: '',
      attrs: null,
      map: null,
      nesting: 0,
      level: 0,
      children: null,
      content: '<img src="https://img.shields.io/badge/-Ansible-FFF?logo=Ansible&logoColor=EE0000" alt="Ansible" style="display: inline-block;" /> ',
      markup: '&nbsp;',
      info: 'entity',
      meta: null,
      block: false,
      hidden: false
    },
    Token {
      type: 'softbreak',
      tag: 'br',
      attrs: null,
      map: null,
      nesting: 0,
      level: 0,
      children: null,
      content: '',
      markup: '',
      info: '',
      meta: null,
      block: false,
      hidden: false
    },
    Token {
      type: 'text',
      tag: '',
      attrs: null,
      map: null,
      nesting: 0,
      level: 0,
      children: null,
      content: '<img src="https://img.shields.io/badge/-Lua-FFF?&logo=Lua&logoColor=2C2D72" alt="Lua" style="display: inline-block;" /> ',
      markup: '&nbsp;',
      info: 'entity',
      meta: null,
      block: false,
      hidden: false
    }
  ],
  content: '<p>\n' +
    '  <img src="https://img.shields.io/badge/-Git-F05032?logo=Git&logoColor=FFF" alt="Git" style="display: inline-block;" />&nbsp;\n' +
    '  <img src="https://img.shields.io/badge/-GitHub-181717?logo=GitHub&logoColor=FFF" alt="GitHub" style="display: inline-block;" />&nbsp;\n' +
    '  <img src="https://img.shields.io/badge/-GitHub%20Actions-2088FF?logo=GitHub-Actions&logoColor=FFF" alt="GitHub Actions" style="display: inline-block;" />&nbsp;\n' +
    '  <img src="https://img.shields.io/badge/-Docker-2496ED?logo=Docker&logoColor=FFF" alt="Docker" style="display: inline-block;" />&nbsp;\n' +
    '  <img src="https://img.shields.io/badge/-Kubernetes-326CE5?logo=Kubernetes&logoColor=FFF" alt="Kubernetes" style="display: inline-block;" />&nbsp;\n' +
    '  <img alt="bash" src="https://img.shields.io/badge/bash-blue?logo=gnubash" style="display:inline-block"/>&nbsp;\n' +
    '  <img alt="debian" src="https://img.shields.io/badge/debian-red?logo=debian&logoColor=white" style="display:inline-block"/>&nbsp;\n' +
    '  <img src="https://img.shields.io/badge/-CentOS-262577?logo=CentOS&logoColor=FFF" alt="CentOS" style="display: inline-block;" />&nbsp;\n' +
    '  <img src="https://img.shields.io/badge/-Nginx-009639?logo=Nginx&logoColor=FFF" alt="Nginx" style="display: inline-block;" />&nbsp;\n' +
    '  <img src="https://img.shields.io/badge/-VMware-607078?logo=VMware&logoColor=FFF" alt="VMware" style="display: inline-block;" />&nbsp;\n' +
    '  <img src="https://img.shields.io/badge/-Prometheus-C0C0C0?logo=Prometheus&logoColor=E6522C" alt="Prometheus" style="display: inline-block;" />&nbsp;\n' +
    '  <img src="https://img.shields.io/badge/-Grafana-DCDCDC?logo=Grafana&logoColor=F46800" alt="Grafana" style="display: inline-block;" />&nbsp;\n' +
    '  <img src="https://img.shields.io/badge/-Ansible-FFF?logo=Ansible&logoColor=EE0000" alt="Ansible" style="display: inline-block;" />&nbsp;\n' +
    '  <img src="https://img.shields.io/badge/-Lua-FFF?&logo=Lua&logoColor=2C2D72" alt="Lua" style="display: inline-block;" />&nbsp;',
  markup: '',
  info: '',
  meta: null,
  block: true,
  hidden: false
}
Token {
  type: 'paragraph_close',
  tag: 'p',
  attrs: null,
  map: null,
  nesting: -1,
  level: 0,
  children: null,
  content: '',
  markup: '',
  info: '',
  meta: null,
  block: true,
  hidden: false
}
Token {
  type: 'paragraph_open',
  tag: 'p',
  attrs: null,
  map: [ 101, 102 ],
  nesting: 1,
  level: 0,
  children: null,
  content: '',
  markup: '',
  info: '',
  meta: null,
  block: true,
  hidden: false
}
Token {
  type: 'inline',
  tag: '',
  attrs: null,
  map: [ 101, 102 ],
  nesting: 0,
  level: 1,
  children: [
    Token {
      type: 'text',
      tag: '',
      attrs: null,
      map: null,
      nesting: 0,
      level: 0,
      children: null,
      content: '</p>',
      markup: '',
      info: '',
      meta: null,
      block: false,
      hidden: false
    }
  ],
  content: '</p>',
  markup: '',
  info: '',
  meta: null,
  block: true,
  hidden: false
}
Token {
  type: 'paragraph_close',
  tag: 'p',
  attrs: null,
  map: null,
  nesting: -1,
  level: 0,
  children: null,
  content: '',
  markup: '',
  info: '',
  meta: null,
  block: true,
  hidden: false
}
Token {
  type: 'heading_open',
  tag: 'h3',
  attrs: null,
  map: [ 103, 104 ],
  nesting: 1,
  level: 0,
  children: null,
  content: '',
  markup: '###',
  info: '',
  meta: null,
  block: true,
  hidden: false
}
Token {
  type: 'inline',
  tag: '',
  attrs: null,
  map: [ 103, 104 ],
  nesting: 0,
  level: 1,
  children: [
    Token {
      type: 'text',
      tag: '',
      attrs: null,
      map: null,
      nesting: 0,
      level: 0,
      children: null,
      content: '开发工具',
      markup: '',
      info: '',
      meta: null,
      block: false,
      hidden: false
    }
  ],
  content: '开发工具',
  markup: '',
  info: '',
  meta: null,
  block: true,
  hidden: false
}
Token {
  type: 'heading_close',
  tag: 'h3',
  attrs: null,
  map: null,
  nesting: -1,
  level: 0,
  children: null,
  content: '',
  markup: '###',
  info: '',
  meta: null,
  block: true,
  hidden: false
}
Token {
  type: 'paragraph_open',
  tag: 'p',
  attrs: null,
  map: [ 105, 114 ],
  nesting: 1,
  level: 0,
  children: null,
  content: '',
  markup: '',
  info: '',
  meta: null,
  block: true,
  hidden: false
}
Token {
  type: 'inline',
  tag: '',
  attrs: null,
  map: [ 105, 114 ],
  nesting: 0,
  level: 1,
  children: [
    Token {
      type: 'text',
      tag: '',
      attrs: null,
      map: null,
      nesting: 0,
      level: 0,
      children: null,
      content: '<p>',
      markup: '',
      info: '',
      meta: null,
      block: false,
      hidden: false
    },
    Token {
      type: 'softbreak',
      tag: 'br',
      attrs: null,
      map: null,
      nesting: 0,
      level: 0,
      children: null,
      content: '',
      markup: '',
      info: '',
      meta: null,
      block: false,
      hidden: false
    },
    Token {
      type: 'text',
      tag: '',
      attrs: null,
      map: null,
      nesting: 0,
      level: 0,
      children: null,
      content: '<img src="https://img.shields.io/badge/nvovim-blue?logo=vim&logoColor=white " alt="Neovim" style="display: inline-block;" /> ',
      markup: '&nbsp;',
      info: 'entity',
      meta: null,
      block: false,
      hidden: false
    },
    Token {
      type: 'softbreak',
      tag: 'br',
      attrs: null,
      map: null,
      nesting: 0,
      level: 0,
      children: null,
      content: '',
      markup: '',
      info: '',
      meta: null,
      block: false,
      hidden: false
    },
    Token {
      type: 'text',
      tag: '',
      attrs: null,
      map: null,
      nesting: 0,
      level: 0,
      children: null,
      content: '<img src="https://img.shields.io/badge/-VSCode-C0C0C0?logo=Visual-Studio-Code&logoColor=007ACC" alt="VSCode" style="display: inline-block;" /> ',
      markup: '&nbsp;',
      info: 'entity',
      meta: null,
      block: false,
      hidden: false
    },
    Token {
      type: 'softbreak',
      tag: 'br',
      attrs: null,
      map: null,
      nesting: 0,
      level: 0,
      children: null,
      content: '',
      markup: '',
      info: '',
      meta: null,
      block: false,
      hidden: false
    },
    Token {
      type: 'text',
      tag: '',
      attrs: null,
      map: null,
      nesting: 0,
      level: 0,
      children: null,
      content: '<img src="https://img.shields.io/badge/-Intellij%20IDEA-000?logo=Intellij-IDEA&logoColor=FFF" alt="Intellij IDEA" style="display: inline-block;" /> ',
      markup: '&nbsp;',
      info: 'entity',
      meta: null,
      block: false,
      hidden: false
    },
    Token {
      type: 'softbreak',
      tag: 'br',
      attrs: null,
      map: null,
      nesting: 0,
      level: 0,
      children: null,
      content: '',
      markup: '',
      info: '',
      meta: null,
      block: false,
      hidden: false
    },
    Token {
      type: 'text',
      tag: '',
      attrs: null,
      map: null,
      nesting: 0,
      level: 0,
      children: null,
      content: '<img src="https://img.shields.io/badge/-Eclipse-2C2255?logo=Eclipse&logoColor=FFF" alt="Eclipse" style="display: inline-block;" /> ',
      markup: '&nbsp;',
      info: 'entity',
      meta: null,
      block: false,
      hidden: false
    },
    Token {
      type: 'softbreak',
      tag: 'br',
      attrs: null,
      map: null,
      nesting: 0,
      level: 0,
      children: null,
      content: '',
      markup: '',
      info: '',
      meta: null,
      block: false,
      hidden: false
    },
    Token {
      type: 'text',
      tag: '',
      attrs: null,
      map: null,
      nesting: 0,
      level: 0,
      children: null,
      content: '<img src="https://img.shields.io/badge/-WebStorm-000?logo=WebStorm&logoColor=FFF" alt="WebStorm" style="display: inline-block;" /> ',
      markup: '&nbsp;',
      info: 'entity',
      meta: null,
      block: false,
      hidden: false
    },
    Token {
      type: 'softbreak',
      tag: 'br',
      attrs: null,
      map: null,
      nesting: 0,
      level: 0,
      children: null,
      content: '',
      markup: '',
      info: '',
      meta: null,
      block: false,
      hidden: false
    },
    Token {
      type: 'text',
      tag: '',
      attrs: null,
      map: null,
      nesting: 0,
      level: 0,
      children: null,
      content: '<img src="https://img.shields.io/badge/-PyCharm-C0C0C0?logo=PyCharm&logoColor=000" alt="PyCharm" style="display: inline-block;" /> ',
      markup: '&nbsp;',
      info: 'entity',
      meta: null,
      block: false,
      hidden: false
    },
    Token {
      type: 'softbreak',
      tag: 'br',
      attrs: null,
      map: null,
      nesting: 0,
      level: 0,
      children: null,
      content: '',
      markup: '',
      info: '',
      meta: null,
      block: false,
      hidden: false
    },
    Token {
      type: 'text',
      tag: '',
      attrs: null,
      map: null,
      nesting: 0,
      level: 0,
      children: null,
      content: '<img src="https://img.shields.io/badge/-Android%20Studio-C0C0C0?logo=Android-Studio&logoColor=3DDC84" alt="Android Studio" style="display: inline-block;" /> ',
      markup: '&nbsp;',
      info: 'entity',
      meta: null,
      block: false,
      hidden: false
    },
    Token {
      type: 'softbreak',
      tag: 'br',
      attrs: null,
      map: null,
      nesting: 0,
      level: 0,
      children: null,
      content: '',
      markup: '',
      info: '',
      meta: null,
      block: false,
      hidden: false
    },
    Token {
      type: 'text',
      tag: '',
      attrs: null,
      map: null,
      nesting: 0,
      level: 0,
      children: null,
      content: '</p>',
      markup: '',
      info: '',
      meta: null,
      block: false,
      hidden: false
    }
  ],
  content: '<p>\n' +
    '  <img src="https://img.shields.io/badge/nvovim-blue?logo=vim&logoColor=white " alt="Neovim" style="display: inline-block;" />&nbsp;\n' +
    '  <img src="https://img.shields.io/badge/-VSCode-C0C0C0?logo=Visual-Studio-Code&logoColor=007ACC" alt="VSCode" style="display: inline-block;" />&nbsp;\n' +
    '   <img src="https://img.shields.io/badge/-Intellij%20IDEA-000?logo=Intellij-IDEA&logoColor=FFF" alt="Intellij IDEA" style="display: inline-block;" />&nbsp;\n' +
    '  <img src="https://img.shields.io/badge/-Eclipse-2C2255?logo=Eclipse&logoColor=FFF" alt="Eclipse" style="display: inline-block;" />&nbsp;\n' +
    '  <img src="https://img.shields.io/badge/-WebStorm-000?logo=WebStorm&logoColor=FFF" alt="WebStorm" style="display: inline-block;" />&nbsp;\n' +
    '  <img src="https://img.shields.io/badge/-PyCharm-C0C0C0?logo=PyCharm&logoColor=000" alt="PyCharm" style="display: inline-block;" />&nbsp;\n' +
    '  <img src="https://img.shields.io/badge/-Android%20Studio-C0C0C0?logo=Android-Studio&logoColor=3DDC84" alt="Android Studio" style="display: inline-block;" />&nbsp;\n' +
    '</p>',
  markup: '',
  info: '',
  meta: null,
  block: true,
  hidden: false
}
Token {
  type: 'paragraph_close',
  tag: 'p',
  attrs: null,
  map: null,
  nesting: -1,
  level: 0,
  children: null,
  content: '',
  markup: '',
  info: '',
  meta: null,
  block: true,
  hidden: false
}
Token {
  type: 'hr',
  tag: 'hr',
  attrs: null,
  map: [ 0, 1 ],
  nesting: 0,
  level: 0,
  children: null,
  content: '',
  markup: '---',
  info: '',
  meta: null,
  block: true,
  hidden: false
}
Token {
  type: 'paragraph_open',
  tag: 'p',
  attrs: null,
  map: [ 1, 4 ],
  nesting: 1,
  level: 0,
  children: null,
  content: '',
  markup: '',
  info: '',
  meta: null,
  block: true,
  hidden: false
}
Token {
  type: 'inline',
  tag: '',
  attrs: null,
  map: [ 1, 4 ],
  nesting: 0,
  level: 1,
  children: [
    Token {
      type: 'text',
      tag: '',
      attrs: null,
      map: null,
      nesting: 0,
      level: 0,
      children: null,
      content: 'date: 2021-06-30',
      markup: '',
      info: '',
      meta: null,
      block: false,
      hidden: false
    },
    Token {
      type: 'softbreak',
      tag: 'br',
      attrs: null,
      map: null,
      nesting: 0,
      level: 0,
      children: null,
      content: '',
      markup: '',
      info: '',
      meta: null,
      block: false,
      hidden: false
    },
    Token {
      type: 'text',
      tag: '',
      attrs: null,
      map: null,
      nesting: 0,
      level: 0,
      children: null,
      content: 'title: aa',
      markup: '',
      info: '',
      meta: null,
      block: false,
      hidden: false
    },
    Token {
      type: 'softbreak',
      tag: 'br',
      attrs: null,
      map: null,
      nesting: 0,
      level: 0,
      children: null,
      content: '',
      markup: '',
      info: '',
      meta: null,
      block: false,
      hidden: false
    },
    Token {
      type: 'text',
      tag: '',
      attrs: null,
      map: null,
      nesting: 0,
      level: 0,
      children: null,
      content: 'tags:',
      markup: '',
      info: '',
      meta: null,
      block: false,
      hidden: false
    }
  ],
  content: 'date: 2021-06-30\ntitle: aa\ntags:',
  markup: '',
  info: '',
  meta: null,
  block: true,
  hidden: false
}
Token {
  type: 'paragraph_close',
  tag: 'p',
  attrs: null,
  map: null,
  nesting: -1,
  level: 0,
  children: null,
  content: '',
  markup: '',
  info: '',
  meta: null,
  block: true,
  hidden: false
}
Token {
  type: 'bullet_list_open',
  tag: 'ul',
  attrs: null,
  map: [ 4, 7 ],
  nesting: 1,
  level: 0,
  children: null,
  content: '',
  markup: '-',
  info: '',
  meta: null,
  block: true,
  hidden: false
}
Token {
  type: 'list_item_open',
  tag: 'li',
  attrs: null,
  map: [ 4, 5 ],
  nesting: 1,
  level: 1,
  children: null,
  content: '',
  markup: '-',
  info: '',
  meta: null,
  block: true,
  hidden: false
}
Token {
  type: 'paragraph_open',
  tag: 'p',
  attrs: null,
  map: [ 4, 5 ],
  nesting: 1,
  level: 2,
  children: null,
  content: '',
  markup: '',
  info: '',
  meta: null,
  block: true,
  hidden: true
}
Token {
  type: 'inline',
  tag: '',
  attrs: null,
  map: [ 4, 5 ],
  nesting: 0,
  level: 3,
  children: [
    Token {
      type: 'text',
      tag: '',
      attrs: null,
      map: null,
      nesting: 0,
      level: 0,
      children: null,
      content: 'vitepress',
      markup: '',
      info: '',
      meta: null,
      block: false,
      hidden: false
    }
  ],
  content: 'vitepress',
  markup: '',
  info: '',
  meta: null,
  block: true,
  hidden: false
}
Token {
  type: 'paragraph_close',
  tag: 'p',
  attrs: null,
  map: null,
  nesting: -1,
  level: 2,
  children: null,
  content: '',
  markup: '',
  info: '',
  meta: null,
  block: true,
  hidden: true
}
Token {
  type: 'list_item_close',
  tag: 'li',
  attrs: null,
  map: null,
  nesting: -1,
  level: 1,
  children: null,
  content: '',
  markup: '-',
  info: '',
  meta: null,
  block: true,
  hidden: false
}
Token {
  type: 'list_item_open',
  tag: 'li',
  attrs: null,
  map: [ 5, 7 ],
  nesting: 1,
  level: 1,
  children: null,
  content: '',
  markup: '-',
  info: '',
  meta: null,
  block: true,
  hidden: false
}
Token {
  type: 'paragraph_open',
  tag: 'p',
  attrs: null,
  map: [ 5, 7 ],
  nesting: 1,
  level: 2,
  children: null,
  content: '',
  markup: '',
  info: '',
  meta: null,
  block: true,
  hidden: true
}
Token {
  type: 'inline',
  tag: '',
  attrs: null,
  map: [ 5, 7 ],
  nesting: 0,
  level: 3,
  children: [
    Token {
      type: 'text',
      tag: '',
      attrs: null,
      map: null,
      nesting: 0,
      level: 0,
      children: null,
      content: '22222',
      markup: '',
      info: '',
      meta: null,
      block: false,
      hidden: false
    },
    Token {
      type: 'softbreak',
      tag: 'br',
      attrs: null,
      map: null,
      nesting: 0,
      level: 0,
      children: null,
      content: '',
      markup: '',
      info: '',
      meta: null,
      block: false,
      hidden: false
    },
    Token {
      type: 'text',
      tag: '',
      attrs: null,
      map: null,
      nesting: 0,
      level: 0,
      children: null,
      content: 'description: this is the demo',
      markup: '',
      info: '',
      meta: null,
      block: false,
      hidden: false
    }
  ],
  content: '22222\ndescription: this is the demo',
  markup: '',
  info: '',
  meta: null,
  block: true,
  hidden: false
}
Token {
  type: 'paragraph_close',
  tag: 'p',
  attrs: null,
  map: null,
  nesting: -1,
  level: 2,
  children: null,
  content: '',
  markup: '',
  info: '',
  meta: null,
  block: true,
  hidden: true
}
Token {
  type: 'list_item_close',
  tag: 'li',
  attrs: null,
  map: null,
  nesting: -1,
  level: 1,
  children: null,
  content: '',
  markup: '-',
  info: '',
  meta: null,
  block: true,
  hidden: false
}
Token {
  type: 'bullet_list_close',
  tag: 'ul',
  attrs: null,
  map: null,
  nesting: -1,
  level: 0,
  children: null,
  content: '',
  markup: '-',
  info: '',
  meta: null,
  block: true,
  hidden: false
}
Token {
  type: 'hr',
  tag: 'hr',
  attrs: null,
  map: [ 7, 8 ],
  nesting: 0,
  level: 0,
  children: null,
  content: '',
  markup: '---',
  info: '',
  meta: null,
  block: true,
  hidden: false
}
Token {
  type: 'heading_open',
  tag: 'h1',
  attrs: null,
  map: [ 9, 10 ],
  nesting: 1,
  level: 0,
  children: null,
  content: '',
  markup: '#',
  info: '',
  meta: null,
  block: true,
  hidden: false
}
Token {
  type: 'inline',
  tag: '',
  attrs: null,
  map: [ 9, 10 ],
  nesting: 0,
  level: 1,
  children: [
    Token {
      type: 'text',
      tag: '',
      attrs: null,
      map: null,
      nesting: 0,
      level: 0,
      children: null,
      content: '数据库-MySQL 源码编译',
      markup: '',
      info: '',
      meta: null,
      block: false,
      hidden: false
    }
  ],
  content: '数据库-MySQL 源码编译',
  markup: '',
  info: '',
  meta: null,
  block: true,
  hidden: false
}
Token {
  type: 'heading_close',
  tag: 'h1',
  attrs: null,
  map: null,
  nesting: -1,
  level: 0,
  children: null,
  content: '',
  markup: '#',
  info: '',
  meta: null,
  block: true,
  hidden: false
}
Token {
  type: 'blockquote_open',
  tag: 'blockquote',
  attrs: null,
  map: [ 11, 14 ],
  nesting: 1,
  level: 0,
  children: null,
  content: '',
  markup: '>',
  info: '',
  meta: null,
  block: true,
  hidden: false
}
Token {
  type: 'paragraph_open',
  tag: 'p',
  attrs: null,
  map: [ 11, 12 ],
  nesting: 1,
  level: 1,
  children: null,
  content: '',
  markup: '',
  info: '',
  meta: null,
  block: true,
  hidden: false
}
Token {
  type: 'inline',
  tag: '',
  attrs: null,
  map: [ 11, 12 ],
  nesting: 0,
  level: 2,
  children: [
    Token {
      type: 'text',
      tag: '',
      attrs: null,
      map: null,
      nesting: 0,
      level: 0,
      children: null,
      content: '[!TIP]',
      markup: '',
      info: '',
      meta: null,
      block: false,
      hidden: false
    }
  ],
  content: '[!TIP]',
  markup: '',
  info: '',
  meta: null,
  block: true,
  hidden: false
}
Token {
  type: 'paragraph_close',
  tag: 'p',
  attrs: null,
  map: null,
  nesting: -1,
  level: 1,
  children: null,
  content: '',
  markup: '',
  info: '',
  meta: null,
  block: true,
  hidden: false
}
Token {
  type: 'bullet_list_open',
  tag: 'ul',
  attrs: null,
  map: [ 13, 14 ],
  nesting: 1,
  level: 1,
  children: null,
  content: '',
  markup: '-',
  info: '',
  meta: null,
  block: true,
  hidden: false
}
Token {
  type: 'list_item_open',
  tag: 'li',
  attrs: null,
  map: [ 13, 14 ],
  nesting: 1,
  level: 2,
  children: null,
  content: '',
  markup: '-',
  info: '',
  meta: null,
  block: true,
  hidden: false
}
Token {
  type: 'paragraph_open',
  tag: 'p',
  attrs: null,
  map: [ 13, 14 ],
  nesting: 1,
  level: 3,
  children: null,
  content: '',
  markup: '',
  info: '',
  meta: null,
  block: true,
  hidden: true
}
Token {
  type: 'inline',
  tag: '',
  attrs: null,
  map: [ 13, 14 ],
  nesting: 0,
  level: 4,
  children: [
    Token {
      type: 'text',
      tag: '',
      attrs: null,
      map: null,
      nesting: 0,
      level: 0,
      children: null,
      content: "推荐阅读： [在Debian 11中源码编译mysql 8.0.30 | Bruce's Blog](https://www.xiebruce.top/1811.html)",
      markup: '',
      info: '',
      meta: null,
      block: false,
      hidden: false
    }
  ],
  content: "推荐阅读： [在Debian 11中源码编译mysql 8.0.30 | Bruce's Blog](https://www.xiebruce.top/1811.html)",
  markup: '',
  info: '',
  meta: null,
  block: true,
  hidden: false
}
Token {
  type: 'paragraph_close',
  tag: 'p',
  attrs: null,
  map: null,
  nesting: -1,
  level: 3,
  children: null,
  content: '',
  markup: '',
  info: '',
  meta: null,
  block: true,
  hidden: true
}
Token {
  type: 'list_item_close',
  tag: 'li',
  attrs: null,
  map: null,
  nesting: -1,
  level: 2,
  children: null,
  content: '',
  markup: '-',
  info: '',
  meta: null,
  block: true,
  hidden: false
}
Token {
  type: 'bullet_list_close',
  tag: 'ul',
  attrs: null,
  map: null,
  nesting: -1,
  level: 1,
  children: null,
  content: '',
  markup: '-',
  info: '',
  meta: null,
  block: true,
  hidden: false
}
Token {
  type: 'blockquote_close',
  tag: 'blockquote',
  attrs: null,
  map: null,
  nesting: -1,
  level: 0,
  children: null,
  content: '',
  markup: '>',
  info: '',
  meta: null,
  block: true,
  hidden: false
}
Token {
  type: 'heading_open',
  tag: 'h2',
  attrs: null,
  map: [ 15, 16 ],
  nesting: 1,
  level: 0,
  children: null,
  content: '',
  markup: '##',
  info: '',
  meta: null,
  block: true,
  hidden: false
}
Token {
  type: 'inline',
  tag: '',
  attrs: null,
  map: [ 15, 16 ],
  nesting: 0,
  level: 1,
  children: [
    Token {
      type: 'text',
      tag: '',
      attrs: null,
      map: null,
      nesting: 0,
      level: 0,
      children: null,
      content: '1. 前置说明',
      markup: '',
      info: '',
      meta: null,
      block: false,
      hidden: false
    }
  ],
  content: '1. 前置说明',
  markup: '',
  info: '',
  meta: null,
  block: true,
  hidden: false
}
Token {
  type: 'heading_close',
  tag: 'h2',
  attrs: null,
  map: null,
  nesting: -1,
  level: 0,
  children: null,
  content: '',
  markup: '##',
  info: '',
  meta: null,
  block: true,
  hidden: false
}
Token {
  type: 'bullet_list_open',
  tag: 'ul',
  attrs: null,
  map: [ 17, 24 ],
  nesting: 1,
  level: 0,
  children: null,
  content: '',
  markup: '-',
  info: '',
  meta: null,
  block: true,
  hidden: false
}
Token {
  type: 'list_item_open',
  tag: 'li',
  attrs: null,
  map: [ 17, 18 ],
  nesting: 1,
  level: 1,
  children: null,
  content: '',
  markup: '-',
  info: '',
  meta: null,
  block: true,
  hidden: false
}
Token {
  type: 'paragraph_open',
  tag: 'p',
  attrs: null,
  map: [ 17, 18 ],
  nesting: 1,
  level: 2,
  children: null,
  content: '',
  markup: '',
  info: '',
  meta: null,
  block: true,
  hidden: true
}
Token {
  type: 'inline',
  tag: '',
  attrs: null,
  map: [ 17, 18 ],
  nesting: 0,
  level: 3,
  children: [
    Token {
      type: 'text',
      tag: '',
      attrs: null,
      map: null,
      nesting: 0,
      level: 0,
      children: null,
      content: '操作系统：',
      markup: '',
      info: '',
      meta: null,
      block: false,
      hidden: false
    },
    Token {
      type: 'code_inline',
      tag: 'code',
      attrs: null,
      map: null,
      nesting: 0,
      level: 0,
      children: null,
      content: 'Debian 12.2',
      markup: '`',
      info: '',
      meta: null,
      block: false,
      hidden: false
    }
  ],
  content: '操作系统：`Debian 12.2`',
  markup: '',
  info: '',
  meta: null,
  block: true,
  hidden: false
}
Token {
  type: 'paragraph_close',
  tag: 'p',
  attrs: null,
  map: null,
  nesting: -1,
  level: 2,
  children: null,
  content: '',
  markup: '',
  info: '',
  meta: null,
  block: true,
  hidden: true
}
Token {
  type: 'list_item_close',
  tag: 'li',
  attrs: null,
  map: null,
  nesting: -1,
  level: 1,
  children: null,
  content: '',
  markup: '-',
  info: '',
  meta: null,
  block: true,
  hidden: false
}
Token {
  type: 'list_item_open',
  tag: 'li',
  attrs: null,
  map: [ 18, 22 ],
  nesting: 1,
  level: 1,
  children: null,
  content: '',
  markup: '-',
  info: '',
  meta: null,
  block: true,
  hidden: false
}
Token {
  type: 'paragraph_open',
  tag: 'p',
  attrs: null,
  map: [ 18, 19 ],
  nesting: 1,
  level: 2,
  children: null,
  content: '',
  markup: '',
  info: '',
  meta: null,
  block: true,
  hidden: true
}
Token {
  type: 'inline',
  tag: '',
  attrs: null,
  map: [ 18, 19 ],
  nesting: 0,
  level: 3,
  children: [
    Token {
      type: 'text',
      tag: '',
      attrs: null,
      map: null,
      nesting: 0,
      level: 0,
      children: null,
      content: '硬件：',
      markup: '',
      info: '',
      meta: null,
      block: false,
      hidden: false
    }
  ],
  content: '硬件：',
  markup: '',
  info: '',
  meta: null,
  block: true,
  hidden: false
}
Token {
  type: 'paragraph_close',
  tag: 'p',
  attrs: null,
  map: null,
  nesting: -1,
  level: 2,
  children: null,
  content: '',
  markup: '',
  info: '',
  meta: null,
  block: true,
  hidden: true
}
Token {
  type: 'bullet_list_open',
  tag: 'ul',
  attrs: null,
  map: [ 19, 22 ],
  nesting: 1,
  level: 2,
  children: null,
  content: '',
  markup: '-',
  info: '',
  meta: null,
  block: true,
  hidden: false
}
Token {
  type: 'list_item_open',
  tag: 'li',
  attrs: null,
  map: [ 19, 20 ],
  nesting: 1,
  level: 3,
  children: null,
  content: '',
  markup: '-',
  info: '',
  meta: null,
  block: true,
  hidden: false
}
Token {
  type: 'paragraph_open',
  tag: 'p',
  attrs: null,
  map: [ 19, 20 ],
  nesting: 1,
  level: 4,
  children: null,
  content: '',
  markup: '',
  info: '',
  meta: null,
  block: true,
  hidden: true
}
Token {
  type: 'inline',
  tag: '',
  attrs: null,
  map: [ 19, 20 ],
  nesting: 0,
  level: 5,
  children: [
    Token {
      type: 'text',
      tag: '',
      attrs: null,
      map: null,
      nesting: 0,
      level: 0,
      children: null,
      content: 'CPU：',
      markup: '',
      info: '',
      meta: null,
      block: false,
      hidden: false
    },
    Token {
      type: 'code_inline',
      tag: 'code',
      attrs: null,
      map: null,
      nesting: 0,
      level: 0,
      children: null,
      content: 'AMD APEC 7302',
      markup: '`',
      info: '',
      meta: null,
      block: false,
      hidden: false
    },
    Token {
      type: 'text',
      tag: '',
      attrs: null,
      map: null,
      nesting: 0,
      level: 0,
      children: null,
      content: ' * 2',
      markup: '',
      info: '',
      meta: null,
      block: false,
      hidden: false
    }
  ],
  content: 'CPU：`AMD APEC 7302` \\* 2',
  markup: '',
  info: '',
  meta: null,
  block: true,
  hidden: false
}
Token {
  type: 'paragraph_close',
  tag: 'p',
  attrs: null,
  map: null,
  nesting: -1,
  level: 4,
  children: null,
  content: '',
  markup: '',
  info: '',
  meta: null,
  block: true,
  hidden: true
}
Token {
  type: 'list_item_close',
  tag: 'li',
  attrs: null,
  map: null,
  nesting: -1,
  level: 3,
  children: null,
  content: '',
  markup: '-',
  info: '',
  meta: null,
  block: true,
  hidden: false
}
Token {
  type: 'list_item_open',
  tag: 'li',
  attrs: null,
  map: [ 20, 21 ],
  nesting: 1,
  level: 3,
  children: null,
  content: '',
  markup: '-',
  info: '',
  meta: null,
  block: true,
  hidden: false
}
Token {
  type: 'paragraph_open',
  tag: 'p',
  attrs: null,
  map: [ 20, 21 ],
  nesting: 1,
  level: 4,
  children: null,
  content: '',
  markup: '',
  info: '',
  meta: null,
  block: true,
  hidden: true
}
Token {
  type: 'inline',
  tag: '',
  attrs: null,
  map: [ 20, 21 ],
  nesting: 0,
  level: 5,
  children: [
    Token {
      type: 'text',
      tag: '',
      attrs: null,
      map: null,
      nesting: 0,
      level: 0,
      children: null,
      content: '固态：长江存储 ',
      markup: '',
      info: '',
      meta: null,
      block: false,
      hidden: false
    },
    Token {
      type: 'code_inline',
      tag: 'code',
      attrs: null,
      map: null,
      nesting: 0,
      level: 0,
      children: null,
      content: 'pcie 4.0',
      markup: '`',
      info: '',
      meta: null,
      block: false,
      hidden: false
    },
    Token {
      type: 'text',
      tag: '',
      attrs: null,
      map: null,
      nesting: 0,
      level: 0,
      children: null,
      content: '，容量为 ',
      markup: '',
      info: '',
      meta: null,
      block: false,
      hidden: false
    },
    Token {
      type: 'code_inline',
      tag: 'code',
      attrs: null,
      map: null,
      nesting: 0,
      level: 0,
      children: null,
      content: '2TiB',
      markup: '`',
      info: '',
      meta: null,
      block: false,
      hidden: false
    }
  ],
  content: '固态：长江存储 `pcie 4.0`，容量为 `2TiB`',
  markup: '',
  info: '',
  meta: null,
  block: true,
  hidden: false
}
Token {
  type: 'paragraph_close',
  tag: 'p',
  attrs: null,
  map: null,
  nesting: -1,
  level: 4,
  children: null,
  content: '',
  markup: '',
  info: '',
  meta: null,
  block: true,
  hidden: true
}
Token {
  type: 'list_item_close',
  tag: 'li',
  attrs: null,
  map: null,
  nesting: -1,
  level: 3,
  children: null,
  content: '',
  markup: '-',
  info: '',
  meta: null,
  block: true,
  hidden: false
}
Token {
  type: 'list_item_open',
  tag: 'li',
  attrs: null,
  map: [ 21, 22 ],
  nesting: 1,
  level: 3,
  children: null,
  content: '',
  markup: '-',
  info: '',
  meta: null,
  block: true,
  hidden: false
}
Token {
  type: 'paragraph_open',
  tag: 'p',
  attrs: null,
  map: [ 21, 22 ],
  nesting: 1,
  level: 4,
  children: null,
  content: '',
  markup: '',
  info: '',
  meta: null,
  block: true,
  hidden: true
}
Token {
  type: 'inline',
  tag: '',
  attrs: null,
  map: [ 21, 22 ],
  nesting: 0,
  level: 5,
  children: [
    Token {
      type: 'text',
      tag: '',
      attrs: null,
      map: null,
      nesting: 0,
      level: 0,
      children: null,
      content: '内存：',
      markup: '',
      info: '',
      meta: null,
      block: false,
      hidden: false
    },
    Token {
      type: 'code_inline',
      tag: 'code',
      attrs: null,
      map: null,
      nesting: 0,
      level: 0,
      children: null,
      content: '128GiB DDR3 ECC',
      markup: '`',
      info: '',
      meta: null,
      block: false,
      hidden: false
    },
    Token {
      type: 'text',
      tag: '',
      attrs: null,
      map: null,
      nesting: 0,
      level: 0,
      children: null,
      content: ' 内存',
      markup: '',
      info: '',
      meta: null,
      block: false,
      hidden: false
    }
  ],
  content: '内存：`128GiB DDR3 ECC` 内存',
  markup: '',
  info: '',
  meta: null,
  block: true,
  hidden: false
}
Token {
  type: 'paragraph_close',
  tag: 'p',
  attrs: null,
  map: null,
  nesting: -1,
  level: 4,
  children: null,
  content: '',
  markup: '',
  info: '',
  meta: null,
  block: true,
  hidden: true
}
Token {
  type: 'list_item_close',
  tag: 'li',
  attrs: null,
  map: null,
  nesting: -1,
  level: 3,
  children: null,
  content: '',
  markup: '-',
  info: '',
  meta: null,
  block: true,
  hidden: false
}
Token {
  type: 'bullet_list_close',
  tag: 'ul',
  attrs: null,
  map: null,
  nesting: -1,
  level: 2,
  children: null,
  content: '',
  markup: '-',
  info: '',
  meta: null,
  block: true,
  hidden: false
}
Token {
  type: 'list_item_close',
  tag: 'li',
  attrs: null,
  map: null,
  nesting: -1,
  level: 1,
  children: null,
  content: '',
  markup: '-',
  info: '',
  meta: null,
  block: true,
  hidden: false
}
Token {
  type: 'list_item_open',
  tag: 'li',
  attrs: null,
  map: [ 22, 24 ],
  nesting: 1,
  level: 1,
  children: null,
  content: '',
  markup: '-',
  info: '',
  meta: null,
  block: true,
  hidden: false
}
Token {
  type: 'paragraph_open',
  tag: 'p',
  attrs: null,
  map: [ 22, 23 ],
  nesting: 1,
  level: 2,
  children: null,
  content: '',
  markup: '',
  info: '',
  meta: null,
  block: true,
  hidden: true
}
Token {
  type: 'inline',
  tag: '',
  attrs: null,
  map: [ 22, 23 ],
  nesting: 0,
  level: 3,
  children: [
    Token {
      type: 'code_inline',
      tag: 'code',
      attrs: null,
      map: null,
      nesting: 0,
      level: 0,
      children: null,
      content: 'Mysql',
      markup: '`',
      info: '',
      meta: null,
      block: false,
      hidden: false
    },
    Token {
      type: 'text',
      tag: '',
      attrs: null,
      map: null,
      nesting: 0,
      level: 0,
      children: null,
      content: ' 版本为 ',
      markup: '',
      info: '',
      meta: null,
      block: false,
      hidden: false
    },
    Token {
      type: 'code_inline',
      tag: 'code',
      attrs: null,
      map: null,
      nesting: 0,
      level: 0,
      children: null,
      content: '9.0.0',
      markup: '`',
      info: '',
      meta: null,
      block: false,
      hidden: false
    }
  ],
  content: '`Mysql` 版本为 `9.0.0`',
  markup: '',
  info: '',
  meta: null,
  block: true,
  hidden: false
}
Token {
  type: 'paragraph_close',
  tag: 'p',
  attrs: null,
  map: null,
  nesting: -1,
  level: 2,
  children: null,
  content: '',
  markup: '',
  info: '',
  meta: null,
  block: true,
  hidden: true
}
Token {
  type: 'list_item_close',
  tag: 'li',
  attrs: null,
  map: null,
  nesting: -1,
  level: 1,
  children: null,
  content: '',
  markup: '-',
  info: '',
  meta: null,
  block: true,
  hidden: false
}
Token {
  type: 'bullet_list_close',
  tag: 'ul',
  attrs: null,
  map: null,
  nesting: -1,
  level: 0,
  children: null,
  content: '',
  markup: '-',
  info: '',
  meta: null,
  block: true,
  hidden: false
}
Token {
  type: 'hr',
  tag: 'hr',
  attrs: null,
  map: [ 24, 25 ],
  nesting: 0,
  level: 0,
  children: null,
  content: '',
  markup: '---',
  info: '',
  meta: null,
  block: true,
  hidden: false
}
Token {
  type: 'bullet_list_open',
  tag: 'ul',
  attrs: null,
  map: [ 26, 29 ],
  nesting: 1,
  level: 0,
  children: null,
  content: '',
  markup: '-',
  info: '',
  meta: null,
  block: true,
  hidden: false
}
Token {
  type: 'list_item_open',
  tag: 'li',
  attrs: null,
  map: [ 26, 27 ],
  nesting: 1,
  level: 1,
  children: null,
  content: '',
  markup: '-',
  info: '',
  meta: null,
  block: true,
  hidden: false
}
Token {
  type: 'paragraph_open',
  tag: 'p',
  attrs: null,
  map: [ 26, 27 ],
  nesting: 1,
  level: 2,
  children: null,
  content: '',
  markup: '',
  info: '',
  meta: null,
  block: true,
  hidden: true
}
Token {
  type: 'inline',
  tag: '',
  attrs: null,
  map: [ 26, 27 ],
  nesting: 0,
  level: 3,
  children: [
    Token {
      type: 'text',
      tag: '',
      attrs: null,
      map: null,
      nesting: 0,
      level: 0,
      children: null,
      content: '',
      markup: '',
      info: '',
      meta: null,
      block: false,
      hidden: false
    },
    Token {
      type: 'strong_open',
      tag: 'strong',
      attrs: null,
      map: null,
      nesting: 1,
      level: 0,
      children: null,
      content: '',
      markup: '**',
      info: '',
      meta: null,
      block: false,
      hidden: false
    },
    Token {
      type: 'text',
      tag: '',
      attrs: null,
      map: null,
      nesting: 0,
      level: 1,
      children: null,
      content: '此文档的目的在于编译、调试 ',
      markup: '',
      info: '',
      meta: null,
      block: false,
      hidden: false
    },
    Token {
      type: 'code_inline',
      tag: 'code',
      attrs: null,
      map: null,
      nesting: 0,
      level: 1,
      children: null,
      content: 'mysql',
      markup: '`',
      info: '',
      meta: null,
      block: false,
      hidden: false
    },
    Token {
      type: 'text',
      tag: '',
      attrs: null,
      map: null,
      nesting: 0,
      level: 1,
      children: null,
      content: ' 源码，并非部署可用服务',
      markup: '',
      info: '',
      meta: null,
      block: false,
      hidden: false
    },
    Token {
      type: 'strong_close',
      tag: 'strong',
      attrs: null,
      map: null,
      nesting: -1,
      level: 0,
      children: null,
      content: '',
      markup: '**',
      info: '',
      meta: null,
      block: false,
      hidden: false
    },
    Token {
      type: 'text',
      tag: '',
      attrs: null,
      map: null,
      nesting: 0,
      level: 0,
      children: null,
      content: '',
      markup: '',
      info: '',
      meta: null,
      block: false,
      hidden: false
    }
  ],
  content: '**此文档的目的在于编译、调试 `mysql` 源码，并非部署可用服务**',
  markup: '',
  info: '',
  meta: null,
  block: true,
  hidden: false
}
Token {
  type: 'paragraph_close',
  tag: 'p',
  attrs: null,
  map: null,
  nesting: -1,
  level: 2,
  children: null,
  content: '',
  markup: '',
  info: '',
  meta: null,
  block: true,
  hidden: true
}
Token {
  type: 'list_item_close',
  tag: 'li',
  attrs: null,
  map: null,
  nesting: -1,
  level: 1,
  children: null,
  content: '',
  markup: '-',
  info: '',
  meta: null,
  block: true,
  hidden: false
}
Token {
  type: 'list_item_open',
  tag: 'li',
  attrs: null,
  map: [ 27, 29 ],
  nesting: 1,
  level: 1,
  children: null,
  content: '',
  markup: '-',
  info: '',
  meta: null,
  block: true,
  hidden: false
}
Token {
  type: 'paragraph_open',
  tag: 'p',
  attrs: null,
  map: [ 27, 28 ],
  nesting: 1,
  level: 2,
  children: null,
  content: '',
  markup: '',
  info: '',
  meta: null,
  block: true,
  hidden: true
}
Token {
  type: 'inline',
  tag: '',
  attrs: null,
  map: [ 27, 28 ],
  nesting: 0,
  level: 3,
  children: [
    Token {
      type: 'text',
      tag: '',
      attrs: null,
      map: null,
      nesting: 0,
      level: 0,
      children: null,
      content: '整体安装过程平滑，没有明显的依赖缺失、冲突等。',
      markup: '',
      info: '',
      meta: null,
      block: false,
      hidden: false
    }
  ],
  content: '整体安装过程平滑，没有明显的依赖缺失、冲突等。',
  markup: '',
  info: '',
  meta: null,
  block: true,
  hidden: false
}
Token {
  type: 'paragraph_close',
  tag: 'p',
  attrs: null,
  map: null,
  nesting: -1,
  level: 2,
  children: null,
  content: '',
  markup: '',
  info: '',
  meta: null,
  block: true,
  hidden: true
}
Token {
  type: 'list_item_close',
  tag: 'li',
  attrs: null,
  map: null,
  nesting: -1,
  level: 1,
  children: null,
  content: '',
  markup: '-',
  info: '',
  meta: null,
  block: true,
  hidden: false
}
Token {
  type: 'bullet_list_close',
  tag: 'ul',
  attrs: null,
  map: null,
  nesting: -1,
  level: 0,
  children: null,
  content: '',
  markup: '-',
  info: '',
  meta: null,
  block: true,
  hidden: false
}
Token {
  type: 'heading_open',
  tag: 'h2',
  attrs: null,
  map: [ 29, 30 ],
  nesting: 1,
  level: 0,
  children: null,
  content: '',
  markup: '##',
  info: '',
  meta: null,
  block: true,
  hidden: false
}
Token {
  type: 'inline',
  tag: '',
  attrs: null,
  map: [ 29, 30 ],
  nesting: 0,
  level: 1,
  children: [
    Token {
      type: 'text',
      tag: '',
      attrs: null,
      map: null,
      nesting: 0,
      level: 0,
      children: null,
      content: '2. 构建流程',
      markup: '',
      info: '',
      meta: null,
      block: false,
      hidden: false
    }
  ],
  content: '2. 构建流程',
  markup: '',
  info: '',
  meta: null,
  block: true,
  hidden: false
}
Token {
  type: 'heading_close',
  tag: 'h2',
  attrs: null,
  map: null,
  nesting: -1,
  level: 0,
  children: null,
  content: '',
  markup: '##',
  info: '',
  meta: null,
  block: true,
  hidden: false
}
Token {
  type: 'heading_open',
  tag: 'h3',
  attrs: null,
  map: [ 31, 32 ],
  nesting: 1,
  level: 0,
  children: null,
  content: '',
  markup: '###',
  info: '',
  meta: null,
  block: true,
  hidden: false
}
Token {
  type: 'inline',
  tag: '',
  attrs: null,
  map: [ 31, 32 ],
  nesting: 0,
  level: 1,
  children: [
    Token {
      type: 'text',
      tag: '',
      attrs: null,
      map: null,
      nesting: 0,
      level: 0,
      children: null,
      content: '2.1 ',
      markup: '',
      info: '',
      meta: null,
      block: false,
      hidden: false
    },
    Token {
      type: 'code_inline',
      tag: 'code',
      attrs: null,
      map: null,
      nesting: 0,
      level: 0,
      children: null,
      content: 'git clone',
      markup: '`',
      info: '',
      meta: null,
      block: false,
      hidden: false
    }
  ],
  content: '2.1 `git clone`',
  markup: '',
  info: '',
  meta: null,
  block: true,
  hidden: false
}
Token {
  type: 'heading_close',
  tag: 'h3',
  attrs: null,
  map: null,
  nesting: -1,
  level: 0,
  children: null,
  content: '',
  markup: '###',
  info: '',
  meta: null,
  block: true,
  hidden: false
}
Token {
  type: 'fence',
  tag: 'code',
  attrs: null,
  map: [ 33, 40 ],
  nesting: 0,
  level: 0,
  children: null,
  content: '# clone\n' +
    'git clone git@github.com:mysql/mysql-server.git\n' +
    '\n' +
    '# cd to dir\n' +
    'cd mysql-server\n',
  markup: '```',
  info: 'sh',
  meta: null,
  block: true,
  hidden: false
}
Token {
  type: 'bullet_list_open',
  tag: 'ul',
  attrs: null,
  map: [ 41, 43 ],
  nesting: 1,
  level: 0,
  children: null,
  content: '',
  markup: '-',
  info: '',
  meta: null,
  block: true,
  hidden: false
}
Token {
  type: 'list_item_open',
  tag: 'li',
  attrs: null,
  map: [ 41, 43 ],
  nesting: 1,
  level: 1,
  children: null,
  content: '',
  markup: '-',
  info: '',
  meta: null,
  block: true,
  hidden: false
}
Token {
  type: 'paragraph_open',
  tag: 'p',
  attrs: null,
  map: [ 41, 42 ],
  nesting: 1,
  level: 2,
  children: null,
  content: '',
  markup: '',
  info: '',
  meta: null,
  block: true,
  hidden: true
}
Token {
  type: 'inline',
  tag: '',
  attrs: null,
  map: [ 41, 42 ],
  nesting: 0,
  level: 3,
  children: [
    Token {
      type: 'text',
      tag: '',
      attrs: null,
      map: null,
      nesting: 0,
      level: 0,
      children: null,
      content: '查看当前版本：',
      markup: '',
      info: '',
      meta: null,
      block: false,
      hidden: false
    }
  ],
  content: '查看当前版本：',
  markup: '',
  info: '',
  meta: null,
  block: true,
  hidden: false
}
Token {
  type: 'paragraph_close',
  tag: 'p',
  attrs: null,
  map: null,
  nesting: -1,
  level: 2,
  children: null,
  content: '',
  markup: '',
  info: '',
  meta: null,
  block: true,
  hidden: true
}
Token {
  type: 'list_item_close',
  tag: 'li',
  attrs: null,
  map: null,
  nesting: -1,
  level: 1,
  children: null,
  content: '',
  markup: '-',
  info: '',
  meta: null,
  block: true,
  hidden: false
}
Token {
  type: 'bullet_list_close',
  tag: 'ul',
  attrs: null,
  map: null,
  nesting: -1,
  level: 0,
  children: null,
  content: '',
  markup: '-',
  info: '',
  meta: null,
  block: true,
  hidden: false
}
Token {
  type: 'fence',
  tag: 'code',
  attrs: null,
  map: [ 43, 51 ],
  nesting: 0,
  level: 0,
  children: null,
  content: '# cat ./MYSQL_VERSION\n' +
    'MYSQL_VERSION_MAJOR=9\n' +
    'MYSQL_VERSION_MINOR=0\n' +
    'MYSQL_VERSION_PATCH=0\n' +
    'MYSQL_VERSION_EXTRA=\n' +
    'MYSQL_VERSION_MATURITY="INNOVATION"\n',
  markup: '```',
  info: 'sh',
  meta: null,
  block: true,
  hidden: false
}
Token {
  type: 'heading_open',
  tag: 'h3',
  attrs: null,
  map: [ 52, 53 ],
  nesting: 1,
  level: 0,
  children: null,
  content: '',
  markup: '###',
  info: '',
  meta: null,
  block: true,
  hidden: false
}
Token {
  type: 'inline',
  tag: '',
  attrs: null,
  map: [ 52, 53 ],
  nesting: 0,
  level: 1,
  children: [
    Token {
      type: 'text',
      tag: '',
      attrs: null,
      map: null,
      nesting: 0,
      level: 0,
      children: null,
      content: '2.2 安装必要依赖',
      markup: '',
      info: '',
      meta: null,
      block: false,
      hidden: false
    }
  ],
  content: '2.2 安装必要依赖',
  markup: '',
  info: '',
  meta: null,
  block: true,
  hidden: false
}
Token {
  type: 'heading_close',
  tag: 'h3',
  attrs: null,
  map: null,
  nesting: -1,
  level: 0,
  children: null,
  content: '',
  markup: '###',
  info: '',
  meta: null,
  block: true,
  hidden: false
}
Token {
  type: 'bullet_list_open',
  tag: 'ul',
  attrs: null,
  map: [ 54, 56 ],
  nesting: 1,
  level: 0,
  children: null,
  content: '',
  markup: '-',
  info: '',
  meta: null,
  block: true,
  hidden: false
}
Token {
  type: 'list_item_open',
  tag: 'li',
  attrs: null,
  map: [ 54, 56 ],
  nesting: 1,
  level: 1,
  children: null,
  content: '',
  markup: '-',
  info: '',
  meta: null,
  block: true,
  hidden: false
}
Token {
  type: 'paragraph_open',
  tag: 'p',
  attrs: null,
  map: [ 54, 55 ],
  nesting: 1,
  level: 2,
  children: null,
  content: '',
  markup: '',
  info: '',
  meta: null,
  block: true,
  hidden: true
}
Token {
  type: 'inline',
  tag: '',
  attrs: null,
  map: [ 54, 55 ],
  nesting: 0,
  level: 3,
  children: [
    Token {
      type: 'text',
      tag: '',
      attrs: null,
      map: null,
      nesting: 0,
      level: 0,
      children: null,
      content: '升级 ',
      markup: '',
      info: '',
      meta: null,
      block: false,
      hidden: false
    },
    Token {
      type: 'code_inline',
      tag: 'code',
      attrs: null,
      map: null,
      nesting: 0,
      level: 0,
      children: null,
      content: 'apt',
      markup: '`',
      info: '',
      meta: null,
      block: false,
      hidden: false
    },
    Token {
      type: 'text',
      tag: '',
      attrs: null,
      map: null,
      nesting: 0,
      level: 0,
      children: null,
      content: ' 包，并安装必要依赖',
      markup: '',
      info: '',
      meta: null,
      block: false,
      hidden: false
    }
  ],
  content: '升级 `apt` 包，并安装必要依赖',
  markup: '',
  info: '',
  meta: null,
  block: true,
  hidden: false
}
Token {
  type: 'paragraph_close',
  tag: 'p',
  attrs: null,
  map: null,
  nesting: -1,
  level: 2,
  children: null,
  content: '',
  markup: '',
  info: '',
  meta: null,
  block: true,
  hidden: true
}
Token {
  type: 'list_item_close',
  tag: 'li',
  attrs: null,
  map: null,
  nesting: -1,
  level: 1,
  children: null,
  content: '',
  markup: '-',
  info: '',
  meta: null,
  block: true,
  hidden: false
}
Token {
  type: 'bullet_list_close',
  tag: 'ul',
  attrs: null,
  map: null,
  nesting: -1,
  level: 0,
  children: null,
  content: '',
  markup: '-',
  info: '',
  meta: null,
  block: true,
  hidden: false
}
Token {
  type: 'fence',
  tag: 'code',
  attrs: null,
  map: [ 56, 62 ],
  nesting: 0,
  level: 0,
  children: null,
  content: 'sudo apt update\n' +
    '&& sudo apt install -y gcc g++ cmake pkg-config \\\n' +
    '   libssl1.1 libssl-dev \\\n' +
    '   libncurses5-dev libncursesw5-dev\n',
  markup: '```',
  info: 'sh',
  meta: null,
  block: true,
  hidden: false
}
Token {
  type: 'heading_open',
  tag: 'h3',
  attrs: null,
  map: [ 63, 64 ],
  nesting: 1,
  level: 0,
  children: null,
  content: '',
  markup: '###',
  info: '',
  meta: null,
  block: true,
  hidden: false
}
Token {
  type: 'inline',
  tag: '',
  attrs: null,
  map: [ 63, 64 ],
  nesting: 0,
  level: 1,
  children: [
    Token {
      type: 'text',
      tag: '',
      attrs: null,
      map: null,
      nesting: 0,
      level: 0,
      children: null,
      content: '2.3 编写 ',
      markup: '',
      info: '',
      meta: null,
      block: false,
      hidden: false
    },
    Token {
      type: 'code_inline',
      tag: 'code',
      attrs: null,
      map: null,
      nesting: 0,
      level: 0,
      children: null,
      content: 'cmake',
      markup: '`',
      info: '',
      meta: null,
      block: false,
      hidden: false
    },
    Token {
      type: 'text',
      tag: '',
      attrs: null,
      map: null,
      nesting: 0,
      level: 0,
      children: null,
      content: ' 脚本',
      markup: '',
      info: '',
      meta: null,
      block: false,
      hidden: false
    }
  ],
  content: '2.3 编写 `cmake` 脚本',
  markup: '',
  info: '',
  meta: null,
  block: true,
  hidden: false
}
Token {
  type: 'heading_close',
  tag: 'h3',
  attrs: null,
  map: null,
  nesting: -1,
  level: 0,
  children: null,
  content: '',
  markup: '###',
  info: '',
  meta: null,
  block: true,
  hidden: false
}
Token {
  type: 'bullet_list_open',
  tag: 'ul',
  attrs: null,
  map: [ 65, 67 ],
  nesting: 1,
  level: 0,
  children: null,
  content: '',
  markup: '-',
  info: '',
  meta: null,
  block: true,
  hidden: false
}
Token {
  type: 'list_item_open',
  tag: 'li',
  attrs: null,
  map: [ 65, 67 ],
  nesting: 1,
  level: 1,
  children: null,
  content: '',
  markup: '-',
  info: '',
  meta: null,
  block: true,
  hidden: false
}
Token {
  type: 'paragraph_open',
  tag: 'p',
  attrs: null,
  map: [ 65, 66 ],
  nesting: 1,
  level: 2,
  children: null,
  content: '',
  markup: '',
  info: '',
  meta: null,
  block: true,
  hidden: true
}
Token {
  type: 'inline',
  tag: '',
  attrs: null,
  map: [ 65, 66 ],
  nesting: 0,
  level: 3,
  children: [
    Token {
      type: 'text',
      tag: '',
      attrs: null,
      map: null,
      nesting: 0,
      level: 0,
      children: null,
      content: '首先，在项目一级目录下，创建 ',
      markup: '',
      info: '',
      meta: null,
      block: false,
      hidden: false
    },
    Token {
      type: 'code_inline',
      tag: 'code',
      attrs: null,
      map: null,
      nesting: 0,
      level: 0,
      children: null,
      content: 'build',
      markup: '`',
      info: '',
      meta: null,
      block: false,
      hidden: false
    },
    Token {
      type: 'text',
      tag: '',
      attrs: null,
      map: null,
      nesting: 0,
      level: 0,
      children: null,
      content: ' 目录',
      markup: '',
      info: '',
      meta: null,
      block: false,
      hidden: false
    }
  ],
  content: '首先，在项目一级目录下，创建 `build` 目录',
  markup: '',
  info: '',
  meta: null,
  block: true,
  hidden: false
}
Token {
  type: 'paragraph_close',
  tag: 'p',
  attrs: null,
  map: null,
  nesting: -1,
  level: 2,
  children: null,
  content: '',
  markup: '',
  info: '',
  meta: null,
  block: true,
  hidden: true
}
Token {
  type: 'list_item_close',
  tag: 'li',
  attrs: null,
  map: null,
  nesting: -1,
  level: 1,
  children: null,
  content: '',
  markup: '-',
  info: '',
  meta: null,
  block: true,
  hidden: false
}
Token {
  type: 'bullet_list_close',
  tag: 'ul',
  attrs: null,
  map: null,
  nesting: -1,
  level: 0,
  children: null,
  content: '',
  markup: '-',
  info: '',
  meta: null,
  block: true,
  hidden: false
}
Token {
  type: 'fence',
  tag: 'code',
  attrs: null,
  map: [ 67, 72 ],
  nesting: 0,
  level: 0,
  children: null,
  content: '# mkdir\n\nmkdir build && cd build\n',
  markup: '```',
  info: 'sh',
  meta: null,
  block: true,
  hidden: false
}
Token {
  type: 'bullet_list_open',
  tag: 'ul',
  attrs: null,
  map: [ 73, 75 ],
  nesting: 1,
  level: 0,
  children: null,
  content: '',
  markup: '-',
  info: '',
  meta: null,
  block: true,
  hidden: false
}
Token {
  type: 'list_item_open',
  tag: 'li',
  attrs: null,
  map: [ 73, 75 ],
  nesting: 1,
  level: 1,
  children: null,
  content: '',
  markup: '-',
  info: '',
  meta: null,
  block: true,
  hidden: false
}
Token {
  type: 'paragraph_open',
  tag: 'p',
  attrs: null,
  map: [ 73, 74 ],
  nesting: 1,
  level: 2,
  children: null,
  content: '',
  markup: '',
  info: '',
  meta: null,
  block: true,
  hidden: true
}
Token {
  type: 'inline',
  tag: '',
  attrs: null,
  map: [ 73, 74 ],
  nesting: 0,
  level: 3,
  children: [
    Token {
      type: 'text',
      tag: '',
      attrs: null,
      map: null,
      nesting: 0,
      level: 0,
      children: null,
      content: '在 ',
      markup: '',
      info: '',
      meta: null,
      block: false,
      hidden: false
    },
    Token {
      type: 'code_inline',
      tag: 'code',
      attrs: null,
      map: null,
      nesting: 0,
      level: 0,
      children: null,
      content: 'build',
      markup: '`',
      info: '',
      meta: null,
      block: false,
      hidden: false
    },
    Token {
      type: 'text',
      tag: '',
      attrs: null,
      map: null,
      nesting: 0,
      level: 0,
      children: null,
      content: ' 目录下，创建 ',
      markup: '',
      info: '',
      meta: null,
      block: false,
      hidden: false
    },
    Token {
      type: 'code_inline',
      tag: 'code',
      attrs: null,
      map: null,
      nesting: 0,
      level: 0,
      children: null,
      content: 'cmake_up.sh',
      markup: '`',
      info: '',
      meta: null,
      block: false,
      hidden: false
    },
    Token {
      type: 'text',
      tag: '',
      attrs: null,
      map: null,
      nesting: 0,
      level: 0,
      children: null,
      content: ' 脚本，用以便捷启动 ',
      markup: '',
      info: '',
      meta: null,
      block: false,
      hidden: false
    },
    Token {
      type: 'code_inline',
      tag: 'code',
      attrs: null,
      map: null,
      nesting: 0,
      level: 0,
      children: null,
      content: 'cmake',
      markup: '`',
      info: '',
      meta: null,
      block: false,
      hidden: false
    }
  ],
  content: '在 `build` 目录下，创建 `cmake_up.sh` 脚本，用以便捷启动 `cmake`',
  markup: '',
  info: '',
  meta: null,
  block: true,
  hidden: false
}
Token {
  type: 'paragraph_close',
  tag: 'p',
  attrs: null,
  map: null,
  nesting: -1,
  level: 2,
  children: null,
  content: '',
  markup: '',
  info: '',
  meta: null,
  block: true,
  hidden: true
}
Token {
  type: 'list_item_close',
  tag: 'li',
  attrs: null,
  map: null,
  nesting: -1,
  level: 1,
  children: null,
  content: '',
  markup: '-',
  info: '',
  meta: null,
  block: true,
  hidden: false
}
Token {
  type: 'bullet_list_close',
  tag: 'ul',
  attrs: null,
  map: null,
  nesting: -1,
  level: 0,
  children: null,
  content: '',
  markup: '-',
  info: '',
  meta: null,
  block: true,
  hidden: false
}
Token {
  type: 'fence',
  tag: 'code',
  attrs: null,
  map: [ 75, 140 ],
  nesting: 0,
  level: 0,
  children: null,
  content: '\n' +
    '# @/build/cmake_up.sh\n' +
    '#!/bin/bash\n' +
    '\n' +
    'function cmake_mysql_up {\n' +
    '\t# #指定mysql的安装路径\n' +
    '\t# -DCMAKE_INSTALL_PREFIX=/usr/local/mysql\n' +
    '\n' +
    '\t# #指定mysql进程监听套接字文件（数据库连接文件）的存储路径\n' +
    '\t# -DMYSQL_UNIX_ADDR=/usr/local/mysql/mysql.sock\n' +
    '\n' +
    '\t# #指定配置文件的存储路径\n' +
    '\t# -DSYSCONFDIR=/etc\n' +
    '\n' +
    '\t# #指定进程文件的存储路径\n' +
    '\t# -DSYSTEMD_PID_DIR=/usr/local/mysql\n' +
    '\n' +
    '\t# #指定默认使用的字符集编码，如utf8\n' +
    '\t# -DDEFAULT_CHARSET=utf8\n' +
    '\n' +
    '\t# #指定默认使用的字符集校对规则\n' +
    '\t# -DDEFAULT_COLLATION=utf8_general_ci\n' +
    '\n' +
    '\t# #安装INNOBASE存储引擎\n' +
    '\t# -DWITH_INNOBASE_STORAGE_ENGINE=1\n' +
    '\n' +
    '\t# #安装ARCHIVE存储引擎\n' +
    '\t# -DWITH_ARCHIVE_STORAGE_ENGINE=1\n' +
    '\n' +
    '\t# #安装BLACKHOLE存储引擎\n' +
    '\t# -DWITH_BLACKHOLE_STORAGE_ENGINE=1\n' +
    '\n' +
    '\t# #安装FEDERATED存储引擎\n' +
    '\t# -DWITH_PERFSCHEMA_STORAGE_ENGINE=1\n' +
    '\n' +
    '\t# #指定数据库文件的存储路径\n' +
    '\t# -DMYSQL_DATADIR=/usr/local/mysql/data\n' +
    '\n' +
    '\t# #指定boost的路径，\n' +
    '\t# -DWITH_BOOST=boost\n' +
    '\n' +
    '\t# #生成便于systemctl管理的文件\n' +
    '\t# -DWITH_SYSTEMD=1\n' +
    '\n' +
    '\tsudo cmake .. -DCMAKE_INSTALL_PREFIX=/opt/mysql-source-code/mysql \\\n' +
    '\t\t-DSYSTEMD_PID_DIR=/opt/mysql-source-code/mysql \\\n' +
    '\t\t-DMYSQL_DATADIR=/opt/mysql-source-code/mysql-data \\\n' +
    '\t\t-DWITH_INNOBASE_STORAGE_ENGINE=1 \\\n' +
    '\t\t-DWITH_DEBUG=1 \\\n' +
    '\t\t-DSYSCONFDIR=/opt/mysql-source-code/mysql-config \\\n' +
    '\t\t-DMYSQL_TCP_PORT=3316 \\\n' +
    '\t\t-DWITH_BOOST=/opt/mysql-source-code/boost \\\n' +
    '\t\t-DCMAKE_CXX_COMPILER=/usr/bin/g++ \\\n' +
    '\t\t-DFORCE_INSOURCE_BUILD=0 \\\n' +
    '\t\t-DDOWNLOAD_BOOST=1 \\\n' +
    '\t\t-DHAVE_DTRACE=1 \\\n' +
    '\t\t-DMYSQL_UNIX_ADDR=/opt/mysql-source-code/mysql/mysql.sock \\\n' +
    '\t\t-DWITH_SYSTEMD=0 \\\n' +
    '\t\t-DDEFAULT_CHARSET=utf8 \\\n' +
    '\t\t-DDEFAULT_COLLATION=utf8_general_ci\n' +
    '}\n' +
    '\n' +
    'cmake_mysql_up\n',
  markup: '```',
  info: 'sh',
  meta: null,
  block: true,
  hidden: false
}
Token {
  type: 'bullet_list_open',
  tag: 'ul',
  attrs: null,
  map: [ 141, 143 ],
  nesting: 1,
  level: 0,
  children: null,
  content: '',
  markup: '-',
  info: '',
  meta: null,
  block: true,
  hidden: false
}
Token {
  type: 'list_item_open',
  tag: 'li',
  attrs: null,
  map: [ 141, 143 ],
  nesting: 1,
  level: 1,
  children: null,
  content: '',
  markup: '-',
  info: '',
  meta: null,
  block: true,
  hidden: false
}
Token {
  type: 'paragraph_open',
  tag: 'p',
  attrs: null,
  map: [ 141, 142 ],
  nesting: 1,
  level: 2,
  children: null,
  content: '',
  markup: '',
  info: '',
  meta: null,
  block: true,
  hidden: true
}
Token {
  type: 'inline',
  tag: '',
  attrs: null,
  map: [ 141, 142 ],
  nesting: 0,
  level: 3,
  children: [
    Token {
      type: 'text',
      tag: '',
      attrs: null,
      map: null,
      nesting: 0,
      level: 0,
      children: null,
      content: '该脚本的目的，在于',
      markup: '',
      info: '',
      meta: null,
      block: false,
      hidden: false
    },
    Token {
      type: 'strong_open',
      tag: 'strong',
      attrs: null,
      map: null,
      nesting: 1,
      level: 0,
      children: null,
      content: '',
      markup: '**',
      info: '',
      meta: null,
      block: false,
      hidden: false
    },
    Token {
      type: 'text',
      tag: '',
      attrs: null,
      map: null,
      nesting: 0,
      level: 1,
      children: null,
      content: '有记录地',
      markup: '',
      info: '',
      meta: null,
      block: false,
      hidden: false
    },
    Token {
      type: 'strong_close',
      tag: 'strong',
      attrs: null,
      map: null,
      nesting: -1,
      level: 0,
      children: null,
      content: '',
      markup: '**',
      info: '',
      meta: null,
      block: false,
      hidden: false
    },
    Token {
      type: 'text',
      tag: '',
      attrs: null,
      map: null,
      nesting: 0,
      level: 0,
      children: null,
      content: '启动 ',
      markup: '',
      info: '',
      meta: null,
      block: false,
      hidden: false
    },
    Token {
      type: 'code_inline',
      tag: 'code',
      attrs: null,
      map: null,
      nesting: 0,
      level: 0,
      children: null,
      content: 'cmake',
      markup: '`',
      info: '',
      meta: null,
      block: false,
      hidden: false
    }
  ],
  content: '该脚本的目的，在于**有记录地**启动 `cmake`',
  markup: '',
  info: '',
  meta: null,
  block: true,
  hidden: false
}
Token {
  type: 'paragraph_close',
  tag: 'p',
  attrs: null,
  map: null,
  nesting: -1,
  level: 2,
  children: null,
  content: '',
  markup: '',
  info: '',
  meta: null,
  block: true,
  hidden: true
}
Token {
  type: 'list_item_close',
  tag: 'li',
  attrs: null,
  map: null,
  nesting: -1,
  level: 1,
  children: null,
  content: '',
  markup: '-',
  info: '',
  meta: null,
  block: true,
  hidden: false
}
Token {
  type: 'bullet_list_close',
  tag: 'ul',
  attrs: null,
  map: null,
  nesting: -1,
  level: 0,
  children: null,
  content: '',
  markup: '-',
  info: '',
  meta: null,
  block: true,
  hidden: false
}
Token {
  type: 'heading_open',
  tag: 'h3',
  attrs: null,
  map: [ 143, 144 ],
  nesting: 1,
  level: 0,
  children: null,
  content: '',
  markup: '###',
  info: '',
  meta: null,
  block: true,
  hidden: false
}
Token {
  type: 'inline',
  tag: '',
  attrs: null,
  map: [ 143, 144 ],
  nesting: 0,
  level: 1,
  children: [
    Token {
      type: 'text',
      tag: '',
      attrs: null,
      map: null,
      nesting: 0,
      level: 0,
      children: null,
      content: '2.4 通过 ',
      markup: '',
      info: '',
      meta: null,
      block: false,
      hidden: false
    },
    Token {
      type: 'code_inline',
      tag: 'code',
      attrs: null,
      map: null,
      nesting: 0,
      level: 0,
      children: null,
      content: 'cmake',
      markup: '`',
      info: '',
      meta: null,
      block: false,
      hidden: false
    },
    Token {
      type: 'text',
      tag: '',
      attrs: null,
      map: null,
      nesting: 0,
      level: 0,
      children: null,
      content: ' 构建 ',
      markup: '',
      info: '',
      meta: null,
      block: false,
      hidden: false
    },
    Token {
      type: 'code_inline',
      tag: 'code',
      attrs: null,
      map: null,
      nesting: 0,
      level: 0,
      children: null,
      content: 'makefile',
      markup: '`',
      info: '',
      meta: null,
      block: false,
      hidden: false
    }
  ],
  content: '2.4 通过 `cmake` 构建 `makefile`',
  markup: '',
  info: '',
  meta: null,
  block: true,
  hidden: false
}
Token {
  type: 'heading_close',
  tag: 'h3',
  attrs: null,
  map: null,
  nesting: -1,
  level: 0,
  children: null,
  content: '',
  markup: '###',
  info: '',
  meta: null,
  block: true,
  hidden: false
}
Token {
  type: 'bullet_list_open',
  tag: 'ul',
  attrs: null,
  map: [ 145, 147 ],
  nesting: 1,
  level: 0,
  children: null,
  content: '',
  markup: '-',
  info: '',
  meta: null,
  block: true,
  hidden: false
}
Token {
  type: 'list_item_open',
  tag: 'li',
  attrs: null,
  map: [ 145, 147 ],
  nesting: 1,
  level: 1,
  children: null,
  content: '',
  markup: '-',
  info: '',
  meta: null,
  block: true,
  hidden: false
}
Token {
  type: 'paragraph_open',
  tag: 'p',
  attrs: null,
  map: [ 145, 146 ],
  nesting: 1,
  level: 2,
  children: null,
  content: '',
  markup: '',
  info: '',
  meta: null,
  block: true,
  hidden: true
}
Token {
  type: 'inline',
  tag: '',
  attrs: null,
  map: [ 145, 146 ],
  nesting: 0,
  level: 3,
  children: [
    Token {
      type: 'text',
      tag: '',
      attrs: null,
      map: null,
      nesting: 0,
      level: 0,
      children: null,
      content: '执行 ',
      markup: '',
      info: '',
      meta: null,
      block: false,
      hidden: false
    },
    Token {
      type: 'code_inline',
      tag: 'code',
      attrs: null,
      map: null,
      nesting: 0,
      level: 0,
      children: null,
      content: 'build/cmake_up.sh',
      markup: '`',
      info: '',
      meta: null,
      block: false,
      hidden: false
    },
    Token {
      type: 'text',
      tag: '',
      attrs: null,
      map: null,
      nesting: 0,
      level: 0,
      children: null,
      content: ' 即可',
      markup: '',
      info: '',
      meta: null,
      block: false,
      hidden: false
    }
  ],
  content: '执行 `build/cmake_up.sh` 即可',
  markup: '',
  info: '',
  meta: null,
  block: true,
  hidden: false
}
Token {
  type: 'paragraph_close',
  tag: 'p',
  attrs: null,
  map: null,
  nesting: -1,
  level: 2,
  children: null,
  content: '',
  markup: '',
  info: '',
  meta: null,
  block: true,
  hidden: true
}
Token {
  type: 'list_item_close',
  tag: 'li',
  attrs: null,
  map: null,
  nesting: -1,
  level: 1,
  children: null,
  content: '',
  markup: '-',
  info: '',
  meta: null,
  block: true,
  hidden: false
}
Token {
  type: 'bullet_list_close',
  tag: 'ul',
  attrs: null,
  map: null,
  nesting: -1,
  level: 0,
  children: null,
  content: '',
  markup: '-',
  info: '',
  meta: null,
  block: true,
  hidden: false
}
Token {
  type: 'fence',
  tag: 'code',
  attrs: null,
  map: [ 147, 150 ],
  nesting: 0,
  level: 0,
  children: null,
  content: 'sudo bash ./cmake_up.sh\n',
  markup: '```',
  info: 'sh',
  meta: null,
  block: true,
  hidden: false
}
Token {
  type: 'bullet_list_open',
  tag: 'ul',
  attrs: null,
  map: [ 151, 154 ],
  nesting: 1,
  level: 0,
  children: null,
  content: '',
  markup: '-',
  info: '',
  meta: null,
  block: true,
  hidden: false
}
Token {
  type: 'list_item_open',
  tag: 'li',
  attrs: null,
  map: [ 151, 152 ],
  nesting: 1,
  level: 1,
  children: null,
  content: '',
  markup: '-',
  info: '',
  meta: null,
  block: true,
  hidden: false
}
Token {
  type: 'paragraph_open',
  tag: 'p',
  attrs: null,
  map: [ 151, 152 ],
  nesting: 1,
  level: 2,
  children: null,
  content: '',
  markup: '',
  info: '',
  meta: null,
  block: true,
  hidden: true
}
Token {
  type: 'inline',
  tag: '',
  attrs: null,
  map: [ 151, 152 ],
  nesting: 0,
  level: 3,
  children: [
    Token {
      type: 'text',
      tag: '',
      attrs: null,
      map: null,
      nesting: 0,
      level: 0,
      children: null,
      content: '这一步目的在于，构建出必要的 ',
      markup: '',
      info: '',
      meta: null,
      block: false,
      hidden: false
    },
    Token {
      type: 'code_inline',
      tag: 'code',
      attrs: null,
      map: null,
      nesting: 0,
      level: 0,
      children: null,
      content: 'makefile',
      markup: '`',
      info: '',
      meta: null,
      block: false,
      hidden: false
    },
    Token {
      type: 'text',
      tag: '',
      attrs: null,
      map: null,
      nesting: 0,
      level: 0,
      children: null,
      content: '，只是起到中间桥梁的作用，并非真正执行编译。',
      markup: '',
      info: '',
      meta: null,
      block: false,
      hidden: false
    }
  ],
  content: '这一步目的在于，构建出必要的 `makefile`，只是起到中间桥梁的作用，并非真正执行编译。',
  markup: '',
  info: '',
  meta: null,
  block: true,
  hidden: false
}
Token {
  type: 'paragraph_close',
  tag: 'p',
  attrs: null,
  map: null,
  nesting: -1,
  level: 2,
  children: null,
  content: '',
  markup: '',
  info: '',
  meta: null,
  block: true,
  hidden: true
}
Token {
  type: 'list_item_close',
  tag: 'li',
  attrs: null,
  map: null,
  nesting: -1,
  level: 1,
  children: null,
  content: '',
  markup: '-',
  info: '',
  meta: null,
  block: true,
  hidden: false
}
Token {
  type: 'list_item_open',
  tag: 'li',
  attrs: null,
  map: [ 152, 154 ],
  nesting: 1,
  level: 1,
  children: null,
  content: '',
  markup: '-',
  info: '',
  meta: null,
  block: true,
  hidden: false
}
Token {
  type: 'paragraph_open',
  tag: 'p',
  attrs: null,
  map: [ 152, 153 ],
  nesting: 1,
  level: 2,
  children: null,
  content: '',
  markup: '',
  info: '',
  meta: null,
  block: true,
  hidden: true
}
Token {
  type: 'inline',
  tag: '',
  attrs: null,
  map: [ 152, 153 ],
  nesting: 0,
  level: 3,
  children: [
    Token {
      type: 'text',
      tag: '',
      attrs: null,
      map: null,
      nesting: 0,
      level: 0,
      children: null,
      content: '此步骤耗时大约 1 分钟左右。',
      markup: '',
      info: '',
      meta: null,
      block: false,
      hidden: false
    }
  ],
  content: '此步骤耗时大约 1 分钟左右。',
  markup: '',
  info: '',
  meta: null,
  block: true,
  hidden: false
}
Token {
  type: 'paragraph_close',
  tag: 'p',
  attrs: null,
  map: null,
  nesting: -1,
  level: 2,
  children: null,
  content: '',
  markup: '',
  info: '',
  meta: null,
  block: true,
  hidden: true
}
Token {
  type: 'list_item_close',
  tag: 'li',
  attrs: null,
  map: null,
  nesting: -1,
  level: 1,
  children: null,
  content: '',
  markup: '-',
  info: '',
  meta: null,
  block: true,
  hidden: false
}
Token {
  type: 'bullet_list_close',
  tag: 'ul',
  attrs: null,
  map: null,
  nesting: -1,
  level: 0,
  children: null,
  content: '',
  markup: '-',
  info: '',
  meta: null,
  block: true,
  hidden: false
}
Token {
  type: 'heading_open',
  tag: 'h3',
  attrs: null,
  map: [ 154, 155 ],
  nesting: 1,
  level: 0,
  children: null,
  content: '',
  markup: '###',
  info: '',
  meta: null,
  block: true,
  hidden: false
}
Token {
  type: 'inline',
  tag: '',
  attrs: null,
  map: [ 154, 155 ],
  nesting: 0,
  level: 1,
  children: [
    Token {
      type: 'text',
      tag: '',
      attrs: null,
      map: null,
      nesting: 0,
      level: 0,
      children: null,
      content: '2.5 通过 ',
      markup: '',
      info: '',
      meta: null,
      block: false,
      hidden: false
    },
    Token {
      type: 'code_inline',
      tag: 'code',
      attrs: null,
      map: null,
      nesting: 0,
      level: 0,
      children: null,
      content: 'makefile',
      markup: '`',
      info: '',
      meta: null,
      block: false,
      hidden: false
    },
    Token {
      type: 'text',
      tag: '',
      attrs: null,
      map: null,
      nesting: 0,
      level: 0,
      children: null,
      content: ' 构建二进制文件',
      markup: '',
      info: '',
      meta: null,
      block: false,
      hidden: false
    }
  ],
  content: '2.5 通过 `makefile` 构建二进制文件',
  markup: '',
  info: '',
  meta: null,
  block: true,
  hidden: false
}
Token {
  type: 'heading_close',
  tag: 'h3',
  attrs: null,
  map: null,
  nesting: -1,
  level: 0,
  children: null,
  content: '',
  markup: '###',
  info: '',
  meta: null,
  block: true,
  hidden: false
}
Token {
  type: 'bullet_list_open',
  tag: 'ul',
  attrs: null,
  map: [ 156, 158 ],
  nesting: 1,
  level: 0,
  children: null,
  content: '',
  markup: '-',
  info: '',
  meta: null,
  block: true,
  hidden: false
}
Token {
  type: 'list_item_open',
  tag: 'li',
  attrs: null,
  map: [ 156, 158 ],
  nesting: 1,
  level: 1,
  children: null,
  content: '',
  markup: '-',
  info: '',
  meta: null,
  block: true,
  hidden: false
}
Token {
  type: 'paragraph_open',
  tag: 'p',
  attrs: null,
  map: [ 156, 157 ],
  nesting: 1,
  level: 2,
  children: null,
  content: '',
  markup: '',
  info: '',
  meta: null,
  block: true,
  hidden: true
}
Token {
  type: 'inline',
  tag: '',
  attrs: null,
  map: [ 156, 157 ],
  nesting: 0,
  level: 3,
  children: [
    Token {
      type: 'text',
      tag: '',
      attrs: null,
      map: null,
      nesting: 0,
      level: 0,
      children: null,
      content: '现在，可以看到 ',
      markup: '',
      info: '',
      meta: null,
      block: false,
      hidden: false
    },
    Token {
      type: 'code_inline',
      tag: 'code',
      attrs: null,
      map: null,
      nesting: 0,
      level: 0,
      children: null,
      content: 'build',
      markup: '`',
      info: '',
      meta: null,
      block: false,
      hidden: false
    },
    Token {
      type: 'text',
      tag: '',
      attrs: null,
      map: null,
      nesting: 0,
      level: 0,
      children: null,
      content: ' 目录下已经有了一系列文件。',
      markup: '',
      info: '',
      meta: null,
      block: false,
      hidden: false
    }
  ],
  content: '现在，可以看到 `build` 目录下已经有了一系列文件。',
  markup: '',
  info: '',
  meta: null,
  block: true,
  hidden: false
}
Token {
  type: 'paragraph_close',
  tag: 'p',
  attrs: null,
  map: null,
  nesting: -1,
  level: 2,
  children: null,
  content: '',
  markup: '',
  info: '',
  meta: null,
  block: true,
  hidden: true
}
Token {
  type: 'list_item_close',
  tag: 'li',
  attrs: null,
  map: null,
  nesting: -1,
  level: 1,
  children: null,
  content: '',
  markup: '-',
  info: '',
  meta: null,
  block: true,
  hidden: false
}
Token {
  type: 'bullet_list_close',
  tag: 'ul',
  attrs: null,
  map: null,
  nesting: -1,
  level: 0,
  children: null,
  content: '',
  markup: '-',
  info: '',
  meta: null,
  block: true,
  hidden: false
}
Token {
  type: 'fence',
  tag: 'code',
  attrs: null,
  map: [ 158, 217 ],
  nesting: 0,
  level: 0,
  children: null,
  content: '#  pwd && tree . -L 1\n' +
    '# /home/albert/remote-codespace/from-github/db/mysql-server/build\n' +
    '.\n' +
    '├── abi_check.out\n' +
    '├── archive_output_directory\n' +
    '├── bin -> ./runtime_output_directory\n' +
    '├── client\n' +
    '├── CMakeCache.txt\n' +
    '├── CMakeFiles\n' +
    '├── cmake_install.cmake\n' +
    '├── cmake_up.sh\n' +
    '├── components\n' +
    '├── CPackConfig.cmake\n' +
    '├── CPackSourceConfig.cmake\n' +
    '├── CTestTestfile.cmake\n' +
    '├── DartConfiguration.tcl\n' +
    '├── debian\n' +
    '├── Docs\n' +
    '├── extra\n' +
    '├── icudt73l.lnk\n' +
    '├── include\n' +
    '├── info_macros.cmake\n' +
    '├── install_manifest.txt\n' +
    '├── lib -> ./library_output_directory\n' +
    '├── libchangestreams\n' +
    '├── libgmock.a\n' +
    '├── libgmock_main.a\n' +
    '├── libgtest.a\n' +
    '├── libgtest_main.a\n' +
    '├── libmysql\n' +
    '├── library_output_directory\n' +
    '├── libs\n' +
    '├── libservices\n' +
    '├── make_dist.cmake\n' +
    '├── Makefile   # 此文件就是编译依赖的真正管理者\n' +
    '├── man\n' +
    '├── mysql-test\n' +
    '├── mysys\n' +
    '├── packaging\n' +
    '├── plugin\n' +
    '├── plugin_output_directory\n' +
    '├── router\n' +
    '├── runtime_output_directory\n' +
    '├── scripts\n' +
    '├── server_unittest_library_dummy.c\n' +
    '├── share\n' +
    '├── sql\n' +
    '├── sql-common\n' +
    '├── storage\n' +
    '├── strings\n' +
    '├── support-files\n' +
    '├── testclients\n' +
    '├── Testing\n' +
    '├── unittest\n' +
    '├── utilities\n' +
    '├── VERSION.dep\n' +
    '└── vio\n',
  markup: '```',
  info: 'sh',
  meta: null,
  block: true,
  hidden: false
}
Token {
  type: 'bullet_list_open',
  tag: 'ul',
  attrs: null,
  map: [ 218, 221 ],
  nesting: 1,
  level: 0,
  children: null,
  content: '',
  markup: '-',
  info: '',
  meta: null,
  block: true,
  hidden: false
}
Token {
  type: 'list_item_open',
  tag: 'li',
  attrs: null,
  map: [ 218, 219 ],
  nesting: 1,
  level: 1,
  children: null,
  content: '',
  markup: '-',
  info: '',
  meta: null,
  block: true,
  hidden: false
}
Token {
  type: 'paragraph_open',
  tag: 'p',
  attrs: null,
  map: [ 218, 219 ],
  nesting: 1,
  level: 2,
  children: null,
  content: '',
  markup: '',
  info: '',
  meta: null,
  block: true,
  hidden: true
}
Token {
  type: 'inline',
  tag: '',
  attrs: null,
  map: [ 218, 219 ],
  nesting: 0,
  level: 3,
  children: [
    Token {
      type: 'text',
      tag: '',
      attrs: null,
      map: null,
      nesting: 0,
      level: 0,
      children: null,
      content: '可以看到，已经出现了 ',
      markup: '',
      info: '',
      meta: null,
      block: false,
      hidden: false
    },
    Token {
      type: 'code_inline',
      tag: 'code',
      attrs: null,
      map: null,
      nesting: 0,
      level: 0,
      children: null,
      content: 'makefile',
      markup: '`',
      info: '',
      meta: null,
      block: false,
      hidden: false
    },
    Token {
      type: 'text',
      tag: '',
      attrs: null,
      map: null,
      nesting: 0,
      level: 0,
      children: null,
      content: ', 此文件就是编译依赖的真正管理者。',
      markup: '',
      info: '',
      meta: null,
      block: false,
      hidden: false
    }
  ],
  content: '可以看到，已经出现了 `makefile`, 此文件就是编译依赖的真正管理者。',
  markup: '',
  info: '',
  meta: null,
  block: true,
  hidden: false
}
Token {
  type: 'paragraph_close',
  tag: 'p',
  attrs: null,
  map: null,
  nesting: -1,
  level: 2,
  children: null,
  content: '',
  markup: '',
  info: '',
  meta: null,
  block: true,
  hidden: true
}
Token {
  type: 'list_item_close',
  tag: 'li',
  attrs: null,
  map: null,
  nesting: -1,
  level: 1,
  children: null,
  content: '',
  markup: '-',
  info: '',
  meta: null,
  block: true,
  hidden: false
}
Token {
  type: 'list_item_open',
  tag: 'li',
  attrs: null,
  map: [ 219, 221 ],
  nesting: 1,
  level: 1,
  children: null,
  content: '',
  markup: '-',
  info: '',
  meta: null,
  block: true,
  hidden: false
}
Token {
  type: 'paragraph_open',
  tag: 'p',
  attrs: null,
  map: [ 219, 220 ],
  nesting: 1,
  level: 2,
  children: null,
  content: '',
  markup: '',
  info: '',
  meta: null,
  block: true,
  hidden: true
}
Token {
  type: 'inline',
  tag: '',
  attrs: null,
  map: [ 219, 220 ],
  nesting: 0,
  level: 3,
  children: [
    Token {
      type: 'text',
      tag: '',
      attrs: null,
      map: null,
      nesting: 0,
      level: 0,
      children: null,
      content: '执行编译命令，使用 ',
      markup: '',
      info: '',
      meta: null,
      block: false,
      hidden: false
    },
    Token {
      type: 'code_inline',
      tag: 'code',
      attrs: null,
      map: null,
      nesting: 0,
      level: 0,
      children: null,
      content: '48',
      markup: '`',
      info: '',
      meta: null,
      block: false,
      hidden: false
    },
    Token {
      type: 'text',
      tag: '',
      attrs: null,
      map: null,
      nesting: 0,
      level: 0,
      children: null,
      content: ' 个线程来编译，总耗时大约 ',
      markup: '',
      info: '',
      meta: null,
      block: false,
      hidden: false
    },
    Token {
      type: 'code_inline',
      tag: 'code',
      attrs: null,
      map: null,
      nesting: 0,
      level: 0,
      children: null,
      content: '4',
      markup: '`',
      info: '',
      meta: null,
      block: false,
      hidden: false
    },
    Token {
      type: 'text',
      tag: '',
      attrs: null,
      map: null,
      nesting: 0,
      level: 0,
      children: null,
      content: ' 分钟左右。',
      markup: '',
      info: '',
      meta: null,
      block: false,
      hidden: false
    }
  ],
  content: '执行编译命令，使用 `48` 个线程来编译，总耗时大约 `4` 分钟左右。',
  markup: '',
  info: '',
  meta: null,
  block: true,
  hidden: false
}
Token {
  type: 'paragraph_close',
  tag: 'p',
  attrs: null,
  map: null,
  nesting: -1,
  level: 2,
  children: null,
  content: '',
  markup: '',
  info: '',
  meta: null,
  block: true,
  hidden: true
}
Token {
  type: 'list_item_close',
  tag: 'li',
  attrs: null,
  map: null,
  nesting: -1,
  level: 1,
  children: null,
  content: '',
  markup: '-',
  info: '',
  meta: null,
  block: true,
  hidden: false
}
Token {
  type: 'bullet_list_close',
  tag: 'ul',
  attrs: null,
  map: null,
  nesting: -1,
  level: 0,
  children: null,
  content: '',
  markup: '-',
  info: '',
  meta: null,
  block: true,
  hidden: false
}
Token {
  type: 'fence',
  tag: 'code',
  attrs: null,
  map: [ 221, 224 ],
  nesting: 0,
  level: 0,
  children: null,
  content: 'suod make install -j 48\n',
  markup: '```',
  info: 'sh',
  meta: null,
  block: true,
  hidden: false
}
Token {
  type: 'bullet_list_open',
  tag: 'ul',
  attrs: null,
  map: [ 225, 227 ],
  nesting: 1,
  level: 0,
  children: null,
  content: '',
  markup: '-',
  info: '',
  meta: null,
  block: true,
  hidden: false
}
Token {
  type: 'list_item_open',
  tag: 'li',
  attrs: null,
  map: [ 225, 227 ],
  nesting: 1,
  level: 1,
  children: null,
  content: '',
  markup: '-',
  info: '',
  meta: null,
  block: true,
  hidden: false
}
Token {
  type: 'paragraph_open',
  tag: 'p',
  attrs: null,
  map: [ 225, 226 ],
  nesting: 1,
  level: 2,
  children: null,
  content: '',
  markup: '',
  info: '',
  meta: null,
  block: true,
  hidden: true
}
Token {
  type: 'inline',
  tag: '',
  attrs: null,
  map: [ 225, 226 ],
  nesting: 0,
  level: 3,
  children: [
    Token {
      type: 'text',
      tag: '',
      attrs: null,
      map: null,
      nesting: 0,
      level: 0,
      children: null,
      content: '执行成功，在 ',
      markup: '',
      info: '',
      meta: null,
      block: false,
      hidden: false
    },
    Token {
      type: 'code_inline',
      tag: 'code',
      attrs: null,
      map: null,
      nesting: 0,
      level: 0,
      children: null,
      content: '/opt/mysql-source-code/',
      markup: '`',
      info: '',
      meta: null,
      block: false,
      hidden: false
    },
    Token {
      type: 'text',
      tag: '',
      attrs: null,
      map: null,
      nesting: 0,
      level: 0,
      children: null,
      content: ' 目录下创建目录，至如下状态：',
      markup: '',
      info: '',
      meta: null,
      block: false,
      hidden: false
    }
  ],
  content: '执行成功，在 `/opt/mysql-source-code/` 目录下创建目录，至如下状态：',
  markup: '',
  info: '',
  meta: null,
  block: true,
  hidden: false
}
Token {
  type: 'paragraph_close',
  tag: 'p',
  attrs: null,
  map: null,
  nesting: -1,
  level: 2,
  children: null,
  content: '',
  markup: '',
  info: '',
  meta: null,
  block: true,
  hidden: true
}
Token {
  type: 'list_item_close',
  tag: 'li',
  attrs: null,
  map: null,
  nesting: -1,
  level: 1,
  children: null,
  content: '',
  markup: '-',
  info: '',
  meta: null,
  block: true,
  hidden: false
}
Token {
  type: 'bullet_list_close',
  tag: 'ul',
  attrs: null,
  map: null,
  nesting: -1,
  level: 0,
  children: null,
  content: '',
  markup: '-',
  info: '',
  meta: null,
  block: true,
  hidden: false
}
Token {
  type: 'fence',
  tag: 'code',
  attrs: null,
  map: [ 227, 239 ],
  nesting: 0,
  level: 0,
  children: null,
  content: '# pwd:/opt/mysql-source-code\n' +
    '# tree . -L 1\n' +
    '.\n' +
    '├── mysql\n' +
    '├── mysql-config\n' +
    '├── mysql-data\n' +
    '├── mysql-log\n' +
    '├── mysql-pid\n' +
    '├── mysql-socket\n' +
    '└── tmp\n',
  markup: '```',
  info: 'sh',
  meta: null,
  block: true,
  hidden: false
}
Token {
  type: 'bullet_list_open',
  tag: 'ul',
  attrs: null,
  map: [ 240, 242 ],
  nesting: 1,
  level: 0,
  children: null,
  content: '',
  markup: '-',
  info: '',
  meta: null,
  block: true,
  hidden: false
}
Token {
  type: 'list_item_open',
  tag: 'li',
  attrs: null,
  map: [ 240, 242 ],
  nesting: 1,
  level: 1,
  children: null,
  content: '',
  markup: '-',
  info: '',
  meta: null,
  block: true,
  hidden: false
}
Token {
  type: 'paragraph_open',
  tag: 'p',
  attrs: null,
  map: [ 240, 241 ],
  nesting: 1,
  level: 2,
  children: null,
  content: '',
  markup: '',
  info: '',
  meta: null,
  block: true,
  hidden: true
}
Token {
  type: 'inline',
  tag: '',
  attrs: null,
  map: [ 240, 241 ],
  nesting: 0,
  level: 3,
  children: [
    Token {
      type: 'text',
      tag: '',
      attrs: null,
      map: null,
      nesting: 0,
      level: 0,
      children: null,
      content: '基本的思想，运行态所需要的一切文件，都放置在 ',
      markup: '',
      info: '',
      meta: null,
      block: false,
      hidden: false
    },
    Token {
      type: 'code_inline',
      tag: 'code',
      attrs: null,
      map: null,
      nesting: 0,
      level: 0,
      children: null,
      content: '/opt/mysql-source-code',
      markup: '`',
      info: '',
      meta: null,
      block: false,
      hidden: false
    },
    Token {
      type: 'text',
      tag: '',
      attrs: null,
      map: null,
      nesting: 0,
      level: 0,
      children: null,
      content: ' 目录下。',
      markup: '',
      info: '',
      meta: null,
      block: false,
      hidden: false
    }
  ],
  content: '基本的思想，运行态所需要的一切文件，都放置在 `/opt/mysql-source-code` 目录下。',
  markup: '',
  info: '',
  meta: null,
  block: true,
  hidden: false
}
Token {
  type: 'paragraph_close',
  tag: 'p',
  attrs: null,
  map: null,
  nesting: -1,
  level: 2,
  children: null,
  content: '',
  markup: '',
  info: '',
  meta: null,
  block: true,
  hidden: true
}
Token {
  type: 'list_item_close',
  tag: 'li',
  attrs: null,
  map: null,
  nesting: -1,
  level: 1,
  children: null,
  content: '',
  markup: '-',
  info: '',
  meta: null,
  block: true,
  hidden: false
}
Token {
  type: 'bullet_list_close',
  tag: 'ul',
  attrs: null,
  map: null,
  nesting: -1,
  level: 0,
  children: null,
  content: '',
  markup: '-',
  info: '',
  meta: null,
  block: true,
  hidden: false
}
Token {
  type: 'heading_open',
  tag: 'h2',
  attrs: null,
  map: [ 242, 243 ],
  nesting: 1,
  level: 0,
  children: null,
  content: '',
  markup: '##',
  info: '',
  meta: null,
  block: true,
  hidden: false
}
Token {
  type: 'inline',
  tag: '',
  attrs: null,
  map: [ 242, 243 ],
  nesting: 0,
  level: 1,
  children: [
    Token {
      type: 'text',
      tag: '',
      attrs: null,
      map: null,
      nesting: 0,
      level: 0,
      children: null,
      content: '3. 启动流程',
      markup: '',
      info: '',
      meta: null,
      block: false,
      hidden: false
    }
  ],
  content: '3. 启动流程',
  markup: '',
  info: '',
  meta: null,
  block: true,
  hidden: false
}
Token {
  type: 'heading_close',
  tag: 'h2',
  attrs: null,
  map: null,
  nesting: -1,
  level: 0,
  children: null,
  content: '',
  markup: '##',
  info: '',
  meta: null,
  block: true,
  hidden: false
}
Token {
  type: 'heading_open',
  tag: 'h3',
  attrs: null,
  map: [ 244, 245 ],
  nesting: 1,
  level: 0,
  children: null,
  content: '',
  markup: '###',
  info: '',
  meta: null,
  block: true,
  hidden: false
}
Token {
  type: 'inline',
  tag: '',
  attrs: null,
  map: [ 244, 245 ],
  nesting: 0,
  level: 1,
  children: [
    Token {
      type: 'text',
      tag: '',
      attrs: null,
      map: null,
      nesting: 0,
      level: 0,
      children: null,
      content: '3.1 创建配置文件',
      markup: '',
      info: '',
      meta: null,
      block: false,
      hidden: false
    }
  ],
  content: '3.1 创建配置文件',
  markup: '',
  info: '',
  meta: null,
  block: true,
  hidden: false
}
Token {
  type: 'heading_close',
  tag: 'h3',
  attrs: null,
  map: null,
  nesting: -1,
  level: 0,
  children: null,
  content: '',
  markup: '###',
  info: '',
  meta: null,
  block: true,
  hidden: false
}
Token {
  type: 'bullet_list_open',
  tag: 'ul',
  attrs: null,
  map: [ 246, 248 ],
  nesting: 1,
  level: 0,
  children: null,
  content: '',
  markup: '-',
  info: '',
  meta: null,
  block: true,
  hidden: false
}
Token {
  type: 'list_item_open',
  tag: 'li',
  attrs: null,
  map: [ 246, 248 ],
  nesting: 1,
  level: 1,
  children: null,
  content: '',
  markup: '-',
  info: '',
  meta: null,
  block: true,
  hidden: false
}
Token {
  type: 'paragraph_open',
  tag: 'p',
  attrs: null,
  map: [ 246, 247 ],
  nesting: 1,
  level: 2,
  children: null,
  content: '',
  markup: '',
  info: '',
  meta: null,
  block: true,
  hidden: true
}
Token {
  type: 'inline',
  tag: '',
  attrs: null,
  map: [ 246, 247 ],
  nesting: 0,
  level: 3,
  children: [
    Token {
      type: 'text',
      tag: '',
      attrs: null,
      map: null,
      nesting: 0,
      level: 0,
      children: null,
      content: '创建 ',
      markup: '',
      info: '',
      meta: null,
      block: false,
      hidden: false
    },
    Token {
      type: 'code_inline',
      tag: 'code',
      attrs: null,
      map: null,
      nesting: 0,
      level: 0,
      children: null,
      content: '/opt/mysql-source-code/mysql-config/my.cnf',
      markup: '`',
      info: '',
      meta: null,
      block: false,
      hidden: false
    },
    Token {
      type: 'text',
      tag: '',
      attrs: null,
      map: null,
      nesting: 0,
      level: 0,
      children: null,
      content: '，并编辑：',
      markup: '',
      info: '',
      meta: null,
      block: false,
      hidden: false
    }
  ],
  content: '创建 `/opt/mysql-source-code/mysql-config/my.cnf`，并编辑：',
  markup: '',
  info: '',
  meta: null,
  block: true,
  hidden: false
}
Token {
  type: 'paragraph_close',
  tag: 'p',
  attrs: null,
  map: null,
  nesting: -1,
  level: 2,
  children: null,
  content: '',
  markup: '',
  info: '',
  meta: null,
  block: true,
  hidden: true
}
Token {
  type: 'list_item_close',
  tag: 'li',
  attrs: null,
  map: null,
  nesting: -1,
  level: 1,
  children: null,
  content: '',
  markup: '-',
  info: '',
  meta: null,
  block: true,
  hidden: false
}
Token {
  type: 'bullet_list_close',
  tag: 'ul',
  attrs: null,
  map: null,
  nesting: -1,
  level: 0,
  children: null,
  content: '',
  markup: '-',
  info: '',
  meta: null,
  block: true,
  hidden: false
}
Token {
  type: 'fence',
  tag: 'code',
  attrs: null,
  map: [ 248, 271 ],
  nesting: 0,
  level: 0,
  children: null,
  content: '[client]\n' +
    'port = 3306\n' +
    'socket = /opt/mysql-source-code/mysql-socket/mysql.sock\n' +
    'default-character-set=utf8mb4\n' +
    '\n' +
    '[mysql]\n' +
    'default-character-set=utf8mb4\n' +
    '\n' +
    '[mysqld]\n' +
    'bind-address = 0.0.0.0\n' +
    'user = root\n' +
    'port = 3306\n' +
    'basedir = /opt/mysql-source-code/\n' +
    'datadir = /opt/mysql-source-code/mysql-data\n' +
    'tmpdir = /opt/mysql-source-code/tmp\n' +
    'pid-file = /opt/mysql-source-code/mysql-pid/mysqld.pid\n' +
    'log-error = /opt/mysql-source-code/mysql-log/error.log\n' +
    'socket = /opt/mysql-source-code/mysql-socket/mysql.sock\n' +
    'default-storage-engine = innodb\n' +
    'character-set-server=utf8mb4\n' +
    'collation-server=utf8mb4_general_ci\n',
  markup: '```',
  info: 'ini',
  meta: null,
  block: true,
  hidden: false
}
Token {
  type: 'bullet_list_open',
  tag: 'ul',
  attrs: null,
  map: [ 272, 274 ],
  nesting: 1,
  level: 0,
  children: null,
  content: '',
  markup: '-',
  info: '',
  meta: null,
  block: true,
  hidden: false
}
Token {
  type: 'list_item_open',
  tag: 'li',
  attrs: null,
  map: [ 272, 274 ],
  nesting: 1,
  level: 1,
  children: null,
  content: '',
  markup: '-',
  info: '',
  meta: null,
  block: true,
  hidden: false
}
Token {
  type: 'paragraph_open',
  tag: 'p',
  attrs: null,
  map: [ 272, 273 ],
  nesting: 1,
  level: 2,
  children: null,
  content: '',
  markup: '',
  info: '',
  meta: null,
  block: true,
  hidden: true
}
Token {
  type: 'inline',
  tag: '',
  attrs: null,
  map: [ 272, 273 ],
  nesting: 0,
  level: 3,
  children: [
    Token {
      type: 'text',
      tag: '',
      attrs: null,
      map: null,
      nesting: 0,
      level: 0,
      children: null,
      content: '注意：',
      markup: '',
      info: '',
      meta: null,
      block: false,
      hidden: false
    },
    Token {
      type: 'code_inline',
      tag: 'code',
      attrs: null,
      map: null,
      nesting: 0,
      level: 0,
      children: null,
      content: 'client',
      markup: '`',
      info: '',
      meta: null,
      block: false,
      hidden: false
    },
    Token {
      type: 'text',
      tag: '',
      attrs: null,
      map: null,
      nesting: 0,
      level: 0,
      children: null,
      content: ' 和 ',
      markup: '',
      info: '',
      meta: null,
      block: false,
      hidden: false
    },
    Token {
      type: 'code_inline',
      tag: 'code',
      attrs: null,
      map: null,
      nesting: 0,
      level: 0,
      children: null,
      content: 'mysqld',
      markup: '`',
      info: '',
      meta: null,
      block: false,
      hidden: false
    },
    Token {
      type: 'text',
      tag: '',
      attrs: null,
      map: null,
      nesting: 0,
      level: 0,
      children: null,
      content: ' 的读写 ',
      markup: '',
      info: '',
      meta: null,
      block: false,
      hidden: false
    },
    Token {
      type: 'code_inline',
      tag: 'code',
      attrs: null,
      map: null,
      nesting: 0,
      level: 0,
      children: null,
      content: 'socket',
      markup: '`',
      info: '',
      meta: null,
      block: false,
      hidden: false
    },
    Token {
      type: 'text',
      tag: '',
      attrs: null,
      map: null,
      nesting: 0,
      level: 0,
      children: null,
      content: ' 目录需要一致',
      markup: '',
      info: '',
      meta: null,
      block: false,
      hidden: false
    }
  ],
  content: '注意：`client` 和 `mysqld` 的读写 `socket` 目录需要一致',
  markup: '',
  info: '',
  meta: null,
  block: true,
  hidden: false
}
Token {
  type: 'paragraph_close',
  tag: 'p',
  attrs: null,
  map: null,
  nesting: -1,
  level: 2,
  children: null,
  content: '',
  markup: '',
  info: '',
  meta: null,
  block: true,
  hidden: true
}
Token {
  type: 'list_item_close',
  tag: 'li',
  attrs: null,
  map: null,
  nesting: -1,
  level: 1,
  children: null,
  content: '',
  markup: '-',
  info: '',
  meta: null,
  block: true,
  hidden: false
}
Token {
  type: 'bullet_list_close',
  tag: 'ul',
  attrs: null,
  map: null,
  nesting: -1,
  level: 0,
  children: null,
  content: '',
  markup: '-',
  info: '',
  meta: null,
  block: true,
  hidden: false
}
Token {
  type: 'heading_open',
  tag: 'h3',
  attrs: null,
  map: [ 274, 275 ],
  nesting: 1,
  level: 0,
  children: null,
  content: '',
  markup: '###',
  info: '',
  meta: null,
  block: true,
  hidden: false
}
Token {
  type: 'inline',
  tag: '',
  attrs: null,
  map: [ 274, 275 ],
  nesting: 0,
  level: 1,
  children: [
    Token {
      type: 'text',
      tag: '',
      attrs: null,
      map: null,
      nesting: 0,
      level: 0,
      children: null,
      content: '3.2 ',
      markup: '',
      info: '',
      meta: null,
      block: false,
      hidden: false
    },
    Token {
      type: 'code_inline',
      tag: 'code',
      attrs: null,
      map: null,
      nesting: 0,
      level: 0,
      children: null,
      content: 'init',
      markup: '`',
      info: '',
      meta: null,
      block: false,
      hidden: false
    },
    Token {
      type: 'text',
      tag: '',
      attrs: null,
      map: null,
      nesting: 0,
      level: 0,
      children: null,
      content: ' 初始配置',
      markup: '',
      info: '',
      meta: null,
      block: false,
      hidden: false
    }
  ],
  content: '3.2 `init` 初始配置',
  markup: '',
  info: '',
  meta: null,
  block: true,
  hidden: false
}
Token {
  type: 'heading_close',
  tag: 'h3',
  attrs: null,
  map: null,
  nesting: -1,
  level: 0,
  children: null,
  content: '',
  markup: '###',
  info: '',
  meta: null,
  block: true,
  hidden: false
}
Token {
  type: 'bullet_list_open',
  tag: 'ul',
  attrs: null,
  map: [ 276, 278 ],
  nesting: 1,
  level: 0,
  children: null,
  content: '',
  markup: '-',
  info: '',
  meta: null,
  block: true,
  hidden: false
}
Token {
  type: 'list_item_open',
  tag: 'li',
  attrs: null,
  map: [ 276, 278 ],
  nesting: 1,
  level: 1,
  children: null,
  content: '',
  markup: '-',
  info: '',
  meta: null,
  block: true,
  hidden: false
}
Token {
  type: 'paragraph_open',
  tag: 'p',
  attrs: null,
  map: [ 276, 277 ],
  nesting: 1,
  level: 2,
  children: null,
  content: '',
  markup: '',
  info: '',
  meta: null,
  block: true,
  hidden: true
}
Token {
  type: 'inline',
  tag: '',
  attrs: null,
  map: [ 276, 277 ],
  nesting: 0,
  level: 3,
  children: [
    Token {
      type: 'text',
      tag: '',
      attrs: null,
      map: null,
      nesting: 0,
      level: 0,
      children: null,
      content: '执行如下命令，启动 ',
      markup: '',
      info: '',
      meta: null,
      block: false,
      hidden: false
    },
    Token {
      type: 'code_inline',
      tag: 'code',
      attrs: null,
      map: null,
      nesting: 0,
      level: 0,
      children: null,
      content: 'mysqld',
      markup: '`',
      info: '',
      meta: null,
      block: false,
      hidden: false
    },
    Token {
      type: 'text',
      tag: '',
      attrs: null,
      map: null,
      nesting: 0,
      level: 0,
      children: null,
      content: ' 服务端。',
      markup: '',
      info: '',
      meta: null,
      block: false,
      hidden: false
    }
  ],
  content: '执行如下命令，启动 `mysqld` 服务端。',
  markup: '',
  info: '',
  meta: null,
  block: true,
  hidden: false
}
Token {
  type: 'paragraph_close',
  tag: 'p',
  attrs: null,
  map: null,
  nesting: -1,
  level: 2,
  children: null,
  content: '',
  markup: '',
  info: '',
  meta: null,
  block: true,
  hidden: true
}
Token {
  type: 'list_item_close',
  tag: 'li',
  attrs: null,
  map: null,
  nesting: -1,
  level: 1,
  children: null,
  content: '',
  markup: '-',
  info: '',
  meta: null,
  block: true,
  hidden: false
}
Token {
  type: 'bullet_list_close',
  tag: 'ul',
  attrs: null,
  map: null,
  nesting: -1,
  level: 0,
  children: null,
  content: '',
  markup: '-',
  info: '',
  meta: null,
  block: true,
  hidden: false
}
Token {
  type: 'fence',
  tag: 'code',
  attrs: null,
  map: [ 278, 286 ],
  nesting: 0,
  level: 0,
  children: null,
  content: 'cd opt/mysql-source-code/mysql/bin\n' +
    '\n' +
    '# init\n' +
    'sudo ./mysqld --defaults-file=/opt/mysql-source-code/mysql-config/my.cnf \\\n' +
    '  --initialize-insecure \\\n' +
    '  --user=root\n',
  markup: '```',
  info: 'sh',
  meta: null,
  block: true,
  hidden: false
}
Token {
  type: 'bullet_list_open',
  tag: 'ul',
  attrs: null,
  map: [ 287, 290 ],
  nesting: 1,
  level: 0,
  children: null,
  content: '',
  markup: '-',
  info: '',
  meta: null,
  block: true,
  hidden: false
}
Token {
  type: 'list_item_open',
  tag: 'li',
  attrs: null,
  map: [ 287, 288 ],
  nesting: 1,
  level: 1,
  children: null,
  content: '',
  markup: '-',
  info: '',
  meta: null,
  block: true,
  hidden: false
}
Token {
  type: 'paragraph_open',
  tag: 'p',
  attrs: null,
  map: [ 287, 288 ],
  nesting: 1,
  level: 2,
  children: null,
  content: '',
  markup: '',
  info: '',
  meta: null,
  block: true,
  hidden: true
}
Token {
  type: 'inline',
  tag: '',
  attrs: null,
  map: [ 287, 288 ],
  nesting: 0,
  level: 3,
  children: [
    Token {
      type: 'text',
      tag: '',
      attrs: null,
      map: null,
      nesting: 0,
      level: 0,
      children: null,
      content: '此处直接使用 ',
      markup: '',
      info: '',
      meta: null,
      block: false,
      hidden: false
    },
    Token {
      type: 'code_inline',
      tag: 'code',
      attrs: null,
      map: null,
      nesting: 0,
      level: 0,
      children: null,
      content: '--initialize-insecure',
      markup: '`',
      info: '',
      meta: null,
      block: false,
      hidden: false
    },
    Token {
      type: 'text',
      tag: '',
      attrs: null,
      map: null,
      nesting: 0,
      level: 0,
      children: null,
      content: '，非安全模式启动，后面把密码改掉即可。',
      markup: '',
      info: '',
      meta: null,
      block: false,
      hidden: false
    }
  ],
  content: '此处直接使用 `--initialize-insecure`，非安全模式启动，后面把密码改掉即可。',
  markup: '',
  info: '',
  meta: null,
  block: true,
  hidden: false
}
Token {
  type: 'paragraph_close',
  tag: 'p',
  attrs: null,
  map: null,
  nesting: -1,
  level: 2,
  children: null,
  content: '',
  markup: '',
  info: '',
  meta: null,
  block: true,
  hidden: true
}
Token {
  type: 'list_item_close',
  tag: 'li',
  attrs: null,
  map: null,
  nesting: -1,
  level: 1,
  children: null,
  content: '',
  markup: '-',
  info: '',
  meta: null,
  block: true,
  hidden: false
}
Token {
  type: 'list_item_open',
  tag: 'li',
  attrs: null,
  map: [ 288, 290 ],
  nesting: 1,
  level: 1,
  children: null,
  content: '',
  markup: '-',
  info: '',
  meta: null,
  block: true,
  hidden: false
}
Token {
  type: 'paragraph_open',
  tag: 'p',
  attrs: null,
  map: [ 288, 289 ],
  nesting: 1,
  level: 2,
  children: null,
  content: '',
  markup: '',
  info: '',
  meta: null,
  block: true,
  hidden: true
}
Token {
  type: 'inline',
  tag: '',
  attrs: null,
  map: [ 288, 289 ],
  nesting: 0,
  level: 3,
  children: [
    Token {
      type: 'text',
      tag: '',
      attrs: null,
      map: null,
      nesting: 0,
      level: 0,
      children: null,
      content: '初始化成功之后，即可在 ',
      markup: '',
      info: '',
      meta: null,
      block: false,
      hidden: false
    },
    Token {
      type: 'code_inline',
      tag: 'code',
      attrs: null,
      map: null,
      nesting: 0,
      level: 0,
      children: null,
      content: 'opt/mysql-source-code/mysql-data',
      markup: '`',
      info: '',
      meta: null,
      block: false,
      hidden: false
    },
    Token {
      type: 'text',
      tag: '',
      attrs: null,
      map: null,
      nesting: 0,
      level: 0,
      children: null,
      content: ' 下看到有写入的文件。',
      markup: '',
      info: '',
      meta: null,
      block: false,
      hidden: false
    }
  ],
  content: '初始化成功之后，即可在 `opt/mysql-source-code/mysql-data` 下看到有写入的文件。',
  markup: '',
  info: '',
  meta: null,
  block: true,
  hidden: false
}
Token {
  type: 'paragraph_close',
  tag: 'p',
  attrs: null,
  map: null,
  nesting: -1,
  level: 2,
  children: null,
  content: '',
  markup: '',
  info: '',
  meta: null,
  block: true,
  hidden: true
}
Token {
  type: 'list_item_close',
  tag: 'li',
  attrs: null,
  map: null,
  nesting: -1,
  level: 1,
  children: null,
  content: '',
  markup: '-',
  info: '',
  meta: null,
  block: true,
  hidden: false
}
Token {
  type: 'bullet_list_close',
  tag: 'ul',
  attrs: null,
  map: null,
  nesting: -1,
  level: 0,
  children: null,
  content: '',
  markup: '-',
  info: '',
  meta: null,
  block: true,
  hidden: false
}
Token {
  type: 'heading_open',
  tag: 'h3',
  attrs: null,
  map: [ 290, 291 ],
  nesting: 1,
  level: 0,
  children: null,
  content: '',
  markup: '###',
  info: '',
  meta: null,
  block: true,
  hidden: false
}
Token {
  type: 'inline',
  tag: '',
  attrs: null,
  map: [ 290, 291 ],
  nesting: 0,
  level: 1,
  children: [
    Token {
      type: 'text',
      tag: '',
      attrs: null,
      map: null,
      nesting: 0,
      level: 0,
      children: null,
      content: '3.3 启动和关闭',
      markup: '',
      info: '',
      meta: null,
      block: false,
      hidden: false
    }
  ],
  content: '3.3 启动和关闭',
  markup: '',
  info: '',
  meta: null,
  block: true,
  hidden: false
}
Token {
  type: 'heading_close',
  tag: 'h3',
  attrs: null,
  map: null,
  nesting: -1,
  level: 0,
  children: null,
  content: '',
  markup: '###',
  info: '',
  meta: null,
  block: true,
  hidden: false
}
Token {
  type: 'bullet_list_open',
  tag: 'ul',
  attrs: null,
  map: [ 292, 295 ],
  nesting: 1,
  level: 0,
  children: null,
  content: '',
  markup: '-',
  info: '',
  meta: null,
  block: true,
  hidden: false
}
Token {
  type: 'list_item_open',
  tag: 'li',
  attrs: null,
  map: [ 292, 293 ],
  nesting: 1,
  level: 1,
  children: null,
  content: '',
  markup: '-',
  info: '',
  meta: null,
  block: true,
  hidden: false
}
Token {
  type: 'paragraph_open',
  tag: 'p',
  attrs: null,
  map: [ 292, 293 ],
  nesting: 1,
  level: 2,
  children: null,
  content: '',
  markup: '',
  info: '',
  meta: null,
  block: true,
  hidden: true
}
Token {
  type: 'inline',
  tag: '',
  attrs: null,
  map: [ 292, 293 ],
  nesting: 0,
  level: 3,
  children: [
    Token {
      type: 'text',
      tag: '',
      attrs: null,
      map: null,
      nesting: 0,
      level: 0,
      children: null,
      content: '在 ',
      markup: '',
      info: '',
      meta: null,
      block: false,
      hidden: false
    },
    Token {
      type: 'code_inline',
      tag: 'code',
      attrs: null,
      map: null,
      nesting: 0,
      level: 0,
      children: null,
      content: '/opt/mysql-source-code/mysql/bin',
      markup: '`',
      info: '',
      meta: null,
      block: false,
      hidden: false
    },
    Token {
      type: 'text',
      tag: '',
      attrs: null,
      map: null,
      nesting: 0,
      level: 0,
      children: null,
      content: ' 目录下，可以同时看到 ',
      markup: '',
      info: '',
      meta: null,
      block: false,
      hidden: false
    },
    Token {
      type: 'code_inline',
      tag: 'code',
      attrs: null,
      map: null,
      nesting: 0,
      level: 0,
      children: null,
      content: 'mysqld',
      markup: '`',
      info: '',
      meta: null,
      block: false,
      hidden: false
    },
    Token {
      type: 'text',
      tag: '',
      attrs: null,
      map: null,
      nesting: 0,
      level: 0,
      children: null,
      content: ' 和 ',
      markup: '',
      info: '',
      meta: null,
      block: false,
      hidden: false
    },
    Token {
      type: 'code_inline',
      tag: 'code',
      attrs: null,
      map: null,
      nesting: 0,
      level: 0,
      children: null,
      content: 'mysqld_safe',
      markup: '`',
      info: '',
      meta: null,
      block: false,
      hidden: false
    },
    Token {
      type: 'text',
      tag: '',
      attrs: null,
      map: null,
      nesting: 0,
      level: 0,
      children: null,
      content: ' 两个文件。实际上，',
      markup: '',
      info: '',
      meta: null,
      block: false,
      hidden: false
    },
    Token {
      type: 'code_inline',
      tag: 'code',
      attrs: null,
      map: null,
      nesting: 0,
      level: 0,
      children: null,
      content: 'mysqld_safe',
      markup: '`',
      info: '',
      meta: null,
      block: false,
      hidden: false
    },
    Token {
      type: 'text',
      tag: '',
      attrs: null,
      map: null,
      nesting: 0,
      level: 0,
      children: null,
      content: ' 是 ',
      markup: '',
      info: '',
      meta: null,
      block: false,
      hidden: false
    },
    Token {
      type: 'code_inline',
      tag: 'code',
      attrs: null,
      map: null,
      nesting: 0,
      level: 0,
      children: null,
      content: 'shell',
      markup: '`',
      info: '',
      meta: null,
      block: false,
      hidden: false
    },
    Token {
      type: 'text',
      tag: '',
      attrs: null,
      map: null,
      nesting: 0,
      level: 0,
      children: null,
      content: ' 脚本，是用来启动 ',
      markup: '',
      info: '',
      meta: null,
      block: false,
      hidden: false
    },
    Token {
      type: 'code_inline',
      tag: 'code',
      attrs: null,
      map: null,
      nesting: 0,
      level: 0,
      children: null,
      content: 'mysqld',
      markup: '`',
      info: '',
      meta: null,
      block: false,
      hidden: false
    },
    Token {
      type: 'text',
      tag: '',
      attrs: null,
      map: null,
      nesting: 0,
      level: 0,
      children: null,
      content: ' 的，有重启等等功能，通过 ',
      markup: '',
      info: '',
      meta: null,
      block: false,
      hidden: false
    },
    Token {
      type: 'code_inline',
      tag: 'code',
      attrs: null,
      map: null,
      nesting: 0,
      level: 0,
      children: null,
      content: 'mysqld_safe',
      markup: '`',
      info: '',
      meta: null,
      block: false,
      hidden: false
    },
    Token {
      type: 'text',
      tag: '',
      attrs: null,
      map: null,
      nesting: 0,
      level: 0,
      children: null,
      content: ' 启动相对来说更好一些。',
      markup: '',
      info: '',
      meta: null,
      block: false,
      hidden: false
    }
  ],
  content: '在 `/opt/mysql-source-code/mysql/bin` 目录下，可以同时看到 `mysqld` 和 `mysqld_safe` 两个文件。实际上，`mysqld_safe` 是 `shell` 脚本，是用来启动 `mysqld` 的，有重启等等功能，通过 `mysqld_safe` 启动相对来说更好一些。',
  markup: '',
  info: '',
  meta: null,
  block: true,
  hidden: false
}
Token {
  type: 'paragraph_close',
  tag: 'p',
  attrs: null,
  map: null,
  nesting: -1,
  level: 2,
  children: null,
  content: '',
  markup: '',
  info: '',
  meta: null,
  block: true,
  hidden: true
}
Token {
  type: 'list_item_close',
  tag: 'li',
  attrs: null,
  map: null,
  nesting: -1,
  level: 1,
  children: null,
  content: '',
  markup: '-',
  info: '',
  meta: null,
  block: true,
  hidden: false
}
Token {
  type: 'list_item_open',
  tag: 'li',
  attrs: null,
  map: [ 293, 295 ],
  nesting: 1,
  level: 1,
  children: null,
  content: '',
  markup: '-',
  info: '',
  meta: null,
  block: true,
  hidden: false
}
Token {
  type: 'paragraph_open',
  tag: 'p',
  attrs: null,
  map: [ 293, 294 ],
  nesting: 1,
  level: 2,
  children: null,
  content: '',
  markup: '',
  info: '',
  meta: null,
  block: true,
  hidden: true
}
Token {
  type: 'inline',
  tag: '',
  attrs: null,
  map: [ 293, 294 ],
  nesting: 0,
  level: 3,
  children: [
    Token {
      type: 'text',
      tag: '',
      attrs: null,
      map: null,
      nesting: 0,
      level: 0,
      children: null,
      content: '通过 ',
      markup: '',
      info: '',
      meta: null,
      block: false,
      hidden: false
    },
    Token {
      type: 'code_inline',
      tag: 'code',
      attrs: null,
      map: null,
      nesting: 0,
      level: 0,
      children: null,
      content: 'mysqld_safe',
      markup: '`',
      info: '',
      meta: null,
      block: false,
      hidden: false
    },
    Token {
      type: 'text',
      tag: '',
      attrs: null,
      map: null,
      nesting: 0,
      level: 0,
      children: null,
      content: ' 启动，执行如下命令：',
      markup: '',
      info: '',
      meta: null,
      block: false,
      hidden: false
    }
  ],
  content: '通过 `mysqld_safe` 启动，执行如下命令：',
  markup: '',
  info: '',
  meta: null,
  block: true,
  hidden: false
}
Token {
  type: 'paragraph_close',
  tag: 'p',
  attrs: null,
  map: null,
  nesting: -1,
  level: 2,
  children: null,
  content: '',
  markup: '',
  info: '',
  meta: null,
  block: true,
  hidden: true
}
Token {
  type: 'list_item_close',
  tag: 'li',
  attrs: null,
  map: null,
  nesting: -1,
  level: 1,
  children: null,
  content: '',
  markup: '-',
  info: '',
  meta: null,
  block: true,
  hidden: false
}
Token {
  type: 'bullet_list_close',
  tag: 'ul',
  attrs: null,
  map: null,
  nesting: -1,
  level: 0,
  children: null,
  content: '',
  markup: '-',
  info: '',
  meta: null,
  block: true,
  hidden: false
}
Token {
  type: 'fence',
  tag: 'code',
  attrs: null,
  map: [ 295, 298 ],
  nesting: 0,
  level: 0,
  children: null,
  content: 'sudo ./mysqld_safe &\n',
  markup: '```',
  info: 'sh',
  meta: null,
  block: true,
  hidden: false
}
Token {
  type: 'bullet_list_open',
  tag: 'ul',
  attrs: null,
  map: [ 299, 301 ],
  nesting: 1,
  level: 0,
  children: null,
  content: '',
  markup: '-',
  info: '',
  meta: null,
  block: true,
  hidden: false
}
Token {
  type: 'list_item_open',
  tag: 'li',
  attrs: null,
  map: [ 299, 301 ],
  nesting: 1,
  level: 1,
  children: null,
  content: '',
  markup: '-',
  info: '',
  meta: null,
  block: true,
  hidden: false
}
Token {
  type: 'paragraph_open',
  tag: 'p',
  attrs: null,
  map: [ 299, 300 ],
  nesting: 1,
  level: 2,
  children: null,
  content: '',
  markup: '',
  info: '',
  meta: null,
  block: true,
  hidden: true
}
Token {
  type: 'inline',
  tag: '',
  attrs: null,
  map: [ 299, 300 ],
  nesting: 0,
  level: 3,
  children: [
    Token {
      type: 'text',
      tag: '',
      attrs: null,
      map: null,
      nesting: 0,
      level: 0,
      children: null,
      content: '可将实例放到后台运行，不会阻塞当前 ',
      markup: '',
      info: '',
      meta: null,
      block: false,
      hidden: false
    },
    Token {
      type: 'code_inline',
      tag: 'code',
      attrs: null,
      map: null,
      nesting: 0,
      level: 0,
      children: null,
      content: 'shell',
      markup: '`',
      info: '',
      meta: null,
      block: false,
      hidden: false
    },
    Token {
      type: 'text',
      tag: '',
      attrs: null,
      map: null,
      nesting: 0,
      level: 0,
      children: null,
      content: ' 会话。',
      markup: '',
      info: '',
      meta: null,
      block: false,
      hidden: false
    }
  ],
  content: '可将实例放到后台运行，不会阻塞当前 `shell` 会话。',
  markup: '',
  info: '',
  meta: null,
  block: true,
  hidden: false
}
Token {
  type: 'paragraph_close',
  tag: 'p',
  attrs: null,
  map: null,
  nesting: -1,
  level: 2,
  children: null,
  content: '',
  markup: '',
  info: '',
  meta: null,
  block: true,
  hidden: true
}
Token {
  type: 'list_item_close',
  tag: 'li',
  attrs: null,
  map: null,
  nesting: -1,
  level: 1,
  children: null,
  content: '',
  markup: '-',
  info: '',
  meta: null,
  block: true,
  hidden: false
}
Token {
  type: 'bullet_list_close',
  tag: 'ul',
  attrs: null,
  map: null,
  nesting: -1,
  level: 0,
  children: null,
  content: '',
  markup: '-',
  info: '',
  meta: null,
  block: true,
  hidden: false
}
Token {
  type: 'hr',
  tag: 'hr',
  attrs: null,
  map: [ 301, 302 ],
  nesting: 0,
  level: 0,
  children: null,
  content: '',
  markup: '---',
  info: '',
  meta: null,
  block: true,
  hidden: false
}
Token {
  type: 'bullet_list_open',
  tag: 'ul',
  attrs: null,
  map: [ 303, 305 ],
  nesting: 1,
  level: 0,
  children: null,
  content: '',
  markup: '-',
  info: '',
  meta: null,
  block: true,
  hidden: false
}
Token {
  type: 'list_item_open',
  tag: 'li',
  attrs: null,
  map: [ 303, 305 ],
  nesting: 1,
  level: 1,
  children: null,
  content: '',
  markup: '-',
  info: '',
  meta: null,
  block: true,
  hidden: false
}
Token {
  type: 'paragraph_open',
  tag: 'p',
  attrs: null,
  map: [ 303, 304 ],
  nesting: 1,
  level: 2,
  children: null,
  content: '',
  markup: '',
  info: '',
  meta: null,
  block: true,
  hidden: true
}
Token {
  type: 'inline',
  tag: '',
  attrs: null,
  map: [ 303, 304 ],
  nesting: 0,
  level: 3,
  children: [
    Token {
      type: 'text',
      tag: '',
      attrs: null,
      map: null,
      nesting: 0,
      level: 0,
      children: null,
      content: '如果需要管理实例，则可以通过 ',
      markup: '',
      info: '',
      meta: null,
      block: false,
      hidden: false
    },
    Token {
      type: 'code_inline',
      tag: 'code',
      attrs: null,
      map: null,
      nesting: 0,
      level: 0,
      children: null,
      content: 'opt/mysql-source-code/mysql/bin/mysqladmin',
      markup: '`',
      info: '',
      meta: null,
      block: false,
      hidden: false
    },
    Token {
      type: 'text',
      tag: '',
      attrs: null,
      map: null,
      nesting: 0,
      level: 0,
      children: null,
      content: ' 二进制文件来管理，比如需要关闭实例：',
      markup: '',
      info: '',
      meta: null,
      block: false,
      hidden: false
    }
  ],
  content: '如果需要管理实例，则可以通过 `opt/mysql-source-code/mysql/bin/mysqladmin` 二进制文件来管理，比如需要关闭实例：',
  markup: '',
  info: '',
  meta: null,
  block: true,
  hidden: false
}
Token {
  type: 'paragraph_close',
  tag: 'p',
  attrs: null,
  map: null,
  nesting: -1,
  level: 2,
  children: null,
  content: '',
  markup: '',
  info: '',
  meta: null,
  block: true,
  hidden: true
}
Token {
  type: 'list_item_close',
  tag: 'li',
  attrs: null,
  map: null,
  nesting: -1,
  level: 1,
  children: null,
  content: '',
  markup: '-',
  info: '',
  meta: null,
  block: true,
  hidden: false
}
Token {
  type: 'bullet_list_close',
  tag: 'ul',
  attrs: null,
  map: null,
  nesting: -1,
  level: 0,
  children: null,
  content: '',
  markup: '-',
  info: '',
  meta: null,
  block: true,
  hidden: false
}
Token {
  type: 'fence',
  tag: 'code',
  attrs: null,
  map: [ 305, 310 ],
  nesting: 0,
  level: 0,
  children: null,
  content: 'cd opt/mysql-source-code/mysql/bin\n\n./mysqladmin -u root shutdown\n',
  markup: '```',
  info: 'sh',
  meta: null,
  block: true,
  hidden: false
}
Token {
  type: 'heading_open',
  tag: 'h3',
  attrs: null,
  map: [ 311, 312 ],
  nesting: 1,
  level: 0,
  children: null,
  content: '',
  markup: '###',
  info: '',
  meta: null,
  block: true,
  hidden: false
}
Token {
  type: 'inline',
  tag: '',
  attrs: null,
  map: [ 311, 312 ],
  nesting: 0,
  level: 1,
  children: [
    Token {
      type: 'text',
      tag: '',
      attrs: null,
      map: null,
      nesting: 0,
      level: 0,
      children: null,
      content: '3.4 客户端连接',
      markup: '',
      info: '',
      meta: null,
      block: false,
      hidden: false
    }
  ],
  content: '3.4 客户端连接',
  markup: '',
  info: '',
  meta: null,
  block: true,
  hidden: false
}
Token {
  type: 'heading_close',
  tag: 'h3',
  attrs: null,
  map: null,
  nesting: -1,
  level: 0,
  children: null,
  content: '',
  markup: '###',
  info: '',
  meta: null,
  block: true,
  hidden: false
}
Token {
  type: 'bullet_list_open',
  tag: 'ul',
  attrs: null,
  map: [ 313, 317 ],
  nesting: 1,
  level: 0,
  children: null,
  content: '',
  markup: '-',
  info: '',
  meta: null,
  block: true,
  hidden: false
}
Token {
  type: 'list_item_open',
  tag: 'li',
  attrs: null,
  map: [ 313, 314 ],
  nesting: 1,
  level: 1,
  children: null,
  content: '',
  markup: '-',
  info: '',
  meta: null,
  block: true,
  hidden: false
}
Token {
  type: 'paragraph_open',
  tag: 'p',
  attrs: null,
  map: [ 313, 314 ],
  nesting: 1,
  level: 2,
  children: null,
  content: '',
  markup: '',
  info: '',
  meta: null,
  block: true,
  hidden: true
}
Token {
  type: 'inline',
  tag: '',
  attrs: null,
  map: [ 313, 314 ],
  nesting: 0,
  level: 3,
  children: [
    Token {
      type: 'text',
      tag: '',
      attrs: null,
      map: null,
      nesting: 0,
      level: 0,
      children: null,
      content: '推荐安装客户端工具：[GitHub - dbcli/mycli: A Terminal Client for MySQL with AutoCompletion and Syntax Highlighting.](https://github.com/dbcli/mycli)',
      markup: '',
      info: '',
      meta: null,
      block: false,
      hidden: false
    }
  ],
  content: '推荐安装客户端工具：[GitHub - dbcli/mycli: A Terminal Client for MySQL with AutoCompletion and Syntax Highlighting.](https://github.com/dbcli/mycli)',
  markup: '',
  info: '',
  meta: null,
  block: true,
  hidden: false
}
Token {
  type: 'paragraph_close',
  tag: 'p',
  attrs: null,
  map: null,
  nesting: -1,
  level: 2,
  children: null,
  content: '',
  markup: '',
  info: '',
  meta: null,
  block: true,
  hidden: true
}
Token {
  type: 'list_item_close',
  tag: 'li',
  attrs: null,
  map: null,
  nesting: -1,
  level: 1,
  children: null,
  content: '',
  markup: '-',
  info: '',
  meta: null,
  block: true,
  hidden: false
}
Token {
  type: 'list_item_open',
  tag: 'li',
  attrs: null,
  map: [ 314, 315 ],
  nesting: 1,
  level: 1,
  children: null,
  content: '',
  markup: '-',
  info: '',
  meta: null,
  block: true,
  hidden: false
}
Token {
  type: 'paragraph_open',
  tag: 'p',
  attrs: null,
  map: [ 314, 315 ],
  nesting: 1,
  level: 2,
  children: null,
  content: '',
  markup: '',
  info: '',
  meta: null,
  block: true,
  hidden: true
}
Token {
  type: 'inline',
  tag: '',
  attrs: null,
  map: [ 314, 315 ],
  nesting: 0,
  level: 3,
  children: [
    Token {
      type: 'code_inline',
      tag: 'code',
      attrs: null,
      map: null,
      nesting: 0,
      level: 0,
      children: null,
      content: 'mycli',
      markup: '`',
      info: '',
      meta: null,
      block: false,
      hidden: false
    },
    Token {
      type: 'text',
      tag: '',
      attrs: null,
      map: null,
      nesting: 0,
      level: 0,
      children: null,
      content: ' 工具带有补全和高亮，还支持格式化输出，相对来说手感较好。',
      markup: '',
      info: '',
      meta: null,
      block: false,
      hidden: false
    }
  ],
  content: '`mycli` 工具带有补全和高亮，还支持格式化输出，相对来说手感较好。',
  markup: '',
  info: '',
  meta: null,
  block: true,
  hidden: false
}
Token {
  type: 'paragraph_close',
  tag: 'p',
  attrs: null,
  map: null,
  nesting: -1,
  level: 2,
  children: null,
  content: '',
  markup: '',
  info: '',
  meta: null,
  block: true,
  hidden: true
}
Token {
  type: 'list_item_close',
  tag: 'li',
  attrs: null,
  map: null,
  nesting: -1,
  level: 1,
  children: null,
  content: '',
  markup: '-',
  info: '',
  meta: null,
  block: true,
  hidden: false
}
Token {
  type: 'list_item_open',
  tag: 'li',
  attrs: null,
  map: [ 315, 317 ],
  nesting: 1,
  level: 1,
  children: null,
  content: '',
  markup: '-',
  info: '',
  meta: null,
  block: true,
  hidden: false
}
Token {
  type: 'paragraph_open',
  tag: 'p',
  attrs: null,
  map: [ 315, 316 ],
  nesting: 1,
  level: 2,
  children: null,
  content: '',
  markup: '',
  info: '',
  meta: null,
  block: true,
  hidden: true
}
Token {
  type: 'inline',
  tag: '',
  attrs: null,
  map: [ 315, 316 ],
  nesting: 0,
  level: 3,
  children: [
    Token {
      type: 'text',
      tag: '',
      attrs: null,
      map: null,
      nesting: 0,
      level: 0,
      children: null,
      content: '启动 ',
      markup: '',
      info: '',
      meta: null,
      block: false,
      hidden: false
    },
    Token {
      type: 'code_inline',
      tag: 'code',
      attrs: null,
      map: null,
      nesting: 0,
      level: 0,
      children: null,
      content: 'mysqld',
      markup: '`',
      info: '',
      meta: null,
      block: false,
      hidden: false
    },
    Token {
      type: 'text',
      tag: '',
      attrs: null,
      map: null,
      nesting: 0,
      level: 0,
      children: null,
      content: ' 服务端后，执行如下命令即可连接',
      markup: '',
      info: '',
      meta: null,
      block: false,
      hidden: false
    }
  ],
  content: '启动 `mysqld` 服务端后，执行如下命令即可连接',
  markup: '',
  info: '',
  meta: null,
  block: true,
  hidden: false
}
Token {
  type: 'paragraph_close',
  tag: 'p',
  attrs: null,
  map: null,
  nesting: -1,
  level: 2,
  children: null,
  content: '',
  markup: '',
  info: '',
  meta: null,
  block: true,
  hidden: true
}
Token {
  type: 'list_item_close',
  tag: 'li',
  attrs: null,
  map: null,
  nesting: -1,
  level: 1,
  children: null,
  content: '',
  markup: '-',
  info: '',
  meta: null,
  block: true,
  hidden: false
}
Token {
  type: 'bullet_list_close',
  tag: 'ul',
  attrs: null,
  map: null,
  nesting: -1,
  level: 0,
  children: null,
  content: '',
  markup: '-',
  info: '',
  meta: null,
  block: true,
  hidden: false
}
Token {
  type: 'fence',
  tag: 'code',
  attrs: null,
  map: [ 317, 320 ],
  nesting: 0,
  level: 0,
  children: null,
  content: 'mycli -u root\n',
  markup: '```',
  info: 'sh',
  meta: null,
  block: true,
  hidden: false
}
Token {
  type: 'heading_open',
  tag: 'h3',
  attrs: null,
  map: [ 321, 322 ],
  nesting: 1,
  level: 0,
  children: null,
  content: '',
  markup: '###',
  info: '',
  meta: null,
  block: true,
  hidden: false
}
Token {
  type: 'inline',
  tag: '',
  attrs: null,
  map: [ 321, 322 ],
  nesting: 0,
  level: 1,
  children: [
    Token {
      type: 'text',
      tag: '',
      attrs: null,
      map: null,
      nesting: 0,
      level: 0,
      children: null,
      content: '3.4 修改密码',
      markup: '',
      info: '',
      meta: null,
      block: false,
      hidden: false
    }
  ],
  content: '3.4 修改密码',
  markup: '',
  info: '',
  meta: null,
  block: true,
  hidden: false
}
Token {
  type: 'heading_close',
  tag: 'h3',
  attrs: null,
  map: null,
  nesting: -1,
  level: 0,
  children: null,
  content: '',
  markup: '###',
  info: '',
  meta: null,
  block: true,
  hidden: false
}
Token {
  type: 'bullet_list_open',
  tag: 'ul',
  attrs: null,
  map: [ 323, 327 ],
  nesting: 1,
  level: 0,
  children: null,
  content: '',
  markup: '-',
  info: '',
  meta: null,
  block: true,
  hidden: false
}
Token {
  type: 'list_item_open',
  tag: 'li',
  attrs: null,
  map: [ 323, 324 ],
  nesting: 1,
  level: 1,
  children: null,
  content: '',
  markup: '-',
  info: '',
  meta: null,
  block: true,
  hidden: false
}
Token {
  type: 'paragraph_open',
  tag: 'p',
  attrs: null,
  map: [ 323, 324 ],
  nesting: 1,
  level: 2,
  children: null,
  content: '',
  markup: '',
  info: '',
  meta: null,
  block: true,
  hidden: true
}
Token {
  type: 'inline',
  tag: '',
  attrs: null,
  map: [ 323, 324 ],
  nesting: 0,
  level: 3,
  children: [
    Token {
      type: 'text',
      tag: '',
      attrs: null,
      map: null,
      nesting: 0,
      level: 0,
      children: null,
      content: '虽然此数据库只是调试使用，服务器也有简单的安全配置，但是，出于谨慎考虑，还是添加一个密码较好。',
      markup: '',
      info: '',
      meta: null,
      block: false,
      hidden: false
    }
  ],
  content: '虽然此数据库只是调试使用，服务器也有简单的安全配置，但是，出于谨慎考虑，还是添加一个密码较好。',
  markup: '',
  info: '',
  meta: null,
  block: true,
  hidden: false
}
Token {
  type: 'paragraph_close',
  tag: 'p',
  attrs: null,
  map: null,
  nesting: -1,
  level: 2,
  children: null,
  content: '',
  markup: '',
  info: '',
  meta: null,
  block: true,
  hidden: true
}
Token {
  type: 'list_item_close',
  tag: 'li',
  attrs: null,
  map: null,
  nesting: -1,
  level: 1,
  children: null,
  content: '',
  markup: '-',
  info: '',
  meta: null,
  block: true,
  hidden: false
}
Token {
  type: 'list_item_open',
  tag: 'li',
  attrs: null,
  map: [ 324, 325 ],
  nesting: 1,
  level: 1,
  children: null,
  content: '',
  markup: '-',
  info: '',
  meta: null,
  block: true,
  hidden: false
}
Token {
  type: 'paragraph_open',
  tag: 'p',
  attrs: null,
  map: [ 324, 325 ],
  nesting: 1,
  level: 2,
  children: null,
  content: '',
  markup: '',
  info: '',
  meta: null,
  block: true,
  hidden: true
}
Token {
  type: 'inline',
  tag: '',
  attrs: null,
  map: [ 324, 325 ],
  nesting: 0,
  level: 3,
  children: [
    Token {
      type: 'text',
      tag: '',
      attrs: null,
      map: null,
      nesting: 0,
      level: 0,
      children: null,
      content: '使用客户端连接之后，执行如下命令：',
      markup: '',
      info: '',
      meta: null,
      block: false,
      hidden: false
    }
  ],
  content: '使用客户端连接之后，执行如下命令：',
  markup: '',
  info: '',
  meta: null,
  block: true,
  hidden: false
}
Token {
  type: 'paragraph_close',
  tag: 'p',
  attrs: null,
  map: null,
  nesting: -1,
  level: 2,
  children: null,
  content: '',
  markup: '',
  info: '',
  meta: null,
  block: true,
  hidden: true
}
Token {
  type: 'list_item_close',
  tag: 'li',
  attrs: null,
  map: null,
  nesting: -1,
  level: 1,
  children: null,
  content: '',
  markup: '-',
  info: '',
  meta: null,
  block: true,
  hidden: false
}
Token {
  type: 'list_item_open',
  tag: 'li',
  attrs: null,
  map: [ 325, 327 ],
  nesting: 1,
  level: 1,
  children: null,
  content: '',
  markup: '-',
  info: '',
  meta: null,
  block: true,
  hidden: false
}
Token {
  type: 'paragraph_open',
  tag: 'p',
  attrs: null,
  map: [ 325, 326 ],
  nesting: 1,
  level: 2,
  children: null,
  content: '',
  markup: '',
  info: '',
  meta: null,
  block: true,
  hidden: true
}
Token {
  type: 'inline',
  tag: '',
  attrs: null,
  map: [ 325, 326 ],
  nesting: 0,
  level: 3,
  children: [
    Token {
      type: 'text',
      tag: '',
      attrs: null,
      map: null,
      nesting: 0,
      level: 0,
      children: null,
      content: '将 ',
      markup: '',
      info: '',
      meta: null,
      block: false,
      hidden: false
    },
    Token {
      type: 'code_inline',
      tag: 'code',
      attrs: null,
      map: null,
      nesting: 0,
      level: 0,
      children: null,
      content: '123456',
      markup: '`',
      info: '',
      meta: null,
      block: false,
      hidden: false
    },
    Token {
      type: 'text',
      tag: '',
      attrs: null,
      map: null,
      nesting: 0,
      level: 0,
      children: null,
      content: ' 改成实际的密码',
      markup: '',
      info: '',
      meta: null,
      block: false,
      hidden: false
    }
  ],
  content: '将 `123456` 改成实际的密码',
  markup: '',
  info: '',
  meta: null,
  block: true,
  hidden: false
}
Token {
  type: 'paragraph_close',
  tag: 'p',
  attrs: null,
  map: null,
  nesting: -1,
  level: 2,
  children: null,
  content: '',
  markup: '',
  info: '',
  meta: null,
  block: true,
  hidden: true
}
Token {
  type: 'list_item_close',
  tag: 'li',
  attrs: null,
  map: null,
  nesting: -1,
  level: 1,
  children: null,
  content: '',
  markup: '-',
  info: '',
  meta: null,
  block: true,
  hidden: false
}
Token {
  type: 'bullet_list_close',
  tag: 'ul',
  attrs: null,
  map: null,
  nesting: -1,
  level: 0,
  children: null,
  content: '',
  markup: '-',
  info: '',
  meta: null,
  block: true,
  hidden: false
}
Token {
  type: 'fence',
  tag: 'code',
  attrs: null,
  map: [ 327, 331 ],
  nesting: 0,
  level: 0,
  children: null,
  content: "mysql> ALTER USER 'root'@'localhost' IDENTIFIED BY '123456';\n" +
    'mysql> flush privileges;\n',
  markup: '```',
  info: 'sh',
  meta: null,
  block: true,
  hidden: false
}
Token {
  type: 'heading_open',
  tag: 'h3',
  attrs: null,
  map: [ 332, 333 ],
  nesting: 1,
  level: 0,
  children: null,
  content: '',
  markup: '###',
  info: '',
  meta: null,
  block: true,
  hidden: false
}
Token {
  type: 'inline',
  tag: '',
  attrs: null,
  map: [ 332, 333 ],
  nesting: 0,
  level: 1,
  children: [
    Token {
      type: 'text',
      tag: '',
      attrs: null,
      map: null,
      nesting: 0,
      level: 0,
      children: null,
      content: '3.5 说明',
      markup: '',
      info: '',
      meta: null,
      block: false,
      hidden: false
    }
  ],
  content: '3.5 说明',
  markup: '',
  info: '',
  meta: null,
  block: true,
  hidden: false
}
Token {
  type: 'heading_close',
  tag: 'h3',
  attrs: null,
  map: null,
  nesting: -1,
  level: 0,
  children: null,
  content: '',
  markup: '###',
  info: '',
  meta: null,
  block: true,
  hidden: false
}
Token {
  type: 'bullet_list_open',
  tag: 'ul',
  attrs: null,
  map: [ 334, 335 ],
  nesting: 1,
  level: 0,
  children: null,
  content: '',
  markup: '-',
  info: '',
  meta: null,
  block: true,
  hidden: false
}
Token {
  type: 'list_item_open',
  tag: 'li',
  attrs: null,
  map: [ 334, 335 ],
  nesting: 1,
  level: 1,
  children: null,
  content: '',
  markup: '-',
  info: '',
  meta: null,
  block: true,
  hidden: false
}
Token {
  type: 'paragraph_open',
  tag: 'p',
  attrs: null,
  map: [ 334, 335 ],
  nesting: 1,
  level: 2,
  children: null,
  content: '',
  markup: '',
  info: '',
  meta: null,
  block: true,
  hidden: true
}
Token {
  type: 'inline',
  tag: '',
  attrs: null,
  map: [ 334, 335 ],
  nesting: 0,
  level: 3,
  children: [
    Token {
      type: 'text',
      tag: '',
      attrs: null,
      map: null,
      nesting: 0,
      level: 0,
      children: null,
      content: '本文档并非生产环境下的部署，主要目的是为了探索 ',
      markup: '',
      info: '',
      meta: null,
      block: false,
      hidden: false
    },
    Token {
      type: 'code_inline',
      tag: 'code',
      attrs: null,
      map: null,
      nesting: 0,
      level: 0,
      children: null,
      content: 'mysql',
      markup: '`',
      info: '',
      meta: null,
      block: false,
      hidden: false
    },
    Token {
      type: 'text',
      tag: '',
      attrs: null,
      map: null,
      nesting: 0,
      level: 0,
      children: null,
      content: ' 源码，因此，未进行 ',
      markup: '',
      info: '',
      meta: null,
      block: false,
      hidden: false
    },
    Token {
      type: 'code_inline',
      tag: 'code',
      attrs: null,
      map: null,
      nesting: 0,
      level: 0,
      children: null,
      content: 'systemctl',
      markup: '`',
      info: '',
      meta: null,
      block: false,
      hidden: false
    },
    Token {
      type: 'text',
      tag: '',
      attrs: null,
      map: null,
      nesting: 0,
      level: 0,
      children: null,
      content: ' 等实际生产环境下的部署操作。',
      markup: '',
      info: '',
      meta: null,
      block: false,
      hidden: false
    }
  ],
  content: '本文档并非生产环境下的部署，主要目的是为了探索 `mysql` 源码，因此，未进行 `systemctl` 等实际生产环境下的部署操作。',
  markup: '',
  info: '',
  meta: null,
  block: true,
  hidden: false
}
Token {
  type: 'paragraph_close',
  tag: 'p',
  attrs: null,
  map: null,
  nesting: -1,
  level: 2,
  children: null,
  content: '',
  markup: '',
  info: '',
  meta: null,
  block: true,
  hidden: true
}
Token {
  type: 'list_item_close',
  tag: 'li',
  attrs: null,
  map: null,
  nesting: -1,
  level: 1,
  children: null,
  content: '',
  markup: '-',
  info: '',
  meta: null,
  block: true,
  hidden: false
}
Token {
  type: 'bullet_list_close',
  tag: 'ul',
  attrs: null,
  map: null,
  nesting: -1,
  level: 0,
  children: null,
  content: '',
  markup: '-',
  info: '',
  meta: null,
  block: true,
  hidden: false
}
Token {
  type: 'hr',
  tag: 'hr',
  attrs: null,
  map: [ 0, 1 ],
  nesting: 0,
  level: 0,
  children: null,
  content: '',
  markup: '---',
  info: '',
  meta: null,
  block: true,
  hidden: false
}
Token {
  type: 'paragraph_open',
  tag: 'p',
  attrs: null,
  map: [ 1, 4 ],
  nesting: 1,
  level: 0,
  children: null,
  content: '',
  markup: '',
  info: '',
  meta: null,
  block: true,
  hidden: false
}
Token {
  type: 'inline',
  tag: '',
  attrs: null,
  map: [ 1, 4 ],
  nesting: 0,
  level: 1,
  children: [
    Token {
      type: 'text',
      tag: '',
      attrs: null,
      map: null,
      nesting: 0,
      level: 0,
      children: null,
      content: 'date: 2021-06-30',
      markup: '',
      info: '',
      meta: null,
      block: false,
      hidden: false
    },
    Token {
      type: 'softbreak',
      tag: 'br',
      attrs: null,
      map: null,
      nesting: 0,
      level: 0,
      children: null,
      content: '',
      markup: '',
      info: '',
      meta: null,
      block: false,
      hidden: false
    },
    Token {
      type: 'text',
      tag: '',
      attrs: null,
      map: null,
      nesting: 0,
      level: 0,
      children: null,
      content: 'title: some demo',
      markup: '',
      info: '',
      meta: null,
      block: false,
      hidden: false
    },
    Token {
      type: 'softbreak',
      tag: 'br',
      attrs: null,
      map: null,
      nesting: 0,
      level: 0,
      children: null,
      content: '',
      markup: '',
      info: '',
      meta: null,
      block: false,
      hidden: false
    },
    Token {
      type: 'text',
      tag: '',
      attrs: null,
      map: null,
      nesting: 0,
      level: 0,
      children: null,
      content: 'tags:',
      markup: '',
      info: '',
      meta: null,
      block: false,
      hidden: false
    }
  ],
  content: 'date: 2021-06-30\ntitle: some demo\ntags:',
  markup: '',
  info: '',
  meta: null,
  block: true,
  hidden: false
}
Token {
  type: 'paragraph_close',
  tag: 'p',
  attrs: null,
  map: null,
  nesting: -1,
  level: 0,
  children: null,
  content: '',
  markup: '',
  info: '',
  meta: null,
  block: true,
  hidden: false
}
Token {
  type: 'bullet_list_open',
  tag: 'ul',
  attrs: null,
  map: [ 4, 7 ],
  nesting: 1,
  level: 0,
  children: null,
  content: '',
  markup: '-',
  info: '',
  meta: null,
  block: true,
  hidden: false
}
Token {
  type: 'list_item_open',
  tag: 'li',
  attrs: null,
  map: [ 4, 5 ],
  nesting: 1,
  level: 1,
  children: null,
  content: '',
  markup: '-',
  info: '',
  meta: null,
  block: true,
  hidden: false
}
Token {
  type: 'paragraph_open',
  tag: 'p',
  attrs: null,
  map: [ 4, 5 ],
  nesting: 1,
  level: 2,
  children: null,
  content: '',
  markup: '',
  info: '',
  meta: null,
  block: true,
  hidden: true
}
Token {
  type: 'inline',
  tag: '',
  attrs: null,
  map: [ 4, 5 ],
  nesting: 0,
  level: 3,
  children: [
    Token {
      type: 'text',
      tag: '',
      attrs: null,
      map: null,
      nesting: 0,
      level: 0,
      children: null,
      content: 'vitepress',
      markup: '',
      info: '',
      meta: null,
      block: false,
      hidden: false
    }
  ],
  content: 'vitepress',
  markup: '',
  info: '',
  meta: null,
  block: true,
  hidden: false
}
Token {
  type: 'paragraph_close',
  tag: 'p',
  attrs: null,
  map: null,
  nesting: -1,
  level: 2,
  children: null,
  content: '',
  markup: '',
  info: '',
  meta: null,
  block: true,
  hidden: true
}
Token {
  type: 'list_item_close',
  tag: 'li',
  attrs: null,
  map: null,
  nesting: -1,
  level: 1,
  children: null,
  content: '',
  markup: '-',
  info: '',
  meta: null,
  block: true,
  hidden: false
}
Token {
  type: 'list_item_open',
  tag: 'li',
  attrs: null,
  map: [ 5, 7 ],
  nesting: 1,
  level: 1,
  children: null,
  content: '',
  markup: '-',
  info: '',
  meta: null,
  block: true,
  hidden: false
}
Token {
  type: 'paragraph_open',
  tag: 'p',
  attrs: null,
  map: [ 5, 7 ],
  nesting: 1,
  level: 2,
  children: null,
  content: '',
  markup: '',
  info: '',
  meta: null,
  block: true,
  hidden: true
}
Token {
  type: 'inline',
  tag: '',
  attrs: null,
  map: [ 5, 7 ],
  nesting: 0,
  level: 3,
  children: [
    Token {
      type: 'text',
      tag: '',
      attrs: null,
      map: null,
      nesting: 0,
      level: 0,
      children: null,
      content: 'markdown',
      markup: '',
      info: '',
      meta: null,
      block: false,
      hidden: false
    },
    Token {
      type: 'softbreak',
      tag: 'br',
      attrs: null,
      map: null,
      nesting: 0,
      level: 0,
      children: null,
      content: '',
      markup: '',
      info: '',
      meta: null,
      block: false,
      hidden: false
    },
    Token {
      type: 'text',
      tag: '',
      attrs: null,
      map: null,
      nesting: 0,
      level: 0,
      children: null,
      content: 'description: this is the demo for vitepress',
      markup: '',
      info: '',
      meta: null,
      block: false,
      hidden: false
    }
  ],
  content: 'markdown\ndescription: this is the demo for vitepress',
  markup: '',
  info: '',
  meta: null,
  block: true,
  hidden: false
}
Token {
  type: 'paragraph_close',
  tag: 'p',
  attrs: null,
  map: null,
  nesting: -1,
  level: 2,
  children: null,
  content: '',
  markup: '',
  info: '',
  meta: null,
  block: true,
  hidden: true
}
Token {
  type: 'list_item_close',
  tag: 'li',
  attrs: null,
  map: null,
  nesting: -1,
  level: 1,
  children: null,
  content: '',
  markup: '-',
  info: '',
  meta: null,
  block: true,
  hidden: false
}
Token {
  type: 'bullet_list_close',
  tag: 'ul',
  attrs: null,
  map: null,
  nesting: -1,
  level: 0,
  children: null,
  content: '',
  markup: '-',
  info: '',
  meta: null,
  block: true,
  hidden: false
}
Token {
  type: 'hr',
  tag: 'hr',
  attrs: null,
  map: [ 7, 8 ],
  nesting: 0,
  level: 0,
  children: null,
  content: '',
  markup: '---',
  info: '',
  meta: null,
  block: true,
  hidden: false
}
Token {
  type: 'heading_open',
  tag: 'h1',
  attrs: null,
  map: [ 9, 10 ],
  nesting: 1,
  level: 0,
  children: null,
  content: '',
  markup: '#',
  info: '',
  meta: null,
  block: true,
  hidden: false
}
Token {
  type: 'inline',
  tag: '',
  attrs: null,
  map: [ 9, 10 ],
  nesting: 0,
  level: 1,
  children: [
    Token {
      type: 'text',
      tag: '',
      attrs: null,
      map: null,
      nesting: 0,
      level: 0,
      children: null,
      content: 'h1',
      markup: '',
      info: '',
      meta: null,
      block: false,
      hidden: false
    }
  ],
  content: 'h1',
  markup: '',
  info: '',
  meta: null,
  block: true,
  hidden: false
}
Token {
  type: 'heading_close',
  tag: 'h1',
  attrs: null,
  map: null,
  nesting: -1,
  level: 0,
  children: null,
  content: '',
  markup: '#',
  info: '',
  meta: null,
  block: true,
  hidden: false
}
Token {
  type: 'heading_open',
  tag: 'h3',
  attrs: null,
  map: [ 11, 12 ],
  nesting: 1,
  level: 0,
  children: null,
  content: '',
  markup: '###',
  info: '',
  meta: null,
  block: true,
  hidden: false
}
Token {
  type: 'inline',
  tag: '',
  attrs: null,
  map: [ 11, 12 ],
  nesting: 0,
  level: 1,
  children: [
    Token {
      type: 'text',
      tag: '',
      attrs: null,
      map: null,
      nesting: 0,
      level: 0,
      children: null,
      content: '3.5 说明',
      markup: '',
      info: '',
      meta: null,
      block: false,
      hidden: false
    }
  ],
  content: '3.5 说明',
  markup: '',
  info: '',
  meta: null,
  block: true,
  hidden: false
}
Token {
  type: 'heading_close',
  tag: 'h3',
  attrs: null,
  map: null,
  nesting: -1,
  level: 0,
  children: null,
  content: '',
  markup: '###',
  info: '',
  meta: null,
  block: true,
  hidden: false
}
Token {
  type: 'bullet_list_open',
  tag: 'ul',
  attrs: null,
  map: [ 13, 14 ],
  nesting: 1,
  level: 0,
  children: null,
  content: '',
  markup: '-',
  info: '',
  meta: null,
  block: true,
  hidden: false
}
Token {
  type: 'list_item_open',
  tag: 'li',
  attrs: null,
  map: [ 13, 14 ],
  nesting: 1,
  level: 1,
  children: null,
  content: '',
  markup: '-',
  info: '',
  meta: null,
  block: true,
  hidden: false
}
Token {
  type: 'paragraph_open',
  tag: 'p',
  attrs: null,
  map: [ 13, 14 ],
  nesting: 1,
  level: 2,
  children: null,
  content: '',
  markup: '',
  info: '',
  meta: null,
  block: true,
  hidden: true
}
Token {
  type: 'inline',
  tag: '',
  attrs: null,
  map: [ 13, 14 ],
  nesting: 0,
  level: 3,
  children: [
    Token {
      type: 'text',
      tag: '',
      attrs: null,
      map: null,
      nesting: 0,
      level: 0,
      children: null,
      content: '本文档并非生产环境下的部署，主要目的是为了探索 ',
      markup: '',
      info: '',
      meta: null,
      block: false,
      hidden: false
    },
    Token {
      type: 'code_inline',
      tag: 'code',
      attrs: null,
      map: null,
      nesting: 0,
      level: 0,
      children: null,
      content: 'mysql',
      markup: '`',
      info: '',
      meta: null,
      block: false,
      hidden: false
    },
    Token {
      type: 'text',
      tag: '',
      attrs: null,
      map: null,
      nesting: 0,
      level: 0,
      children: null,
      content: ' 源码，因此，未进行 ',
      markup: '',
      info: '',
      meta: null,
      block: false,
      hidden: false
    },
    Token {
      type: 'code_inline',
      tag: 'code',
      attrs: null,
      map: null,
      nesting: 0,
      level: 0,
      children: null,
      content: 'systemctl',
      markup: '`',
      info: '',
      meta: null,
      block: false,
      hidden: false
    },
    Token {
      type: 'text',
      tag: '',
      attrs: null,
      map: null,
      nesting: 0,
      level: 0,
      children: null,
      content: ' 等实际生产环境下的部署操作。',
      markup: '',
      info: '',
      meta: null,
      block: false,
      hidden: false
    }
  ],
  content: '本文档并非生产环境下的部署，主要目的是为了探索 `mysql` 源码，因此，未进行 `systemctl` 等实际生产环境下的部署操作。',
  markup: '',
  info: '',
  meta: null,
  block: true,
  hidden: false
}
Token {
  type: 'paragraph_close',
  tag: 'p',
  attrs: null,
  map: null,
  nesting: -1,
  level: 2,
  children: null,
  content: '',
  markup: '',
  info: '',
  meta: null,
  block: true,
  hidden: true
}
Token {
  type: 'list_item_close',
  tag: 'li',
  attrs: null,
  map: null,
  nesting: -1,
  level: 1,
  children: null,
  content: '',
  markup: '-',
  info: '',
  meta: null,
  block: true,
  hidden: false
}
Token {
  type: 'bullet_list_close',
  tag: 'ul',
  attrs: null,
  map: null,
  nesting: -1,
  level: 0,
  children: null,
  content: '',
  markup: '-',
  info: '',
  meta: null,
  block: true,
  hidden: false
}
Token {
  type: 'hr',
  tag: 'hr',
  attrs: null,
  map: [ 0, 1 ],
  nesting: 0,
  level: 0,
  children: null,
  content: '',
  markup: '---',
  info: '',
  meta: null,
  block: true,
  hidden: false
}
Token {
  type: 'paragraph_open',
  tag: 'p',
  attrs: null,
  map: [ 1, 4 ],
  nesting: 1,
  level: 0,
  children: null,
  content: '',
  markup: '',
  info: '',
  meta: null,
  block: true,
  hidden: false
}
Token {
  type: 'inline',
  tag: '',
  attrs: null,
  map: [ 1, 4 ],
  nesting: 0,
  level: 1,
  children: [
    Token {
      type: 'text',
      tag: '',
      attrs: null,
      map: null,
      nesting: 0,
      level: 0,
      children: null,
      content: 'date: 2021-06-30',
      markup: '',
      info: '',
      meta: null,
      block: false,
      hidden: false
    },
    Token {
      type: 'softbreak',
      tag: 'br',
      attrs: null,
      map: null,
      nesting: 0,
      level: 0,
      children: null,
      content: '',
      markup: '',
      info: '',
      meta: null,
      block: false,
      hidden: false
    },
    Token {
      type: 'text',
      tag: '',
      attrs: null,
      map: null,
      nesting: 0,
      level: 0,
      children: null,
      content: 'title: new-demo',
      markup: '',
      info: '',
      meta: null,
      block: false,
      hidden: false
    },
    Token {
      type: 'softbreak',
      tag: 'br',
      attrs: null,
      map: null,
      nesting: 0,
      level: 0,
      children: null,
      content: '',
      markup: '',
      info: '',
      meta: null,
      block: false,
      hidden: false
    },
    Token {
      type: 'text',
      tag: '',
      attrs: null,
      map: null,
      nesting: 0,
      level: 0,
      children: null,
      content: 'tags:',
      markup: '',
      info: '',
      meta: null,
      block: false,
      hidden: false
    }
  ],
  content: 'date: 2021-06-30\ntitle: new-demo\ntags:',
  markup: '',
  info: '',
  meta: null,
  block: true,
  hidden: false
}
Token {
  type: 'paragraph_close',
  tag: 'p',
  attrs: null,
  map: null,
  nesting: -1,
  level: 0,
  children: null,
  content: '',
  markup: '',
  info: '',
  meta: null,
  block: true,
  hidden: false
}
Token {
  type: 'bullet_list_open',
  tag: 'ul',
  attrs: null,
  map: [ 4, 9 ],
  nesting: 1,
  level: 0,
  children: null,
  content: '',
  markup: '-',
  info: '',
  meta: null,
  block: true,
  hidden: false
}
Token {
  type: 'list_item_open',
  tag: 'li',
  attrs: null,
  map: [ 4, 5 ],
  nesting: 1,
  level: 1,
  children: null,
  content: '',
  markup: '-',
  info: '',
  meta: null,
  block: true,
  hidden: false
}
Token {
  type: 'paragraph_open',
  tag: 'p',
  attrs: null,
  map: [ 4, 5 ],
  nesting: 1,
  level: 2,
  children: null,
  content: '',
  markup: '',
  info: '',
  meta: null,
  block: true,
  hidden: true
}
Token {
  type: 'inline',
  tag: '',
  attrs: null,
  map: [ 4, 5 ],
  nesting: 0,
  level: 3,
  children: [
    Token {
      type: 'text',
      tag: '',
      attrs: null,
      map: null,
      nesting: 0,
      level: 0,
      children: null,
      content: 'vitepress',
      markup: '',
      info: '',
      meta: null,
      block: false,
      hidden: false
    }
  ],
  content: 'vitepress',
  markup: '',
  info: '',
  meta: null,
  block: true,
  hidden: false
}
Token {
  type: 'paragraph_close',
  tag: 'p',
  attrs: null,
  map: null,
  nesting: -1,
  level: 2,
  children: null,
  content: '',
  markup: '',
  info: '',
  meta: null,
  block: true,
  hidden: true
}
Token {
  type: 'list_item_close',
  tag: 'li',
  attrs: null,
  map: null,
  nesting: -1,
  level: 1,
  children: null,
  content: '',
  markup: '-',
  info: '',
  meta: null,
  block: true,
  hidden: false
}
Token {
  type: 'list_item_open',
  tag: 'li',
  attrs: null,
  map: [ 5, 6 ],
  nesting: 1,
  level: 1,
  children: null,
  content: '',
  markup: '-',
  info: '',
  meta: null,
  block: true,
  hidden: false
}
Token {
  type: 'paragraph_open',
  tag: 'p',
  attrs: null,
  map: [ 5, 6 ],
  nesting: 1,
  level: 2,
  children: null,
  content: '',
  markup: '',
  info: '',
  meta: null,
  block: true,
  hidden: true
}
Token {
  type: 'inline',
  tag: '',
  attrs: null,
  map: [ 5, 6 ],
  nesting: 0,
  level: 3,
  children: [
    Token {
      type: 'text',
      tag: '',
      attrs: null,
      map: null,
      nesting: 0,
      level: 0,
      children: null,
      content: '22222',
      markup: '',
      info: '',
      meta: null,
      block: false,
      hidden: false
    }
  ],
  content: '22222',
  markup: '',
  info: '',
  meta: null,
  block: true,
  hidden: false
}
Token {
  type: 'paragraph_close',
  tag: 'p',
  attrs: null,
  map: null,
  nesting: -1,
  level: 2,
  children: null,
  content: '',
  markup: '',
  info: '',
  meta: null,
  block: true,
  hidden: true
}
Token {
  type: 'list_item_close',
  tag: 'li',
  attrs: null,
  map: null,
  nesting: -1,
  level: 1,
  children: null,
  content: '',
  markup: '-',
  info: '',
  meta: null,
  block: true,
  hidden: false
}
Token {
  type: 'list_item_open',
  tag: 'li',
  attrs: null,
  map: [ 6, 7 ],
  nesting: 1,
  level: 1,
  children: null,
  content: '',
  markup: '-',
  info: '',
  meta: null,
  block: true,
  hidden: false
}
Token {
  type: 'paragraph_open',
  tag: 'p',
  attrs: null,
  map: [ 6, 7 ],
  nesting: 1,
  level: 2,
  children: null,
  content: '',
  markup: '',
  info: '',
  meta: null,
  block: true,
  hidden: true
}
Token {
  type: 'inline',
  tag: '',
  attrs: null,
  map: [ 6, 7 ],
  nesting: 0,
  level: 3,
  children: [
    Token {
      type: 'text',
      tag: '',
      attrs: null,
      map: null,
      nesting: 0,
      level: 0,
      children: null,
      content: 'demo',
      markup: '',
      info: '',
      meta: null,
      block: false,
      hidden: false
    }
  ],
  content: 'demo',
  markup: '',
  info: '',
  meta: null,
  block: true,
  hidden: false
}
Token {
  type: 'paragraph_close',
  tag: 'p',
  attrs: null,
  map: null,
  nesting: -1,
  level: 2,
  children: null,
  content: '',
  markup: '',
  info: '',
  meta: null,
  block: true,
  hidden: true
}
Token {
  type: 'list_item_close',
  tag: 'li',
  attrs: null,
  map: null,
  nesting: -1,
  level: 1,
  children: null,
  content: '',
  markup: '-',
  info: '',
  meta: null,
  block: true,
  hidden: false
}
Token {
  type: 'list_item_open',
  tag: 'li',
  attrs: null,
  map: [ 7, 9 ],
  nesting: 1,
  level: 1,
  children: null,
  content: '',
  markup: '-',
  info: '',
  meta: null,
  block: true,
  hidden: false
}
Token {
  type: 'paragraph_open',
  tag: 'p',
  attrs: null,
  map: [ 7, 9 ],
  nesting: 1,
  level: 2,
  children: null,
  content: '',
  markup: '',
  info: '',
  meta: null,
  block: true,
  hidden: true
}
Token {
  type: 'inline',
  tag: '',
  attrs: null,
  map: [ 7, 9 ],
  nesting: 0,
  level: 3,
  children: [
    Token {
      type: 'text',
      tag: '',
      attrs: null,
      map: null,
      nesting: 0,
      level: 0,
      children: null,
      content: 'aaa',
      markup: '',
      info: '',
      meta: null,
      block: false,
      hidden: false
    },
    Token {
      type: 'softbreak',
      tag: 'br',
      attrs: null,
      map: null,
      nesting: 0,
      level: 0,
      children: null,
      content: '',
      markup: '',
      info: '',
      meta: null,
      block: false,
      hidden: false
    },
    Token {
      type: 'text',
      tag: '',
      attrs: null,
      map: null,
      nesting: 0,
      level: 0,
      children: null,
      content: 'description: this is the demo aaaa',
      markup: '',
      info: '',
      meta: null,
      block: false,
      hidden: false
    }
  ],
  content: 'aaa\ndescription: this is the demo aaaa',
  markup: '',
  info: '',
  meta: null,
  block: true,
  hidden: false
}
Token {
  type: 'paragraph_close',
  tag: 'p',
  attrs: null,
  map: null,
  nesting: -1,
  level: 2,
  children: null,
  content: '',
  markup: '',
  info: '',
  meta: null,
  block: true,
  hidden: true
}
Token {
  type: 'list_item_close',
  tag: 'li',
  attrs: null,
  map: null,
  nesting: -1,
  level: 1,
  children: null,
  content: '',
  markup: '-',
  info: '',
  meta: null,
  block: true,
  hidden: false
}
Token {
  type: 'bullet_list_close',
  tag: 'ul',
  attrs: null,
  map: null,
  nesting: -1,
  level: 0,
  children: null,
  content: '',
  markup: '-',
  info: '',
  meta: null,
  block: true,
  hidden: false
}
Token {
  type: 'hr',
  tag: 'hr',
  attrs: null,
  map: [ 9, 10 ],
  nesting: 0,
  level: 0,
  children: null,
  content: '',
  markup: '---',
  info: '',
  meta: null,
  block: true,
  hidden: false
}
Token {
  type: 'heading_open',
  tag: 'h1',
  attrs: null,
  map: [ 11, 12 ],
  nesting: 1,
  level: 0,
  children: null,
  content: '',
  markup: '#',
  info: '',
  meta: null,
  block: true,
  hidden: false
}
Token {
  type: 'inline',
  tag: '',
  attrs: null,
  map: [ 11, 12 ],
  nesting: 0,
  level: 1,
  children: [
    Token {
      type: 'text',
      tag: '',
      attrs: null,
      map: null,
      nesting: 0,
      level: 0,
      children: null,
      content: 'new-demo',
      markup: '',
      info: '',
      meta: null,
      block: false,
      hidden: false
    }
  ],
  content: 'new-demo',
  markup: '',
  info: '',
  meta: null,
  block: true,
  hidden: false
}
Token {
  type: 'heading_close',
  tag: 'h1',
  attrs: null,
  map: null,
  nesting: -1,
  level: 0,
  children: null,
  content: '',
  markup: '#',
  info: '',
  meta: null,
  block: true,
  hidden: false
}
Token {
  type: 'hr',
  tag: 'hr',
  attrs: null,
  map: [ 0, 1 ],
  nesting: 0,
  level: 0,
  children: null,
  content: '',
  markup: '---',
  info: '',
  meta: null,
  block: true,
  hidden: false
}
Token {
  type: 'paragraph_open',
  tag: 'p',
  attrs: null,
  map: [ 1, 4 ],
  nesting: 1,
  level: 0,
  children: null,
  content: '',
  markup: '',
  info: '',
  meta: null,
  block: true,
  hidden: false
}
Token {
  type: 'inline',
  tag: '',
  attrs: null,
  map: [ 1, 4 ],
  nesting: 0,
  level: 1,
  children: [
    Token {
      type: 'text',
      tag: '',
      attrs: null,
      map: null,
      nesting: 0,
      level: 0,
      children: null,
      content: 'date: 2021-06-30',
      markup: '',
      info: '',
      meta: null,
      block: false,
      hidden: false
    },
    Token {
      type: 'softbreak',
      tag: 'br',
      attrs: null,
      map: null,
      nesting: 0,
      level: 0,
      children: null,
      content: '',
      markup: '',
      info: '',
      meta: null,
      block: false,
      hidden: false
    },
    Token {
      type: 'text',
      tag: '',
      attrs: null,
      map: null,
      nesting: 0,
      level: 0,
      children: null,
      content: 'title: aa',
      markup: '',
      info: '',
      meta: null,
      block: false,
      hidden: false
    },
    Token {
      type: 'softbreak',
      tag: 'br',
      attrs: null,
      map: null,
      nesting: 0,
      level: 0,
      children: null,
      content: '',
      markup: '',
      info: '',
      meta: null,
      block: false,
      hidden: false
    },
    Token {
      type: 'text',
      tag: '',
      attrs: null,
      map: null,
      nesting: 0,
      level: 0,
      children: null,
      content: 'tags:',
      markup: '',
      info: '',
      meta: null,
      block: false,
      hidden: false
    }
  ],
  content: 'date: 2021-06-30\ntitle: aa\ntags:',
  markup: '',
  info: '',
  meta: null,
  block: true,
  hidden: false
}
Token {
  type: 'paragraph_close',
  tag: 'p',
  attrs: null,
  map: null,
  nesting: -1,
  level: 0,
  children: null,
  content: '',
  markup: '',
  info: '',
  meta: null,
  block: true,
  hidden: false
}
Token {
  type: 'bullet_list_open',
  tag: 'ul',
  attrs: null,
  map: [ 4, 9 ],
  nesting: 1,
  level: 0,
  children: null,
  content: '',
  markup: '-',
  info: '',
  meta: null,
  block: true,
  hidden: false
}
Token {
  type: 'list_item_open',
  tag: 'li',
  attrs: null,
  map: [ 4, 5 ],
  nesting: 1,
  level: 1,
  children: null,
  content: '',
  markup: '-',
  info: '',
  meta: null,
  block: true,
  hidden: false
}
Token {
  type: 'paragraph_open',
  tag: 'p',
  attrs: null,
  map: [ 4, 5 ],
  nesting: 1,
  level: 2,
  children: null,
  content: '',
  markup: '',
  info: '',
  meta: null,
  block: true,
  hidden: true
}
Token {
  type: 'inline',
  tag: '',
  attrs: null,
  map: [ 4, 5 ],
  nesting: 0,
  level: 3,
  children: [
    Token {
      type: 'text',
      tag: '',
      attrs: null,
      map: null,
      nesting: 0,
      level: 0,
      children: null,
      content: 'vitepress',
      markup: '',
      info: '',
      meta: null,
      block: false,
      hidden: false
    }
  ],
  content: 'vitepress',
  markup: '',
  info: '',
  meta: null,
  block: true,
  hidden: false
}
Token {
  type: 'paragraph_close',
  tag: 'p',
  attrs: null,
  map: null,
  nesting: -1,
  level: 2,
  children: null,
  content: '',
  markup: '',
  info: '',
  meta: null,
  block: true,
  hidden: true
}
Token {
  type: 'list_item_close',
  tag: 'li',
  attrs: null,
  map: null,
  nesting: -1,
  level: 1,
  children: null,
  content: '',
  markup: '-',
  info: '',
  meta: null,
  block: true,
  hidden: false
}
Token {
  type: 'list_item_open',
  tag: 'li',
  attrs: null,
  map: [ 5, 6 ],
  nesting: 1,
  level: 1,
  children: null,
  content: '',
  markup: '-',
  info: '',
  meta: null,
  block: true,
  hidden: false
}
Token {
  type: 'paragraph_open',
  tag: 'p',
  attrs: null,
  map: [ 5, 6 ],
  nesting: 1,
  level: 2,
  children: null,
  content: '',
  markup: '',
  info: '',
  meta: null,
  block: true,
  hidden: true
}
Token {
  type: 'inline',
  tag: '',
  attrs: null,
  map: [ 5, 6 ],
  nesting: 0,
  level: 3,
  children: [
    Token {
      type: 'text',
      tag: '',
      attrs: null,
      map: null,
      nesting: 0,
      level: 0,
      children: null,
      content: 'markdown',
      markup: '',
      info: '',
      meta: null,
      block: false,
      hidden: false
    }
  ],
  content: 'markdown',
  markup: '',
  info: '',
  meta: null,
  block: true,
  hidden: false
}
Token {
  type: 'paragraph_close',
  tag: 'p',
  attrs: null,
  map: null,
  nesting: -1,
  level: 2,
  children: null,
  content: '',
  markup: '',
  info: '',
  meta: null,
  block: true,
  hidden: true
}
Token {
  type: 'list_item_close',
  tag: 'li',
  attrs: null,
  map: null,
  nesting: -1,
  level: 1,
  children: null,
  content: '',
  markup: '-',
  info: '',
  meta: null,
  block: true,
  hidden: false
}
Token {
  type: 'list_item_open',
  tag: 'li',
  attrs: null,
  map: [ 6, 7 ],
  nesting: 1,
  level: 1,
  children: null,
  content: '',
  markup: '-',
  info: '',
  meta: null,
  block: true,
  hidden: false
}
Token {
  type: 'paragraph_open',
  tag: 'p',
  attrs: null,
  map: [ 6, 7 ],
  nesting: 1,
  level: 2,
  children: null,
  content: '',
  markup: '',
  info: '',
  meta: null,
  block: true,
  hidden: true
}
Token {
  type: 'inline',
  tag: '',
  attrs: null,
  map: [ 6, 7 ],
  nesting: 0,
  level: 3,
  children: [
    Token {
      type: 'text',
      tag: '',
      attrs: null,
      map: null,
      nesting: 0,
      level: 0,
      children: null,
      content: 'UpperCase',
      markup: '',
      info: '',
      meta: null,
      block: false,
      hidden: false
    }
  ],
  content: 'UpperCase',
  markup: '',
  info: '',
  meta: null,
  block: true,
  hidden: false
}
Token {
  type: 'paragraph_close',
  tag: 'p',
  attrs: null,
  map: null,
  nesting: -1,
  level: 2,
  children: null,
  content: '',
  markup: '',
  info: '',
  meta: null,
  block: true,
  hidden: true
}
Token {
  type: 'list_item_close',
  tag: 'li',
  attrs: null,
  map: null,
  nesting: -1,
  level: 1,
  children: null,
  content: '',
  markup: '-',
  info: '',
  meta: null,
  block: true,
  hidden: false
}
Token {
  type: 'list_item_open',
  tag: 'li',
  attrs: null,
  map: [ 7, 9 ],
  nesting: 1,
  level: 1,
  children: null,
  content: '',
  markup: '-',
  info: '',
  meta: null,
  block: true,
  hidden: false
}
Token {
  type: 'paragraph_open',
  tag: 'p',
  attrs: null,
  map: [ 7, 9 ],
  nesting: 1,
  level: 2,
  children: null,
  content: '',
  markup: '',
  info: '',
  meta: null,
  block: true,
  hidden: true
}
Token {
  type: 'inline',
  tag: '',
  attrs: null,
  map: [ 7, 9 ],
  nesting: 0,
  level: 3,
  children: [
    Token {
      type: 'text',
      tag: '',
      attrs: null,
      map: null,
      nesting: 0,
      level: 0,
      children: null,
      content: '中文',
      markup: '',
      info: '',
      meta: null,
      block: false,
      hidden: false
    },
    Token {
      type: 'softbreak',
      tag: 'br',
      attrs: null,
      map: null,
      nesting: 0,
      level: 0,
      children: null,
      content: '',
      markup: '',
      info: '',
      meta: null,
      block: false,
      hidden: false
    },
    Token {
      type: 'text',
      tag: '',
      attrs: null,
      map: null,
      nesting: 0,
      level: 0,
      children: null,
      content: 'description: this is the demo for vitepress',
      markup: '',
      info: '',
      meta: null,
      block: false,
      hidden: false
    }
  ],
  content: '中文\ndescription: this is the demo for vitepress',
  markup: '',
  info: '',
  meta: null,
  block: true,
  hidden: false
}
Token {
  type: 'paragraph_close',
  tag: 'p',
  attrs: null,
  map: null,
  nesting: -1,
  level: 2,
  children: null,
  content: '',
  markup: '',
  info: '',
  meta: null,
  block: true,
  hidden: true
}
Token {
  type: 'list_item_close',
  tag: 'li',
  attrs: null,
  map: null,
  nesting: -1,
  level: 1,
  children: null,
  content: '',
  markup: '-',
  info: '',
  meta: null,
  block: true,
  hidden: false
}
Token {
  type: 'bullet_list_close',
  tag: 'ul',
  attrs: null,
  map: null,
  nesting: -1,
  level: 0,
  children: null,
  content: '',
  markup: '-',
  info: '',
  meta: null,
  block: true,
  hidden: false
}
Token {
  type: 'hr',
  tag: 'hr',
  attrs: null,
  map: [ 9, 10 ],
  nesting: 0,
  level: 0,
  children: null,
  content: '',
  markup: '---',
  info: '',
  meta: null,
  block: true,
  hidden: false
}
Token {
  type: 'heading_open',
  tag: 'h1',
  attrs: null,
  map: [ 11, 12 ],
  nesting: 1,
  level: 0,
  children: null,
  content: '',
  markup: '#',
  info: '',
  meta: null,
  block: true,
  hidden: false
}
Token {
  type: 'inline',
  tag: '',
  attrs: null,
  map: [ 11, 12 ],
  nesting: 0,
  level: 1,
  children: [
    Token {
      type: 'text',
      tag: '',
      attrs: null,
      map: null,
      nesting: 0,
      level: 0,
      children: null,
      content: 'aa',
      markup: '',
      info: '',
      meta: null,
      block: false,
      hidden: false
    }
  ],
  content: 'aa',
  markup: '',
  info: '',
  meta: null,
  block: true,
  hidden: false
}
Token {
  type: 'heading_close',
  tag: 'h1',
  attrs: null,
  map: null,
  nesting: -1,
  level: 0,
  children: null,
  content: '',
  markup: '#',
  info: '',
  meta: null,
  block: true,
  hidden: false
}
Token {
  type: 'heading_open',
  tag: 'h2',
  attrs: null,
  map: [ 13, 14 ],
  nesting: 1,
  level: 0,
  children: null,
  content: '',
  markup: '##',
  info: '',
  meta: null,
  block: true,
  hidden: false
}
Token {
  type: 'inline',
  tag: '',
  attrs: null,
  map: [ 13, 14 ],
  nesting: 0,
  level: 1,
  children: [
    Token {
      type: 'text',
      tag: '',
      attrs: null,
      map: null,
      nesting: 0,
      level: 0,
      children: null,
      content: 'bb',
      markup: '',
      info: '',
      meta: null,
      block: false,
      hidden: false
    }
  ],
  content: 'bb',
  markup: '',
  info: '',
  meta: null,
  block: true,
  hidden: false
}
Token {
  type: 'heading_close',
  tag: 'h2',
  attrs: null,
  map: null,
  nesting: -1,
  level: 0,
  children: null,
  content: '',
  markup: '##',
  info: '',
  meta: null,
  block: true,
  hidden: false
}
Token {
  type: 'heading_open',
  tag: 'h3',
  attrs: null,
  map: [ 15, 16 ],
  nesting: 1,
  level: 0,
  children: null,
  content: '',
  markup: '###',
  info: '',
  meta: null,
  block: true,
  hidden: false
}
Token {
  type: 'inline',
  tag: '',
  attrs: null,
  map: [ 15, 16 ],
  nesting: 0,
  level: 1,
  children: [
    Token {
      type: 'text',
      tag: '',
      attrs: null,
      map: null,
      nesting: 0,
      level: 0,
      children: null,
      content: 'cc',
      markup: '',
      info: '',
      meta: null,
      block: false,
      hidden: false
    }
  ],
  content: 'cc',
  markup: '',
  info: '',
  meta: null,
  block: true,
  hidden: false
}
Token {
  type: 'heading_close',
  tag: 'h3',
  attrs: null,
  map: null,
  nesting: -1,
  level: 0,
  children: null,
  content: '',
  markup: '###',
  info: '',
  meta: null,
  block: true,
  hidden: false
}
Token {
  type: 'paragraph_open',
  tag: 'p',
  attrs: null,
  map: [ 17, 18 ],
  nesting: 1,
  level: 0,
  children: null,
  content: '',
  markup: '',
  info: '',
  meta: null,
  block: true,
  hidden: false
}
Token {
  type: 'inline',
  tag: '',
  attrs: null,
  map: [ 17, 18 ],
  nesting: 0,
  level: 1,
  children: [
    Token {
      type: 'text',
      tag: '',
      attrs: null,
      map: null,
      nesting: 0,
      level: 0,
      children: null,
      content: '1111111111111111111111111111 333333333333333 333333333333333333333333333 222222222222222222222222',
      markup: '',
      info: '',
      meta: null,
      block: false,
      hidden: false
    }
  ],
  content: '1111111111111111111111111111 333333333333333 333333333333333333333333333 222222222222222222222222',
  markup: '',
  info: '',
  meta: null,
  block: true,
  hidden: false
}
Token {
  type: 'paragraph_close',
  tag: 'p',
  attrs: null,
  map: null,
  nesting: -1,
  level: 0,
  children: null,
  content: '',
  markup: '',
  info: '',
  meta: null,
  block: true,
  hidden: false
}
Token {
  type: 'paragraph_open',
  tag: 'p',
  attrs: null,
  map: [ 19, 20 ],
  nesting: 1,
  level: 0,
  children: null,
  content: '',
  markup: '',
  info: '',
  meta: null,
  block: true,
  hidden: false
}
Token {
  type: 'inline',
  tag: '',
  attrs: null,
  map: [ 19, 20 ],
  nesting: 0,
  level: 1,
  children: [
    Token {
      type: 'em_open',
      tag: 'em',
      attrs: null,
      map: null,
      nesting: 1,
      level: 0,
      children: null,
      content: '',
      markup: '_',
      info: '',
      meta: null,
      block: false,
      hidden: false
    },
    Token {
      type: 'text',
      tag: '',
      attrs: null,
      map: null,
      nesting: 0,
      level: 1,
      children: null,
      content: 'test',
      markup: '',
      info: '',
      meta: null,
      block: false,
      hidden: false
    },
    Token {
      type: 'em_close',
      tag: 'em',
      attrs: null,
      map: null,
      nesting: -1,
      level: 0,
      children: null,
      content: '',
      markup: '_',
      info: '',
      meta: null,
      block: false,
      hidden: false
    }
  ],
  content: '_test_',
  markup: '',
  info: '',
  meta: null,
  block: true,
  hidden: false
}
Token {
  type: 'paragraph_close',
  tag: 'p',
  attrs: null,
  map: null,
  nesting: -1,
  level: 0,
  children: null,
  content: '',
  markup: '',
  info: '',
  meta: null,
  block: true,
  hidden: false
}
Token {
  type: 'paragraph_open',
  tag: 'p',
  attrs: null,
  map: [ 21, 22 ],
  nesting: 1,
  level: 0,
  children: null,
  content: '',
  markup: '',
  info: '',
  meta: null,
  block: true,
  hidden: false
}
Token {
  type: 'inline',
  tag: '',
  attrs: null,
  map: [ 21, 22 ],
  nesting: 0,
  level: 1,
  children: [
    Token {
      type: 'text',
      tag: '',
      attrs: null,
      map: null,
      nesting: 0,
      level: 0,
      children: null,
      content: '',
      markup: '',
      info: '',
      meta: null,
      block: false,
      hidden: false
    },
    Token {
      type: 'strong_open',
      tag: 'strong',
      attrs: null,
      map: null,
      nesting: 1,
      level: 0,
      children: null,
      content: '',
      markup: '**',
      info: '',
      meta: null,
      block: false,
      hidden: false
    },
    Token {
      type: 'text',
      tag: '',
      attrs: null,
      map: null,
      nesting: 0,
      level: 1,
      children: null,
      content: 'strong',
      markup: '',
      info: '',
      meta: null,
      block: false,
      hidden: false
    },
    Token {
      type: 'strong_close',
      tag: 'strong',
      attrs: null,
      map: null,
      nesting: -1,
      level: 0,
      children: null,
      content: '',
      markup: '**',
      info: '',
      meta: null,
      block: false,
      hidden: false
    },
    Token {
      type: 'text',
      tag: '',
      attrs: null,
      map: null,
      nesting: 0,
      level: 0,
      children: null,
      content: '',
      markup: '',
      info: '',
      meta: null,
      block: false,
      hidden: false
    }
  ],
  content: '**strong**',
  markup: '',
  info: '',
  meta: null,
  block: true,
  hidden: false
}
Token {
  type: 'paragraph_close',
  tag: 'p',
  attrs: null,
  map: null,
  nesting: -1,
  level: 0,
  children: null,
  content: '',
  markup: '',
  info: '',
  meta: null,
  block: true,
  hidden: false
}
Token {
  type: 'paragraph_open',
  tag: 'p',
  attrs: null,
  map: [ 23, 24 ],
  nesting: 1,
  level: 0,
  children: null,
  content: '',
  markup: '',
  info: '',
  meta: null,
  block: true,
  hidden: false
}
Token {
  type: 'inline',
  tag: '',
  attrs: null,
  map: [ 23, 24 ],
  nesting: 0,
  level: 1,
  children: [
    Token {
      type: 'text',
      tag: '',
      attrs: null,
      map: null,
      nesting: 0,
      level: 0,
      children: null,
      content: '',
      markup: '',
      info: '',
      meta: null,
      block: false,
      hidden: false
    },
    Token {
      type: 'strong_open',
      tag: 'strong',
      attrs: null,
      map: null,
      nesting: 1,
      level: 0,
      children: null,
      content: '',
      markup: '**',
      info: '',
      meta: null,
      block: false,
      hidden: false
    },
    Token {
      type: 'em_open',
      tag: 'em',
      attrs: null,
      map: null,
      nesting: 1,
      level: 1,
      children: null,
      content: '',
      markup: '_',
      info: '',
      meta: null,
      block: false,
      hidden: false
    },
    Token {
      type: 'text',
      tag: '',
      attrs: null,
      map: null,
      nesting: 0,
      level: 2,
      children: null,
      content: 'strong and italic',
      markup: '',
      info: '',
      meta: null,
      block: false,
      hidden: false
    },
    Token {
      type: 'em_close',
      tag: 'em',
      attrs: null,
      map: null,
      nesting: -1,
      level: 1,
      children: null,
      content: '',
      markup: '_',
      info: '',
      meta: null,
      block: false,
      hidden: false
    },
    Token {
      type: 'strong_close',
      tag: 'strong',
      attrs: null,
      map: null,
      nesting: -1,
      level: 0,
      children: null,
      content: '',
      markup: '**',
      info: '',
      meta: null,
      block: false,
      hidden: false
    },
    Token {
      type: 'text',
      tag: '',
      attrs: null,
      map: null,
      nesting: 0,
      level: 0,
      children: null,
      content: '',
      markup: '',
      info: '',
      meta: null,
      block: false,
      hidden: false
    }
  ],
  content: '**_strong and italic_**',
  markup: '',
  info: '',
  meta: null,
  block: true,
  hidden: false
}
Token {
  type: 'paragraph_close',
  tag: 'p',
  attrs: null,
  map: null,
  nesting: -1,
  level: 0,
  children: null,
  content: '',
  markup: '',
  info: '',
  meta: null,
  block: true,
  hidden: false
}
Token {
  type: 'paragraph_open',
  tag: 'p',
  attrs: null,
  map: [ 25, 26 ],
  nesting: 1,
  level: 0,
  children: null,
  content: '',
  markup: '',
  info: '',
  meta: null,
  block: true,
  hidden: false
}
Token {
  type: 'inline',
  tag: '',
  attrs: null,
  map: [ 25, 26 ],
  nesting: 0,
  level: 1,
  children: [
    Token {
      type: 'code_inline',
      tag: 'code',
      attrs: null,
      map: null,
      nesting: 0,
      level: 0,
      children: null,
      content: 'demo',
      markup: '`',
      info: '',
      meta: null,
      block: false,
      hidden: false
    }
  ],
  content: '`demo`',
  markup: '',
  info: '',
  meta: null,
  block: true,
  hidden: false
}
Token {
  type: 'paragraph_close',
  tag: 'p',
  attrs: null,
  map: null,
  nesting: -1,
  level: 0,
  children: null,
  content: '',
  markup: '',
  info: '',
  meta: null,
  block: true,
  hidden: false
}
Token {
  type: 'fence',
  tag: 'code',
  attrs: null,
  map: [ 27, 30 ],
  nesting: 0,
  level: 0,
  children: null,
  content: "console.log('hello world')\n",
  markup: '```',
  info: 'js',
  meta: null,
  block: true,
  hidden: false
}
Token {
  type: 'paragraph_open',
  tag: 'p',
  attrs: null,
  map: [ 31, 32 ],
  nesting: 1,
  level: 0,
  children: null,
  content: '',
  markup: '',
  info: '',
  meta: null,
  block: true,
  hidden: false
}
Token {
  type: 'inline',
  tag: '',
  attrs: null,
  map: [ 31, 32 ],
  nesting: 0,
  level: 1,
  children: [
    Token {
      type: 'text',
      tag: '',
      attrs: null,
      map: null,
      nesting: 0,
      level: 0,
      children: null,
      content: '![](https://img-20221128.oss-cn-shanghai.aliyuncs.com/img-2023-05/202411291706301.png)',
      markup: '',
      info: '',
      meta: null,
      block: false,
      hidden: false
    }
  ],
  content: '![](https://img-20221128.oss-cn-shanghai.aliyuncs.com/img-2023-05/202411291706301.png)',
  markup: '',
  info: '',
  meta: null,
  block: true,
  hidden: false
}
Token {
  type: 'paragraph_close',
  tag: 'p',
  attrs: null,
  map: null,
  nesting: -1,
  level: 0,
  children: null,
  content: '',
  markup: '',
  info: '',
  meta: null,
  block: true,
  hidden: false
}
Token {
  type: 'paragraph_open',
  tag: 'p',
  attrs: null,
  map: [ 33, 34 ],
  nesting: 1,
  level: 0,
  children: null,
  content: '',
  markup: '',
  info: '',
  meta: null,
  block: true,
  hidden: false
}
Token {
  type: 'inline',
  tag: '',
  attrs: null,
  map: [ 33, 34 ],
  nesting: 0,
  level: 1,
  children: [
    Token {
      type: 'text',
      tag: '',
      attrs: null,
      map: null,
      nesting: 0,
      level: 0,
      children: null,
      content: '-222222222',
      markup: '',
      info: '',
      meta: null,
      block: false,
      hidden: false
    }
  ],
  content: '-222222222',
  markup: '',
  info: '',
  meta: null,
  block: true,
  hidden: false
}
Token {
  type: 'paragraph_close',
  tag: 'p',
  attrs: null,
  map: null,
  nesting: -1,
  level: 0,
  children: null,
  content: '',
  markup: '',
  info: '',
  meta: null,
  block: true,
  hidden: false
}
Token {
  type: 'bullet_list_open',
  tag: 'ul',
  attrs: null,
  map: [ 35, 38 ],
  nesting: 1,
  level: 0,
  children: null,
  content: '',
  markup: '-',
  info: '',
  meta: null,
  block: true,
  hidden: false
}
Token {
  type: 'list_item_open',
  tag: 'li',
  attrs: null,
  map: [ 35, 36 ],
  nesting: 1,
  level: 1,
  children: null,
  content: '',
  markup: '-',
  info: '',
  meta: null,
  block: true,
  hidden: false
}
Token {
  type: 'paragraph_open',
  tag: 'p',
  attrs: null,
  map: [ 35, 36 ],
  nesting: 1,
  level: 2,
  children: null,
  content: '',
  markup: '',
  info: '',
  meta: null,
  block: true,
  hidden: true
}
Token {
  type: 'inline',
  tag: '',
  attrs: null,
  map: [ 35, 36 ],
  nesting: 0,
  level: 3,
  children: [
    Token {
      type: 'text',
      tag: '',
      attrs: null,
      map: null,
      nesting: 0,
      level: 0,
      children: null,
      content: '[[111]]',
      markup: '',
      info: '',
      meta: null,
      block: false,
      hidden: false
    }
  ],
  content: '[[111]]',
  markup: '',
  info: '',
  meta: null,
  block: true,
  hidden: false
}
Token {
  type: 'paragraph_close',
  tag: 'p',
  attrs: null,
  map: null,
  nesting: -1,
  level: 2,
  children: null,
  content: '',
  markup: '',
  info: '',
  meta: null,
  block: true,
  hidden: true
}
Token {
  type: 'list_item_close',
  tag: 'li',
  attrs: null,
  map: null,
  nesting: -1,
  level: 1,
  children: null,
  content: '',
  markup: '-',
  info: '',
  meta: null,
  block: true,
  hidden: false
}
Token {
  type: 'list_item_open',
  tag: 'li',
  attrs: null,
  map: [ 36, 37 ],
  nesting: 1,
  level: 1,
  children: null,
  content: '',
  markup: '-',
  info: '',
  meta: null,
  block: true,
  hidden: false
}
Token {
  type: 'paragraph_open',
  tag: 'p',
  attrs: null,
  map: [ 36, 37 ],
  nesting: 1,
  level: 2,
  children: null,
  content: '',
  markup: '',
  info: '',
  meta: null,
  block: true,
  hidden: true
}
Token {
  type: 'inline',
  tag: '',
  attrs: null,
  map: [ 36, 37 ],
  nesting: 0,
  level: 3,
  children: [
    Token {
      type: 'text',
      tag: '',
      attrs: null,
      map: null,
      nesting: 0,
      level: 0,
      children: null,
      content: '[[demos/aaa]]',
      markup: '',
      info: '',
      meta: null,
      block: false,
      hidden: false
    }
  ],
  content: '[[demos/aaa]]',
  markup: '',
  info: '',
  meta: null,
  block: true,
  hidden: false
}
Token {
  type: 'paragraph_close',
  tag: 'p',
  attrs: null,
  map: null,
  nesting: -1,
  level: 2,
  children: null,
  content: '',
  markup: '',
  info: '',
  meta: null,
  block: true,
  hidden: true
}
Token {
  type: 'list_item_close',
  tag: 'li',
  attrs: null,
  map: null,
  nesting: -1,
  level: 1,
  children: null,
  content: '',
  markup: '-',
  info: '',
  meta: null,
  block: true,
  hidden: false
}
Token {
  type: 'list_item_open',
  tag: 'li',
  attrs: null,
  map: [ 37, 38 ],
  nesting: 1,
  level: 1,
  children: null,
  content: '',
  markup: '-',
  info: '',
  meta: null,
  block: true,
  hidden: false
}
Token {
  type: 'paragraph_open',
  tag: 'p',
  attrs: null,
  map: [ 37, 38 ],
  nesting: 1,
  level: 2,
  children: null,
  content: '',
  markup: '',
  info: '',
  meta: null,
  block: true,
  hidden: true
}
Token {
  type: 'inline',
  tag: '',
  attrs: null,
  map: [ 37, 38 ],
  nesting: 0,
  level: 3,
  children: [
    Token {
      type: 'link_open',
      tag: 'a',
      attrs: [Array],
      map: null,
      nesting: 1,
      level: 0,
      children: null,
      content: '',
      markup: '',
      info: '',
      meta: null,
      block: false,
      hidden: false
    },
    Token {
      type: 'text',
      tag: '',
      attrs: null,
      map: null,
      nesting: 0,
      level: 1,
      children: null,
      content: 'test',
      markup: '',
      info: '',
      meta: null,
      block: false,
      hidden: false
    },
    Token {
      type: 'link_close',
      tag: 'a',
      attrs: null,
      map: null,
      nesting: -1,
      level: 0,
      children: null,
      content: '',
      markup: '',
      info: '',
      meta: null,
      block: false,
      hidden: false
    }
  ],
  content: '[test](./111.md)',
  markup: '',
  info: '',
  meta: null,
  block: true,
  hidden: false
}
Token {
  type: 'paragraph_close',
  tag: 'p',
  attrs: null,
  map: null,
  nesting: -1,
  level: 2,
  children: null,
  content: '',
  markup: '',
  info: '',
  meta: null,
  block: true,
  hidden: true
}
Token {
  type: 'list_item_close',
  tag: 'li',
  attrs: null,
  map: null,
  nesting: -1,
  level: 1,
  children: null,
  content: '',
  markup: '-',
  info: '',
  meta: null,
  block: true,
  hidden: false
}
Token {
  type: 'bullet_list_close',
  tag: 'ul',
  attrs: null,
  map: null,
  nesting: -1,
  level: 0,
  children: null,
  content: '',
  markup: '-',
  info: '',
  meta: null,
  block: true,
  hidden: false
}
Token {
  type: 'hr',
  tag: 'hr',
  attrs: null,
  map: [ 0, 1 ],
  nesting: 0,
  level: 0,
  children: null,
  content: '',
  markup: '---',
  info: '',
  meta: null,
  block: true,
  hidden: false
}
Token {
  type: 'heading_open',
  tag: 'h2',
  attrs: null,
  map: [ 1, 7 ],
  nesting: 1,
  level: 0,
  children: null,
  content: '',
  markup: '-',
  info: '',
  meta: null,
  block: true,
  hidden: false
}
Token {
  type: 'inline',
  tag: '',
  attrs: null,
  map: [ 1, 6 ],
  nesting: 0,
  level: 1,
  children: [
    Token {
      type: 'text',
      tag: '',
      attrs: null,
      map: null,
      nesting: 0,
      level: 0,
      children: null,
      content: 'page: true',
      markup: '',
      info: '',
      meta: null,
      block: false,
      hidden: false
    },
    Token {
      type: 'softbreak',
      tag: 'br',
      attrs: null,
      map: null,
      nesting: 0,
      level: 0,
      children: null,
      content: '',
      markup: '',
      info: '',
      meta: null,
      block: false,
      hidden: false
    },
    Token {
      type: 'text',
      tag: '',
      attrs: null,
      map: null,
      nesting: 0,
      level: 0,
      children: null,
      content: 'title: Collections',
      markup: '',
      info: '',
      meta: null,
      block: false,
      hidden: false
    },
    Token {
      type: 'softbreak',
      tag: 'br',
      attrs: null,
      map: null,
      nesting: 0,
      level: 0,
      children: null,
      content: '',
      markup: '',
      info: '',
      meta: null,
      block: false,
      hidden: false
    },
    Token {
      type: 'text',
      tag: '',
      attrs: null,
      map: null,
      nesting: 0,
      level: 0,
      children: null,
      content: 'description: Tags',
      markup: '',
      info: '',
      meta: null,
      block: false,
      hidden: false
    },
    Token {
      type: 'softbreak',
      tag: 'br',
      attrs: null,
      map: null,
      nesting: 0,
      level: 0,
      children: null,
      content: '',
      markup: '',
      info: '',
      meta: null,
      block: false,
      hidden: false
    },
    Token {
      type: 'text',
      tag: '',
      attrs: null,
      map: null,
      nesting: 0,
      level: 0,
      children: null,
      content: 'aside: false',
      markup: '',
      info: '',
      meta: null,
      block: false,
      hidden: false
    },
    Token {
      type: 'softbreak',
      tag: 'br',
      attrs: null,
      map: null,
      nesting: 0,
      level: 0,
      children: null,
      content: '',
      markup: '',
      info: '',
      meta: null,
      block: false,
      hidden: false
    },
    Token {
      type: 'text',
      tag: '',
      attrs: null,
      map: null,
      nesting: 0,
      level: 0,
      children: null,
      content: 'date: 2020-09-01',
      markup: '',
      info: '',
      meta: null,
      block: false,
      hidden: false
    }
  ],
  content: 'page: true\n' +
    'title: Collections\n' +
    'description: Tags\n' +
    'aside: false\n' +
    'date: 2020-09-01',
  markup: '',
  info: '',
  meta: null,
  block: true,
  hidden: false
}
Token {
  type: 'heading_close',
  tag: 'h2',
  attrs: null,
  map: null,
  nesting: -1,
  level: 0,
  children: null,
  content: '',
  markup: '-',
  info: '',
  meta: null,
  block: true,
  hidden: false
}
Token {
  type: 'paragraph_open',
  tag: 'p',
  attrs: null,
  map: [ 8, 9 ],
  nesting: 1,
  level: 0,
  children: null,
  content: '',
  markup: '',
  info: '',
  meta: null,
  block: true,
  hidden: false
}
Token {
  type: 'inline',
  tag: '',
  attrs: null,
  map: [ 8, 9 ],
  nesting: 0,
  level: 1,
  children: [
    Token {
      type: 'text',
      tag: '',
      attrs: null,
      map: null,
      nesting: 0,
      level: 0,
      children: null,
      content: '<Collections/>',
      markup: '',
      info: '',
      meta: null,
      block: false,
      hidden: false
    }
  ],
  content: '<Collections/>',
  markup: '',
  info: '',
  meta: null,
  block: true,
  hidden: false
}
Token {
  type: 'paragraph_close',
  tag: 'p',
  attrs: null,
  map: null,
  nesting: -1,
  level: 0,
  children: null,
  content: '',
  markup: '',
  info: '',
  meta: null,
  block: true,
  hidden: false
}
Token {
  type: 'hr',
  tag: 'hr',
  attrs: null,
  map: [ 0, 1 ],
  nesting: 0,
  level: 0,
  children: null,
  content: '',
  markup: '---',
  info: '',
  meta: null,
  block: true,
  hidden: false
}
Token {
  type: 'heading_open',
  tag: 'h2',
  attrs: null,
  map: [ 1, 3 ],
  nesting: 1,
  level: 0,
  children: null,
  content: '',
  markup: '-',
  info: '',
  meta: null,
  block: true,
  hidden: false
}
Token {
  type: 'inline',
  tag: '',
  attrs: null,
  map: [ 1, 2 ],
  nesting: 0,
  level: 1,
  children: [
    Token {
      type: 'text',
      tag: '',
      attrs: null,
      map: null,
      nesting: 0,
      level: 0,
      children: null,
      content: 'layout: home',
      markup: '',
      info: '',
      meta: null,
      block: false,
      hidden: false
    }
  ],
  content: 'layout: home',
  markup: '',
  info: '',
  meta: null,
  block: true,
  hidden: false
}
Token {
  type: 'heading_close',
  tag: 'h2',
  attrs: null,
  map: null,
  nesting: -1,
  level: 0,
  children: null,
  content: '',
  markup: '-',
  info: '',
  meta: null,
  block: true,
  hidden: false
}
Token {
  type: 'paragraph_open',
  tag: 'p',
  attrs: null,
  map: [ 4, 5 ],
  nesting: 1,
  level: 0,
  children: null,
  content: '',
  markup: '',
  info: '',
  meta: null,
  block: true,
  hidden: false
}
Token {
  type: 'inline',
  tag: '',
  attrs: null,
  map: [ 4, 5 ],
  nesting: 0,
  level: 1,
  children: [
    Token {
      type: 'text',
      tag: '',
      attrs: null,
      map: null,
      nesting: 0,
      level: 0,
      children: null,
      content: '<Homepage />',
      markup: '',
      info: '',
      meta: null,
      block: false,
      hidden: false
    }
  ],
  content: '<Homepage />',
  markup: '',
  info: '',
  meta: null,
  block: true,
  hidden: false
}
Token {
  type: 'paragraph_close',
  tag: 'p',
  attrs: null,
  map: null,
  nesting: -1,
  level: 0,
  children: null,
  content: '',
  markup: '',
  info: '',
  meta: null,
  block: true,
  hidden: false
}
Token {
  type: 'hr',
  tag: 'hr',
  attrs: null,
  map: [ 0, 1 ],
  nesting: 0,
  level: 0,
  children: null,
  content: '',
  markup: '---',
  info: '',
  meta: null,
  block: true,
  hidden: false
}
Token {
  type: 'heading_open',
  tag: 'h2',
  attrs: null,
  map: [ 1, 6 ],
  nesting: 1,
  level: 0,
  children: null,
  content: '',
  markup: '-',
  info: '',
  meta: null,
  block: true,
  hidden: false
}
Token {
  type: 'inline',
  tag: '',
  attrs: null,
  map: [ 1, 5 ],
  nesting: 0,
  level: 1,
  children: [
    Token {
      type: 'text',
      tag: '',
      attrs: null,
      map: null,
      nesting: 0,
      level: 0,
      children: null,
      content: 'title: home',
      markup: '',
      info: '',
      meta: null,
      block: false,
      hidden: false
    },
    Token {
      type: 'softbreak',
      tag: 'br',
      attrs: null,
      map: null,
      nesting: 0,
      level: 0,
      children: null,
      content: '',
      markup: '',
      info: '',
      meta: null,
      block: false,
      hidden: false
    },
    Token {
      type: 'text',
      tag: '',
      attrs: null,
      map: null,
      nesting: 0,
      level: 0,
      children: null,
      content: 'aside: false',
      markup: '',
      info: '',
      meta: null,
      block: false,
      hidden: false
    },
    Token {
      type: 'softbreak',
      tag: 'br',
      attrs: null,
      map: null,
      nesting: 0,
      level: 0,
      children: null,
      content: '',
      markup: '',
      info: '',
      meta: null,
      block: false,
      hidden: false
    },
    Token {
      type: 'text',
      tag: '',
      attrs: null,
      map: null,
      nesting: 0,
      level: 0,
      children: null,
      content: 'sidebar: false',
      markup: '',
      info: '',
      meta: null,
      block: false,
      hidden: false
    },
    Token {
      type: 'softbreak',
      tag: 'br',
      attrs: null,
      map: null,
      nesting: 0,
      level: 0,
      children: null,
      content: '',
      markup: '',
      info: '',
      meta: null,
      block: false,
      hidden: false
    },
    Token {
      type: 'text',
      tag: '',
      attrs: null,
      map: null,
      nesting: 0,
      level: 0,
      children: null,
      content: 'layout: page',
      markup: '',
      info: '',
      meta: null,
      block: false,
      hidden: false
    }
  ],
  content: 'title: home\naside: false\nsidebar: false\nlayout: page',
  markup: '',
  info: '',
  meta: null,
  block: true,
  hidden: false
}
Token {
  type: 'heading_close',
  tag: 'h2',
  attrs: null,
  map: null,
  nesting: -1,
  level: 0,
  children: null,
  content: '',
  markup: '-',
  info: '',
  meta: null,
  block: true,
  hidden: false
}
Token {
  type: 'paragraph_open',
  tag: 'p',
  attrs: null,
  map: [ 6, 13 ],
  nesting: 1,
  level: 0,
  children: null,
  content: '',
  markup: '',
  info: '',
  meta: null,
  block: true,
  hidden: false
}
Token {
  type: 'inline',
  tag: '',
  attrs: null,
  map: [ 6, 13 ],
  nesting: 0,
  level: 1,
  children: [
    Token {
      type: 'text',
      tag: '',
      attrs: null,
      map: null,
      nesting: 0,
      level: 0,
      children: null,
      content: '<script setup>',
      markup: '',
      info: '',
      meta: null,
      block: false,
      hidden: false
    },
    Token {
      type: 'softbreak',
      tag: 'br',
      attrs: null,
      map: null,
      nesting: 0,
      level: 0,
      children: null,
      content: '',
      markup: '',
      info: '',
      meta: null,
      block: false,
      hidden: false
    },
    Token {
      type: 'text',
      tag: '',
      attrs: null,
      map: null,
      nesting: 0,
      level: 0,
      children: null,
      content: 'import BlogContainer from "../../.vitepress/theme/components/page/BlogContainer.vue";',
      markup: '',
      info: '',
      meta: null,
      block: false,
      hidden: false
    },
    Token {
      type: 'softbreak',
      tag: 'br',
      attrs: null,
      map: null,
      nesting: 0,
      level: 0,
      children: null,
      content: '',
      markup: '',
      info: '',
      meta: null,
      block: false,
      hidden: false
    },
    Token {
      type: 'text',
      tag: '',
      attrs: null,
      map: null,
      nesting: 0,
      level: 0,
      children: null,
      content: 'import { useData } from "vitepress";',
      markup: '',
      info: '',
      meta: null,
      block: false,
      hidden: false
    },
    Token {
      type: 'softbreak',
      tag: 'br',
      attrs: null,
      map: null,
      nesting: 0,
      level: 0,
      children: null,
      content: '',
      markup: '',
      info: '',
      meta: null,
      block: false,
      hidden: false
    },
    Token {
      type: 'text',
      tag: '',
      attrs: null,
      map: null,
      nesting: 0,
      level: 0,
      children: null,
      content: 'const { theme } = useData();',
      markup: '',
      info: '',
      meta: null,
      block: false,
      hidden: false
    },
    Token {
      type: 'softbreak',
      tag: 'br',
      attrs: null,
      map: null,
      nesting: 0,
      level: 0,
      children: null,
      content: '',
      markup: '',
      info: '',
      meta: null,
      block: false,
      hidden: false
    },
    Token {
      type: 'text',
      tag: '',
      attrs: null,
      map: null,
      nesting: 0,
      level: 0,
      children: null,
      content: 'const posts = theme.value.posts.slice(0,10)',
      markup: '',
      info: '',
      meta: null,
      block: false,
      hidden: false
    },
    Token {
      type: 'softbreak',
      tag: 'br',
      attrs: null,
      map: null,
      nesting: 0,
      level: 0,
      children: null,
      content: '',
      markup: '',
      info: '',
      meta: null,
      block: false,
      hidden: false
    },
    Token {
      type: 'text',
      tag: '',
      attrs: null,
      map: null,
      nesting: 0,
      level: 0,
      children: null,
      content: '</script>',
      markup: '',
      info: '',
      meta: null,
      block: false,
      hidden: false
    },
    Token {
      type: 'softbreak',
      tag: 'br',
      attrs: null,
      map: null,
      nesting: 0,
      level: 0,
      children: null,
      content: '',
      markup: '',
      info: '',
      meta: null,
      block: false,
      hidden: false
    },
    Token {
      type: 'text',
      tag: '',
      attrs: null,
      map: null,
      nesting: 0,
      level: 0,
      children: null,
      content: '<BlogContainer :posts="posts" :pageCurrent="1" :pagesNum="1" />',
      markup: '',
      info: '',
      meta: null,
      block: false,
      hidden: false
    }
  ],
  content: '<script setup>\n' +
    'import BlogContainer from "../../.vitepress/theme/components/page/BlogContainer.vue";\n' +
    'import { useData } from "vitepress";\n' +
    'const { theme } = useData();\n' +
    'const posts = theme.value.posts.slice(0,10)\n' +
    '</script>\n' +
    '<BlogContainer :posts="posts" :pageCurrent="1" :pagesNum="1" />',
  markup: '',
  info: '',
  meta: null,
  block: true,
  hidden: false
}
Token {
  type: 'paragraph_close',
  tag: 'p',
  attrs: null,
  map: null,
  nesting: -1,
  level: 0,
  children: null,
  content: '',
  markup: '',
  info: '',
  meta: null,
  block: true,
  hidden: false
}
Token {
  type: 'hr',
  tag: 'hr',
  attrs: null,
  map: [ 0, 1 ],
  nesting: 0,
  level: 0,
  children: null,
  content: '',
  markup: '---',
  info: '',
  meta: null,
  block: true,
  hidden: false
}
Token {
  type: 'heading_open',
  tag: 'h2',
  attrs: null,
  map: [ 1, 7 ],
  nesting: 1,
  level: 0,
  children: null,
  content: '',
  markup: '-',
  info: '',
  meta: null,
  block: true,
  hidden: false
}
Token {
  type: 'inline',
  tag: '',
  attrs: null,
  map: [ 1, 6 ],
  nesting: 0,
  level: 1,
  children: [
    Token {
      type: 'text',
      tag: '',
      attrs: null,
      map: null,
      nesting: 0,
      level: 0,
      children: null,
      content: 'layout: page',
      markup: '',
      info: '',
      meta: null,
      block: false,
      hidden: false
    },
    Token {
      type: 'softbreak',
      tag: 'br',
      attrs: null,
      map: null,
      nesting: 0,
      level: 0,
      children: null,
      content: '',
      markup: '',
      info: '',
      meta: null,
      block: false,
      hidden: false
    },
    Token {
      type: 'text',
      tag: '',
      attrs: null,
      map: null,
      nesting: 0,
      level: 0,
      children: null,
      content: 'title: Tags',
      markup: '',
      info: '',
      meta: null,
      block: false,
      hidden: false
    },
    Token {
      type: 'softbreak',
      tag: 'br',
      attrs: null,
      map: null,
      nesting: 0,
      level: 0,
      children: null,
      content: '',
      markup: '',
      info: '',
      meta: null,
      block: false,
      hidden: false
    },
    Token {
      type: 'text',
      tag: '',
      attrs: null,
      map: null,
      nesting: 0,
      level: 0,
      children: null,
      content: 'description: Tags',
      markup: '',
      info: '',
      meta: null,
      block: false,
      hidden: false
    },
    Token {
      type: 'softbreak',
      tag: 'br',
      attrs: null,
      map: null,
      nesting: 0,
      level: 0,
      children: null,
      content: '',
      markup: '',
      info: '',
      meta: null,
      block: false,
      hidden: false
    },
    Token {
      type: 'text',
      tag: '',
      attrs: null,
      map: null,
      nesting: 0,
      level: 0,
      children: null,
      content: 'sidebar: false',
      markup: '',
      info: '',
      meta: null,
      block: false,
      hidden: false
    },
    Token {
      type: 'softbreak',
      tag: 'br',
      attrs: null,
      map: null,
      nesting: 0,
      level: 0,
      children: null,
      content: '',
      markup: '',
      info: '',
      meta: null,
      block: false,
      hidden: false
    },
    Token {
      type: 'text',
      tag: '',
      attrs: null,
      map: null,
      nesting: 0,
      level: 0,
      children: null,
      content: 'aside: false',
      markup: '',
      info: '',
      meta: null,
      block: false,
      hidden: false
    }
  ],
  content: 'layout: page\ntitle: Tags\ndescription: Tags\nsidebar: false\naside: false',
  markup: '',
  info: '',
  meta: null,
  block: true,
  hidden: false
}
Token {
  type: 'heading_close',
  tag: 'h2',
  attrs: null,
  map: null,
  nesting: -1,
  level: 0,
  children: null,
  content: '',
  markup: '-',
  info: '',
  meta: null,
  block: true,
  hidden: false
}
Token {
  type: 'paragraph_open',
  tag: 'p',
  attrs: null,
  map: [ 8, 9 ],
  nesting: 1,
  level: 0,
  children: null,
  content: '',
  markup: '',
  info: '',
  meta: null,
  block: true,
  hidden: false
}
Token {
  type: 'inline',
  tag: '',
  attrs: null,
  map: [ 8, 9 ],
  nesting: 0,
  level: 1,
  children: [
    Token {
      type: 'text',
      tag: '',
      attrs: null,
      map: null,
      nesting: 0,
      level: 0,
      children: null,
      content: '<Tags/>',
      markup: '',
      info: '',
      meta: null,
      block: false,
      hidden: false
    }
  ],
  content: '<Tags/>',
  markup: '',
  info: '',
  meta: null,
  block: true,
  hidden: false
}
Token {
  type: 'paragraph_close',
  tag: 'p',
  attrs: null,
  map: null,
  nesting: -1,
  level: 0,
  children: null,
  content: '',
  markup: '',
  info: '',
  meta: null,
  block: true,
  hidden: false
}
Token {
  type: 'hr',
  tag: 'hr',
  attrs: null,
  map: [ 0, 1 ],
  nesting: 0,
  level: 0,
  children: null,
  content: '',
  markup: '---',
  info: '',
  meta: null,
  block: true,
  hidden: false
}
Token {
  type: 'heading_open',
  tag: 'h2',
  attrs: null,
  map: [ 1, 7 ],
  nesting: 1,
  level: 0,
  children: null,
  content: '',
  markup: '-',
  info: '',
  meta: null,
  block: true,
  hidden: false
}
Token {
  type: 'inline',
  tag: '',
  attrs: null,
  map: [ 1, 6 ],
  nesting: 0,
  level: 1,
  children: [
    Token {
      type: 'text',
      tag: '',
      attrs: null,
      map: null,
      nesting: 0,
      level: 0,
      children: null,
      content: 'layout: page',
      markup: '',
      info: '',
      meta: null,
      block: false,
      hidden: false
    },
    Token {
      type: 'softbreak',
      tag: 'br',
      attrs: null,
      map: null,
      nesting: 0,
      level: 0,
      children: null,
      content: '',
      markup: '',
      info: '',
      meta: null,
      block: false,
      hidden: false
    },
    Token {
      type: 'text',
      tag: '',
      attrs: null,
      map: null,
      nesting: 0,
      level: 0,
      children: null,
      content: 'title: Timeline',
      markup: '',
      info: '',
      meta: null,
      block: false,
      hidden: false
    },
    Token {
      type: 'softbreak',
      tag: 'br',
      attrs: null,
      map: null,
      nesting: 0,
      level: 0,
      children: null,
      content: '',
      markup: '',
      info: '',
      meta: null,
      block: false,
      hidden: false
    },
    Token {
      type: 'text',
      tag: '',
      attrs: null,
      map: null,
      nesting: 0,
      level: 0,
      children: null,
      content: 'description: Timeline',
      markup: '',
      info: '',
      meta: null,
      block: false,
      hidden: false
    },
    Token {
      type: 'softbreak',
      tag: 'br',
      attrs: null,
      map: null,
      nesting: 0,
      level: 0,
      children: null,
      content: '',
      markup: '',
      info: '',
      meta: null,
      block: false,
      hidden: false
    },
    Token {
      type: 'text',
      tag: '',
      attrs: null,
      map: null,
      nesting: 0,
      level: 0,
      children: null,
      content: 'sidebar: false',
      markup: '',
      info: '',
      meta: null,
      block: false,
      hidden: false
    },
    Token {
      type: 'softbreak',
      tag: 'br',
      attrs: null,
      map: null,
      nesting: 0,
      level: 0,
      children: null,
      content: '',
      markup: '',
      info: '',
      meta: null,
      block: false,
      hidden: false
    },
    Token {
      type: 'text',
      tag: '',
      attrs: null,
      map: null,
      nesting: 0,
      level: 0,
      children: null,
      content: 'aside: false',
      markup: '',
      info: '',
      meta: null,
      block: false,
      hidden: false
    }
  ],
  content: 'layout: page\n' +
    'title: Timeline\n' +
    'description: Timeline\n' +
    'sidebar: false\n' +
    'aside: false',
  markup: '',
  info: '',
  meta: null,
  block: true,
  hidden: false
}
Token {
  type: 'heading_close',
  tag: 'h2',
  attrs: null,
  map: null,
  nesting: -1,
  level: 0,
  children: null,
  content: '',
  markup: '-',
  info: '',
  meta: null,
  block: true,
  hidden: false
}
Token {
  type: 'paragraph_open',
  tag: 'p',
  attrs: null,
  map: [ 8, 9 ],
  nesting: 1,
  level: 0,
  children: null,
  content: '',
  markup: '',
  info: '',
  meta: null,
  block: true,
  hidden: false
}
Token {
  type: 'inline',
  tag: '',
  attrs: null,
  map: [ 8, 9 ],
  nesting: 0,
  level: 1,
  children: [
    Token {
      type: 'text',
      tag: '',
      attrs: null,
      map: null,
      nesting: 0,
      level: 0,
      children: null,
      content: '<Timeline/>',
      markup: '',
      info: '',
      meta: null,
      block: false,
      hidden: false
    }
  ],
  content: '<Timeline/>',
  markup: '',
  info: '',
  meta: null,
  block: true,
  hidden: false
}
Token {
  type: 'paragraph_close',
  tag: 'p',
  attrs: null,
  map: null,
  nesting: -1,
  level: 0,
  children: null,
  content: '',
  markup: '',
  info: '',
  meta: null,
  block: true,
  hidden: false
}

  vitepress v1.5.0

  ➜  Local:   http://localhost:5000/
  ➜  Network: http://10.177.73.149:5000/
  ➜  Network: http://172.16.9.1:5000/
  ➜  Network: http://172.16.2.1:5000/
  ➜  Network: http://172.16.4.1:5000/
  ➜  Network: http://192.168.112.1:5000/
  ➜  Network: http://172.22.0.1:5000/
  ➜  Network: http://192.168.96.1:5000/
  ➜  Network: http://172.16.7.1:5000/
  ➜  Network: http://192.168.16.1:5000/
  ➜  Network: http://172.30.0.1:5000/
  ➜  Network: http://172.28.0.1:5000/
  ➜  Network: http://172.27.0.1:5000/
  ➜  Network: http://192.168.224.1:5000/
  ➜  Network: http://172.31.0.1:5000/
  ➜  Network: http://172.16.11.1:5000/
  ➜  Network: http://172.29.0.1:5000/
  ➜  Network: http://172.20.0.1:5000/
  ➜  Network: http://172.16.1.1:5000/
  ➜  Network: http://192.168.128.1:5000/
  ➜  Network: http://172.16.8.1:5000/
  ➜  Network: http://172.25.0.1:5000/
  ➜  Network: http://192.168.176.1:5000/
  ➜  Network: http://192.168.240.1:5000/
  ➜  Network: http://172.16.6.1:5000/
  ➜  Network: http://172.21.0.1:5000/
  ➜  Network: http://192.168.160.1:5000/
  ➜  Network: http://172.16.5.1:5000/
  ➜  Network: http://192.168.144.1:5000/
  ➜  Network: http://192.168.64.1:5000/
  ➜  Network: http://172.16.13.1:5000/
  ➜  Network: http://172.16.0.1:5000/
  ➜  Network: http://172.23.5.8:5000/
  ➜  Network: http://172.16.15.1:5000/
  ➜  Network: http://172.16.10.1:5000/
  ➜  Network: http://172.16.12.1:5000/
  ➜  Network: http://172.16.3.1:5000/
  ➜  Network: http://198.18.0.1:5000/
  ➜  press h to show help
5:09:03 PM [vitepress] .vitepress/plugins/analyze.ts changed, restarting server...

Token {
  type: 'hr',
  tag: 'hr',
  attrs: null,
  map: [ 0, 1 ],
  nesting: 0,
  level: 0,
  children: null,
  content: '',
  markup: '---',
  info: '',
  meta: null,
  block: true,
  hidden: false
}
Token {
  type: 'heading_open',
  tag: 'h2',
  attrs: null,
  map: [ 1, 6 ],
  nesting: 1,
  level: 0,
  children: null,
  content: '',
  markup: '-',
  info: '',
  meta: null,
  block: true,
  hidden: false
}
Token {
  type: 'inline',
  tag: '',
  attrs: null,
  map: [ 1, 5 ],
  nesting: 0,
  level: 1,
  children: [
    Token {
      type: 'text',
      tag: '',
      attrs: null,
      map: null,
      nesting: 0,
      level: 0,
      children: null,
      content: 'title: home',
      markup: '',
      info: '',
      meta: null,
      block: false,
      hidden: false
    },
    Token {
      type: 'softbreak',
      tag: 'br',
      attrs: null,
      map: null,
      nesting: 0,
      level: 0,
      children: null,
      content: '',
      markup: '',
      info: '',
      meta: null,
      block: false,
      hidden: false
    },
    Token {
      type: 'text',
      tag: '',
      attrs: null,
      map: null,
      nesting: 0,
      level: 0,
      children: null,
      content: 'aside: false',
      markup: '',
      info: '',
      meta: null,
      block: false,
      hidden: false
    },
    Token {
      type: 'softbreak',
      tag: 'br',
      attrs: null,
      map: null,
      nesting: 0,
      level: 0,
      children: null,
      content: '',
      markup: '',
      info: '',
      meta: null,
      block: false,
      hidden: false
    },
    Token {
      type: 'text',
      tag: '',
      attrs: null,
      map: null,
      nesting: 0,
      level: 0,
      children: null,
      content: 'sidebar: false',
      markup: '',
      info: '',
      meta: null,
      block: false,
      hidden: false
    },
    Token {
      type: 'softbreak',
      tag: 'br',
      attrs: null,
      map: null,
      nesting: 0,
      level: 0,
      children: null,
      content: '',
      markup: '',
      info: '',
      meta: null,
      block: false,
      hidden: false
    },
    Token {
      type: 'text',
      tag: '',
      attrs: null,
      map: null,
      nesting: 0,
      level: 0,
      children: null,
      content: 'layout: page',
      markup: '',
      info: '',
      meta: null,
      block: false,
      hidden: false
    }
  ],
  content: 'title: home\naside: false\nsidebar: false\nlayout: page',
  markup: '',
  info: '',
  meta: null,
  block: true,
  hidden: false
}
Token {
  type: 'heading_close',
  tag: 'h2',
  attrs: null,
  map: null,
  nesting: -1,
  level: 0,
  children: null,
  content: '',
  markup: '-',
  info: '',
  meta: null,
  block: true,
  hidden: false
}
Token {
  type: 'paragraph_open',
  tag: 'p',
  attrs: null,
  map: [ 6, 13 ],
  nesting: 1,
  level: 0,
  children: null,
  content: '',
  markup: '',
  info: '',
  meta: null,
  block: true,
  hidden: false
}
Token {
  type: 'inline',
  tag: '',
  attrs: null,
  map: [ 6, 13 ],
  nesting: 0,
  level: 1,
  children: [
    Token {
      type: 'text',
      tag: '',
      attrs: null,
      map: null,
      nesting: 0,
      level: 0,
      children: null,
      content: '<script setup>',
      markup: '',
      info: '',
      meta: null,
      block: false,
      hidden: false
    },
    Token {
      type: 'softbreak',
      tag: 'br',
      attrs: null,
      map: null,
      nesting: 0,
      level: 0,
      children: null,
      content: '',
      markup: '',
      info: '',
      meta: null,
      block: false,
      hidden: false
    },
    Token {
      type: 'text',
      tag: '',
      attrs: null,
      map: null,
      nesting: 0,
      level: 0,
      children: null,
      content: 'import BlogContainer from "../../.vitepress/theme/components/page/BlogContainer.vue";',
      markup: '',
      info: '',
      meta: null,
      block: false,
      hidden: false
    },
    Token {
      type: 'softbreak',
      tag: 'br',
      attrs: null,
      map: null,
      nesting: 0,
      level: 0,
      children: null,
      content: '',
      markup: '',
      info: '',
      meta: null,
      block: false,
      hidden: false
    },
    Token {
      type: 'text',
      tag: '',
      attrs: null,
      map: null,
      nesting: 0,
      level: 0,
      children: null,
      content: 'import { useData } from "vitepress";',
      markup: '',
      info: '',
      meta: null,
      block: false,
      hidden: false
    },
    Token {
      type: 'softbreak',
      tag: 'br',
      attrs: null,
      map: null,
      nesting: 0,
      level: 0,
      children: null,
      content: '',
      markup: '',
      info: '',
      meta: null,
      block: false,
      hidden: false
    },
    Token {
      type: 'text',
      tag: '',
      attrs: null,
      map: null,
      nesting: 0,
      level: 0,
      children: null,
      content: 'const { theme } = useData();',
      markup: '',
      info: '',
      meta: null,
      block: false,
      hidden: false
    },
    Token {
      type: 'softbreak',
      tag: 'br',
      attrs: null,
      map: null,
      nesting: 0,
      level: 0,
      children: null,
      content: '',
      markup: '',
      info: '',
      meta: null,
      block: false,
      hidden: false
    },
    Token {
      type: 'text',
      tag: '',
      attrs: null,
      map: null,
      nesting: 0,
      level: 0,
      children: null,
      content: 'const posts = theme.value.posts.slice(0,10)',
      markup: '',
      info: '',
      meta: null,
      block: false,
      hidden: false
    },
    Token {
      type: 'softbreak',
      tag: 'br',
      attrs: null,
      map: null,
      nesting: 0,
      level: 0,
      children: null,
      content: '',
      markup: '',
      info: '',
      meta: null,
      block: false,
      hidden: false
    },
    Token {
      type: 'text',
      tag: '',
      attrs: null,
      map: null,
      nesting: 0,
      level: 0,
      children: null,
      content: '</script>',
      markup: '',
      info: '',
      meta: null,
      block: false,
      hidden: false
    },
    Token {
      type: 'softbreak',
      tag: 'br',
      attrs: null,
      map: null,
      nesting: 0,
      level: 0,
      children: null,
      content: '',
      markup: '',
      info: '',
      meta: null,
      block: false,
      hidden: false
    },
    Token {
      type: 'text',
      tag: '',
      attrs: null,
      map: null,
      nesting: 0,
      level: 0,
      children: null,
      content: '<BlogContainer :posts="posts" :pageCurrent="1" :pagesNum="1" />',
      markup: '',
      info: '',
      meta: null,
      block: false,
      hidden: false
    }
  ],
  content: '<script setup>\n' +
    'import BlogContainer from "../../.vitepress/theme/components/page/BlogContainer.vue";\n' +
    'import { useData } from "vitepress";\n' +
    'const { theme } = useData();\n' +
    'const posts = theme.value.posts.slice(0,10)\n' +
    '</script>\n' +
    '<BlogContainer :posts="posts" :pageCurrent="1" :pagesNum="1" />',
  markup: '',
  info: '',
  meta: null,
  block: true,
  hidden: false
}
Token {
  type: 'paragraph_close',
  tag: 'p',
  attrs: null,
  map: null,
  nesting: -1,
  level: 0,
  children: null,
  content: '',
  markup: '',
  info: '',
  meta: null,
  block: true,
  hidden: false
}
Token {
  type: 'hr',
  tag: 'hr',
  attrs: null,
  map: [ 0, 1 ],
  nesting: 0,
  level: 0,
  children: null,
  content: '',
  markup: '---',
  info: '',
  meta: null,
  block: true,
  hidden: false
}
Token {
  type: 'heading_open',
  tag: 'h2',
  attrs: null,
  map: [ 1, 6 ],
  nesting: 1,
  level: 0,
  children: null,
  content: '',
  markup: '-',
  info: '',
  meta: null,
  block: true,
  hidden: false
}
Token {
  type: 'inline',
  tag: '',
  attrs: null,
  map: [ 1, 5 ],
  nesting: 0,
  level: 1,
  children: [
    Token {
      type: 'text',
      tag: '',
      attrs: null,
      map: null,
      nesting: 0,
      level: 0,
      children: null,
      content: 'title: home',
      markup: '',
      info: '',
      meta: null,
      block: false,
      hidden: false
    },
    Token {
      type: 'softbreak',
      tag: 'br',
      attrs: null,
      map: null,
      nesting: 0,
      level: 0,
      children: null,
      content: '',
      markup: '',
      info: '',
      meta: null,
      block: false,
      hidden: false
    },
    Token {
      type: 'text',
      tag: '',
      attrs: null,
      map: null,
      nesting: 0,
      level: 0,
      children: null,
      content: 'aside: false',
      markup: '',
      info: '',
      meta: null,
      block: false,
      hidden: false
    },
    Token {
      type: 'softbreak',
      tag: 'br',
      attrs: null,
      map: null,
      nesting: 0,
      level: 0,
      children: null,
      content: '',
      markup: '',
      info: '',
      meta: null,
      block: false,
      hidden: false
    },
    Token {
      type: 'text',
      tag: '',
      attrs: null,
      map: null,
      nesting: 0,
      level: 0,
      children: null,
      content: 'sidebar: false',
      markup: '',
      info: '',
      meta: null,
      block: false,
      hidden: false
    },
    Token {
      type: 'softbreak',
      tag: 'br',
      attrs: null,
      map: null,
      nesting: 0,
      level: 0,
      children: null,
      content: '',
      markup: '',
      info: '',
      meta: null,
      block: false,
      hidden: false
    },
    Token {
      type: 'text',
      tag: '',
      attrs: null,
      map: null,
      nesting: 0,
      level: 0,
      children: null,
      content: 'layout: page',
      markup: '',
      info: '',
      meta: null,
      block: false,
      hidden: false
    }
  ],
  content: 'title: home\naside: false\nsidebar: false\nlayout: page',
  markup: '',
  info: '',
  meta: null,
  block: true,
  hidden: false
}
Token {
  type: 'heading_close',
  tag: 'h2',
  attrs: null,
  map: null,
  nesting: -1,
  level: 0,
  children: null,
  content: '',
  markup: '-',
  info: '',
  meta: null,
  block: true,
  hidden: false
}
Token {
  type: 'paragraph_open',
  tag: 'p',
  attrs: null,
  map: [ 6, 13 ],
  nesting: 1,
  level: 0,
  children: null,
  content: '',
  markup: '',
  info: '',
  meta: null,
  block: true,
  hidden: false
}
Token {
  type: 'inline',
  tag: '',
  attrs: null,
  map: [ 6, 13 ],
  nesting: 0,
  level: 1,
  children: [
    Token {
      type: 'text',
      tag: '',
      attrs: null,
      map: null,
      nesting: 0,
      level: 0,
      children: null,
      content: '<script setup>',
      markup: '',
      info: '',
      meta: null,
      block: false,
      hidden: false
    },
    Token {
      type: 'softbreak',
      tag: 'br',
      attrs: null,
      map: null,
      nesting: 0,
      level: 0,
      children: null,
      content: '',
      markup: '',
      info: '',
      meta: null,
      block: false,
      hidden: false
    },
    Token {
      type: 'text',
      tag: '',
      attrs: null,
      map: null,
      nesting: 0,
      level: 0,
      children: null,
      content: 'import BlogContainer from "../../.vitepress/theme/components/page/BlogContainer.vue";',
      markup: '',
      info: '',
      meta: null,
      block: false,
      hidden: false
    },
    Token {
      type: 'softbreak',
      tag: 'br',
      attrs: null,
      map: null,
      nesting: 0,
      level: 0,
      children: null,
      content: '',
      markup: '',
      info: '',
      meta: null,
      block: false,
      hidden: false
    },
    Token {
      type: 'text',
      tag: '',
      attrs: null,
      map: null,
      nesting: 0,
      level: 0,
      children: null,
      content: 'import { useData } from "vitepress";',
      markup: '',
      info: '',
      meta: null,
      block: false,
      hidden: false
    },
    Token {
      type: 'softbreak',
      tag: 'br',
      attrs: null,
      map: null,
      nesting: 0,
      level: 0,
      children: null,
      content: '',
      markup: '',
      info: '',
      meta: null,
      block: false,
      hidden: false
    },
    Token {
      type: 'text',
      tag: '',
      attrs: null,
      map: null,
      nesting: 0,
      level: 0,
      children: null,
      content: 'const { theme } = useData();',
      markup: '',
      info: '',
      meta: null,
      block: false,
      hidden: false
    },
    Token {
      type: 'softbreak',
      tag: 'br',
      attrs: null,
      map: null,
      nesting: 0,
      level: 0,
      children: null,
      content: '',
      markup: '',
      info: '',
      meta: null,
      block: false,
      hidden: false
    },
    Token {
      type: 'text',
      tag: '',
      attrs: null,
      map: null,
      nesting: 0,
      level: 0,
      children: null,
      content: 'const posts = theme.value.posts.slice(0,10)',
      markup: '',
      info: '',
      meta: null,
      block: false,
      hidden: false
    },
    Token {
      type: 'softbreak',
      tag: 'br',
      attrs: null,
      map: null,
      nesting: 0,
      level: 0,
      children: null,
      content: '',
      markup: '',
      info: '',
      meta: null,
      block: false,
      hidden: false
    },
    Token {
      type: 'text',
      tag: '',
      attrs: null,
      map: null,
      nesting: 0,
      level: 0,
      children: null,
      content: '</script>',
      markup: '',
      info: '',
      meta: null,
      block: false,
      hidden: false
    },
    Token {
      type: 'softbreak',
      tag: 'br',
      attrs: null,
      map: null,
      nesting: 0,
      level: 0,
      children: null,
      content: '',
      markup: '',
      info: '',
      meta: null,
      block: false,
      hidden: false
    },
    Token {
      type: 'text',
      tag: '',
      attrs: null,
      map: null,
      nesting: 0,
      level: 0,
      children: null,
      content: '<BlogContainer :posts="posts" :pageCurrent="1" :pagesNum="1" />',
      markup: '',
      info: '',
      meta: null,
      block: false,
      hidden: false
    }
  ],
  content: '<script setup>\n' +
    'import BlogContainer from "../../.vitepress/theme/components/page/BlogContainer.vue";\n' +
    'import { useData } from "vitepress";\n' +
    'const { theme } = useData();\n' +
    'const posts = theme.value.posts.slice(0,10)\n' +
    '</script>\n' +
    '<BlogContainer :posts="posts" :pageCurrent="1" :pagesNum="1" />',
  markup: '',
  info: '',
  meta: null,
  block: true,
  hidden: false
}
Token {
  type: 'paragraph_close',
  tag: 'p',
  attrs: null,
  map: null,
  nesting: -1,
  level: 0,
  children: null,
  content: '',
  markup: '',
  info: '',
  meta: null,
  block: true,
  hidden: false
}
Token {
  type: 'hr',
  tag: 'hr',
  attrs: null,
  map: [ 0, 1 ],
  nesting: 0,
  level: 0,
  children: null,
  content: '',
  markup: '---',
  info: '',
  meta: null,
  block: true,
  hidden: false
}
Token {
  type: 'heading_open',
  tag: 'h2',
  attrs: null,
  map: [ 1, 6 ],
  nesting: 1,
  level: 0,
  children: null,
  content: '',
  markup: '-',
  info: '',
  meta: null,
  block: true,
  hidden: false
}
Token {
  type: 'inline',
  tag: '',
  attrs: null,
  map: [ 1, 5 ],
  nesting: 0,
  level: 1,
  children: [
    Token {
      type: 'text',
      tag: '',
      attrs: null,
      map: null,
      nesting: 0,
      level: 0,
      children: null,
      content: 'title: About',
      markup: '',
      info: '',
      meta: null,
      block: false,
      hidden: false
    },
    Token {
      type: 'softbreak',
      tag: 'br',
      attrs: null,
      map: null,
      nesting: 0,
      level: 0,
      children: null,
      content: '',
      markup: '',
      info: '',
      meta: null,
      block: false,
      hidden: false
    },
    Token {
      type: 'text',
      tag: '',
      attrs: null,
      map: null,
      nesting: 0,
      level: 0,
      children: null,
      content: 'description: About me test',
      markup: '',
      info: '',
      meta: null,
      block: false,
      hidden: false
    },
    Token {
      type: 'softbreak',
      tag: 'br',
      attrs: null,
      map: null,
      nesting: 0,
      level: 0,
      children: null,
      content: '',
      markup: '',
      info: '',
      meta: null,
      block: false,
      hidden: false
    },
    Token {
      type: 'text',
      tag: '',
      attrs: null,
      map: null,
      nesting: 0,
      level: 0,
      children: null,
      content: 'sidebar: false',
      markup: '',
      info: '',
      meta: null,
      block: false,
      hidden: false
    },
    Token {
      type: 'softbreak',
      tag: 'br',
      attrs: null,
      map: null,
      nesting: 0,
      level: 0,
      children: null,
      content: '',
      markup: '',
      info: '',
      meta: null,
      block: false,
      hidden: false
    },
    Token {
      type: 'text',
      tag: '',
      attrs: null,
      map: null,
      nesting: 0,
      level: 0,
      children: null,
      content: 'aside: false',
      markup: '',
      info: '',
      meta: null,
      block: false,
      hidden: false
    }
  ],
  content: 'title: About\ndescription: About me test\nsidebar: false\naside: false',
  markup: '',
  info: '',
  meta: null,
  block: true,
  hidden: false
}
Token {
  type: 'heading_close',
  tag: 'h2',
  attrs: null,
  map: null,
  nesting: -1,
  level: 0,
  children: null,
  content: '',
  markup: '-',
  info: '',
  meta: null,
  block: true,
  hidden: false
}
Token {
  type: 'heading_open',
  tag: 'h2',
  attrs: null,
  map: [ 7, 8 ],
  nesting: 1,
  level: 0,
  children: null,
  content: '',
  markup: '##',
  info: '',
  meta: null,
  block: true,
  hidden: false
}
Token {
  type: 'inline',
  tag: '',
  attrs: null,
  map: [ 7, 8 ],
  nesting: 0,
  level: 1,
  children: [
    Token {
      type: 'text',
      tag: '',
      attrs: null,
      map: null,
      nesting: 0,
      level: 0,
      children: null,
      content: 'About this site',
      markup: '',
      info: '',
      meta: null,
      block: false,
      hidden: false
    }
  ],
  content: 'About this site',
  markup: '',
  info: '',
  meta: null,
  block: true,
  hidden: false
}
Token {
  type: 'heading_close',
  tag: 'h2',
  attrs: null,
  map: null,
  nesting: -1,
  level: 0,
  children: null,
  content: '',
  markup: '##',
  info: '',
  meta: null,
  block: true,
  hidden: false
}
Token {
  type: 'bullet_list_open',
  tag: 'ul',
  attrs: null,
  map: [ 9, 12 ],
  nesting: 1,
  level: 0,
  children: null,
  content: '',
  markup: '-',
  info: '',
  meta: null,
  block: true,
  hidden: false
}
Token {
  type: 'list_item_open',
  tag: 'li',
  attrs: null,
  map: [ 9, 10 ],
  nesting: 1,
  level: 1,
  children: null,
  content: '',
  markup: '-',
  info: '',
  meta: null,
  block: true,
  hidden: false
}
Token {
  type: 'paragraph_open',
  tag: 'p',
  attrs: null,
  map: [ 9, 10 ],
  nesting: 1,
  level: 2,
  children: null,
  content: '',
  markup: '',
  info: '',
  meta: null,
  block: true,
  hidden: true
}
Token {
  type: 'inline',
  tag: '',
  attrs: null,
  map: [ 9, 10 ],
  nesting: 0,
  level: 3,
  children: [
    Token {
      type: 'text',
      tag: '',
      attrs: null,
      map: null,
      nesting: 0,
      level: 0,
      children: null,
      content: '本站点基于 `` 搭建，用以记录一些学习笔记和技术分享。',
      markup: '',
      info: '',
      meta: null,
      block: false,
      hidden: false
    }
  ],
  content: '本站点基于 `` 搭建，用以记录一些学习笔记和技术分享。',
  markup: '',
  info: '',
  meta: null,
  block: true,
  hidden: false
}
Token {
  type: 'paragraph_close',
  tag: 'p',
  attrs: null,
  map: null,
  nesting: -1,
  level: 2,
  children: null,
  content: '',
  markup: '',
  info: '',
  meta: null,
  block: true,
  hidden: true
}
Token {
  type: 'list_item_close',
  tag: 'li',
  attrs: null,
  map: null,
  nesting: -1,
  level: 1,
  children: null,
  content: '',
  markup: '-',
  info: '',
  meta: null,
  block: true,
  hidden: false
}
Token {
  type: 'list_item_open',
  tag: 'li',
  attrs: null,
  map: [ 10, 12 ],
  nesting: 1,
  level: 1,
  children: null,
  content: '',
  markup: '-',
  info: '',
  meta: null,
  block: true,
  hidden: false
}
Token {
  type: 'paragraph_open',
  tag: 'p',
  attrs: null,
  map: [ 10, 11 ],
  nesting: 1,
  level: 2,
  children: null,
  content: '',
  markup: '',
  info: '',
  meta: null,
  block: true,
  hidden: true
}
Token {
  type: 'inline',
  tag: '',
  attrs: null,
  map: [ 10, 11 ],
  nesting: 0,
  level: 3,
  children: [
    Token {
      type: 'text',
      tag: '',
      attrs: null,
      map: null,
      nesting: 0,
      level: 0,
      children: null,
      content: '欢迎 ',
      markup: '',
      info: '',
      meta: null,
      block: false,
      hidden: false
    },
    Token {
      type: 'code_inline',
      tag: 'code',
      attrs: null,
      map: null,
      nesting: 0,
      level: 0,
      children: null,
      content: 'star',
      markup: '`',
      info: '',
      meta: null,
      block: false,
      hidden: false
    },
    Token {
      type: 'text',
      tag: '',
      attrs: null,
      map: null,
      nesting: 0,
      level: 0,
      children: null,
      content: ' 和 ',
      markup: '',
      info: '',
      meta: null,
      block: false,
      hidden: false
    },
    Token {
      type: 'code_inline',
      tag: 'code',
      attrs: null,
      map: null,
      nesting: 0,
      level: 0,
      children: null,
      content: 'fork',
      markup: '`',
      info: '',
      meta: null,
      block: false,
      hidden: false
    },
    Token {
      type: 'text',
      tag: '',
      attrs: null,
      map: null,
      nesting: 0,
      level: 0,
      children: null,
      content: ' 本项目，也欢迎提出 ',
      markup: '',
      info: '',
      meta: null,
      block: false,
      hidden: false
    },
    Token {
      type: 'code_inline',
      tag: 'code',
      attrs: null,
      map: null,
      nesting: 0,
      level: 0,
      children: null,
      content: 'issue',
      markup: '`',
      info: '',
      meta: null,
      block: false,
      hidden: false
    },
    Token {
      type: 'text',
      tag: '',
      attrs: null,
      map: null,
      nesting: 0,
      level: 0,
      children: null,
      content: ' 和 ',
      markup: '',
      info: '',
      meta: null,
      block: false,
      hidden: false
    },
    Token {
      type: 'code_inline',
      tag: 'code',
      attrs: null,
      map: null,
      nesting: 0,
      level: 0,
      children: null,
      content: 'pr',
      markup: '`',
      info: '',
      meta: null,
      block: false,
      hidden: false
    },
    Token {
      type: 'text',
      tag: '',
      attrs: null,
      map: null,
      nesting: 0,
      level: 0,
      children: null,
      content: '。',
      markup: '',
      info: '',
      meta: null,
      block: false,
      hidden: false
    }
  ],
  content: '欢迎 `star` 和 `fork` 本项目，也欢迎提出 `issue` 和 `pr`。',
  markup: '',
  info: '',
  meta: null,
  block: true,
  hidden: false
}
Token {
  type: 'paragraph_close',
  tag: 'p',
  attrs: null,
  map: null,
  nesting: -1,
  level: 2,
  children: null,
  content: '',
  markup: '',
  info: '',
  meta: null,
  block: true,
  hidden: true
}
Token {
  type: 'list_item_close',
  tag: 'li',
  attrs: null,
  map: null,
  nesting: -1,
  level: 1,
  children: null,
  content: '',
  markup: '-',
  info: '',
  meta: null,
  block: true,
  hidden: false
}
Token {
  type: 'bullet_list_close',
  tag: 'ul',
  attrs: null,
  map: null,
  nesting: -1,
  level: 0,
  children: null,
  content: '',
  markup: '-',
  info: '',
  meta: null,
  block: true,
  hidden: false
}
Token {
  type: 'heading_open',
  tag: 'h2',
  attrs: null,
  map: [ 12, 13 ],
  nesting: 1,
  level: 0,
  children: null,
  content: '',
  markup: '##',
  info: '',
  meta: null,
  block: true,
  hidden: false
}
Token {
  type: 'inline',
  tag: '',
  attrs: null,
  map: [ 12, 13 ],
  nesting: 0,
  level: 1,
  children: [
    Token {
      type: 'text',
      tag: '',
      attrs: null,
      map: null,
      nesting: 0,
      level: 0,
      children: null,
      content: 'About me',
      markup: '',
      info: '',
      meta: null,
      block: false,
      hidden: false
    }
  ],
  content: 'About me',
  markup: '',
  info: '',
  meta: null,
  block: true,
  hidden: false
}
Token {
  type: 'heading_close',
  tag: 'h2',
  attrs: null,
  map: null,
  nesting: -1,
  level: 0,
  children: null,
  content: '',
  markup: '##',
  info: '',
  meta: null,
  block: true,
  hidden: false
}
Token {
  type: 'hr',
  tag: 'hr',
  attrs: null,
  map: [ 14, 15 ],
  nesting: 0,
  level: 0,
  children: null,
  content: '',
  markup: '---',
  info: '',
  meta: null,
  block: true,
  hidden: false
}
Token {
  type: 'bullet_list_open',
  tag: 'ul',
  attrs: null,
  map: [ 16, 21 ],
  nesting: 1,
  level: 0,
  children: null,
  content: '',
  markup: '-',
  info: '',
  meta: null,
  block: true,
  hidden: false
}
Token {
  type: 'list_item_open',
  tag: 'li',
  attrs: null,
  map: [ 16, 17 ],
  nesting: 1,
  level: 1,
  children: null,
  content: '',
  markup: '-',
  info: '',
  meta: null,
  block: true,
  hidden: false
}
Token {
  type: 'paragraph_open',
  tag: 'p',
  attrs: null,
  map: [ 16, 17 ],
  nesting: 1,
  level: 2,
  children: null,
  content: '',
  markup: '',
  info: '',
  meta: null,
  block: true,
  hidden: true
}
Token {
  type: 'inline',
  tag: '',
  attrs: null,
  map: [ 16, 17 ],
  nesting: 0,
  level: 3,
  children: [
    Token {
      type: 'text',
      tag: '',
      attrs: null,
      map: null,
      nesting: 0,
      level: 0,
      children: null,
      content: "👋 Hi, I'm [ your name ]",
      markup: '',
      info: '',
      meta: null,
      block: false,
      hidden: false
    }
  ],
  content: "👋 Hi, I'm [ your name ]",
  markup: '',
  info: '',
  meta: null,
  block: true,
  hidden: false
}
Token {
  type: 'paragraph_close',
  tag: 'p',
  attrs: null,
  map: null,
  nesting: -1,
  level: 2,
  children: null,
  content: '',
  markup: '',
  info: '',
  meta: null,
  block: true,
  hidden: true
}
Token {
  type: 'list_item_close',
  tag: 'li',
  attrs: null,
  map: null,
  nesting: -1,
  level: 1,
  children: null,
  content: '',
  markup: '-',
  info: '',
  meta: null,
  block: true,
  hidden: false
}
Token {
  type: 'list_item_open',
  tag: 'li',
  attrs: null,
  map: [ 17, 18 ],
  nesting: 1,
  level: 1,
  children: null,
  content: '',
  markup: '-',
  info: '',
  meta: null,
  block: true,
  hidden: false
}
Token {
  type: 'paragraph_open',
  tag: 'p',
  attrs: null,
  map: [ 17, 18 ],
  nesting: 1,
  level: 2,
  children: null,
  content: '',
  markup: '',
  info: '',
  meta: null,
  block: true,
  hidden: true
}
Token {
  type: 'inline',
  tag: '',
  attrs: null,
  map: [ 17, 18 ],
  nesting: 0,
  level: 3,
  children: [
    Token {
      type: 'text',
      tag: '',
      attrs: null,
      map: null,
      nesting: 0,
      level: 0,
      children: null,
      content: "🚀️ I'm currently working as [ your position ]",
      markup: '',
      info: '',
      meta: null,
      block: false,
      hidden: false
    }
  ],
  content: "🚀️ I'm currently working as [ your position ]",
  markup: '',
  info: '',
  meta: null,
  block: true,
  hidden: false
}
Token {
  type: 'paragraph_close',
  tag: 'p',
  attrs: null,
  map: null,
  nesting: -1,
  level: 2,
  children: null,
  content: '',
  markup: '',
  info: '',
  meta: null,
  block: true,
  hidden: true
}
Token {
  type: 'list_item_close',
  tag: 'li',
  attrs: null,
  map: null,
  nesting: -1,
  level: 1,
  children: null,
  content: '',
  markup: '-',
  info: '',
  meta: null,
  block: true,
  hidden: false
}
Token {
  type: 'list_item_open',
  tag: 'li',
  attrs: null,
  map: [ 18, 19 ],
  nesting: 1,
  level: 1,
  children: null,
  content: '',
  markup: '-',
  info: '',
  meta: null,
  block: true,
  hidden: false
}
Token {
  type: 'paragraph_open',
  tag: 'p',
  attrs: null,
  map: [ 18, 19 ],
  nesting: 1,
  level: 2,
  children: null,
  content: '',
  markup: '',
  info: '',
  meta: null,
  block: true,
  hidden: true
}
Token {
  type: 'inline',
  tag: '',
  attrs: null,
  map: [ 18, 19 ],
  nesting: 0,
  level: 3,
  children: [
    Token {
      type: 'text',
      tag: '',
      attrs: null,
      map: null,
      nesting: 0,
      level: 0,
      children: null,
      content: '📮️ How to reach me: [your Github](https://github.com)',
      markup: '',
      info: '',
      meta: null,
      block: false,
      hidden: false
    }
  ],
  content: '📮️ How to reach me: [your Github](https://github.com)',
  markup: '',
  info: '',
  meta: null,
  block: true,
  hidden: false
}
Token {
  type: 'paragraph_close',
  tag: 'p',
  attrs: null,
  map: null,
  nesting: -1,
  level: 2,
  children: null,
  content: '',
  markup: '',
  info: '',
  meta: null,
  block: true,
  hidden: true
}
Token {
  type: 'list_item_close',
  tag: 'li',
  attrs: null,
  map: null,
  nesting: -1,
  level: 1,
  children: null,
  content: '',
  markup: '-',
  info: '',
  meta: null,
  block: true,
  hidden: false
}
Token {
  type: 'list_item_open',
  tag: 'li',
  attrs: null,
  map: [ 19, 21 ],
  nesting: 1,
  level: 1,
  children: null,
  content: '',
  markup: '-',
  info: '',
  meta: null,
  block: true,
  hidden: false
}
Token {
  type: 'paragraph_open',
  tag: 'p',
  attrs: null,
  map: [ 19, 20 ],
  nesting: 1,
  level: 2,
  children: null,
  content: '',
  markup: '',
  info: '',
  meta: null,
  block: true,
  hidden: true
}
Token {
  type: 'inline',
  tag: '',
  attrs: null,
  map: [ 19, 20 ],
  nesting: 0,
  level: 3,
  children: [
    Token {
      type: 'text',
      tag: '',
      attrs: null,
      map: null,
      nesting: 0,
      level: 0,
      children: null,
      content: '📖 My motto: [ your motto ]',
      markup: '',
      info: '',
      meta: null,
      block: false,
      hidden: false
    }
  ],
  content: '📖 My motto: [ your motto ]',
  markup: '',
  info: '',
  meta: null,
  block: true,
  hidden: false
}
Token {
  type: 'paragraph_close',
  tag: 'p',
  attrs: null,
  map: null,
  nesting: -1,
  level: 2,
  children: null,
  content: '',
  markup: '',
  info: '',
  meta: null,
  block: true,
  hidden: true
}
Token {
  type: 'list_item_close',
  tag: 'li',
  attrs: null,
  map: null,
  nesting: -1,
  level: 1,
  children: null,
  content: '',
  markup: '-',
  info: '',
  meta: null,
  block: true,
  hidden: false
}
Token {
  type: 'bullet_list_close',
  tag: 'ul',
  attrs: null,
  map: null,
  nesting: -1,
  level: 0,
  children: null,
  content: '',
  markup: '-',
  info: '',
  meta: null,
  block: true,
  hidden: false
}
Token {
  type: 'hr',
  tag: 'hr',
  attrs: null,
  map: [ 21, 22 ],
  nesting: 0,
  level: 0,
  children: null,
  content: '',
  markup: '---',
  info: '',
  meta: null,
  block: true,
  hidden: false
}
Token {
  type: 'blockquote_open',
  tag: 'blockquote',
  attrs: null,
  map: [ 23, 24 ],
  nesting: 1,
  level: 0,
  children: null,
  content: '',
  markup: '>',
  info: '',
  meta: null,
  block: true,
  hidden: false
}
Token {
  type: 'paragraph_open',
  tag: 'p',
  attrs: null,
  map: [ 23, 24 ],
  nesting: 1,
  level: 1,
  children: null,
  content: '',
  markup: '',
  info: '',
  meta: null,
  block: true,
  hidden: false
}
Token {
  type: 'inline',
  tag: '',
  attrs: null,
  map: [ 23, 24 ],
  nesting: 0,
  level: 2,
  children: [
    Token {
      type: 'text',
      tag: '',
      attrs: null,
      map: null,
      nesting: 0,
      level: 0,
      children: null,
      content: '[!tip] 在以下内容当中，挑选您熟悉的 ',
      markup: '',
      info: '',
      meta: null,
      block: false,
      hidden: false
    },
    Token {
      type: 'code_inline',
      tag: 'code',
      attrs: null,
      map: null,
      nesting: 0,
      level: 0,
      children: null,
      content: 'icon',
      markup: '`',
      info: '',
      meta: null,
      block: false,
      hidden: false
    },
    Token {
      type: 'text',
      tag: '',
      attrs: null,
      map: null,
      nesting: 0,
      level: 0,
      children: null,
      content: ' 进行展示',
      markup: '',
      info: '',
      meta: null,
      block: false,
      hidden: false
    }
  ],
  content: '[!tip] 在以下内容当中，挑选您熟悉的 `icon` 进行展示',
  markup: '',
  info: '',
  meta: null,
  block: true,
  hidden: false
}
Token {
  type: 'paragraph_close',
  tag: 'p',
  attrs: null,
  map: null,
  nesting: -1,
  level: 1,
  children: null,
  content: '',
  markup: '',
  info: '',
  meta: null,
  block: true,
  hidden: false
}
Token {
  type: 'blockquote_close',
  tag: 'blockquote',
  attrs: null,
  map: null,
  nesting: -1,
  level: 0,
  children: null,
  content: '',
  markup: '>',
  info: '',
  meta: null,
  block: true,
  hidden: false
}
Token {
  type: 'heading_open',
  tag: 'h3',
  attrs: null,
  map: [ 25, 26 ],
  nesting: 1,
  level: 0,
  children: null,
  content: '',
  markup: '###',
  info: '',
  meta: null,
  block: true,
  hidden: false
}
Token {
  type: 'inline',
  tag: '',
  attrs: null,
  map: [ 25, 26 ],
  nesting: 0,
  level: 1,
  children: [
    Token {
      type: 'text',
      tag: '',
      attrs: null,
      map: null,
      nesting: 0,
      level: 0,
      children: null,
      content: '后端',
      markup: '',
      info: '',
      meta: null,
      block: false,
      hidden: false
    }
  ],
  content: '后端',
  markup: '',
  info: '',
  meta: null,
  block: true,
  hidden: false
}
Token {
  type: 'heading_close',
  tag: 'h3',
  attrs: null,
  map: null,
  nesting: -1,
  level: 0,
  children: null,
  content: '',
  markup: '###',
  info: '',
  meta: null,
  block: true,
  hidden: false
}
Token {
  type: 'paragraph_open',
  tag: 'p',
  attrs: null,
  map: [ 27, 61 ],
  nesting: 1,
  level: 0,
  children: null,
  content: '',
  markup: '',
  info: '',
  meta: null,
  block: true,
  hidden: false
}
Token {
  type: 'inline',
  tag: '',
  attrs: null,
  map: [ 27, 61 ],
  nesting: 0,
  level: 1,
  children: [
    Token {
      type: 'text',
      tag: '',
      attrs: null,
      map: null,
      nesting: 0,
      level: 0,
      children: null,
      content: '<p>',
      markup: '',
      info: '',
      meta: null,
      block: false,
      hidden: false
    },
    Token {
      type: 'softbreak',
      tag: 'br',
      attrs: null,
      map: null,
      nesting: 0,
      level: 0,
      children: null,
      content: '',
      markup: '',
      info: '',
      meta: null,
      block: false,
      hidden: false
    },
    Token {
      type: 'text',
      tag: '',
      attrs: null,
      map: null,
      nesting: 0,
      level: 0,
      children: null,
      content: '<img src="https://img.shields.io/badge/-Go-DCDCDC?logo=Go&logoColor=00ADD8" alt="Go" style="display: inline-block;" /> ',
      markup: '&nbsp;',
      info: 'entity',
      meta: null,
      block: false,
      hidden: false
    },
    Token {
      type: 'softbreak',
      tag: 'br',
      attrs: null,
      map: null,
      nesting: 0,
      level: 0,
      children: null,
      content: '',
      markup: '',
      info: '',
      meta: null,
      block: false,
      hidden: false
    },
    Token {
      type: 'text',
      tag: '',
      attrs: null,
      map: null,
      nesting: 0,
      level: 0,
      children: null,
      content: '<img src="https://img.shields.io/badge/-MySQL-4479A1?logo=MySQL&logoColor=FFF" alt="MySQL" style="display: inline-block;" /> ',
      markup: '&nbsp;',
      info: 'entity',
      meta: null,
      block: false,
      hidden: false
    },
    Token {
      type: 'softbreak',
      tag: 'br',
      attrs: null,
      map: null,
      nesting: 0,
      level: 0,
      children: null,
      content: '',
      markup: '',
      info: '',
      meta: null,
      block: false,
      hidden: false
    },
    Token {
      type: 'text',
      tag: '',
      attrs: null,
      map: null,
      nesting: 0,
      level: 0,
      children: null,
      content: '<img src="https://img.shields.io/badge/-Redis-DC382D?logo=Redis&logoColor=FFF" alt="Redis" style="display: inline-block;" /> ',
      markup: '&nbsp;',
      info: 'entity',
      meta: null,
      block: false,
      hidden: false
    },
    Token {
      type: 'softbreak',
      tag: 'br',
      attrs: null,
      map: null,
      nesting: 0,
      level: 0,
      children: null,
      content: '',
      markup: '',
      info: '',
      meta: null,
      block: false,
      hidden: false
    },
    Token {
      type: 'text',
      tag: '',
      attrs: null,
      map: null,
      nesting: 0,
      level: 0,
      children: null,
      content: '<img src="https://img.shields.io/badge/-MongoDB-47A248?logo=MongoDB&logoColor=FFF" alt="MongoDB" style="display: inline-block;" /> ',
      markup: '&nbsp;',
      info: 'entity',
      meta: null,
      block: false,
      hidden: false
    },
    Token {
      type: 'softbreak',
      tag: 'br',
      attrs: null,
      map: null,
      nesting: 0,
      level: 0,
      children: null,
      content: '',
      markup: '',
      info: '',
      meta: null,
      block: false,
      hidden: false
    },
    Token {
      type: 'text',
      tag: '',
      attrs: null,
      map: null,
      nesting: 0,
      level: 0,
      children: null,
      content: '<img src="https://img.shields.io/badge/-ElasticSearch-005571?logo=ElasticSearch&logoColor=FFF" alt="ElasticSearch" style="display: inline-block;" /> ',
      markup: '&nbsp;',
      info: 'entity',
      meta: null,
      block: false,
      hidden: false
    },
    Token {
      type: 'softbreak',
      tag: 'br',
      attrs: null,
      map: null,
      nesting: 0,
      level: 0,
      children: null,
      content: '',
      markup: '',
      info: '',
      meta: null,
      block: false,
      hidden: false
    },
    Token {
      type: 'text',
      tag: '',
      attrs: null,
      map: null,
      nesting: 0,
      level: 0,
      children: null,
      content: '<img src="https://img.shields.io/badge/-Logstash-A9A9A9?logo=Logstash&logoColor=005571" alt="Logstash" style="display: inline-block;" /> ',
      markup: '&nbsp;',
      info: 'entity',
      meta: null,
      block: false,
      hidden: false
    },
    Token {
      type: 'softbreak',
      tag: 'br',
      attrs: null,
      map: null,
      nesting: 0,
      level: 0,
      children: null,
      content: '',
      markup: '',
      info: '',
      meta: null,
      block: false,
      hidden: false
    },
    Token {
      type: 'text',
      tag: '',
      attrs: null,
      map: null,
      nesting: 0,
      level: 0,
      children: null,
      content: '<img src="https://img.shields.io/badge/-Kibana-A9A9A9?logo=Kibana&logoColor=005571" alt="Kibana" style="display: inline-block;" /> ',
      markup: '&nbsp;',
      info: 'entity',
      meta: null,
      block: false,
      hidden: false
    },
    Token {
      type: 'softbreak',
      tag: 'br',
      attrs: null,
      map: null,
      nesting: 0,
      level: 0,
      children: null,
      content: '',
      markup: '',
      info: '',
      meta: null,
      block: false,
      hidden: false
    },
    Token {
      type: 'text',
      tag: '',
      attrs: null,
      map: null,
      nesting: 0,
      level: 0,
      children: null,
      content: '<img src="https://img.shields.io/badge/-JWT-000?logo=JSON-Web-Tokens&logoColor=FFF" alt="JWT" style="display: inline-block;" /> ',
      markup: '&nbsp;',
      info: 'entity',
      meta: null,
      block: false,
      hidden: false
    },
    Token {
      type: 'softbreak',
      tag: 'br',
      attrs: null,
      map: null,
      nesting: 0,
      level: 0,
      children: null,
      content: '',
      markup: '',
      info: '',
      meta: null,
      block: false,
      hidden: false
    },
    Token {
      type: 'text',
      tag: '',
      attrs: null,
      map: null,
      nesting: 0,
      level: 0,
      children: null,
      content: '<img src="https://img.shields.io/badge/-JSON-000?logo=JSON&logoColor=FFF" alt="JSON" style="display: inline-block;" /> ',
      markup: '&nbsp;',
      info: 'entity',
      meta: null,
      block: false,
      hidden: false
    },
    Token {
      type: 'softbreak',
      tag: 'br',
      attrs: null,
      map: null,
      nesting: 0,
      level: 0,
      children: null,
      content: '',
      markup: '',
      info: '',
      meta: null,
      block: false,
      hidden: false
    },
    Token {
      type: 'text',
      tag: '',
      attrs: null,
      map: null,
      nesting: 0,
      level: 0,
      children: null,
      content: '<img src="https://img.shields.io/badge/-Node.js-D3D3D3?logo=Node.js&logoColor=339933" alt="Node.js" style="display: inline-block;" /> ',
      markup: '&nbsp;',
      info: 'entity',
      meta: null,
      block: false,
      hidden: false
    },
    Token {
      type: 'softbreak',
      tag: 'br',
      attrs: null,
      map: null,
      nesting: 0,
      level: 0,
      children: null,
      content: '',
      markup: '',
      info: '',
      meta: null,
      block: false,
      hidden: false
    },
    Token {
      type: 'text',
      tag: '',
      attrs: null,
      map: null,
      nesting: 0,
      level: 0,
      children: null,
      content: '<img src="https://img.shields.io/badge/-Python-A9A9A9?logo=Python&logoColor=3776AB" alt="Python" style="display: inline-block;" /> ',
      markup: '&nbsp;',
      info: 'entity',
      meta: null,
      block: false,
      hidden: false
    },
    Token {
      type: 'softbreak',
      tag: 'br',
      attrs: null,
      map: null,
      nesting: 0,
      level: 0,
      children: null,
      content: '',
      markup: '',
      info: '',
      meta: null,
      block: false,
      hidden: false
    },
    Token {
      type: 'text',
      tag: '',
      attrs: null,
      map: null,
      nesting: 0,
      level: 0,
      children: null,
      content: '<img src="https://img.shields.io/badge/-Spring-6DB33F?logo=Spring&logoColor=FFF" alt="Spring" style="display: inline-block;" /> ',
      markup: '&nbsp;',
      info: 'entity',
      meta: null,
      block: false,
      hidden: false
    },
    Token {
      type: 'softbreak',
      tag: 'br',
      attrs: null,
      map: null,
      nesting: 0,
      level: 0,
      children: null,
      content: '',
      markup: '',
      info: '',
      meta: null,
      block: false,
      hidden: false
    },
    Token {
      type: 'text',
      tag: '',
      attrs: null,
      map: null,
      nesting: 0,
      level: 0,
      children: null,
      content: '<img src="https://img.shields.io/badge/-Spring%20Boot-6DB33F?logo=Spring-Boot&logoColor=FFF" alt="Spring Boot" style="display: inline-block;" /> ',
      markup: '&nbsp;',
      info: 'entity',
      meta: null,
      block: false,
      hidden: false
    },
    Token {
      type: 'softbreak',
      tag: 'br',
      attrs: null,
      map: null,
      nesting: 0,
      level: 0,
      children: null,
      content: '',
      markup: '',
      info: '',
      meta: null,
      block: false,
      hidden: false
    },
    Token {
      type: 'text',
      tag: '',
      attrs: null,
      map: null,
      nesting: 0,
      level: 0,
      children: null,
      content: '<img src="https://img.shields.io/badge/-MariaDB-A9A9A9?logo=MariaDB&logoColor=003545" alt="MariaDB" style="display: inline-block;" /> ',
      markup: '&nbsp;',
      info: 'entity',
      meta: null,
      block: false,
      hidden: false
    },
    Token {
      type: 'softbreak',
      tag: 'br',
      attrs: null,
      map: null,
      nesting: 0,
      level: 0,
      children: null,
      content: '',
      markup: '',
      info: '',
      meta: null,
      block: false,
      hidden: false
    },
    Token {
      type: 'text',
      tag: '',
      attrs: null,
      map: null,
      nesting: 0,
      level: 0,
      children: null,
      content: '<img src="https://img.shields.io/badge/-PostgreSQL-C0C0C0?logo=PostgreSQL&logoColor=4169E1" alt="PostgreSQL" style="display: inline-block;" /> ',
      markup: '&nbsp;',
      info: 'entity',
      meta: null,
      block: false,
      hidden: false
    },
    Token {
      type: 'softbreak',
      tag: 'br',
      attrs: null,
      map: null,
      nesting: 0,
      level: 0,
      children: null,
      content: '',
      markup: '',
      info: '',
      meta: null,
      block: false,
      hidden: false
    },
    Token {
      type: 'text',
      tag: '',
      attrs: null,
      map: null,
      nesting: 0,
      level: 0,
      children: null,
      content: '<img src="https://img.shields.io/badge/-Oracle-C0C0C0?logo=Oracle&logoColor=F80000" alt="Oracle" style="display: inline-block;" /> ',
      markup: '&nbsp;',
      info: 'entity',
      meta: null,
      block: false,
      hidden: false
    },
    Token {
      type: 'softbreak',
      tag: 'br',
      attrs: null,
      map: null,
      nesting: 0,
      level: 0,
      children: null,
      content: '',
      markup: '',
      info: '',
      meta: null,
      block: false,
      hidden: false
    },
    Token {
      type: 'text',
      tag: '',
      attrs: null,
      map: null,
      nesting: 0,
      level: 0,
      children: null,
      content: '<img src="https://img.shields.io/badge/-Microsoft%20SQL%20Server-D3D3D3?logo=Microsoft-SQL-Server&logoColor=CC2927" alt="Microsoft SQL Server" style="display: inline-block;" /> ',
      markup: '&nbsp;',
      info: 'entity',
      meta: null,
      block: false,
      hidden: false
    },
    Token {
      type: 'softbreak',
      tag: 'br',
      attrs: null,
      map: null,
      nesting: 0,
      level: 0,
      children: null,
      content: '',
      markup: '',
      info: '',
      meta: null,
      block: false,
      hidden: false
    },
    Token {
      type: 'text',
      tag: '',
      attrs: null,
      map: null,
      nesting: 0,
      level: 0,
      children: null,
      content: '<img src="https://img.shields.io/badge/-RabbitMQ-FF6600?logo=RabbitMQ&logoColor=FFF" alt="RabbitMQ" style="display: inline-block;" /> ',
      markup: '&nbsp;',
      info: 'entity',
      meta: null,
      block: false,
      hidden: false
    },
    Token {
      type: 'softbreak',
      tag: 'br',
      attrs: null,
      map: null,
      nesting: 0,
      level: 0,
      children: null,
      content: '',
      markup: '',
      info: '',
      meta: null,
      block: false,
      hidden: false
    },
    Token {
      type: 'text',
      tag: '',
      attrs: null,
      map: null,
      nesting: 0,
      level: 0,
      children: null,
      content: '<img src="https://img.shields.io/badge/-Solr-D9411E?logo=Apache-Solr&logoColor=FFF" alt="Solr" style="display: inline-block;" /> ',
      markup: '&nbsp;',
      info: 'entity',
      meta: null,
      block: false,
      hidden: false
    },
    Token {
      type: 'softbreak',
      tag: 'br',
      attrs: null,
      map: null,
      nesting: 0,
      level: 0,
      children: null,
      content: '',
      markup: '',
      info: '',
      meta: null,
      block: false,
      hidden: false
    },
    Token {
      type: 'text',
      tag: '',
      attrs: null,
      map: null,
      nesting: 0,
      level: 0,
      children: null,
      content: '<img src="https://img.shields.io/badge/-Kafka-C0C0C0?logo=Apache-Kafka&logoColor=231F20" alt="Kafka" style="display: inline-block;" /> ',
      markup: '&nbsp;',
      info: 'entity',
      meta: null,
      block: false,
      hidden: false
    },
    Token {
      type: 'softbreak',
      tag: 'br',
      attrs: null,
      map: null,
      nesting: 0,
      level: 0,
      children: null,
      content: '',
      markup: '',
      info: '',
      meta: null,
      block: false,
      hidden: false
    },
    Token {
      type: 'text',
      tag: '',
      attrs: null,
      map: null,
      nesting: 0,
      level: 0,
      children: null,
      content: '<img src="https://img.shields.io/badge/-Consul-F24C53?logo=Consul&logoColor=FFF" alt="Consul" style="display: inline-block;" /> ',
      markup: '&nbsp;',
      info: 'entity',
      meta: null,
      block: false,
      hidden: false
    },
    Token {
      type: 'softbreak',
      tag: 'br',
      attrs: null,
      map: null,
      nesting: 0,
      level: 0,
      children: null,
      content: '',
      markup: '',
      info: '',
      meta: null,
      block: false,
      hidden: false
    },
    Token {
      type: 'text',
      tag: '',
      attrs: null,
      map: null,
      nesting: 0,
      level: 0,
      children: null,
      content: '<img src="https://img.shields.io/badge/-Tomcat-F8DC75?logo=Apache-Tomcat&logoColor=000" alt="Tomcat" style="display: inline-block;" /> ',
      markup: '&nbsp;',
      info: 'entity',
      meta: null,
      block: false,
      hidden: false
    },
    Token {
      type: 'softbreak',
      tag: 'br',
      attrs: null,
      map: null,
      nesting: 0,
      level: 0,
      children: null,
      content: '',
      markup: '',
      info: '',
      meta: null,
      block: false,
      hidden: false
    },
    Token {
      type: 'text',
      tag: '',
      attrs: null,
      map: null,
      nesting: 0,
      level: 0,
      children: null,
      content: '<img src="https://img.shields.io/badge/-JUnit5-25A162?logo=JUnit5&logoColor=FFF" alt="JUnit5" style="display: inline-block;" /> ',
      markup: '&nbsp;',
      info: 'entity',
      meta: null,
      block: false,
      hidden: false
    },
    Token {
      type: 'softbreak',
      tag: 'br',
      attrs: null,
      map: null,
      nesting: 0,
      level: 0,
      children: null,
      content: '',
      markup: '',
      info: '',
      meta: null,
      block: false,
      hidden: false
    },
    Token {
      type: 'text',
      tag: '',
      attrs: null,
      map: null,
      nesting: 0,
      level: 0,
      children: null,
      content: '<img src="https://img.shields.io/badge/-Liquibase-2962FF?logo=Liquibase&logoColor=FFF" alt="Liquibase" style="display: inline-block;" /> ',
      markup: '&nbsp;',
      info: 'entity',
      meta: null,
      block: false,
      hidden: false
    },
    Token {
      type: 'softbreak',
      tag: 'br',
      attrs: null,
      map: null,
      nesting: 0,
      level: 0,
      children: null,
      content: '',
      markup: '',
      info: '',
      meta: null,
      block: false,
      hidden: false
    },
    Token {
      type: 'text',
      tag: '',
      attrs: null,
      map: null,
      nesting: 0,
      level: 0,
      children: null,
      content: '<img src="https://img.shields.io/badge/-Maven-C71A36?logo=Apache-Maven&logoColor=FFF" alt="Maven" style="display: inline-block;" /> ',
      markup: '&nbsp;',
      info: 'entity',
      meta: null,
      block: false,
      hidden: false
    },
    Token {
      type: 'softbreak',
      tag: 'br',
      attrs: null,
      map: null,
      nesting: 0,
      level: 0,
      children: null,
      content: '',
      markup: '',
      info: '',
      meta: null,
      block: false,
      hidden: false
    },
    Token {
      type: 'text',
      tag: '',
      attrs: null,
      map: null,
      nesting: 0,
      level: 0,
      children: null,
      content: '<img src="https://img.shields.io/badge/-Gradle-D3D3D3?logo=Gradle&logoColor=02303A" alt="Gradle" style="display: inline-block;" /> ',
      markup: '&nbsp;',
      info: 'entity',
      meta: null,
      block: false,
      hidden: false
    },
    Token {
      type: 'softbreak',
      tag: 'br',
      attrs: null,
      map: null,
      nesting: 0,
      level: 0,
      children: null,
      content: '',
      markup: '',
      info: '',
      meta: null,
      block: false,
      hidden: false
    },
    Token {
      type: 'text',
      tag: '',
      attrs: null,
      map: null,
      nesting: 0,
      level: 0,
      children: null,
      content: '<img src="https://img.shields.io/badge/-Spring%20Security-6DB33F?logo=Spring-Security&logoColor=FFF" alt="Spring Security" style="display: inline-block;" /> ',
      markup: '&nbsp;',
      info: 'entity',
      meta: null,
      block: false,
      hidden: false
    },
    Token {
      type: 'softbreak',
      tag: 'br',
      attrs: null,
      map: null,
      nesting: 0,
      level: 0,
      children: null,
      content: '',
      markup: '',
      info: '',
      meta: null,
      block: false,
      hidden: false
    },
    Token {
      type: 'text',
      tag: '',
      attrs: null,
      map: null,
      nesting: 0,
      level: 0,
      children: null,
      content: '<img src="https://img.shields.io/badge/-Hibernate-59666C?logo=Hibernate&logoColor=FFF" alt="Hibernate" style="display: inline-block;" /> ',
      markup: '&nbsp;',
      info: 'entity',
      meta: null,
      block: false,
      hidden: false
    },
    Token {
      type: 'softbreak',
      tag: 'br',
      attrs: null,
      map: null,
      nesting: 0,
      level: 0,
      children: null,
      content: '',
      markup: '',
      info: '',
      meta: null,
      block: false,
      hidden: false
    },
    Token {
      type: 'text',
      tag: '',
      attrs: null,
      map: null,
      nesting: 0,
      level: 0,
      children: null,
      content: '<img src="https://img.shields.io/badge/-Java-F78C40?logo=OpenJDK&logoColor=FFF" alt="Java" style="display: inline-block;" /> ',
      markup: '&nbsp;',
      info: 'entity',
      meta: null,
      block: false,
      hidden: false
    },
    Token {
      type: 'softbreak',
      tag: 'br',
      attrs: null,
      map: null,
      nesting: 0,
      level: 0,
      children: null,
      content: '',
      markup: '',
      info: '',
      meta: null,
      block: false,
      hidden: false
    },
    Token {
      type: 'text',
      tag: '',
      attrs: null,
      map: null,
      nesting: 0,
      level: 0,
      children: null,
      content: '<img src="https://img.shields.io/badge/-Android-C0C0C0?logo=Android&logoColor=3DDC84" alt="Android" style="display: inline-block;" /> ',
      markup: '&nbsp;',
      info: 'entity',
      meta: null,
      block: false,
      hidden: false
    },
    Token {
      type: 'softbreak',
      tag: 'br',
      attrs: null,
      map: null,
      nesting: 0,
      level: 0,
      children: null,
      content: '',
      markup: '',
      info: '',
      meta: null,
      block: false,
      hidden: false
    },
    Token {
      type: 'text',
      tag: '',
      attrs: null,
      map: null,
      nesting: 0,
      level: 0,
      children: null,
      content: '<img src="https://img.shields.io/badge/-GraphQL-FFF?logo=GraphQL&logoColor=E10098" alt="GraphQL" style="display: inline-block;" /> ',
      markup: '&nbsp;',
      info: 'entity',
      meta: null,
      block: false,
      hidden: false
    },
    Token {
      type: 'softbreak',
      tag: 'br',
      attrs: null,
      map: null,
      nesting: 0,
      level: 0,
      children: null,
      content: '',
      markup: '',
      info: '',
      meta: null,
      block: false,
      hidden: false
    },
    Token {
      type: 'text',
      tag: '',
      attrs: null,
      map: null,
      nesting: 0,
      level: 0,
      children: null,
      content: '<img src="https://img.shields.io/badge/-Node.js-D3D3D3?logo=Node.js&logoColor=339933" alt="Node.js" style="display: inline-block;" /> ',
      markup: '&nbsp;',
      info: 'entity',
      meta: null,
      block: false,
      hidden: false
    },
    Token {
      type: 'softbreak',
      tag: 'br',
      attrs: null,
      map: null,
      nesting: 0,
      level: 0,
      children: null,
      content: '',
      markup: '',
      info: '',
      meta: null,
      block: false,
      hidden: false
    },
    Token {
      type: 'text',
      tag: '',
      attrs: null,
      map: null,
      nesting: 0,
      level: 0,
      children: null,
      content: '</p>',
      markup: '',
      info: '',
      meta: null,
      block: false,
      hidden: false
    }
  ],
  content: '<p>\n' +
    '  <img src="https://img.shields.io/badge/-Go-DCDCDC?logo=Go&logoColor=00ADD8" alt="Go" style="display: inline-block;" />&nbsp;\n' +
    '  <img src="https://img.shields.io/badge/-MySQL-4479A1?logo=MySQL&logoColor=FFF" alt="MySQL" style="display: inline-block;" />&nbsp;\n' +
    '  <img src="https://img.shields.io/badge/-Redis-DC382D?logo=Redis&logoColor=FFF" alt="Redis" style="display: inline-block;" />&nbsp;\n' +
    '  <img src="https://img.shields.io/badge/-MongoDB-47A248?logo=MongoDB&logoColor=FFF" alt="MongoDB" style="display: inline-block;" />&nbsp;\n' +
    '  <img src="https://img.shields.io/badge/-ElasticSearch-005571?logo=ElasticSearch&logoColor=FFF" alt="ElasticSearch" style="display: inline-block;" />&nbsp;\n' +
    '  <img src="https://img.shields.io/badge/-Logstash-A9A9A9?logo=Logstash&logoColor=005571" alt="Logstash" style="display: inline-block;" />&nbsp;\n' +
    '  <img src="https://img.shields.io/badge/-Kibana-A9A9A9?logo=Kibana&logoColor=005571" alt="Kibana" style="display: inline-block;" />&nbsp;\n' +
    '  <img src="https://img.shields.io/badge/-JWT-000?logo=JSON-Web-Tokens&logoColor=FFF" alt="JWT" style="display: inline-block;" />&nbsp;\n' +
    '  <img src="https://img.shields.io/badge/-JSON-000?logo=JSON&logoColor=FFF" alt="JSON" style="display: inline-block;" />&nbsp;\n' +
    '  <img src="https://img.shields.io/badge/-Node.js-D3D3D3?logo=Node.js&logoColor=339933" alt="Node.js" style="display: inline-block;" />&nbsp;\n' +
    '  <img src="https://img.shields.io/badge/-Python-A9A9A9?logo=Python&logoColor=3776AB" alt="Python" style="display: inline-block;" />&nbsp;\n' +
    '    <img src="https://img.shields.io/badge/-Spring-6DB33F?logo=Spring&logoColor=FFF" alt="Spring" style="display: inline-block;" />&nbsp;\n' +
    '  <img src="https://img.shields.io/badge/-Spring%20Boot-6DB33F?logo=Spring-Boot&logoColor=FFF" alt="Spring Boot" style="display: inline-block;" />&nbsp;\n' +
    '  <img src="https://img.shields.io/badge/-MariaDB-A9A9A9?logo=MariaDB&logoColor=003545" alt="MariaDB" style="display: inline-block;" />&nbsp;\n' +
    '  <img src="https://img.shields.io/badge/-PostgreSQL-C0C0C0?logo=PostgreSQL&logoColor=4169E1" alt="PostgreSQL" style="display: inline-block;" />&nbsp;\n' +
    '  <img src="https://img.shields.io/badge/-Oracle-C0C0C0?logo=Oracle&logoColor=F80000" alt="Oracle" style="display: inline-block;" />&nbsp;\n' +
    '  <img src="https://img.shields.io/badge/-Microsoft%20SQL%20Server-D3D3D3?logo=Microsoft-SQL-Server&logoColor=CC2927" alt="Microsoft SQL Server" style="display: inline-block;" />&nbsp;\n' +
    '  <img src="https://img.shields.io/badge/-RabbitMQ-FF6600?logo=RabbitMQ&logoColor=FFF" alt="RabbitMQ" style="display: inline-block;" />&nbsp;\n' +
    '  <img src="https://img.shields.io/badge/-Solr-D9411E?logo=Apache-Solr&logoColor=FFF" alt="Solr" style="display: inline-block;" />&nbsp;\n' +
    '  <img src="https://img.shields.io/badge/-Kafka-C0C0C0?logo=Apache-Kafka&logoColor=231F20" alt="Kafka" style="display: inline-block;" />&nbsp;\n' +
    '  <img src="https://img.shields.io/badge/-Consul-F24C53?logo=Consul&logoColor=FFF" alt="Consul" style="display: inline-block;" />&nbsp;\n' +
    '  <img src="https://img.shields.io/badge/-Tomcat-F8DC75?logo=Apache-Tomcat&logoColor=000" alt="Tomcat" style="display: inline-block;" />&nbsp;\n' +
    '  <img src="https://img.shields.io/badge/-JUnit5-25A162?logo=JUnit5&logoColor=FFF" alt="JUnit5" style="display: inline-block;" />&nbsp;\n' +
    '  <img src="https://img.shields.io/badge/-Liquibase-2962FF?logo=Liquibase&logoColor=FFF" alt="Liquibase" style="display: inline-block;" />&nbsp;\n' +
    '  <img src="https://img.shields.io/badge/-Maven-C71A36?logo=Apache-Maven&logoColor=FFF" alt="Maven" style="display: inline-block;" />&nbsp;\n' +
    '  <img src="https://img.shields.io/badge/-Gradle-D3D3D3?logo=Gradle&logoColor=02303A" alt="Gradle" style="display: inline-block;" />&nbsp;\n' +
    '  <img src="https://img.shields.io/badge/-Spring%20Security-6DB33F?logo=Spring-Security&logoColor=FFF" alt="Spring Security" style="display: inline-block;" />&nbsp;\n' +
    '  <img src="https://img.shields.io/badge/-Hibernate-59666C?logo=Hibernate&logoColor=FFF" alt="Hibernate" style="display: inline-block;" />&nbsp;\n' +
    '  <img src="https://img.shields.io/badge/-Java-F78C40?logo=OpenJDK&logoColor=FFF" alt="Java" style="display: inline-block;" />&nbsp;\n' +
    '  <img src="https://img.shields.io/badge/-Android-C0C0C0?logo=Android&logoColor=3DDC84" alt="Android" style="display: inline-block;" />&nbsp;\n' +
    '  <img src="https://img.shields.io/badge/-GraphQL-FFF?logo=GraphQL&logoColor=E10098" alt="GraphQL" style="display: inline-block;" />&nbsp;\n' +
    '  <img src="https://img.shields.io/badge/-Node.js-D3D3D3?logo=Node.js&logoColor=339933" alt="Node.js" style="display: inline-block;" />&nbsp;\n' +
    '</p>',
  markup: '',
  info: '',
  meta: null,
  block: true,
  hidden: false
}
Token {
  type: 'paragraph_close',
  tag: 'p',
  attrs: null,
  map: null,
  nesting: -1,
  level: 0,
  children: null,
  content: '',
  markup: '',
  info: '',
  meta: null,
  block: true,
  hidden: false
}
Token {
  type: 'heading_open',
  tag: 'h3',
  attrs: null,
  map: [ 62, 63 ],
  nesting: 1,
  level: 0,
  children: null,
  content: '',
  markup: '###',
  info: '',
  meta: null,
  block: true,
  hidden: false
}
Token {
  type: 'inline',
  tag: '',
  attrs: null,
  map: [ 62, 63 ],
  nesting: 0,
  level: 1,
  children: [
    Token {
      type: 'text',
      tag: '',
      attrs: null,
      map: null,
      nesting: 0,
      level: 0,
      children: null,
      content: '前端',
      markup: '',
      info: '',
      meta: null,
      block: false,
      hidden: false
    }
  ],
  content: '前端',
  markup: '',
  info: '',
  meta: null,
  block: true,
  hidden: false
}
Token {
  type: 'heading_close',
  tag: 'h3',
  attrs: null,
  map: null,
  nesting: -1,
  level: 0,
  children: null,
  content: '',
  markup: '###',
  info: '',
  meta: null,
  block: true,
  hidden: false
}
Token {
  type: 'paragraph_open',
  tag: 'p',
  attrs: null,
  map: [ 64, 82 ],
  nesting: 1,
  level: 0,
  children: null,
  content: '',
  markup: '',
  info: '',
  meta: null,
  block: true,
  hidden: false
}
Token {
  type: 'inline',
  tag: '',
  attrs: null,
  map: [ 64, 82 ],
  nesting: 0,
  level: 1,
  children: [
    Token {
      type: 'text',
      tag: '',
      attrs: null,
      map: null,
      nesting: 0,
      level: 0,
      children: null,
      content: '<p>',
      markup: '',
      info: '',
      meta: null,
      block: false,
      hidden: false
    },
    Token {
      type: 'softbreak',
      tag: 'br',
      attrs: null,
      map: null,
      nesting: 0,
      level: 0,
      children: null,
      content: '',
      markup: '',
      info: '',
      meta: null,
      block: false,
      hidden: false
    },
    Token {
      type: 'text',
      tag: '',
      attrs: null,
      map: null,
      nesting: 0,
      level: 0,
      children: null,
      content: '<img src="https://img.shields.io/badge/-JavaScript-A9A9A9?logo=JavaScript&logoColor=F7DF1E" alt="JavaScript" style="display: inline-block;" /> ',
      markup: '&nbsp;',
      info: 'entity',
      meta: null,
      block: false,
      hidden: false
    },
    Token {
      type: 'softbreak',
      tag: 'br',
      attrs: null,
      map: null,
      nesting: 0,
      level: 0,
      children: null,
      content: '',
      markup: '',
      info: '',
      meta: null,
      block: false,
      hidden: false
    },
    Token {
      type: 'text',
      tag: '',
      attrs: null,
      map: null,
      nesting: 0,
      level: 0,
      children: null,
      content: '<img src="https://img.shields.io/badge/-TypeScript-C0C0C0?logo=TypeScript&logoColor=3178C6" alt="TypeScript" style="display: inline-block;" /> ',
      markup: '&nbsp;',
      info: 'entity',
      meta: null,
      block: false,
      hidden: false
    },
    Token {
      type: 'softbreak',
      tag: 'br',
      attrs: null,
      map: null,
      nesting: 0,
      level: 0,
      children: null,
      content: '',
      markup: '',
      info: '',
      meta: null,
      block: false,
      hidden: false
    },
    Token {
      type: 'text',
      tag: '',
      attrs: null,
      map: null,
      nesting: 0,
      level: 0,
      children: null,
      content: '<img src="https://img.shields.io/badge/-Vue3-C0C0C0?logo=Vue.js&logoColor=4FC08D" alt="Vue3" style="display: inline-block;" /> ',
      markup: '&nbsp;',
      info: 'entity',
      meta: null,
      block: false,
      hidden: false
    },
    Token {
      type: 'softbreak',
      tag: 'br',
      attrs: null,
      map: null,
      nesting: 0,
      level: 0,
      children: null,
      content: '',
      markup: '',
      info: '',
      meta: null,
      block: false,
      hidden: false
    },
    Token {
      type: 'text',
      tag: '',
      attrs: null,
      map: null,
      nesting: 0,
      level: 0,
      children: null,
      content: '<img src="https://img.shields.io/badge/-Vite-D3D3D3?logo=Vite&logoColor=646CFF" alt="Vite" style="display: inline-block;" /> ',
      markup: '&nbsp;',
      info: 'entity',
      meta: null,
      block: false,
      hidden: false
    },
    Token {
      type: 'softbreak',
      tag: 'br',
      attrs: null,
      map: null,
      nesting: 0,
      level: 0,
      children: null,
      content: '',
      markup: '',
      info: '',
      meta: null,
      block: false,
      hidden: false
    },
    Token {
      type: 'text',
      tag: '',
      attrs: null,
      map: null,
      nesting: 0,
      level: 0,
      children: null,
      content: '<img src="https://img.shields.io/badge/-Webpack-D3D3D3?logo=Webpack&logoColor=8DD6F9" alt="Webpack" style="display: inline-block;" /> ',
      markup: '&nbsp;',
      info: 'entity',
      meta: null,
      block: false,
      hidden: false
    },
    Token {
      type: 'softbreak',
      tag: 'br',
      attrs: null,
      map: null,
      nesting: 0,
      level: 0,
      children: null,
      content: '',
      markup: '',
      info: '',
      meta: null,
      block: false,
      hidden: false
    },
    Token {
      type: 'text',
      tag: '',
      attrs: null,
      map: null,
      nesting: 0,
      level: 0,
      children: null,
      content: '<img src="https://img.shields.io/badge/-NPM-C0C0C0?logo=npm&logoColor=CB3837" alt="NPM" style="display: inline-block;" /> ',
      markup: '&nbsp;',
      info: 'entity',
      meta: null,
      block: false,
      hidden: false
    },
    Token {
      type: 'softbreak',
      tag: 'br',
      attrs: null,
      map: null,
      nesting: 0,
      level: 0,
      children: null,
      content: '',
      markup: '',
      info: '',
      meta: null,
      block: false,
      hidden: false
    },
    Token {
      type: 'text',
      tag: '',
      attrs: null,
      map: null,
      nesting: 0,
      level: 0,
      children: null,
      content: '<img src="https://img.shields.io/badge/-Axios-C0C0C0?logo=Axios&logoColor=5A29E4" alt="Axios" style="display: inline-block;" /> ',
      markup: '&nbsp;',
      info: 'entity',
      meta: null,
      block: false,
      hidden: false
    },
    Token {
      type: 'softbreak',
      tag: 'br',
      attrs: null,
      map: null,
      nesting: 0,
      level: 0,
      children: null,
      content: '',
      markup: '',
      info: '',
      meta: null,
      block: false,
      hidden: false
    },
    Token {
      type: 'text',
      tag: '',
      attrs: null,
      map: null,
      nesting: 0,
      level: 0,
      children: null,
      content: '<img src="https://img.shields.io/badge/-ESLint-C0C0C0?logo=ESLint&logoColor=4B32C3" alt="ESLint" style="display: inline-block;" /> ',
      markup: '&nbsp;',
      info: 'entity',
      meta: null,
      block: false,
      hidden: false
    },
    Token {
      type: 'softbreak',
      tag: 'br',
      attrs: null,
      map: null,
      nesting: 0,
      level: 0,
      children: null,
      content: '',
      markup: '',
      info: '',
      meta: null,
      block: false,
      hidden: false
    },
    Token {
      type: 'text',
      tag: '',
      attrs: null,
      map: null,
      nesting: 0,
      level: 0,
      children: null,
      content: '<img src="https://img.shields.io/badge/-ECharts-C0C0C0?logo=Apache-ECharts&logoColor=AA344D" alt="ECharts" style="display: inline-block;" /> ',
      markup: '&nbsp;',
      info: 'entity',
      meta: null,
      block: false,
      hidden: false
    },
    Token {
      type: 'softbreak',
      tag: 'br',
      attrs: null,
      map: null,
      nesting: 0,
      level: 0,
      children: null,
      content: '',
      markup: '',
      info: '',
      meta: null,
      block: false,
      hidden: false
    },
    Token {
      type: 'text',
      tag: '',
      attrs: null,
      map: null,
      nesting: 0,
      level: 0,
      children: null,
      content: '<img src="https://img.shields.io/badge/-HTML5-A9A9A9?logo=HTML5&logoColor=E34F26" alt="HTML5" style="display: inline-block;" /> ',
      markup: '&nbsp;',
      info: 'entity',
      meta: null,
      block: false,
      hidden: false
    },
    Token {
      type: 'softbreak',
      tag: 'br',
      attrs: null,
      map: null,
      nesting: 0,
      level: 0,
      children: null,
      content: '',
      markup: '',
      info: '',
      meta: null,
      block: false,
      hidden: false
    },
    Token {
      type: 'text',
      tag: '',
      attrs: null,
      map: null,
      nesting: 0,
      level: 0,
      children: null,
      content: '<img src="https://img.shields.io/badge/-CSS3-A9A9A9?logo=CSS3&logoColor=1572B6" alt="CSS3" style="display: inline-block;" /> ',
      markup: '&nbsp;',
      info: 'entity',
      meta: null,
      block: false,
      hidden: false
    },
    Token {
      type: 'softbreak',
      tag: 'br',
      attrs: null,
      map: null,
      nesting: 0,
      level: 0,
      children: null,
      content: '',
      markup: '',
      info: '',
      meta: null,
      block: false,
      hidden: false
    },
    Token {
      type: 'text',
      tag: '',
      attrs: null,
      map: null,
      nesting: 0,
      level: 0,
      children: null,
      content: '<img src="https://img.shields.io/badge/-Less-D3D3D3?logo=Less&logoColor=1D365D" alt="Less" style="display: inline-block;" /> ',
      markup: '&nbsp;',
      info: 'entity',
      meta: null,
      block: false,
      hidden: false
    },
    Token {
      type: 'softbreak',
      tag: 'br',
      attrs: null,
      map: null,
      nesting: 0,
      level: 0,
      children: null,
      content: '',
      markup: '',
      info: '',
      meta: null,
      block: false,
      hidden: false
    },
    Token {
      type: 'text',
      tag: '',
      attrs: null,
      map: null,
      nesting: 0,
      level: 0,
      children: null,
      content: '<img src="https://img.shields.io/badge/-Tailwind%20CSS-FFF?logo=Tailwind-CSS&logoColor=06B6D4" alt="Tailwind CSS" style="display: inline-block;" /> ',
      markup: '&nbsp;',
      info: 'entity',
      meta: null,
      block: false,
      hidden: false
    },
    Token {
      type: 'softbreak',
      tag: 'br',
      attrs: null,
      map: null,
      nesting: 0,
      level: 0,
      children: null,
      content: '',
      markup: '',
      info: '',
      meta: null,
      block: false,
      hidden: false
    },
    Token {
      type: 'text',
      tag: '',
      attrs: null,
      map: null,
      nesting: 0,
      level: 0,
      children: null,
      content: '<img src="https://img.shields.io/badge/-Ant%20Design-C0C0C0?logo=Ant-Design&logoColor=0170FE" alt="Ant Design" style="display: inline-block;" /> ',
      markup: '&nbsp;',
      info: 'entity',
      meta: null,
      block: false,
      hidden: false
    },
    Token {
      type: 'softbreak',
      tag: 'br',
      attrs: null,
      map: null,
      nesting: 0,
      level: 0,
      children: null,
      content: '',
      markup: '',
      info: '',
      meta: null,
      block: false,
      hidden: false
    },
    Token {
      type: 'text',
      tag: '',
      attrs: null,
      map: null,
      nesting: 0,
      level: 0,
      children: null,
      content: '<img src="https://img.shields.io/badge/-jQuery-0769AD?logo=jQuery&logoColor=FFF" alt="jQuery" style="display: inline-block;" /> ',
      markup: '&nbsp;',
      info: 'entity',
      meta: null,
      block: false,
      hidden: false
    },
    Token {
      type: 'softbreak',
      tag: 'br',
      attrs: null,
      map: null,
      nesting: 0,
      level: 0,
      children: null,
      content: '',
      markup: '',
      info: '',
      meta: null,
      block: false,
      hidden: false
    },
    Token {
      type: 'text',
      tag: '',
      attrs: null,
      map: null,
      nesting: 0,
      level: 0,
      children: null,
      content: '<img src="https://img.shields.io/badge/-Bootstrap-7952B3?logo=Bootstrap&logoColor=FFF" alt="BootStrap" style="display: inline-block;" /> ',
      markup: '&nbsp;',
      info: 'entity',
      meta: null,
      block: false,
      hidden: false
    },
    Token {
      type: 'softbreak',
      tag: 'br',
      attrs: null,
      map: null,
      nesting: 0,
      level: 0,
      children: null,
      content: '',
      markup: '',
      info: '',
      meta: null,
      block: false,
      hidden: false
    },
    Token {
      type: 'text',
      tag: '',
      attrs: null,
      map: null,
      nesting: 0,
      level: 0,
      children: null,
      content: '</p>',
      markup: '',
      info: '',
      meta: null,
      block: false,
      hidden: false
    }
  ],
  content: '<p>\n' +
    '  <img src="https://img.shields.io/badge/-JavaScript-A9A9A9?logo=JavaScript&logoColor=F7DF1E" alt="JavaScript" style="display: inline-block;" />&nbsp;\n' +
    '  <img src="https://img.shields.io/badge/-TypeScript-C0C0C0?logo=TypeScript&logoColor=3178C6" alt="TypeScript" style="display: inline-block;" />&nbsp;\n' +
    '  <img src="https://img.shields.io/badge/-Vue3-C0C0C0?logo=Vue.js&logoColor=4FC08D" alt="Vue3" style="display: inline-block;" />&nbsp;\n' +
    '  <img src="https://img.shields.io/badge/-Vite-D3D3D3?logo=Vite&logoColor=646CFF" alt="Vite" style="display: inline-block;" />&nbsp;\n' +
    '  <img src="https://img.shields.io/badge/-Webpack-D3D3D3?logo=Webpack&logoColor=8DD6F9" alt="Webpack" style="display: inline-block;" />&nbsp;\n' +
    '  <img src="https://img.shields.io/badge/-NPM-C0C0C0?logo=npm&logoColor=CB3837" alt="NPM" style="display: inline-block;" />&nbsp;\n' +
    '  <img src="https://img.shields.io/badge/-Axios-C0C0C0?logo=Axios&logoColor=5A29E4" alt="Axios" style="display: inline-block;" />&nbsp;\n' +
    '  <img src="https://img.shields.io/badge/-ESLint-C0C0C0?logo=ESLint&logoColor=4B32C3" alt="ESLint" style="display: inline-block;" />&nbsp;\n' +
    '  <img src="https://img.shields.io/badge/-ECharts-C0C0C0?logo=Apache-ECharts&logoColor=AA344D" alt="ECharts" style="display: inline-block;" />&nbsp;\n' +
    '  <img src="https://img.shields.io/badge/-HTML5-A9A9A9?logo=HTML5&logoColor=E34F26" alt="HTML5" style="display: inline-block;" />&nbsp;\n' +
    '  <img src="https://img.shields.io/badge/-CSS3-A9A9A9?logo=CSS3&logoColor=1572B6" alt="CSS3" style="display: inline-block;" />&nbsp;\n' +
    '  <img src="https://img.shields.io/badge/-Less-D3D3D3?logo=Less&logoColor=1D365D" alt="Less" style="display: inline-block;" />&nbsp;\n' +
    '  <img src="https://img.shields.io/badge/-Tailwind%20CSS-FFF?logo=Tailwind-CSS&logoColor=06B6D4" alt="Tailwind CSS" style="display: inline-block;" />&nbsp;\n' +
    '  <img src="https://img.shields.io/badge/-Ant%20Design-C0C0C0?logo=Ant-Design&logoColor=0170FE" alt="Ant Design" style="display: inline-block;" />&nbsp;\n' +
    '  <img src="https://img.shields.io/badge/-jQuery-0769AD?logo=jQuery&logoColor=FFF" alt="jQuery" style="display: inline-block;" />&nbsp;\n' +
    '  <img src="https://img.shields.io/badge/-Bootstrap-7952B3?logo=Bootstrap&logoColor=FFF" alt="BootStrap" style="display: inline-block;" />&nbsp;\n' +
    '</p>',
  markup: '',
  info: '',
  meta: null,
  block: true,
  hidden: false
}
Token {
  type: 'paragraph_close',
  tag: 'p',
  attrs: null,
  map: null,
  nesting: -1,
  level: 0,
  children: null,
  content: '',
  markup: '',
  info: '',
  meta: null,
  block: true,
  hidden: false
}
Token {
  type: 'heading_open',
  tag: 'h3',
  attrs: null,
  map: [ 83, 84 ],
  nesting: 1,
  level: 0,
  children: null,
  content: '',
  markup: '###',
  info: '',
  meta: null,
  block: true,
  hidden: false
}
Token {
  type: 'inline',
  tag: '',
  attrs: null,
  map: [ 83, 84 ],
  nesting: 0,
  level: 1,
  children: [
    Token {
      type: 'text',
      tag: '',
      attrs: null,
      map: null,
      nesting: 0,
      level: 0,
      children: null,
      content: '运维',
      markup: '',
      info: '',
      meta: null,
      block: false,
      hidden: false
    }
  ],
  content: '运维',
  markup: '',
  info: '',
  meta: null,
  block: true,
  hidden: false
}
Token {
  type: 'heading_close',
  tag: 'h3',
  attrs: null,
  map: null,
  nesting: -1,
  level: 0,
  children: null,
  content: '',
  markup: '###',
  info: '',
  meta: null,
  block: true,
  hidden: false
}
Token {
  type: 'paragraph_open',
  tag: 'p',
  attrs: null,
  map: [ 85, 100 ],
  nesting: 1,
  level: 0,
  children: null,
  content: '',
  markup: '',
  info: '',
  meta: null,
  block: true,
  hidden: false
}
Token {
  type: 'inline',
  tag: '',
  attrs: null,
  map: [ 85, 100 ],
  nesting: 0,
  level: 1,
  children: [
    Token {
      type: 'text',
      tag: '',
      attrs: null,
      map: null,
      nesting: 0,
      level: 0,
      children: null,
      content: '<p>',
      markup: '',
      info: '',
      meta: null,
      block: false,
      hidden: false
    },
    Token {
      type: 'softbreak',
      tag: 'br',
      attrs: null,
      map: null,
      nesting: 0,
      level: 0,
      children: null,
      content: '',
      markup: '',
      info: '',
      meta: null,
      block: false,
      hidden: false
    },
    Token {
      type: 'text',
      tag: '',
      attrs: null,
      map: null,
      nesting: 0,
      level: 0,
      children: null,
      content: '<img src="https://img.shields.io/badge/-Git-F05032?logo=Git&logoColor=FFF" alt="Git" style="display: inline-block;" /> ',
      markup: '&nbsp;',
      info: 'entity',
      meta: null,
      block: false,
      hidden: false
    },
    Token {
      type: 'softbreak',
      tag: 'br',
      attrs: null,
      map: null,
      nesting: 0,
      level: 0,
      children: null,
      content: '',
      markup: '',
      info: '',
      meta: null,
      block: false,
      hidden: false
    },
    Token {
      type: 'text',
      tag: '',
      attrs: null,
      map: null,
      nesting: 0,
      level: 0,
      children: null,
      content: '<img src="https://img.shields.io/badge/-GitHub-181717?logo=GitHub&logoColor=FFF" alt="GitHub" style="display: inline-block;" /> ',
      markup: '&nbsp;',
      info: 'entity',
      meta: null,
      block: false,
      hidden: false
    },
    Token {
      type: 'softbreak',
      tag: 'br',
      attrs: null,
      map: null,
      nesting: 0,
      level: 0,
      children: null,
      content: '',
      markup: '',
      info: '',
      meta: null,
      block: false,
      hidden: false
    },
    Token {
      type: 'text',
      tag: '',
      attrs: null,
      map: null,
      nesting: 0,
      level: 0,
      children: null,
      content: '<img src="https://img.shields.io/badge/-GitHub%20Actions-2088FF?logo=GitHub-Actions&logoColor=FFF" alt="GitHub Actions" style="display: inline-block;" /> ',
      markup: '&nbsp;',
      info: 'entity',
      meta: null,
      block: false,
      hidden: false
    },
    Token {
      type: 'softbreak',
      tag: 'br',
      attrs: null,
      map: null,
      nesting: 0,
      level: 0,
      children: null,
      content: '',
      markup: '',
      info: '',
      meta: null,
      block: false,
      hidden: false
    },
    Token {
      type: 'text',
      tag: '',
      attrs: null,
      map: null,
      nesting: 0,
      level: 0,
      children: null,
      content: '<img src="https://img.shields.io/badge/-Docker-2496ED?logo=Docker&logoColor=FFF" alt="Docker" style="display: inline-block;" /> ',
      markup: '&nbsp;',
      info: 'entity',
      meta: null,
      block: false,
      hidden: false
    },
    Token {
      type: 'softbreak',
      tag: 'br',
      attrs: null,
      map: null,
      nesting: 0,
      level: 0,
      children: null,
      content: '',
      markup: '',
      info: '',
      meta: null,
      block: false,
      hidden: false
    },
    Token {
      type: 'text',
      tag: '',
      attrs: null,
      map: null,
      nesting: 0,
      level: 0,
      children: null,
      content: '<img src="https://img.shields.io/badge/-Kubernetes-326CE5?logo=Kubernetes&logoColor=FFF" alt="Kubernetes" style="display: inline-block;" /> ',
      markup: '&nbsp;',
      info: 'entity',
      meta: null,
      block: false,
      hidden: false
    },
    Token {
      type: 'softbreak',
      tag: 'br',
      attrs: null,
      map: null,
      nesting: 0,
      level: 0,
      children: null,
      content: '',
      markup: '',
      info: '',
      meta: null,
      block: false,
      hidden: false
    },
    Token {
      type: 'text',
      tag: '',
      attrs: null,
      map: null,
      nesting: 0,
      level: 0,
      children: null,
      content: '<img alt="bash" src="https://img.shields.io/badge/bash-blue?logo=gnubash" style="display:inline-block"/> ',
      markup: '&nbsp;',
      info: 'entity',
      meta: null,
      block: false,
      hidden: false
    },
    Token {
      type: 'softbreak',
      tag: 'br',
      attrs: null,
      map: null,
      nesting: 0,
      level: 0,
      children: null,
      content: '',
      markup: '',
      info: '',
      meta: null,
      block: false,
      hidden: false
    },
    Token {
      type: 'text',
      tag: '',
      attrs: null,
      map: null,
      nesting: 0,
      level: 0,
      children: null,
      content: '<img alt="debian" src="https://img.shields.io/badge/debian-red?logo=debian&logoColor=white" style="display:inline-block"/> ',
      markup: '&nbsp;',
      info: 'entity',
      meta: null,
      block: false,
      hidden: false
    },
    Token {
      type: 'softbreak',
      tag: 'br',
      attrs: null,
      map: null,
      nesting: 0,
      level: 0,
      children: null,
      content: '',
      markup: '',
      info: '',
      meta: null,
      block: false,
      hidden: false
    },
    Token {
      type: 'text',
      tag: '',
      attrs: null,
      map: null,
      nesting: 0,
      level: 0,
      children: null,
      content: '<img src="https://img.shields.io/badge/-CentOS-262577?logo=CentOS&logoColor=FFF" alt="CentOS" style="display: inline-block;" /> ',
      markup: '&nbsp;',
      info: 'entity',
      meta: null,
      block: false,
      hidden: false
    },
    Token {
      type: 'softbreak',
      tag: 'br',
      attrs: null,
      map: null,
      nesting: 0,
      level: 0,
      children: null,
      content: '',
      markup: '',
      info: '',
      meta: null,
      block: false,
      hidden: false
    },
    Token {
      type: 'text',
      tag: '',
      attrs: null,
      map: null,
      nesting: 0,
      level: 0,
      children: null,
      content: '<img src="https://img.shields.io/badge/-Nginx-009639?logo=Nginx&logoColor=FFF" alt="Nginx" style="display: inline-block;" /> ',
      markup: '&nbsp;',
      info: 'entity',
      meta: null,
      block: false,
      hidden: false
    },
    Token {
      type: 'softbreak',
      tag: 'br',
      attrs: null,
      map: null,
      nesting: 0,
      level: 0,
      children: null,
      content: '',
      markup: '',
      info: '',
      meta: null,
      block: false,
      hidden: false
    },
    Token {
      type: 'text',
      tag: '',
      attrs: null,
      map: null,
      nesting: 0,
      level: 0,
      children: null,
      content: '<img src="https://img.shields.io/badge/-VMware-607078?logo=VMware&logoColor=FFF" alt="VMware" style="display: inline-block;" /> ',
      markup: '&nbsp;',
      info: 'entity',
      meta: null,
      block: false,
      hidden: false
    },
    Token {
      type: 'softbreak',
      tag: 'br',
      attrs: null,
      map: null,
      nesting: 0,
      level: 0,
      children: null,
      content: '',
      markup: '',
      info: '',
      meta: null,
      block: false,
      hidden: false
    },
    Token {
      type: 'text',
      tag: '',
      attrs: null,
      map: null,
      nesting: 0,
      level: 0,
      children: null,
      content: '<img src="https://img.shields.io/badge/-Prometheus-C0C0C0?logo=Prometheus&logoColor=E6522C" alt="Prometheus" style="display: inline-block;" /> ',
      markup: '&nbsp;',
      info: 'entity',
      meta: null,
      block: false,
      hidden: false
    },
    Token {
      type: 'softbreak',
      tag: 'br',
      attrs: null,
      map: null,
      nesting: 0,
      level: 0,
      children: null,
      content: '',
      markup: '',
      info: '',
      meta: null,
      block: false,
      hidden: false
    },
    Token {
      type: 'text',
      tag: '',
      attrs: null,
      map: null,
      nesting: 0,
      level: 0,
      children: null,
      content: '<img src="https://img.shields.io/badge/-Grafana-DCDCDC?logo=Grafana&logoColor=F46800" alt="Grafana" style="display: inline-block;" /> ',
      markup: '&nbsp;',
      info: 'entity',
      meta: null,
      block: false,
      hidden: false
    },
    Token {
      type: 'softbreak',
      tag: 'br',
      attrs: null,
      map: null,
      nesting: 0,
      level: 0,
      children: null,
      content: '',
      markup: '',
      info: '',
      meta: null,
      block: false,
      hidden: false
    },
    Token {
      type: 'text',
      tag: '',
      attrs: null,
      map: null,
      nesting: 0,
      level: 0,
      children: null,
      content: '<img src="https://img.shields.io/badge/-Ansible-FFF?logo=Ansible&logoColor=EE0000" alt="Ansible" style="display: inline-block;" /> ',
      markup: '&nbsp;',
      info: 'entity',
      meta: null,
      block: false,
      hidden: false
    },
    Token {
      type: 'softbreak',
      tag: 'br',
      attrs: null,
      map: null,
      nesting: 0,
      level: 0,
      children: null,
      content: '',
      markup: '',
      info: '',
      meta: null,
      block: false,
      hidden: false
    },
    Token {
      type: 'text',
      tag: '',
      attrs: null,
      map: null,
      nesting: 0,
      level: 0,
      children: null,
      content: '<img src="https://img.shields.io/badge/-Lua-FFF?&logo=Lua&logoColor=2C2D72" alt="Lua" style="display: inline-block;" /> ',
      markup: '&nbsp;',
      info: 'entity',
      meta: null,
      block: false,
      hidden: false
    }
  ],
  content: '<p>\n' +
    '  <img src="https://img.shields.io/badge/-Git-F05032?logo=Git&logoColor=FFF" alt="Git" style="display: inline-block;" />&nbsp;\n' +
    '  <img src="https://img.shields.io/badge/-GitHub-181717?logo=GitHub&logoColor=FFF" alt="GitHub" style="display: inline-block;" />&nbsp;\n' +
    '  <img src="https://img.shields.io/badge/-GitHub%20Actions-2088FF?logo=GitHub-Actions&logoColor=FFF" alt="GitHub Actions" style="display: inline-block;" />&nbsp;\n' +
    '  <img src="https://img.shields.io/badge/-Docker-2496ED?logo=Docker&logoColor=FFF" alt="Docker" style="display: inline-block;" />&nbsp;\n' +
    '  <img src="https://img.shields.io/badge/-Kubernetes-326CE5?logo=Kubernetes&logoColor=FFF" alt="Kubernetes" style="display: inline-block;" />&nbsp;\n' +
    '  <img alt="bash" src="https://img.shields.io/badge/bash-blue?logo=gnubash" style="display:inline-block"/>&nbsp;\n' +
    '  <img alt="debian" src="https://img.shields.io/badge/debian-red?logo=debian&logoColor=white" style="display:inline-block"/>&nbsp;\n' +
    '  <img src="https://img.shields.io/badge/-CentOS-262577?logo=CentOS&logoColor=FFF" alt="CentOS" style="display: inline-block;" />&nbsp;\n' +
    '  <img src="https://img.shields.io/badge/-Nginx-009639?logo=Nginx&logoColor=FFF" alt="Nginx" style="display: inline-block;" />&nbsp;\n' +
    '  <img src="https://img.shields.io/badge/-VMware-607078?logo=VMware&logoColor=FFF" alt="VMware" style="display: inline-block;" />&nbsp;\n' +
    '  <img src="https://img.shields.io/badge/-Prometheus-C0C0C0?logo=Prometheus&logoColor=E6522C" alt="Prometheus" style="display: inline-block;" />&nbsp;\n' +
    '  <img src="https://img.shields.io/badge/-Grafana-DCDCDC?logo=Grafana&logoColor=F46800" alt="Grafana" style="display: inline-block;" />&nbsp;\n' +
    '  <img src="https://img.shields.io/badge/-Ansible-FFF?logo=Ansible&logoColor=EE0000" alt="Ansible" style="display: inline-block;" />&nbsp;\n' +
    '  <img src="https://img.shields.io/badge/-Lua-FFF?&logo=Lua&logoColor=2C2D72" alt="Lua" style="display: inline-block;" />&nbsp;',
  markup: '',
  info: '',
  meta: null,
  block: true,
  hidden: false
}
Token {
  type: 'paragraph_close',
  tag: 'p',
  attrs: null,
  map: null,
  nesting: -1,
  level: 0,
  children: null,
  content: '',
  markup: '',
  info: '',
  meta: null,
  block: true,
  hidden: false
}
Token {
  type: 'paragraph_open',
  tag: 'p',
  attrs: null,
  map: [ 101, 102 ],
  nesting: 1,
  level: 0,
  children: null,
  content: '',
  markup: '',
  info: '',
  meta: null,
  block: true,
  hidden: false
}
Token {
  type: 'inline',
  tag: '',
  attrs: null,
  map: [ 101, 102 ],
  nesting: 0,
  level: 1,
  children: [
    Token {
      type: 'text',
      tag: '',
      attrs: null,
      map: null,
      nesting: 0,
      level: 0,
      children: null,
      content: '</p>',
      markup: '',
      info: '',
      meta: null,
      block: false,
      hidden: false
    }
  ],
  content: '</p>',
  markup: '',
  info: '',
  meta: null,
  block: true,
  hidden: false
}
Token {
  type: 'paragraph_close',
  tag: 'p',
  attrs: null,
  map: null,
  nesting: -1,
  level: 0,
  children: null,
  content: '',
  markup: '',
  info: '',
  meta: null,
  block: true,
  hidden: false
}
Token {
  type: 'heading_open',
  tag: 'h3',
  attrs: null,
  map: [ 103, 104 ],
  nesting: 1,
  level: 0,
  children: null,
  content: '',
  markup: '###',
  info: '',
  meta: null,
  block: true,
  hidden: false
}
Token {
  type: 'inline',
  tag: '',
  attrs: null,
  map: [ 103, 104 ],
  nesting: 0,
  level: 1,
  children: [
    Token {
      type: 'text',
      tag: '',
      attrs: null,
      map: null,
      nesting: 0,
      level: 0,
      children: null,
      content: '开发工具',
      markup: '',
      info: '',
      meta: null,
      block: false,
      hidden: false
    }
  ],
  content: '开发工具',
  markup: '',
  info: '',
  meta: null,
  block: true,
  hidden: false
}
Token {
  type: 'heading_close',
  tag: 'h3',
  attrs: null,
  map: null,
  nesting: -1,
  level: 0,
  children: null,
  content: '',
  markup: '###',
  info: '',
  meta: null,
  block: true,
  hidden: false
}
Token {
  type: 'paragraph_open',
  tag: 'p',
  attrs: null,
  map: [ 105, 114 ],
  nesting: 1,
  level: 0,
  children: null,
  content: '',
  markup: '',
  info: '',
  meta: null,
  block: true,
  hidden: false
}
Token {
  type: 'inline',
  tag: '',
  attrs: null,
  map: [ 105, 114 ],
  nesting: 0,
  level: 1,
  children: [
    Token {
      type: 'text',
      tag: '',
      attrs: null,
      map: null,
      nesting: 0,
      level: 0,
      children: null,
      content: '<p>',
      markup: '',
      info: '',
      meta: null,
      block: false,
      hidden: false
    },
    Token {
      type: 'softbreak',
      tag: 'br',
      attrs: null,
      map: null,
      nesting: 0,
      level: 0,
      children: null,
      content: '',
      markup: '',
      info: '',
      meta: null,
      block: false,
      hidden: false
    },
    Token {
      type: 'text',
      tag: '',
      attrs: null,
      map: null,
      nesting: 0,
      level: 0,
      children: null,
      content: '<img src="https://img.shields.io/badge/nvovim-blue?logo=vim&logoColor=white " alt="Neovim" style="display: inline-block;" /> ',
      markup: '&nbsp;',
      info: 'entity',
      meta: null,
      block: false,
      hidden: false
    },
    Token {
      type: 'softbreak',
      tag: 'br',
      attrs: null,
      map: null,
      nesting: 0,
      level: 0,
      children: null,
      content: '',
      markup: '',
      info: '',
      meta: null,
      block: false,
      hidden: false
    },
    Token {
      type: 'text',
      tag: '',
      attrs: null,
      map: null,
      nesting: 0,
      level: 0,
      children: null,
      content: '<img src="https://img.shields.io/badge/-VSCode-C0C0C0?logo=Visual-Studio-Code&logoColor=007ACC" alt="VSCode" style="display: inline-block;" /> ',
      markup: '&nbsp;',
      info: 'entity',
      meta: null,
      block: false,
      hidden: false
    },
    Token {
      type: 'softbreak',
      tag: 'br',
      attrs: null,
      map: null,
      nesting: 0,
      level: 0,
      children: null,
      content: '',
      markup: '',
      info: '',
      meta: null,
      block: false,
      hidden: false
    },
    Token {
      type: 'text',
      tag: '',
      attrs: null,
      map: null,
      nesting: 0,
      level: 0,
      children: null,
      content: '<img src="https://img.shields.io/badge/-Intellij%20IDEA-000?logo=Intellij-IDEA&logoColor=FFF" alt="Intellij IDEA" style="display: inline-block;" /> ',
      markup: '&nbsp;',
      info: 'entity',
      meta: null,
      block: false,
      hidden: false
    },
    Token {
      type: 'softbreak',
      tag: 'br',
      attrs: null,
      map: null,
      nesting: 0,
      level: 0,
      children: null,
      content: '',
      markup: '',
      info: '',
      meta: null,
      block: false,
      hidden: false
    },
    Token {
      type: 'text',
      tag: '',
      attrs: null,
      map: null,
      nesting: 0,
      level: 0,
      children: null,
      content: '<img src="https://img.shields.io/badge/-Eclipse-2C2255?logo=Eclipse&logoColor=FFF" alt="Eclipse" style="display: inline-block;" /> ',
      markup: '&nbsp;',
      info: 'entity',
      meta: null,
      block: false,
      hidden: false
    },
    Token {
      type: 'softbreak',
      tag: 'br',
      attrs: null,
      map: null,
      nesting: 0,
      level: 0,
      children: null,
      content: '',
      markup: '',
      info: '',
      meta: null,
      block: false,
      hidden: false
    },
    Token {
      type: 'text',
      tag: '',
      attrs: null,
      map: null,
      nesting: 0,
      level: 0,
      children: null,
      content: '<img src="https://img.shields.io/badge/-WebStorm-000?logo=WebStorm&logoColor=FFF" alt="WebStorm" style="display: inline-block;" /> ',
      markup: '&nbsp;',
      info: 'entity',
      meta: null,
      block: false,
      hidden: false
    },
    Token {
      type: 'softbreak',
      tag: 'br',
      attrs: null,
      map: null,
      nesting: 0,
      level: 0,
      children: null,
      content: '',
      markup: '',
      info: '',
      meta: null,
      block: false,
      hidden: false
    },
    Token {
      type: 'text',
      tag: '',
      attrs: null,
      map: null,
      nesting: 0,
      level: 0,
      children: null,
      content: '<img src="https://img.shields.io/badge/-PyCharm-C0C0C0?logo=PyCharm&logoColor=000" alt="PyCharm" style="display: inline-block;" /> ',
      markup: '&nbsp;',
      info: 'entity',
      meta: null,
      block: false,
      hidden: false
    },
    Token {
      type: 'softbreak',
      tag: 'br',
      attrs: null,
      map: null,
      nesting: 0,
      level: 0,
      children: null,
      content: '',
      markup: '',
      info: '',
      meta: null,
      block: false,
      hidden: false
    },
    Token {
      type: 'text',
      tag: '',
      attrs: null,
      map: null,
      nesting: 0,
      level: 0,
      children: null,
      content: '<img src="https://img.shields.io/badge/-Android%20Studio-C0C0C0?logo=Android-Studio&logoColor=3DDC84" alt="Android Studio" style="display: inline-block;" /> ',
      markup: '&nbsp;',
      info: 'entity',
      meta: null,
      block: false,
      hidden: false
    },
    Token {
      type: 'softbreak',
      tag: 'br',
      attrs: null,
      map: null,
      nesting: 0,
      level: 0,
      children: null,
      content: '',
      markup: '',
      info: '',
      meta: null,
      block: false,
      hidden: false
    },
    Token {
      type: 'text',
      tag: '',
      attrs: null,
      map: null,
      nesting: 0,
      level: 0,
      children: null,
      content: '</p>',
      markup: '',
      info: '',
      meta: null,
      block: false,
      hidden: false
    }
  ],
  content: '<p>\n' +
    '  <img src="https://img.shields.io/badge/nvovim-blue?logo=vim&logoColor=white " alt="Neovim" style="display: inline-block;" />&nbsp;\n' +
    '  <img src="https://img.shields.io/badge/-VSCode-C0C0C0?logo=Visual-Studio-Code&logoColor=007ACC" alt="VSCode" style="display: inline-block;" />&nbsp;\n' +
    '   <img src="https://img.shields.io/badge/-Intellij%20IDEA-000?logo=Intellij-IDEA&logoColor=FFF" alt="Intellij IDEA" style="display: inline-block;" />&nbsp;\n' +
    '  <img src="https://img.shields.io/badge/-Eclipse-2C2255?logo=Eclipse&logoColor=FFF" alt="Eclipse" style="display: inline-block;" />&nbsp;\n' +
    '  <img src="https://img.shields.io/badge/-WebStorm-000?logo=WebStorm&logoColor=FFF" alt="WebStorm" style="display: inline-block;" />&nbsp;\n' +
    '  <img src="https://img.shields.io/badge/-PyCharm-C0C0C0?logo=PyCharm&logoColor=000" alt="PyCharm" style="display: inline-block;" />&nbsp;\n' +
    '  <img src="https://img.shields.io/badge/-Android%20Studio-C0C0C0?logo=Android-Studio&logoColor=3DDC84" alt="Android Studio" style="display: inline-block;" />&nbsp;\n' +
    '</p>',
  markup: '',
  info: '',
  meta: null,
  block: true,
  hidden: false
}
Token {
  type: 'paragraph_close',
  tag: 'p',
  attrs: null,
  map: null,
  nesting: -1,
  level: 0,
  children: null,
  content: '',
  markup: '',
  info: '',
  meta: null,
  block: true,
  hidden: false
}
Token {
  type: 'hr',
  tag: 'hr',
  attrs: null,
  map: [ 0, 1 ],
  nesting: 0,
  level: 0,
  children: null,
  content: '',
  markup: '---',
  info: '',
  meta: null,
  block: true,
  hidden: false
}
Token {
  type: 'paragraph_open',
  tag: 'p',
  attrs: null,
  map: [ 1, 4 ],
  nesting: 1,
  level: 0,
  children: null,
  content: '',
  markup: '',
  info: '',
  meta: null,
  block: true,
  hidden: false
}
Token {
  type: 'inline',
  tag: '',
  attrs: null,
  map: [ 1, 4 ],
  nesting: 0,
  level: 1,
  children: [
    Token {
      type: 'text',
      tag: '',
      attrs: null,
      map: null,
      nesting: 0,
      level: 0,
      children: null,
      content: 'date: 2021-06-30',
      markup: '',
      info: '',
      meta: null,
      block: false,
      hidden: false
    },
    Token {
      type: 'softbreak',
      tag: 'br',
      attrs: null,
      map: null,
      nesting: 0,
      level: 0,
      children: null,
      content: '',
      markup: '',
      info: '',
      meta: null,
      block: false,
      hidden: false
    },
    Token {
      type: 'text',
      tag: '',
      attrs: null,
      map: null,
      nesting: 0,
      level: 0,
      children: null,
      content: 'title: aa',
      markup: '',
      info: '',
      meta: null,
      block: false,
      hidden: false
    },
    Token {
      type: 'softbreak',
      tag: 'br',
      attrs: null,
      map: null,
      nesting: 0,
      level: 0,
      children: null,
      content: '',
      markup: '',
      info: '',
      meta: null,
      block: false,
      hidden: false
    },
    Token {
      type: 'text',
      tag: '',
      attrs: null,
      map: null,
      nesting: 0,
      level: 0,
      children: null,
      content: 'tags:',
      markup: '',
      info: '',
      meta: null,
      block: false,
      hidden: false
    }
  ],
  content: 'date: 2021-06-30\ntitle: aa\ntags:',
  markup: '',
  info: '',
  meta: null,
  block: true,
  hidden: false
}
Token {
  type: 'paragraph_close',
  tag: 'p',
  attrs: null,
  map: null,
  nesting: -1,
  level: 0,
  children: null,
  content: '',
  markup: '',
  info: '',
  meta: null,
  block: true,
  hidden: false
}
Token {
  type: 'bullet_list_open',
  tag: 'ul',
  attrs: null,
  map: [ 4, 7 ],
  nesting: 1,
  level: 0,
  children: null,
  content: '',
  markup: '-',
  info: '',
  meta: null,
  block: true,
  hidden: false
}
Token {
  type: 'list_item_open',
  tag: 'li',
  attrs: null,
  map: [ 4, 5 ],
  nesting: 1,
  level: 1,
  children: null,
  content: '',
  markup: '-',
  info: '',
  meta: null,
  block: true,
  hidden: false
}
Token {
  type: 'paragraph_open',
  tag: 'p',
  attrs: null,
  map: [ 4, 5 ],
  nesting: 1,
  level: 2,
  children: null,
  content: '',
  markup: '',
  info: '',
  meta: null,
  block: true,
  hidden: true
}
Token {
  type: 'inline',
  tag: '',
  attrs: null,
  map: [ 4, 5 ],
  nesting: 0,
  level: 3,
  children: [
    Token {
      type: 'text',
      tag: '',
      attrs: null,
      map: null,
      nesting: 0,
      level: 0,
      children: null,
      content: 'vitepress',
      markup: '',
      info: '',
      meta: null,
      block: false,
      hidden: false
    }
  ],
  content: 'vitepress',
  markup: '',
  info: '',
  meta: null,
  block: true,
  hidden: false
}
Token {
  type: 'paragraph_close',
  tag: 'p',
  attrs: null,
  map: null,
  nesting: -1,
  level: 2,
  children: null,
  content: '',
  markup: '',
  info: '',
  meta: null,
  block: true,
  hidden: true
}
Token {
  type: 'list_item_close',
  tag: 'li',
  attrs: null,
  map: null,
  nesting: -1,
  level: 1,
  children: null,
  content: '',
  markup: '-',
  info: '',
  meta: null,
  block: true,
  hidden: false
}
Token {
  type: 'list_item_open',
  tag: 'li',
  attrs: null,
  map: [ 5, 7 ],
  nesting: 1,
  level: 1,
  children: null,
  content: '',
  markup: '-',
  info: '',
  meta: null,
  block: true,
  hidden: false
}
Token {
  type: 'paragraph_open',
  tag: 'p',
  attrs: null,
  map: [ 5, 7 ],
  nesting: 1,
  level: 2,
  children: null,
  content: '',
  markup: '',
  info: '',
  meta: null,
  block: true,
  hidden: true
}
Token {
  type: 'inline',
  tag: '',
  attrs: null,
  map: [ 5, 7 ],
  nesting: 0,
  level: 3,
  children: [
    Token {
      type: 'text',
      tag: '',
      attrs: null,
      map: null,
      nesting: 0,
      level: 0,
      children: null,
      content: '22222',
      markup: '',
      info: '',
      meta: null,
      block: false,
      hidden: false
    },
    Token {
      type: 'softbreak',
      tag: 'br',
      attrs: null,
      map: null,
      nesting: 0,
      level: 0,
      children: null,
      content: '',
      markup: '',
      info: '',
      meta: null,
      block: false,
      hidden: false
    },
    Token {
      type: 'text',
      tag: '',
      attrs: null,
      map: null,
      nesting: 0,
      level: 0,
      children: null,
      content: 'description: this is the demo',
      markup: '',
      info: '',
      meta: null,
      block: false,
      hidden: false
    }
  ],
  content: '22222\ndescription: this is the demo',
  markup: '',
  info: '',
  meta: null,
  block: true,
  hidden: false
}
Token {
  type: 'paragraph_close',
  tag: 'p',
  attrs: null,
  map: null,
  nesting: -1,
  level: 2,
  children: null,
  content: '',
  markup: '',
  info: '',
  meta: null,
  block: true,
  hidden: true
}
Token {
  type: 'list_item_close',
  tag: 'li',
  attrs: null,
  map: null,
  nesting: -1,
  level: 1,
  children: null,
  content: '',
  markup: '-',
  info: '',
  meta: null,
  block: true,
  hidden: false
}
Token {
  type: 'bullet_list_close',
  tag: 'ul',
  attrs: null,
  map: null,
  nesting: -1,
  level: 0,
  children: null,
  content: '',
  markup: '-',
  info: '',
  meta: null,
  block: true,
  hidden: false
}
Token {
  type: 'hr',
  tag: 'hr',
  attrs: null,
  map: [ 7, 8 ],
  nesting: 0,
  level: 0,
  children: null,
  content: '',
  markup: '---',
  info: '',
  meta: null,
  block: true,
  hidden: false
}
Token {
  type: 'heading_open',
  tag: 'h1',
  attrs: null,
  map: [ 9, 10 ],
  nesting: 1,
  level: 0,
  children: null,
  content: '',
  markup: '#',
  info: '',
  meta: null,
  block: true,
  hidden: false
}
Token {
  type: 'inline',
  tag: '',
  attrs: null,
  map: [ 9, 10 ],
  nesting: 0,
  level: 1,
  children: [
    Token {
      type: 'text',
      tag: '',
      attrs: null,
      map: null,
      nesting: 0,
      level: 0,
      children: null,
      content: '数据库-MySQL 源码编译',
      markup: '',
      info: '',
      meta: null,
      block: false,
      hidden: false
    }
  ],
  content: '数据库-MySQL 源码编译',
  markup: '',
  info: '',
  meta: null,
  block: true,
  hidden: false
}
Token {
  type: 'heading_close',
  tag: 'h1',
  attrs: null,
  map: null,
  nesting: -1,
  level: 0,
  children: null,
  content: '',
  markup: '#',
  info: '',
  meta: null,
  block: true,
  hidden: false
}
Token {
  type: 'blockquote_open',
  tag: 'blockquote',
  attrs: null,
  map: [ 11, 14 ],
  nesting: 1,
  level: 0,
  children: null,
  content: '',
  markup: '>',
  info: '',
  meta: null,
  block: true,
  hidden: false
}
Token {
  type: 'paragraph_open',
  tag: 'p',
  attrs: null,
  map: [ 11, 12 ],
  nesting: 1,
  level: 1,
  children: null,
  content: '',
  markup: '',
  info: '',
  meta: null,
  block: true,
  hidden: false
}
Token {
  type: 'inline',
  tag: '',
  attrs: null,
  map: [ 11, 12 ],
  nesting: 0,
  level: 2,
  children: [
    Token {
      type: 'text',
      tag: '',
      attrs: null,
      map: null,
      nesting: 0,
      level: 0,
      children: null,
      content: '[!TIP]',
      markup: '',
      info: '',
      meta: null,
      block: false,
      hidden: false
    }
  ],
  content: '[!TIP]',
  markup: '',
  info: '',
  meta: null,
  block: true,
  hidden: false
}
Token {
  type: 'paragraph_close',
  tag: 'p',
  attrs: null,
  map: null,
  nesting: -1,
  level: 1,
  children: null,
  content: '',
  markup: '',
  info: '',
  meta: null,
  block: true,
  hidden: false
}
Token {
  type: 'bullet_list_open',
  tag: 'ul',
  attrs: null,
  map: [ 13, 14 ],
  nesting: 1,
  level: 1,
  children: null,
  content: '',
  markup: '-',
  info: '',
  meta: null,
  block: true,
  hidden: false
}
Token {
  type: 'list_item_open',
  tag: 'li',
  attrs: null,
  map: [ 13, 14 ],
  nesting: 1,
  level: 2,
  children: null,
  content: '',
  markup: '-',
  info: '',
  meta: null,
  block: true,
  hidden: false
}
Token {
  type: 'paragraph_open',
  tag: 'p',
  attrs: null,
  map: [ 13, 14 ],
  nesting: 1,
  level: 3,
  children: null,
  content: '',
  markup: '',
  info: '',
  meta: null,
  block: true,
  hidden: true
}
Token {
  type: 'inline',
  tag: '',
  attrs: null,
  map: [ 13, 14 ],
  nesting: 0,
  level: 4,
  children: [
    Token {
      type: 'text',
      tag: '',
      attrs: null,
      map: null,
      nesting: 0,
      level: 0,
      children: null,
      content: "推荐阅读： [在Debian 11中源码编译mysql 8.0.30 | Bruce's Blog](https://www.xiebruce.top/1811.html)",
      markup: '',
      info: '',
      meta: null,
      block: false,
      hidden: false
    }
  ],
  content: "推荐阅读： [在Debian 11中源码编译mysql 8.0.30 | Bruce's Blog](https://www.xiebruce.top/1811.html)",
  markup: '',
  info: '',
  meta: null,
  block: true,
  hidden: false
}
Token {
  type: 'paragraph_close',
  tag: 'p',
  attrs: null,
  map: null,
  nesting: -1,
  level: 3,
  children: null,
  content: '',
  markup: '',
  info: '',
  meta: null,
  block: true,
  hidden: true
}
Token {
  type: 'list_item_close',
  tag: 'li',
  attrs: null,
  map: null,
  nesting: -1,
  level: 2,
  children: null,
  content: '',
  markup: '-',
  info: '',
  meta: null,
  block: true,
  hidden: false
}
Token {
  type: 'bullet_list_close',
  tag: 'ul',
  attrs: null,
  map: null,
  nesting: -1,
  level: 1,
  children: null,
  content: '',
  markup: '-',
  info: '',
  meta: null,
  block: true,
  hidden: false
}
Token {
  type: 'blockquote_close',
  tag: 'blockquote',
  attrs: null,
  map: null,
  nesting: -1,
  level: 0,
  children: null,
  content: '',
  markup: '>',
  info: '',
  meta: null,
  block: true,
  hidden: false
}
Token {
  type: 'heading_open',
  tag: 'h2',
  attrs: null,
  map: [ 15, 16 ],
  nesting: 1,
  level: 0,
  children: null,
  content: '',
  markup: '##',
  info: '',
  meta: null,
  block: true,
  hidden: false
}
Token {
  type: 'inline',
  tag: '',
  attrs: null,
  map: [ 15, 16 ],
  nesting: 0,
  level: 1,
  children: [
    Token {
      type: 'text',
      tag: '',
      attrs: null,
      map: null,
      nesting: 0,
      level: 0,
      children: null,
      content: '1. 前置说明',
      markup: '',
      info: '',
      meta: null,
      block: false,
      hidden: false
    }
  ],
  content: '1. 前置说明',
  markup: '',
  info: '',
  meta: null,
  block: true,
  hidden: false
}
Token {
  type: 'heading_close',
  tag: 'h2',
  attrs: null,
  map: null,
  nesting: -1,
  level: 0,
  children: null,
  content: '',
  markup: '##',
  info: '',
  meta: null,
  block: true,
  hidden: false
}
Token {
  type: 'bullet_list_open',
  tag: 'ul',
  attrs: null,
  map: [ 17, 24 ],
  nesting: 1,
  level: 0,
  children: null,
  content: '',
  markup: '-',
  info: '',
  meta: null,
  block: true,
  hidden: false
}
Token {
  type: 'list_item_open',
  tag: 'li',
  attrs: null,
  map: [ 17, 18 ],
  nesting: 1,
  level: 1,
  children: null,
  content: '',
  markup: '-',
  info: '',
  meta: null,
  block: true,
  hidden: false
}
Token {
  type: 'paragraph_open',
  tag: 'p',
  attrs: null,
  map: [ 17, 18 ],
  nesting: 1,
  level: 2,
  children: null,
  content: '',
  markup: '',
  info: '',
  meta: null,
  block: true,
  hidden: true
}
Token {
  type: 'inline',
  tag: '',
  attrs: null,
  map: [ 17, 18 ],
  nesting: 0,
  level: 3,
  children: [
    Token {
      type: 'text',
      tag: '',
      attrs: null,
      map: null,
      nesting: 0,
      level: 0,
      children: null,
      content: '操作系统：',
      markup: '',
      info: '',
      meta: null,
      block: false,
      hidden: false
    },
    Token {
      type: 'code_inline',
      tag: 'code',
      attrs: null,
      map: null,
      nesting: 0,
      level: 0,
      children: null,
      content: 'Debian 12.2',
      markup: '`',
      info: '',
      meta: null,
      block: false,
      hidden: false
    }
  ],
  content: '操作系统：`Debian 12.2`',
  markup: '',
  info: '',
  meta: null,
  block: true,
  hidden: false
}
Token {
  type: 'paragraph_close',
  tag: 'p',
  attrs: null,
  map: null,
  nesting: -1,
  level: 2,
  children: null,
  content: '',
  markup: '',
  info: '',
  meta: null,
  block: true,
  hidden: true
}
Token {
  type: 'list_item_close',
  tag: 'li',
  attrs: null,
  map: null,
  nesting: -1,
  level: 1,
  children: null,
  content: '',
  markup: '-',
  info: '',
  meta: null,
  block: true,
  hidden: false
}
Token {
  type: 'list_item_open',
  tag: 'li',
  attrs: null,
  map: [ 18, 22 ],
  nesting: 1,
  level: 1,
  children: null,
  content: '',
  markup: '-',
  info: '',
  meta: null,
  block: true,
  hidden: false
}
Token {
  type: 'paragraph_open',
  tag: 'p',
  attrs: null,
  map: [ 18, 19 ],
  nesting: 1,
  level: 2,
  children: null,
  content: '',
  markup: '',
  info: '',
  meta: null,
  block: true,
  hidden: true
}
Token {
  type: 'inline',
  tag: '',
  attrs: null,
  map: [ 18, 19 ],
  nesting: 0,
  level: 3,
  children: [
    Token {
      type: 'text',
      tag: '',
      attrs: null,
      map: null,
      nesting: 0,
      level: 0,
      children: null,
      content: '硬件：',
      markup: '',
      info: '',
      meta: null,
      block: false,
      hidden: false
    }
  ],
  content: '硬件：',
  markup: '',
  info: '',
  meta: null,
  block: true,
  hidden: false
}
Token {
  type: 'paragraph_close',
  tag: 'p',
  attrs: null,
  map: null,
  nesting: -1,
  level: 2,
  children: null,
  content: '',
  markup: '',
  info: '',
  meta: null,
  block: true,
  hidden: true
}
Token {
  type: 'bullet_list_open',
  tag: 'ul',
  attrs: null,
  map: [ 19, 22 ],
  nesting: 1,
  level: 2,
  children: null,
  content: '',
  markup: '-',
  info: '',
  meta: null,
  block: true,
  hidden: false
}
Token {
  type: 'list_item_open',
  tag: 'li',
  attrs: null,
  map: [ 19, 20 ],
  nesting: 1,
  level: 3,
  children: null,
  content: '',
  markup: '-',
  info: '',
  meta: null,
  block: true,
  hidden: false
}
Token {
  type: 'paragraph_open',
  tag: 'p',
  attrs: null,
  map: [ 19, 20 ],
  nesting: 1,
  level: 4,
  children: null,
  content: '',
  markup: '',
  info: '',
  meta: null,
  block: true,
  hidden: true
}
Token {
  type: 'inline',
  tag: '',
  attrs: null,
  map: [ 19, 20 ],
  nesting: 0,
  level: 5,
  children: [
    Token {
      type: 'text',
      tag: '',
      attrs: null,
      map: null,
      nesting: 0,
      level: 0,
      children: null,
      content: 'CPU：',
      markup: '',
      info: '',
      meta: null,
      block: false,
      hidden: false
    },
    Token {
      type: 'code_inline',
      tag: 'code',
      attrs: null,
      map: null,
      nesting: 0,
      level: 0,
      children: null,
      content: 'AMD APEC 7302',
      markup: '`',
      info: '',
      meta: null,
      block: false,
      hidden: false
    },
    Token {
      type: 'text',
      tag: '',
      attrs: null,
      map: null,
      nesting: 0,
      level: 0,
      children: null,
      content: ' * 2',
      markup: '',
      info: '',
      meta: null,
      block: false,
      hidden: false
    }
  ],
  content: 'CPU：`AMD APEC 7302` \\* 2',
  markup: '',
  info: '',
  meta: null,
  block: true,
  hidden: false
}
Token {
  type: 'paragraph_close',
  tag: 'p',
  attrs: null,
  map: null,
  nesting: -1,
  level: 4,
  children: null,
  content: '',
  markup: '',
  info: '',
  meta: null,
  block: true,
  hidden: true
}
Token {
  type: 'list_item_close',
  tag: 'li',
  attrs: null,
  map: null,
  nesting: -1,
  level: 3,
  children: null,
  content: '',
  markup: '-',
  info: '',
  meta: null,
  block: true,
  hidden: false
}
Token {
  type: 'list_item_open',
  tag: 'li',
  attrs: null,
  map: [ 20, 21 ],
  nesting: 1,
  level: 3,
  children: null,
  content: '',
  markup: '-',
  info: '',
  meta: null,
  block: true,
  hidden: false
}
Token {
  type: 'paragraph_open',
  tag: 'p',
  attrs: null,
  map: [ 20, 21 ],
  nesting: 1,
  level: 4,
  children: null,
  content: '',
  markup: '',
  info: '',
  meta: null,
  block: true,
  hidden: true
}
Token {
  type: 'inline',
  tag: '',
  attrs: null,
  map: [ 20, 21 ],
  nesting: 0,
  level: 5,
  children: [
    Token {
      type: 'text',
      tag: '',
      attrs: null,
      map: null,
      nesting: 0,
      level: 0,
      children: null,
      content: '固态：长江存储 ',
      markup: '',
      info: '',
      meta: null,
      block: false,
      hidden: false
    },
    Token {
      type: 'code_inline',
      tag: 'code',
      attrs: null,
      map: null,
      nesting: 0,
      level: 0,
      children: null,
      content: 'pcie 4.0',
      markup: '`',
      info: '',
      meta: null,
      block: false,
      hidden: false
    },
    Token {
      type: 'text',
      tag: '',
      attrs: null,
      map: null,
      nesting: 0,
      level: 0,
      children: null,
      content: '，容量为 ',
      markup: '',
      info: '',
      meta: null,
      block: false,
      hidden: false
    },
    Token {
      type: 'code_inline',
      tag: 'code',
      attrs: null,
      map: null,
      nesting: 0,
      level: 0,
      children: null,
      content: '2TiB',
      markup: '`',
      info: '',
      meta: null,
      block: false,
      hidden: false
    }
  ],
  content: '固态：长江存储 `pcie 4.0`，容量为 `2TiB`',
  markup: '',
  info: '',
  meta: null,
  block: true,
  hidden: false
}
Token {
  type: 'paragraph_close',
  tag: 'p',
  attrs: null,
  map: null,
  nesting: -1,
  level: 4,
  children: null,
  content: '',
  markup: '',
  info: '',
  meta: null,
  block: true,
  hidden: true
}
Token {
  type: 'list_item_close',
  tag: 'li',
  attrs: null,
  map: null,
  nesting: -1,
  level: 3,
  children: null,
  content: '',
  markup: '-',
  info: '',
  meta: null,
  block: true,
  hidden: false
}
Token {
  type: 'list_item_open',
  tag: 'li',
  attrs: null,
  map: [ 21, 22 ],
  nesting: 1,
  level: 3,
  children: null,
  content: '',
  markup: '-',
  info: '',
  meta: null,
  block: true,
  hidden: false
}
Token {
  type: 'paragraph_open',
  tag: 'p',
  attrs: null,
  map: [ 21, 22 ],
  nesting: 1,
  level: 4,
  children: null,
  content: '',
  markup: '',
  info: '',
  meta: null,
  block: true,
  hidden: true
}
Token {
  type: 'inline',
  tag: '',
  attrs: null,
  map: [ 21, 22 ],
  nesting: 0,
  level: 5,
  children: [
    Token {
      type: 'text',
      tag: '',
      attrs: null,
      map: null,
      nesting: 0,
      level: 0,
      children: null,
      content: '内存：',
      markup: '',
      info: '',
      meta: null,
      block: false,
      hidden: false
    },
    Token {
      type: 'code_inline',
      tag: 'code',
      attrs: null,
      map: null,
      nesting: 0,
      level: 0,
      children: null,
      content: '128GiB DDR3 ECC',
      markup: '`',
      info: '',
      meta: null,
      block: false,
      hidden: false
    },
    Token {
      type: 'text',
      tag: '',
      attrs: null,
      map: null,
      nesting: 0,
      level: 0,
      children: null,
      content: ' 内存',
      markup: '',
      info: '',
      meta: null,
      block: false,
      hidden: false
    }
  ],
  content: '内存：`128GiB DDR3 ECC` 内存',
  markup: '',
  info: '',
  meta: null,
  block: true,
  hidden: false
}
Token {
  type: 'paragraph_close',
  tag: 'p',
  attrs: null,
  map: null,
  nesting: -1,
  level: 4,
  children: null,
  content: '',
  markup: '',
  info: '',
  meta: null,
  block: true,
  hidden: true
}
Token {
  type: 'list_item_close',
  tag: 'li',
  attrs: null,
  map: null,
  nesting: -1,
  level: 3,
  children: null,
  content: '',
  markup: '-',
  info: '',
  meta: null,
  block: true,
  hidden: false
}
Token {
  type: 'bullet_list_close',
  tag: 'ul',
  attrs: null,
  map: null,
  nesting: -1,
  level: 2,
  children: null,
  content: '',
  markup: '-',
  info: '',
  meta: null,
  block: true,
  hidden: false
}
Token {
  type: 'list_item_close',
  tag: 'li',
  attrs: null,
  map: null,
  nesting: -1,
  level: 1,
  children: null,
  content: '',
  markup: '-',
  info: '',
  meta: null,
  block: true,
  hidden: false
}
Token {
  type: 'list_item_open',
  tag: 'li',
  attrs: null,
  map: [ 22, 24 ],
  nesting: 1,
  level: 1,
  children: null,
  content: '',
  markup: '-',
  info: '',
  meta: null,
  block: true,
  hidden: false
}
Token {
  type: 'paragraph_open',
  tag: 'p',
  attrs: null,
  map: [ 22, 23 ],
  nesting: 1,
  level: 2,
  children: null,
  content: '',
  markup: '',
  info: '',
  meta: null,
  block: true,
  hidden: true
}
Token {
  type: 'inline',
  tag: '',
  attrs: null,
  map: [ 22, 23 ],
  nesting: 0,
  level: 3,
  children: [
    Token {
      type: 'code_inline',
      tag: 'code',
      attrs: null,
      map: null,
      nesting: 0,
      level: 0,
      children: null,
      content: 'Mysql',
      markup: '`',
      info: '',
      meta: null,
      block: false,
      hidden: false
    },
    Token {
      type: 'text',
      tag: '',
      attrs: null,
      map: null,
      nesting: 0,
      level: 0,
      children: null,
      content: ' 版本为 ',
      markup: '',
      info: '',
      meta: null,
      block: false,
      hidden: false
    },
    Token {
      type: 'code_inline',
      tag: 'code',
      attrs: null,
      map: null,
      nesting: 0,
      level: 0,
      children: null,
      content: '9.0.0',
      markup: '`',
      info: '',
      meta: null,
      block: false,
      hidden: false
    }
  ],
  content: '`Mysql` 版本为 `9.0.0`',
  markup: '',
  info: '',
  meta: null,
  block: true,
  hidden: false
}
Token {
  type: 'paragraph_close',
  tag: 'p',
  attrs: null,
  map: null,
  nesting: -1,
  level: 2,
  children: null,
  content: '',
  markup: '',
  info: '',
  meta: null,
  block: true,
  hidden: true
}
Token {
  type: 'list_item_close',
  tag: 'li',
  attrs: null,
  map: null,
  nesting: -1,
  level: 1,
  children: null,
  content: '',
  markup: '-',
  info: '',
  meta: null,
  block: true,
  hidden: false
}
Token {
  type: 'bullet_list_close',
  tag: 'ul',
  attrs: null,
  map: null,
  nesting: -1,
  level: 0,
  children: null,
  content: '',
  markup: '-',
  info: '',
  meta: null,
  block: true,
  hidden: false
}
Token {
  type: 'hr',
  tag: 'hr',
  attrs: null,
  map: [ 24, 25 ],
  nesting: 0,
  level: 0,
  children: null,
  content: '',
  markup: '---',
  info: '',
  meta: null,
  block: true,
  hidden: false
}
Token {
  type: 'bullet_list_open',
  tag: 'ul',
  attrs: null,
  map: [ 26, 29 ],
  nesting: 1,
  level: 0,
  children: null,
  content: '',
  markup: '-',
  info: '',
  meta: null,
  block: true,
  hidden: false
}
Token {
  type: 'list_item_open',
  tag: 'li',
  attrs: null,
  map: [ 26, 27 ],
  nesting: 1,
  level: 1,
  children: null,
  content: '',
  markup: '-',
  info: '',
  meta: null,
  block: true,
  hidden: false
}
Token {
  type: 'paragraph_open',
  tag: 'p',
  attrs: null,
  map: [ 26, 27 ],
  nesting: 1,
  level: 2,
  children: null,
  content: '',
  markup: '',
  info: '',
  meta: null,
  block: true,
  hidden: true
}
Token {
  type: 'inline',
  tag: '',
  attrs: null,
  map: [ 26, 27 ],
  nesting: 0,
  level: 3,
  children: [
    Token {
      type: 'text',
      tag: '',
      attrs: null,
      map: null,
      nesting: 0,
      level: 0,
      children: null,
      content: '',
      markup: '',
      info: '',
      meta: null,
      block: false,
      hidden: false
    },
    Token {
      type: 'strong_open',
      tag: 'strong',
      attrs: null,
      map: null,
      nesting: 1,
      level: 0,
      children: null,
      content: '',
      markup: '**',
      info: '',
      meta: null,
      block: false,
      hidden: false
    },
    Token {
      type: 'text',
      tag: '',
      attrs: null,
      map: null,
      nesting: 0,
      level: 1,
      children: null,
      content: '此文档的目的在于编译、调试 ',
      markup: '',
      info: '',
      meta: null,
      block: false,
      hidden: false
    },
    Token {
      type: 'code_inline',
      tag: 'code',
      attrs: null,
      map: null,
      nesting: 0,
      level: 1,
      children: null,
      content: 'mysql',
      markup: '`',
      info: '',
      meta: null,
      block: false,
      hidden: false
    },
    Token {
      type: 'text',
      tag: '',
      attrs: null,
      map: null,
      nesting: 0,
      level: 1,
      children: null,
      content: ' 源码，并非部署可用服务',
      markup: '',
      info: '',
      meta: null,
      block: false,
      hidden: false
    },
    Token {
      type: 'strong_close',
      tag: 'strong',
      attrs: null,
      map: null,
      nesting: -1,
      level: 0,
      children: null,
      content: '',
      markup: '**',
      info: '',
      meta: null,
      block: false,
      hidden: false
    },
    Token {
      type: 'text',
      tag: '',
      attrs: null,
      map: null,
      nesting: 0,
      level: 0,
      children: null,
      content: '',
      markup: '',
      info: '',
      meta: null,
      block: false,
      hidden: false
    }
  ],
  content: '**此文档的目的在于编译、调试 `mysql` 源码，并非部署可用服务**',
  markup: '',
  info: '',
  meta: null,
  block: true,
  hidden: false
}
Token {
  type: 'paragraph_close',
  tag: 'p',
  attrs: null,
  map: null,
  nesting: -1,
  level: 2,
  children: null,
  content: '',
  markup: '',
  info: '',
  meta: null,
  block: true,
  hidden: true
}
Token {
  type: 'list_item_close',
  tag: 'li',
  attrs: null,
  map: null,
  nesting: -1,
  level: 1,
  children: null,
  content: '',
  markup: '-',
  info: '',
  meta: null,
  block: true,
  hidden: false
}
Token {
  type: 'list_item_open',
  tag: 'li',
  attrs: null,
  map: [ 27, 29 ],
  nesting: 1,
  level: 1,
  children: null,
  content: '',
  markup: '-',
  info: '',
  meta: null,
  block: true,
  hidden: false
}
Token {
  type: 'paragraph_open',
  tag: 'p',
  attrs: null,
  map: [ 27, 28 ],
  nesting: 1,
  level: 2,
  children: null,
  content: '',
  markup: '',
  info: '',
  meta: null,
  block: true,
  hidden: true
}
Token {
  type: 'inline',
  tag: '',
  attrs: null,
  map: [ 27, 28 ],
  nesting: 0,
  level: 3,
  children: [
    Token {
      type: 'text',
      tag: '',
      attrs: null,
      map: null,
      nesting: 0,
      level: 0,
      children: null,
      content: '整体安装过程平滑，没有明显的依赖缺失、冲突等。',
      markup: '',
      info: '',
      meta: null,
      block: false,
      hidden: false
    }
  ],
  content: '整体安装过程平滑，没有明显的依赖缺失、冲突等。',
  markup: '',
  info: '',
  meta: null,
  block: true,
  hidden: false
}
Token {
  type: 'paragraph_close',
  tag: 'p',
  attrs: null,
  map: null,
  nesting: -1,
  level: 2,
  children: null,
  content: '',
  markup: '',
  info: '',
  meta: null,
  block: true,
  hidden: true
}
Token {
  type: 'list_item_close',
  tag: 'li',
  attrs: null,
  map: null,
  nesting: -1,
  level: 1,
  children: null,
  content: '',
  markup: '-',
  info: '',
  meta: null,
  block: true,
  hidden: false
}
Token {
  type: 'bullet_list_close',
  tag: 'ul',
  attrs: null,
  map: null,
  nesting: -1,
  level: 0,
  children: null,
  content: '',
  markup: '-',
  info: '',
  meta: null,
  block: true,
  hidden: false
}
Token {
  type: 'heading_open',
  tag: 'h2',
  attrs: null,
  map: [ 29, 30 ],
  nesting: 1,
  level: 0,
  children: null,
  content: '',
  markup: '##',
  info: '',
  meta: null,
  block: true,
  hidden: false
}
Token {
  type: 'inline',
  tag: '',
  attrs: null,
  map: [ 29, 30 ],
  nesting: 0,
  level: 1,
  children: [
    Token {
      type: 'text',
      tag: '',
      attrs: null,
      map: null,
      nesting: 0,
      level: 0,
      children: null,
      content: '2. 构建流程',
      markup: '',
      info: '',
      meta: null,
      block: false,
      hidden: false
    }
  ],
  content: '2. 构建流程',
  markup: '',
  info: '',
  meta: null,
  block: true,
  hidden: false
}
Token {
  type: 'heading_close',
  tag: 'h2',
  attrs: null,
  map: null,
  nesting: -1,
  level: 0,
  children: null,
  content: '',
  markup: '##',
  info: '',
  meta: null,
  block: true,
  hidden: false
}
Token {
  type: 'heading_open',
  tag: 'h3',
  attrs: null,
  map: [ 31, 32 ],
  nesting: 1,
  level: 0,
  children: null,
  content: '',
  markup: '###',
  info: '',
  meta: null,
  block: true,
  hidden: false
}
Token {
  type: 'inline',
  tag: '',
  attrs: null,
  map: [ 31, 32 ],
  nesting: 0,
  level: 1,
  children: [
    Token {
      type: 'text',
      tag: '',
      attrs: null,
      map: null,
      nesting: 0,
      level: 0,
      children: null,
      content: '2.1 ',
      markup: '',
      info: '',
      meta: null,
      block: false,
      hidden: false
    },
    Token {
      type: 'code_inline',
      tag: 'code',
      attrs: null,
      map: null,
      nesting: 0,
      level: 0,
      children: null,
      content: 'git clone',
      markup: '`',
      info: '',
      meta: null,
      block: false,
      hidden: false
    }
  ],
  content: '2.1 `git clone`',
  markup: '',
  info: '',
  meta: null,
  block: true,
  hidden: false
}
Token {
  type: 'heading_close',
  tag: 'h3',
  attrs: null,
  map: null,
  nesting: -1,
  level: 0,
  children: null,
  content: '',
  markup: '###',
  info: '',
  meta: null,
  block: true,
  hidden: false
}
Token {
  type: 'fence',
  tag: 'code',
  attrs: null,
  map: [ 33, 40 ],
  nesting: 0,
  level: 0,
  children: null,
  content: '# clone\n' +
    'git clone git@github.com:mysql/mysql-server.git\n' +
    '\n' +
    '# cd to dir\n' +
    'cd mysql-server\n',
  markup: '```',
  info: 'sh',
  meta: null,
  block: true,
  hidden: false
}
Token {
  type: 'bullet_list_open',
  tag: 'ul',
  attrs: null,
  map: [ 41, 43 ],
  nesting: 1,
  level: 0,
  children: null,
  content: '',
  markup: '-',
  info: '',
  meta: null,
  block: true,
  hidden: false
}
Token {
  type: 'list_item_open',
  tag: 'li',
  attrs: null,
  map: [ 41, 43 ],
  nesting: 1,
  level: 1,
  children: null,
  content: '',
  markup: '-',
  info: '',
  meta: null,
  block: true,
  hidden: false
}
Token {
  type: 'paragraph_open',
  tag: 'p',
  attrs: null,
  map: [ 41, 42 ],
  nesting: 1,
  level: 2,
  children: null,
  content: '',
  markup: '',
  info: '',
  meta: null,
  block: true,
  hidden: true
}
Token {
  type: 'inline',
  tag: '',
  attrs: null,
  map: [ 41, 42 ],
  nesting: 0,
  level: 3,
  children: [
    Token {
      type: 'text',
      tag: '',
      attrs: null,
      map: null,
      nesting: 0,
      level: 0,
      children: null,
      content: '查看当前版本：',
      markup: '',
      info: '',
      meta: null,
      block: false,
      hidden: false
    }
  ],
  content: '查看当前版本：',
  markup: '',
  info: '',
  meta: null,
  block: true,
  hidden: false
}
Token {
  type: 'paragraph_close',
  tag: 'p',
  attrs: null,
  map: null,
  nesting: -1,
  level: 2,
  children: null,
  content: '',
  markup: '',
  info: '',
  meta: null,
  block: true,
  hidden: true
}
Token {
  type: 'list_item_close',
  tag: 'li',
  attrs: null,
  map: null,
  nesting: -1,
  level: 1,
  children: null,
  content: '',
  markup: '-',
  info: '',
  meta: null,
  block: true,
  hidden: false
}
Token {
  type: 'bullet_list_close',
  tag: 'ul',
  attrs: null,
  map: null,
  nesting: -1,
  level: 0,
  children: null,
  content: '',
  markup: '-',
  info: '',
  meta: null,
  block: true,
  hidden: false
}
Token {
  type: 'fence',
  tag: 'code',
  attrs: null,
  map: [ 43, 51 ],
  nesting: 0,
  level: 0,
  children: null,
  content: '# cat ./MYSQL_VERSION\n' +
    'MYSQL_VERSION_MAJOR=9\n' +
    'MYSQL_VERSION_MINOR=0\n' +
    'MYSQL_VERSION_PATCH=0\n' +
    'MYSQL_VERSION_EXTRA=\n' +
    'MYSQL_VERSION_MATURITY="INNOVATION"\n',
  markup: '```',
  info: 'sh',
  meta: null,
  block: true,
  hidden: false
}
Token {
  type: 'heading_open',
  tag: 'h3',
  attrs: null,
  map: [ 52, 53 ],
  nesting: 1,
  level: 0,
  children: null,
  content: '',
  markup: '###',
  info: '',
  meta: null,
  block: true,
  hidden: false
}
Token {
  type: 'inline',
  tag: '',
  attrs: null,
  map: [ 52, 53 ],
  nesting: 0,
  level: 1,
  children: [
    Token {
      type: 'text',
      tag: '',
      attrs: null,
      map: null,
      nesting: 0,
      level: 0,
      children: null,
      content: '2.2 安装必要依赖',
      markup: '',
      info: '',
      meta: null,
      block: false,
      hidden: false
    }
  ],
  content: '2.2 安装必要依赖',
  markup: '',
  info: '',
  meta: null,
  block: true,
  hidden: false
}
Token {
  type: 'heading_close',
  tag: 'h3',
  attrs: null,
  map: null,
  nesting: -1,
  level: 0,
  children: null,
  content: '',
  markup: '###',
  info: '',
  meta: null,
  block: true,
  hidden: false
}
Token {
  type: 'bullet_list_open',
  tag: 'ul',
  attrs: null,
  map: [ 54, 56 ],
  nesting: 1,
  level: 0,
  children: null,
  content: '',
  markup: '-',
  info: '',
  meta: null,
  block: true,
  hidden: false
}
Token {
  type: 'list_item_open',
  tag: 'li',
  attrs: null,
  map: [ 54, 56 ],
  nesting: 1,
  level: 1,
  children: null,
  content: '',
  markup: '-',
  info: '',
  meta: null,
  block: true,
  hidden: false
}
Token {
  type: 'paragraph_open',
  tag: 'p',
  attrs: null,
  map: [ 54, 55 ],
  nesting: 1,
  level: 2,
  children: null,
  content: '',
  markup: '',
  info: '',
  meta: null,
  block: true,
  hidden: true
}
Token {
  type: 'inline',
  tag: '',
  attrs: null,
  map: [ 54, 55 ],
  nesting: 0,
  level: 3,
  children: [
    Token {
      type: 'text',
      tag: '',
      attrs: null,
      map: null,
      nesting: 0,
      level: 0,
      children: null,
      content: '升级 ',
      markup: '',
      info: '',
      meta: null,
      block: false,
      hidden: false
    },
    Token {
      type: 'code_inline',
      tag: 'code',
      attrs: null,
      map: null,
      nesting: 0,
      level: 0,
      children: null,
      content: 'apt',
      markup: '`',
      info: '',
      meta: null,
      block: false,
      hidden: false
    },
    Token {
      type: 'text',
      tag: '',
      attrs: null,
      map: null,
      nesting: 0,
      level: 0,
      children: null,
      content: ' 包，并安装必要依赖',
      markup: '',
      info: '',
      meta: null,
      block: false,
      hidden: false
    }
  ],
  content: '升级 `apt` 包，并安装必要依赖',
  markup: '',
  info: '',
  meta: null,
  block: true,
  hidden: false
}
Token {
  type: 'paragraph_close',
  tag: 'p',
  attrs: null,
  map: null,
  nesting: -1,
  level: 2,
  children: null,
  content: '',
  markup: '',
  info: '',
  meta: null,
  block: true,
  hidden: true
}
Token {
  type: 'list_item_close',
  tag: 'li',
  attrs: null,
  map: null,
  nesting: -1,
  level: 1,
  children: null,
  content: '',
  markup: '-',
  info: '',
  meta: null,
  block: true,
  hidden: false
}
Token {
  type: 'bullet_list_close',
  tag: 'ul',
  attrs: null,
  map: null,
  nesting: -1,
  level: 0,
  children: null,
  content: '',
  markup: '-',
  info: '',
  meta: null,
  block: true,
  hidden: false
}
Token {
  type: 'fence',
  tag: 'code',
  attrs: null,
  map: [ 56, 62 ],
  nesting: 0,
  level: 0,
  children: null,
  content: 'sudo apt update\n' +
    '&& sudo apt install -y gcc g++ cmake pkg-config \\\n' +
    '   libssl1.1 libssl-dev \\\n' +
    '   libncurses5-dev libncursesw5-dev\n',
  markup: '```',
  info: 'sh',
  meta: null,
  block: true,
  hidden: false
}
Token {
  type: 'heading_open',
  tag: 'h3',
  attrs: null,
  map: [ 63, 64 ],
  nesting: 1,
  level: 0,
  children: null,
  content: '',
  markup: '###',
  info: '',
  meta: null,
  block: true,
  hidden: false
}
Token {
  type: 'inline',
  tag: '',
  attrs: null,
  map: [ 63, 64 ],
  nesting: 0,
  level: 1,
  children: [
    Token {
      type: 'text',
      tag: '',
      attrs: null,
      map: null,
      nesting: 0,
      level: 0,
      children: null,
      content: '2.3 编写 ',
      markup: '',
      info: '',
      meta: null,
      block: false,
      hidden: false
    },
    Token {
      type: 'code_inline',
      tag: 'code',
      attrs: null,
      map: null,
      nesting: 0,
      level: 0,
      children: null,
      content: 'cmake',
      markup: '`',
      info: '',
      meta: null,
      block: false,
      hidden: false
    },
    Token {
      type: 'text',
      tag: '',
      attrs: null,
      map: null,
      nesting: 0,
      level: 0,
      children: null,
      content: ' 脚本',
      markup: '',
      info: '',
      meta: null,
      block: false,
      hidden: false
    }
  ],
  content: '2.3 编写 `cmake` 脚本',
  markup: '',
  info: '',
  meta: null,
  block: true,
  hidden: false
}
Token {
  type: 'heading_close',
  tag: 'h3',
  attrs: null,
  map: null,
  nesting: -1,
  level: 0,
  children: null,
  content: '',
  markup: '###',
  info: '',
  meta: null,
  block: true,
  hidden: false
}
Token {
  type: 'bullet_list_open',
  tag: 'ul',
  attrs: null,
  map: [ 65, 67 ],
  nesting: 1,
  level: 0,
  children: null,
  content: '',
  markup: '-',
  info: '',
  meta: null,
  block: true,
  hidden: false
}
Token {
  type: 'list_item_open',
  tag: 'li',
  attrs: null,
  map: [ 65, 67 ],
  nesting: 1,
  level: 1,
  children: null,
  content: '',
  markup: '-',
  info: '',
  meta: null,
  block: true,
  hidden: false
}
Token {
  type: 'paragraph_open',
  tag: 'p',
  attrs: null,
  map: [ 65, 66 ],
  nesting: 1,
  level: 2,
  children: null,
  content: '',
  markup: '',
  info: '',
  meta: null,
  block: true,
  hidden: true
}
Token {
  type: 'inline',
  tag: '',
  attrs: null,
  map: [ 65, 66 ],
  nesting: 0,
  level: 3,
  children: [
    Token {
      type: 'text',
      tag: '',
      attrs: null,
      map: null,
      nesting: 0,
      level: 0,
      children: null,
      content: '首先，在项目一级目录下，创建 ',
      markup: '',
      info: '',
      meta: null,
      block: false,
      hidden: false
    },
    Token {
      type: 'code_inline',
      tag: 'code',
      attrs: null,
      map: null,
      nesting: 0,
      level: 0,
      children: null,
      content: 'build',
      markup: '`',
      info: '',
      meta: null,
      block: false,
      hidden: false
    },
    Token {
      type: 'text',
      tag: '',
      attrs: null,
      map: null,
      nesting: 0,
      level: 0,
      children: null,
      content: ' 目录',
      markup: '',
      info: '',
      meta: null,
      block: false,
      hidden: false
    }
  ],
  content: '首先，在项目一级目录下，创建 `build` 目录',
  markup: '',
  info: '',
  meta: null,
  block: true,
  hidden: false
}
Token {
  type: 'paragraph_close',
  tag: 'p',
  attrs: null,
  map: null,
  nesting: -1,
  level: 2,
  children: null,
  content: '',
  markup: '',
  info: '',
  meta: null,
  block: true,
  hidden: true
}
Token {
  type: 'list_item_close',
  tag: 'li',
  attrs: null,
  map: null,
  nesting: -1,
  level: 1,
  children: null,
  content: '',
  markup: '-',
  info: '',
  meta: null,
  block: true,
  hidden: false
}
Token {
  type: 'bullet_list_close',
  tag: 'ul',
  attrs: null,
  map: null,
  nesting: -1,
  level: 0,
  children: null,
  content: '',
  markup: '-',
  info: '',
  meta: null,
  block: true,
  hidden: false
}
Token {
  type: 'fence',
  tag: 'code',
  attrs: null,
  map: [ 67, 72 ],
  nesting: 0,
  level: 0,
  children: null,
  content: '# mkdir\n\nmkdir build && cd build\n',
  markup: '```',
  info: 'sh',
  meta: null,
  block: true,
  hidden: false
}
Token {
  type: 'bullet_list_open',
  tag: 'ul',
  attrs: null,
  map: [ 73, 75 ],
  nesting: 1,
  level: 0,
  children: null,
  content: '',
  markup: '-',
  info: '',
  meta: null,
  block: true,
  hidden: false
}
Token {
  type: 'list_item_open',
  tag: 'li',
  attrs: null,
  map: [ 73, 75 ],
  nesting: 1,
  level: 1,
  children: null,
  content: '',
  markup: '-',
  info: '',
  meta: null,
  block: true,
  hidden: false
}
Token {
  type: 'paragraph_open',
  tag: 'p',
  attrs: null,
  map: [ 73, 74 ],
  nesting: 1,
  level: 2,
  children: null,
  content: '',
  markup: '',
  info: '',
  meta: null,
  block: true,
  hidden: true
}
Token {
  type: 'inline',
  tag: '',
  attrs: null,
  map: [ 73, 74 ],
  nesting: 0,
  level: 3,
  children: [
    Token {
      type: 'text',
      tag: '',
      attrs: null,
      map: null,
      nesting: 0,
      level: 0,
      children: null,
      content: '在 ',
      markup: '',
      info: '',
      meta: null,
      block: false,
      hidden: false
    },
    Token {
      type: 'code_inline',
      tag: 'code',
      attrs: null,
      map: null,
      nesting: 0,
      level: 0,
      children: null,
      content: 'build',
      markup: '`',
      info: '',
      meta: null,
      block: false,
      hidden: false
    },
    Token {
      type: 'text',
      tag: '',
      attrs: null,
      map: null,
      nesting: 0,
      level: 0,
      children: null,
      content: ' 目录下，创建 ',
      markup: '',
      info: '',
      meta: null,
      block: false,
      hidden: false
    },
    Token {
      type: 'code_inline',
      tag: 'code',
      attrs: null,
      map: null,
      nesting: 0,
      level: 0,
      children: null,
      content: 'cmake_up.sh',
      markup: '`',
      info: '',
      meta: null,
      block: false,
      hidden: false
    },
    Token {
      type: 'text',
      tag: '',
      attrs: null,
      map: null,
      nesting: 0,
      level: 0,
      children: null,
      content: ' 脚本，用以便捷启动 ',
      markup: '',
      info: '',
      meta: null,
      block: false,
      hidden: false
    },
    Token {
      type: 'code_inline',
      tag: 'code',
      attrs: null,
      map: null,
      nesting: 0,
      level: 0,
      children: null,
      content: 'cmake',
      markup: '`',
      info: '',
      meta: null,
      block: false,
      hidden: false
    }
  ],
  content: '在 `build` 目录下，创建 `cmake_up.sh` 脚本，用以便捷启动 `cmake`',
  markup: '',
  info: '',
  meta: null,
  block: true,
  hidden: false
}
Token {
  type: 'paragraph_close',
  tag: 'p',
  attrs: null,
  map: null,
  nesting: -1,
  level: 2,
  children: null,
  content: '',
  markup: '',
  info: '',
  meta: null,
  block: true,
  hidden: true
}
Token {
  type: 'list_item_close',
  tag: 'li',
  attrs: null,
  map: null,
  nesting: -1,
  level: 1,
  children: null,
  content: '',
  markup: '-',
  info: '',
  meta: null,
  block: true,
  hidden: false
}
Token {
  type: 'bullet_list_close',
  tag: 'ul',
  attrs: null,
  map: null,
  nesting: -1,
  level: 0,
  children: null,
  content: '',
  markup: '-',
  info: '',
  meta: null,
  block: true,
  hidden: false
}
Token {
  type: 'fence',
  tag: 'code',
  attrs: null,
  map: [ 75, 140 ],
  nesting: 0,
  level: 0,
  children: null,
  content: '\n' +
    '# @/build/cmake_up.sh\n' +
    '#!/bin/bash\n' +
    '\n' +
    'function cmake_mysql_up {\n' +
    '\t# #指定mysql的安装路径\n' +
    '\t# -DCMAKE_INSTALL_PREFIX=/usr/local/mysql\n' +
    '\n' +
    '\t# #指定mysql进程监听套接字文件（数据库连接文件）的存储路径\n' +
    '\t# -DMYSQL_UNIX_ADDR=/usr/local/mysql/mysql.sock\n' +
    '\n' +
    '\t# #指定配置文件的存储路径\n' +
    '\t# -DSYSCONFDIR=/etc\n' +
    '\n' +
    '\t# #指定进程文件的存储路径\n' +
    '\t# -DSYSTEMD_PID_DIR=/usr/local/mysql\n' +
    '\n' +
    '\t# #指定默认使用的字符集编码，如utf8\n' +
    '\t# -DDEFAULT_CHARSET=utf8\n' +
    '\n' +
    '\t# #指定默认使用的字符集校对规则\n' +
    '\t# -DDEFAULT_COLLATION=utf8_general_ci\n' +
    '\n' +
    '\t# #安装INNOBASE存储引擎\n' +
    '\t# -DWITH_INNOBASE_STORAGE_ENGINE=1\n' +
    '\n' +
    '\t# #安装ARCHIVE存储引擎\n' +
    '\t# -DWITH_ARCHIVE_STORAGE_ENGINE=1\n' +
    '\n' +
    '\t# #安装BLACKHOLE存储引擎\n' +
    '\t# -DWITH_BLACKHOLE_STORAGE_ENGINE=1\n' +
    '\n' +
    '\t# #安装FEDERATED存储引擎\n' +
    '\t# -DWITH_PERFSCHEMA_STORAGE_ENGINE=1\n' +
    '\n' +
    '\t# #指定数据库文件的存储路径\n' +
    '\t# -DMYSQL_DATADIR=/usr/local/mysql/data\n' +
    '\n' +
    '\t# #指定boost的路径，\n' +
    '\t# -DWITH_BOOST=boost\n' +
    '\n' +
    '\t# #生成便于systemctl管理的文件\n' +
    '\t# -DWITH_SYSTEMD=1\n' +
    '\n' +
    '\tsudo cmake .. -DCMAKE_INSTALL_PREFIX=/opt/mysql-source-code/mysql \\\n' +
    '\t\t-DSYSTEMD_PID_DIR=/opt/mysql-source-code/mysql \\\n' +
    '\t\t-DMYSQL_DATADIR=/opt/mysql-source-code/mysql-data \\\n' +
    '\t\t-DWITH_INNOBASE_STORAGE_ENGINE=1 \\\n' +
    '\t\t-DWITH_DEBUG=1 \\\n' +
    '\t\t-DSYSCONFDIR=/opt/mysql-source-code/mysql-config \\\n' +
    '\t\t-DMYSQL_TCP_PORT=3316 \\\n' +
    '\t\t-DWITH_BOOST=/opt/mysql-source-code/boost \\\n' +
    '\t\t-DCMAKE_CXX_COMPILER=/usr/bin/g++ \\\n' +
    '\t\t-DFORCE_INSOURCE_BUILD=0 \\\n' +
    '\t\t-DDOWNLOAD_BOOST=1 \\\n' +
    '\t\t-DHAVE_DTRACE=1 \\\n' +
    '\t\t-DMYSQL_UNIX_ADDR=/opt/mysql-source-code/mysql/mysql.sock \\\n' +
    '\t\t-DWITH_SYSTEMD=0 \\\n' +
    '\t\t-DDEFAULT_CHARSET=utf8 \\\n' +
    '\t\t-DDEFAULT_COLLATION=utf8_general_ci\n' +
    '}\n' +
    '\n' +
    'cmake_mysql_up\n',
  markup: '```',
  info: 'sh',
  meta: null,
  block: true,
  hidden: false
}
Token {
  type: 'bullet_list_open',
  tag: 'ul',
  attrs: null,
  map: [ 141, 143 ],
  nesting: 1,
  level: 0,
  children: null,
  content: '',
  markup: '-',
  info: '',
  meta: null,
  block: true,
  hidden: false
}
Token {
  type: 'list_item_open',
  tag: 'li',
  attrs: null,
  map: [ 141, 143 ],
  nesting: 1,
  level: 1,
  children: null,
  content: '',
  markup: '-',
  info: '',
  meta: null,
  block: true,
  hidden: false
}
Token {
  type: 'paragraph_open',
  tag: 'p',
  attrs: null,
  map: [ 141, 142 ],
  nesting: 1,
  level: 2,
  children: null,
  content: '',
  markup: '',
  info: '',
  meta: null,
  block: true,
  hidden: true
}
Token {
  type: 'inline',
  tag: '',
  attrs: null,
  map: [ 141, 142 ],
  nesting: 0,
  level: 3,
  children: [
    Token {
      type: 'text',
      tag: '',
      attrs: null,
      map: null,
      nesting: 0,
      level: 0,
      children: null,
      content: '该脚本的目的，在于',
      markup: '',
      info: '',
      meta: null,
      block: false,
      hidden: false
    },
    Token {
      type: 'strong_open',
      tag: 'strong',
      attrs: null,
      map: null,
      nesting: 1,
      level: 0,
      children: null,
      content: '',
      markup: '**',
      info: '',
      meta: null,
      block: false,
      hidden: false
    },
    Token {
      type: 'text',
      tag: '',
      attrs: null,
      map: null,
      nesting: 0,
      level: 1,
      children: null,
      content: '有记录地',
      markup: '',
      info: '',
      meta: null,
      block: false,
      hidden: false
    },
    Token {
      type: 'strong_close',
      tag: 'strong',
      attrs: null,
      map: null,
      nesting: -1,
      level: 0,
      children: null,
      content: '',
      markup: '**',
      info: '',
      meta: null,
      block: false,
      hidden: false
    },
    Token {
      type: 'text',
      tag: '',
      attrs: null,
      map: null,
      nesting: 0,
      level: 0,
      children: null,
      content: '启动 ',
      markup: '',
      info: '',
      meta: null,
      block: false,
      hidden: false
    },
    Token {
      type: 'code_inline',
      tag: 'code',
      attrs: null,
      map: null,
      nesting: 0,
      level: 0,
      children: null,
      content: 'cmake',
      markup: '`',
      info: '',
      meta: null,
      block: false,
      hidden: false
    }
  ],
  content: '该脚本的目的，在于**有记录地**启动 `cmake`',
  markup: '',
  info: '',
  meta: null,
  block: true,
  hidden: false
}
Token {
  type: 'paragraph_close',
  tag: 'p',
  attrs: null,
  map: null,
  nesting: -1,
  level: 2,
  children: null,
  content: '',
  markup: '',
  info: '',
  meta: null,
  block: true,
  hidden: true
}
Token {
  type: 'list_item_close',
  tag: 'li',
  attrs: null,
  map: null,
  nesting: -1,
  level: 1,
  children: null,
  content: '',
  markup: '-',
  info: '',
  meta: null,
  block: true,
  hidden: false
}
Token {
  type: 'bullet_list_close',
  tag: 'ul',
  attrs: null,
  map: null,
  nesting: -1,
  level: 0,
  children: null,
  content: '',
  markup: '-',
  info: '',
  meta: null,
  block: true,
  hidden: false
}
Token {
  type: 'heading_open',
  tag: 'h3',
  attrs: null,
  map: [ 143, 144 ],
  nesting: 1,
  level: 0,
  children: null,
  content: '',
  markup: '###',
  info: '',
  meta: null,
  block: true,
  hidden: false
}
Token {
  type: 'inline',
  tag: '',
  attrs: null,
  map: [ 143, 144 ],
  nesting: 0,
  level: 1,
  children: [
    Token {
      type: 'text',
      tag: '',
      attrs: null,
      map: null,
      nesting: 0,
      level: 0,
      children: null,
      content: '2.4 通过 ',
      markup: '',
      info: '',
      meta: null,
      block: false,
      hidden: false
    },
    Token {
      type: 'code_inline',
      tag: 'code',
      attrs: null,
      map: null,
      nesting: 0,
      level: 0,
      children: null,
      content: 'cmake',
      markup: '`',
      info: '',
      meta: null,
      block: false,
      hidden: false
    },
    Token {
      type: 'text',
      tag: '',
      attrs: null,
      map: null,
      nesting: 0,
      level: 0,
      children: null,
      content: ' 构建 ',
      markup: '',
      info: '',
      meta: null,
      block: false,
      hidden: false
    },
    Token {
      type: 'code_inline',
      tag: 'code',
      attrs: null,
      map: null,
      nesting: 0,
      level: 0,
      children: null,
      content: 'makefile',
      markup: '`',
      info: '',
      meta: null,
      block: false,
      hidden: false
    }
  ],
  content: '2.4 通过 `cmake` 构建 `makefile`',
  markup: '',
  info: '',
  meta: null,
  block: true,
  hidden: false
}
Token {
  type: 'heading_close',
  tag: 'h3',
  attrs: null,
  map: null,
  nesting: -1,
  level: 0,
  children: null,
  content: '',
  markup: '###',
  info: '',
  meta: null,
  block: true,
  hidden: false
}
Token {
  type: 'bullet_list_open',
  tag: 'ul',
  attrs: null,
  map: [ 145, 147 ],
  nesting: 1,
  level: 0,
  children: null,
  content: '',
  markup: '-',
  info: '',
  meta: null,
  block: true,
  hidden: false
}
Token {
  type: 'list_item_open',
  tag: 'li',
  attrs: null,
  map: [ 145, 147 ],
  nesting: 1,
  level: 1,
  children: null,
  content: '',
  markup: '-',
  info: '',
  meta: null,
  block: true,
  hidden: false
}
Token {
  type: 'paragraph_open',
  tag: 'p',
  attrs: null,
  map: [ 145, 146 ],
  nesting: 1,
  level: 2,
  children: null,
  content: '',
  markup: '',
  info: '',
  meta: null,
  block: true,
  hidden: true
}
Token {
  type: 'inline',
  tag: '',
  attrs: null,
  map: [ 145, 146 ],
  nesting: 0,
  level: 3,
  children: [
    Token {
      type: 'text',
      tag: '',
      attrs: null,
      map: null,
      nesting: 0,
      level: 0,
      children: null,
      content: '执行 ',
      markup: '',
      info: '',
      meta: null,
      block: false,
      hidden: false
    },
    Token {
      type: 'code_inline',
      tag: 'code',
      attrs: null,
      map: null,
      nesting: 0,
      level: 0,
      children: null,
      content: 'build/cmake_up.sh',
      markup: '`',
      info: '',
      meta: null,
      block: false,
      hidden: false
    },
    Token {
      type: 'text',
      tag: '',
      attrs: null,
      map: null,
      nesting: 0,
      level: 0,
      children: null,
      content: ' 即可',
      markup: '',
      info: '',
      meta: null,
      block: false,
      hidden: false
    }
  ],
  content: '执行 `build/cmake_up.sh` 即可',
  markup: '',
  info: '',
  meta: null,
  block: true,
  hidden: false
}
Token {
  type: 'paragraph_close',
  tag: 'p',
  attrs: null,
  map: null,
  nesting: -1,
  level: 2,
  children: null,
  content: '',
  markup: '',
  info: '',
  meta: null,
  block: true,
  hidden: true
}
Token {
  type: 'list_item_close',
  tag: 'li',
  attrs: null,
  map: null,
  nesting: -1,
  level: 1,
  children: null,
  content: '',
  markup: '-',
  info: '',
  meta: null,
  block: true,
  hidden: false
}
Token {
  type: 'bullet_list_close',
  tag: 'ul',
  attrs: null,
  map: null,
  nesting: -1,
  level: 0,
  children: null,
  content: '',
  markup: '-',
  info: '',
  meta: null,
  block: true,
  hidden: false
}
Token {
  type: 'fence',
  tag: 'code',
  attrs: null,
  map: [ 147, 150 ],
  nesting: 0,
  level: 0,
  children: null,
  content: 'sudo bash ./cmake_up.sh\n',
  markup: '```',
  info: 'sh',
  meta: null,
  block: true,
  hidden: false
}
Token {
  type: 'bullet_list_open',
  tag: 'ul',
  attrs: null,
  map: [ 151, 154 ],
  nesting: 1,
  level: 0,
  children: null,
  content: '',
  markup: '-',
  info: '',
  meta: null,
  block: true,
  hidden: false
}
Token {
  type: 'list_item_open',
  tag: 'li',
  attrs: null,
  map: [ 151, 152 ],
  nesting: 1,
  level: 1,
  children: null,
  content: '',
  markup: '-',
  info: '',
  meta: null,
  block: true,
  hidden: false
}
Token {
  type: 'paragraph_open',
  tag: 'p',
  attrs: null,
  map: [ 151, 152 ],
  nesting: 1,
  level: 2,
  children: null,
  content: '',
  markup: '',
  info: '',
  meta: null,
  block: true,
  hidden: true
}
Token {
  type: 'inline',
  tag: '',
  attrs: null,
  map: [ 151, 152 ],
  nesting: 0,
  level: 3,
  children: [
    Token {
      type: 'text',
      tag: '',
      attrs: null,
      map: null,
      nesting: 0,
      level: 0,
      children: null,
      content: '这一步目的在于，构建出必要的 ',
      markup: '',
      info: '',
      meta: null,
      block: false,
      hidden: false
    },
    Token {
      type: 'code_inline',
      tag: 'code',
      attrs: null,
      map: null,
      nesting: 0,
      level: 0,
      children: null,
      content: 'makefile',
      markup: '`',
      info: '',
      meta: null,
      block: false,
      hidden: false
    },
    Token {
      type: 'text',
      tag: '',
      attrs: null,
      map: null,
      nesting: 0,
      level: 0,
      children: null,
      content: '，只是起到中间桥梁的作用，并非真正执行编译。',
      markup: '',
      info: '',
      meta: null,
      block: false,
      hidden: false
    }
  ],
  content: '这一步目的在于，构建出必要的 `makefile`，只是起到中间桥梁的作用，并非真正执行编译。',
  markup: '',
  info: '',
  meta: null,
  block: true,
  hidden: false
}
Token {
  type: 'paragraph_close',
  tag: 'p',
  attrs: null,
  map: null,
  nesting: -1,
  level: 2,
  children: null,
  content: '',
  markup: '',
  info: '',
  meta: null,
  block: true,
  hidden: true
}
Token {
  type: 'list_item_close',
  tag: 'li',
  attrs: null,
  map: null,
  nesting: -1,
  level: 1,
  children: null,
  content: '',
  markup: '-',
  info: '',
  meta: null,
  block: true,
  hidden: false
}
Token {
  type: 'list_item_open',
  tag: 'li',
  attrs: null,
  map: [ 152, 154 ],
  nesting: 1,
  level: 1,
  children: null,
  content: '',
  markup: '-',
  info: '',
  meta: null,
  block: true,
  hidden: false
}
Token {
  type: 'paragraph_open',
  tag: 'p',
  attrs: null,
  map: [ 152, 153 ],
  nesting: 1,
  level: 2,
  children: null,
  content: '',
  markup: '',
  info: '',
  meta: null,
  block: true,
  hidden: true
}
Token {
  type: 'inline',
  tag: '',
  attrs: null,
  map: [ 152, 153 ],
  nesting: 0,
  level: 3,
  children: [
    Token {
      type: 'text',
      tag: '',
      attrs: null,
      map: null,
      nesting: 0,
      level: 0,
      children: null,
      content: '此步骤耗时大约 1 分钟左右。',
      markup: '',
      info: '',
      meta: null,
      block: false,
      hidden: false
    }
  ],
  content: '此步骤耗时大约 1 分钟左右。',
  markup: '',
  info: '',
  meta: null,
  block: true,
  hidden: false
}
Token {
  type: 'paragraph_close',
  tag: 'p',
  attrs: null,
  map: null,
  nesting: -1,
  level: 2,
  children: null,
  content: '',
  markup: '',
  info: '',
  meta: null,
  block: true,
  hidden: true
}
Token {
  type: 'list_item_close',
  tag: 'li',
  attrs: null,
  map: null,
  nesting: -1,
  level: 1,
  children: null,
  content: '',
  markup: '-',
  info: '',
  meta: null,
  block: true,
  hidden: false
}
Token {
  type: 'bullet_list_close',
  tag: 'ul',
  attrs: null,
  map: null,
  nesting: -1,
  level: 0,
  children: null,
  content: '',
  markup: '-',
  info: '',
  meta: null,
  block: true,
  hidden: false
}
Token {
  type: 'heading_open',
  tag: 'h3',
  attrs: null,
  map: [ 154, 155 ],
  nesting: 1,
  level: 0,
  children: null,
  content: '',
  markup: '###',
  info: '',
  meta: null,
  block: true,
  hidden: false
}
Token {
  type: 'inline',
  tag: '',
  attrs: null,
  map: [ 154, 155 ],
  nesting: 0,
  level: 1,
  children: [
    Token {
      type: 'text',
      tag: '',
      attrs: null,
      map: null,
      nesting: 0,
      level: 0,
      children: null,
      content: '2.5 通过 ',
      markup: '',
      info: '',
      meta: null,
      block: false,
      hidden: false
    },
    Token {
      type: 'code_inline',
      tag: 'code',
      attrs: null,
      map: null,
      nesting: 0,
      level: 0,
      children: null,
      content: 'makefile',
      markup: '`',
      info: '',
      meta: null,
      block: false,
      hidden: false
    },
    Token {
      type: 'text',
      tag: '',
      attrs: null,
      map: null,
      nesting: 0,
      level: 0,
      children: null,
      content: ' 构建二进制文件',
      markup: '',
      info: '',
      meta: null,
      block: false,
      hidden: false
    }
  ],
  content: '2.5 通过 `makefile` 构建二进制文件',
  markup: '',
  info: '',
  meta: null,
  block: true,
  hidden: false
}
Token {
  type: 'heading_close',
  tag: 'h3',
  attrs: null,
  map: null,
  nesting: -1,
  level: 0,
  children: null,
  content: '',
  markup: '###',
  info: '',
  meta: null,
  block: true,
  hidden: false
}
Token {
  type: 'bullet_list_open',
  tag: 'ul',
  attrs: null,
  map: [ 156, 158 ],
  nesting: 1,
  level: 0,
  children: null,
  content: '',
  markup: '-',
  info: '',
  meta: null,
  block: true,
  hidden: false
}
Token {
  type: 'list_item_open',
  tag: 'li',
  attrs: null,
  map: [ 156, 158 ],
  nesting: 1,
  level: 1,
  children: null,
  content: '',
  markup: '-',
  info: '',
  meta: null,
  block: true,
  hidden: false
}
Token {
  type: 'paragraph_open',
  tag: 'p',
  attrs: null,
  map: [ 156, 157 ],
  nesting: 1,
  level: 2,
  children: null,
  content: '',
  markup: '',
  info: '',
  meta: null,
  block: true,
  hidden: true
}
Token {
  type: 'inline',
  tag: '',
  attrs: null,
  map: [ 156, 157 ],
  nesting: 0,
  level: 3,
  children: [
    Token {
      type: 'text',
      tag: '',
      attrs: null,
      map: null,
      nesting: 0,
      level: 0,
      children: null,
      content: '现在，可以看到 ',
      markup: '',
      info: '',
      meta: null,
      block: false,
      hidden: false
    },
    Token {
      type: 'code_inline',
      tag: 'code',
      attrs: null,
      map: null,
      nesting: 0,
      level: 0,
      children: null,
      content: 'build',
      markup: '`',
      info: '',
      meta: null,
      block: false,
      hidden: false
    },
    Token {
      type: 'text',
      tag: '',
      attrs: null,
      map: null,
      nesting: 0,
      level: 0,
      children: null,
      content: ' 目录下已经有了一系列文件。',
      markup: '',
      info: '',
      meta: null,
      block: false,
      hidden: false
    }
  ],
  content: '现在，可以看到 `build` 目录下已经有了一系列文件。',
  markup: '',
  info: '',
  meta: null,
  block: true,
  hidden: false
}
Token {
  type: 'paragraph_close',
  tag: 'p',
  attrs: null,
  map: null,
  nesting: -1,
  level: 2,
  children: null,
  content: '',
  markup: '',
  info: '',
  meta: null,
  block: true,
  hidden: true
}
Token {
  type: 'list_item_close',
  tag: 'li',
  attrs: null,
  map: null,
  nesting: -1,
  level: 1,
  children: null,
  content: '',
  markup: '-',
  info: '',
  meta: null,
  block: true,
  hidden: false
}
Token {
  type: 'bullet_list_close',
  tag: 'ul',
  attrs: null,
  map: null,
  nesting: -1,
  level: 0,
  children: null,
  content: '',
  markup: '-',
  info: '',
  meta: null,
  block: true,
  hidden: false
}
Token {
  type: 'fence',
  tag: 'code',
  attrs: null,
  map: [ 158, 217 ],
  nesting: 0,
  level: 0,
  children: null,
  content: '#  pwd && tree . -L 1\n' +
    '# /home/albert/remote-codespace/from-github/db/mysql-server/build\n' +
    '.\n' +
    '├── abi_check.out\n' +
    '├── archive_output_directory\n' +
    '├── bin -> ./runtime_output_directory\n' +
    '├── client\n' +
    '├── CMakeCache.txt\n' +
    '├── CMakeFiles\n' +
    '├── cmake_install.cmake\n' +
    '├── cmake_up.sh\n' +
    '├── components\n' +
    '├── CPackConfig.cmake\n' +
    '├── CPackSourceConfig.cmake\n' +
    '├── CTestTestfile.cmake\n' +
    '├── DartConfiguration.tcl\n' +
    '├── debian\n' +
    '├── Docs\n' +
    '├── extra\n' +
    '├── icudt73l.lnk\n' +
    '├── include\n' +
    '├── info_macros.cmake\n' +
    '├── install_manifest.txt\n' +
    '├── lib -> ./library_output_directory\n' +
    '├── libchangestreams\n' +
    '├── libgmock.a\n' +
    '├── libgmock_main.a\n' +
    '├── libgtest.a\n' +
    '├── libgtest_main.a\n' +
    '├── libmysql\n' +
    '├── library_output_directory\n' +
    '├── libs\n' +
    '├── libservices\n' +
    '├── make_dist.cmake\n' +
    '├── Makefile   # 此文件就是编译依赖的真正管理者\n' +
    '├── man\n' +
    '├── mysql-test\n' +
    '├── mysys\n' +
    '├── packaging\n' +
    '├── plugin\n' +
    '├── plugin_output_directory\n' +
    '├── router\n' +
    '├── runtime_output_directory\n' +
    '├── scripts\n' +
    '├── server_unittest_library_dummy.c\n' +
    '├── share\n' +
    '├── sql\n' +
    '├── sql-common\n' +
    '├── storage\n' +
    '├── strings\n' +
    '├── support-files\n' +
    '├── testclients\n' +
    '├── Testing\n' +
    '├── unittest\n' +
    '├── utilities\n' +
    '├── VERSION.dep\n' +
    '└── vio\n',
  markup: '```',
  info: 'sh',
  meta: null,
  block: true,
  hidden: false
}
Token {
  type: 'bullet_list_open',
  tag: 'ul',
  attrs: null,
  map: [ 218, 221 ],
  nesting: 1,
  level: 0,
  children: null,
  content: '',
  markup: '-',
  info: '',
  meta: null,
  block: true,
  hidden: false
}
Token {
  type: 'list_item_open',
  tag: 'li',
  attrs: null,
  map: [ 218, 219 ],
  nesting: 1,
  level: 1,
  children: null,
  content: '',
  markup: '-',
  info: '',
  meta: null,
  block: true,
  hidden: false
}
Token {
  type: 'paragraph_open',
  tag: 'p',
  attrs: null,
  map: [ 218, 219 ],
  nesting: 1,
  level: 2,
  children: null,
  content: '',
  markup: '',
  info: '',
  meta: null,
  block: true,
  hidden: true
}
Token {
  type: 'inline',
  tag: '',
  attrs: null,
  map: [ 218, 219 ],
  nesting: 0,
  level: 3,
  children: [
    Token {
      type: 'text',
      tag: '',
      attrs: null,
      map: null,
      nesting: 0,
      level: 0,
      children: null,
      content: '可以看到，已经出现了 ',
      markup: '',
      info: '',
      meta: null,
      block: false,
      hidden: false
    },
    Token {
      type: 'code_inline',
      tag: 'code',
      attrs: null,
      map: null,
      nesting: 0,
      level: 0,
      children: null,
      content: 'makefile',
      markup: '`',
      info: '',
      meta: null,
      block: false,
      hidden: false
    },
    Token {
      type: 'text',
      tag: '',
      attrs: null,
      map: null,
      nesting: 0,
      level: 0,
      children: null,
      content: ', 此文件就是编译依赖的真正管理者。',
      markup: '',
      info: '',
      meta: null,
      block: false,
      hidden: false
    }
  ],
  content: '可以看到，已经出现了 `makefile`, 此文件就是编译依赖的真正管理者。',
  markup: '',
  info: '',
  meta: null,
  block: true,
  hidden: false
}
Token {
  type: 'paragraph_close',
  tag: 'p',
  attrs: null,
  map: null,
  nesting: -1,
  level: 2,
  children: null,
  content: '',
  markup: '',
  info: '',
  meta: null,
  block: true,
  hidden: true
}
Token {
  type: 'list_item_close',
  tag: 'li',
  attrs: null,
  map: null,
  nesting: -1,
  level: 1,
  children: null,
  content: '',
  markup: '-',
  info: '',
  meta: null,
  block: true,
  hidden: false
}
Token {
  type: 'list_item_open',
  tag: 'li',
  attrs: null,
  map: [ 219, 221 ],
  nesting: 1,
  level: 1,
  children: null,
  content: '',
  markup: '-',
  info: '',
  meta: null,
  block: true,
  hidden: false
}
Token {
  type: 'paragraph_open',
  tag: 'p',
  attrs: null,
  map: [ 219, 220 ],
  nesting: 1,
  level: 2,
  children: null,
  content: '',
  markup: '',
  info: '',
  meta: null,
  block: true,
  hidden: true
}
Token {
  type: 'inline',
  tag: '',
  attrs: null,
  map: [ 219, 220 ],
  nesting: 0,
  level: 3,
  children: [
    Token {
      type: 'text',
      tag: '',
      attrs: null,
      map: null,
      nesting: 0,
      level: 0,
      children: null,
      content: '执行编译命令，使用 ',
      markup: '',
      info: '',
      meta: null,
      block: false,
      hidden: false
    },
    Token {
      type: 'code_inline',
      tag: 'code',
      attrs: null,
      map: null,
      nesting: 0,
      level: 0,
      children: null,
      content: '48',
      markup: '`',
      info: '',
      meta: null,
      block: false,
      hidden: false
    },
    Token {
      type: 'text',
      tag: '',
      attrs: null,
      map: null,
      nesting: 0,
      level: 0,
      children: null,
      content: ' 个线程来编译，总耗时大约 ',
      markup: '',
      info: '',
      meta: null,
      block: false,
      hidden: false
    },
    Token {
      type: 'code_inline',
      tag: 'code',
      attrs: null,
      map: null,
      nesting: 0,
      level: 0,
      children: null,
      content: '4',
      markup: '`',
      info: '',
      meta: null,
      block: false,
      hidden: false
    },
    Token {
      type: 'text',
      tag: '',
      attrs: null,
      map: null,
      nesting: 0,
      level: 0,
      children: null,
      content: ' 分钟左右。',
      markup: '',
      info: '',
      meta: null,
      block: false,
      hidden: false
    }
  ],
  content: '执行编译命令，使用 `48` 个线程来编译，总耗时大约 `4` 分钟左右。',
  markup: '',
  info: '',
  meta: null,
  block: true,
  hidden: false
}
Token {
  type: 'paragraph_close',
  tag: 'p',
  attrs: null,
  map: null,
  nesting: -1,
  level: 2,
  children: null,
  content: '',
  markup: '',
  info: '',
  meta: null,
  block: true,
  hidden: true
}
Token {
  type: 'list_item_close',
  tag: 'li',
  attrs: null,
  map: null,
  nesting: -1,
  level: 1,
  children: null,
  content: '',
  markup: '-',
  info: '',
  meta: null,
  block: true,
  hidden: false
}
Token {
  type: 'bullet_list_close',
  tag: 'ul',
  attrs: null,
  map: null,
  nesting: -1,
  level: 0,
  children: null,
  content: '',
  markup: '-',
  info: '',
  meta: null,
  block: true,
  hidden: false
}
Token {
  type: 'fence',
  tag: 'code',
  attrs: null,
  map: [ 221, 224 ],
  nesting: 0,
  level: 0,
  children: null,
  content: 'suod make install -j 48\n',
  markup: '```',
  info: 'sh',
  meta: null,
  block: true,
  hidden: false
}
Token {
  type: 'bullet_list_open',
  tag: 'ul',
  attrs: null,
  map: [ 225, 227 ],
  nesting: 1,
  level: 0,
  children: null,
  content: '',
  markup: '-',
  info: '',
  meta: null,
  block: true,
  hidden: false
}
Token {
  type: 'list_item_open',
  tag: 'li',
  attrs: null,
  map: [ 225, 227 ],
  nesting: 1,
  level: 1,
  children: null,
  content: '',
  markup: '-',
  info: '',
  meta: null,
  block: true,
  hidden: false
}
Token {
  type: 'paragraph_open',
  tag: 'p',
  attrs: null,
  map: [ 225, 226 ],
  nesting: 1,
  level: 2,
  children: null,
  content: '',
  markup: '',
  info: '',
  meta: null,
  block: true,
  hidden: true
}
Token {
  type: 'inline',
  tag: '',
  attrs: null,
  map: [ 225, 226 ],
  nesting: 0,
  level: 3,
  children: [
    Token {
      type: 'text',
      tag: '',
      attrs: null,
      map: null,
      nesting: 0,
      level: 0,
      children: null,
      content: '执行成功，在 ',
      markup: '',
      info: '',
      meta: null,
      block: false,
      hidden: false
    },
    Token {
      type: 'code_inline',
      tag: 'code',
      attrs: null,
      map: null,
      nesting: 0,
      level: 0,
      children: null,
      content: '/opt/mysql-source-code/',
      markup: '`',
      info: '',
      meta: null,
      block: false,
      hidden: false
    },
    Token {
      type: 'text',
      tag: '',
      attrs: null,
      map: null,
      nesting: 0,
      level: 0,
      children: null,
      content: ' 目录下创建目录，至如下状态：',
      markup: '',
      info: '',
      meta: null,
      block: false,
      hidden: false
    }
  ],
  content: '执行成功，在 `/opt/mysql-source-code/` 目录下创建目录，至如下状态：',
  markup: '',
  info: '',
  meta: null,
  block: true,
  hidden: false
}
Token {
  type: 'paragraph_close',
  tag: 'p',
  attrs: null,
  map: null,
  nesting: -1,
  level: 2,
  children: null,
  content: '',
  markup: '',
  info: '',
  meta: null,
  block: true,
  hidden: true
}
Token {
  type: 'list_item_close',
  tag: 'li',
  attrs: null,
  map: null,
  nesting: -1,
  level: 1,
  children: null,
  content: '',
  markup: '-',
  info: '',
  meta: null,
  block: true,
  hidden: false
}
Token {
  type: 'bullet_list_close',
  tag: 'ul',
  attrs: null,
  map: null,
  nesting: -1,
  level: 0,
  children: null,
  content: '',
  markup: '-',
  info: '',
  meta: null,
  block: true,
  hidden: false
}
Token {
  type: 'fence',
  tag: 'code',
  attrs: null,
  map: [ 227, 239 ],
  nesting: 0,
  level: 0,
  children: null,
  content: '# pwd:/opt/mysql-source-code\n' +
    '# tree . -L 1\n' +
    '.\n' +
    '├── mysql\n' +
    '├── mysql-config\n' +
    '├── mysql-data\n' +
    '├── mysql-log\n' +
    '├── mysql-pid\n' +
    '├── mysql-socket\n' +
    '└── tmp\n',
  markup: '```',
  info: 'sh',
  meta: null,
  block: true,
  hidden: false
}
Token {
  type: 'bullet_list_open',
  tag: 'ul',
  attrs: null,
  map: [ 240, 242 ],
  nesting: 1,
  level: 0,
  children: null,
  content: '',
  markup: '-',
  info: '',
  meta: null,
  block: true,
  hidden: false
}
Token {
  type: 'list_item_open',
  tag: 'li',
  attrs: null,
  map: [ 240, 242 ],
  nesting: 1,
  level: 1,
  children: null,
  content: '',
  markup: '-',
  info: '',
  meta: null,
  block: true,
  hidden: false
}
Token {
  type: 'paragraph_open',
  tag: 'p',
  attrs: null,
  map: [ 240, 241 ],
  nesting: 1,
  level: 2,
  children: null,
  content: '',
  markup: '',
  info: '',
  meta: null,
  block: true,
  hidden: true
}
Token {
  type: 'inline',
  tag: '',
  attrs: null,
  map: [ 240, 241 ],
  nesting: 0,
  level: 3,
  children: [
    Token {
      type: 'text',
      tag: '',
      attrs: null,
      map: null,
      nesting: 0,
      level: 0,
      children: null,
      content: '基本的思想，运行态所需要的一切文件，都放置在 ',
      markup: '',
      info: '',
      meta: null,
      block: false,
      hidden: false
    },
    Token {
      type: 'code_inline',
      tag: 'code',
      attrs: null,
      map: null,
      nesting: 0,
      level: 0,
      children: null,
      content: '/opt/mysql-source-code',
      markup: '`',
      info: '',
      meta: null,
      block: false,
      hidden: false
    },
    Token {
      type: 'text',
      tag: '',
      attrs: null,
      map: null,
      nesting: 0,
      level: 0,
      children: null,
      content: ' 目录下。',
      markup: '',
      info: '',
      meta: null,
      block: false,
      hidden: false
    }
  ],
  content: '基本的思想，运行态所需要的一切文件，都放置在 `/opt/mysql-source-code` 目录下。',
  markup: '',
  info: '',
  meta: null,
  block: true,
  hidden: false
}
Token {
  type: 'paragraph_close',
  tag: 'p',
  attrs: null,
  map: null,
  nesting: -1,
  level: 2,
  children: null,
  content: '',
  markup: '',
  info: '',
  meta: null,
  block: true,
  hidden: true
}
Token {
  type: 'list_item_close',
  tag: 'li',
  attrs: null,
  map: null,
  nesting: -1,
  level: 1,
  children: null,
  content: '',
  markup: '-',
  info: '',
  meta: null,
  block: true,
  hidden: false
}
Token {
  type: 'bullet_list_close',
  tag: 'ul',
  attrs: null,
  map: null,
  nesting: -1,
  level: 0,
  children: null,
  content: '',
  markup: '-',
  info: '',
  meta: null,
  block: true,
  hidden: false
}
Token {
  type: 'heading_open',
  tag: 'h2',
  attrs: null,
  map: [ 242, 243 ],
  nesting: 1,
  level: 0,
  children: null,
  content: '',
  markup: '##',
  info: '',
  meta: null,
  block: true,
  hidden: false
}
Token {
  type: 'inline',
  tag: '',
  attrs: null,
  map: [ 242, 243 ],
  nesting: 0,
  level: 1,
  children: [
    Token {
      type: 'text',
      tag: '',
      attrs: null,
      map: null,
      nesting: 0,
      level: 0,
      children: null,
      content: '3. 启动流程',
      markup: '',
      info: '',
      meta: null,
      block: false,
      hidden: false
    }
  ],
  content: '3. 启动流程',
  markup: '',
  info: '',
  meta: null,
  block: true,
  hidden: false
}
Token {
  type: 'heading_close',
  tag: 'h2',
  attrs: null,
  map: null,
  nesting: -1,
  level: 0,
  children: null,
  content: '',
  markup: '##',
  info: '',
  meta: null,
  block: true,
  hidden: false
}
Token {
  type: 'heading_open',
  tag: 'h3',
  attrs: null,
  map: [ 244, 245 ],
  nesting: 1,
  level: 0,
  children: null,
  content: '',
  markup: '###',
  info: '',
  meta: null,
  block: true,
  hidden: false
}
Token {
  type: 'inline',
  tag: '',
  attrs: null,
  map: [ 244, 245 ],
  nesting: 0,
  level: 1,
  children: [
    Token {
      type: 'text',
      tag: '',
      attrs: null,
      map: null,
      nesting: 0,
      level: 0,
      children: null,
      content: '3.1 创建配置文件',
      markup: '',
      info: '',
      meta: null,
      block: false,
      hidden: false
    }
  ],
  content: '3.1 创建配置文件',
  markup: '',
  info: '',
  meta: null,
  block: true,
  hidden: false
}
Token {
  type: 'heading_close',
  tag: 'h3',
  attrs: null,
  map: null,
  nesting: -1,
  level: 0,
  children: null,
  content: '',
  markup: '###',
  info: '',
  meta: null,
  block: true,
  hidden: false
}
Token {
  type: 'bullet_list_open',
  tag: 'ul',
  attrs: null,
  map: [ 246, 248 ],
  nesting: 1,
  level: 0,
  children: null,
  content: '',
  markup: '-',
  info: '',
  meta: null,
  block: true,
  hidden: false
}
Token {
  type: 'list_item_open',
  tag: 'li',
  attrs: null,
  map: [ 246, 248 ],
  nesting: 1,
  level: 1,
  children: null,
  content: '',
  markup: '-',
  info: '',
  meta: null,
  block: true,
  hidden: false
}
Token {
  type: 'paragraph_open',
  tag: 'p',
  attrs: null,
  map: [ 246, 247 ],
  nesting: 1,
  level: 2,
  children: null,
  content: '',
  markup: '',
  info: '',
  meta: null,
  block: true,
  hidden: true
}
Token {
  type: 'inline',
  tag: '',
  attrs: null,
  map: [ 246, 247 ],
  nesting: 0,
  level: 3,
  children: [
    Token {
      type: 'text',
      tag: '',
      attrs: null,
      map: null,
      nesting: 0,
      level: 0,
      children: null,
      content: '创建 ',
      markup: '',
      info: '',
      meta: null,
      block: false,
      hidden: false
    },
    Token {
      type: 'code_inline',
      tag: 'code',
      attrs: null,
      map: null,
      nesting: 0,
      level: 0,
      children: null,
      content: '/opt/mysql-source-code/mysql-config/my.cnf',
      markup: '`',
      info: '',
      meta: null,
      block: false,
      hidden: false
    },
    Token {
      type: 'text',
      tag: '',
      attrs: null,
      map: null,
      nesting: 0,
      level: 0,
      children: null,
      content: '，并编辑：',
      markup: '',
      info: '',
      meta: null,
      block: false,
      hidden: false
    }
  ],
  content: '创建 `/opt/mysql-source-code/mysql-config/my.cnf`，并编辑：',
  markup: '',
  info: '',
  meta: null,
  block: true,
  hidden: false
}
Token {
  type: 'paragraph_close',
  tag: 'p',
  attrs: null,
  map: null,
  nesting: -1,
  level: 2,
  children: null,
  content: '',
  markup: '',
  info: '',
  meta: null,
  block: true,
  hidden: true
}
Token {
  type: 'list_item_close',
  tag: 'li',
  attrs: null,
  map: null,
  nesting: -1,
  level: 1,
  children: null,
  content: '',
  markup: '-',
  info: '',
  meta: null,
  block: true,
  hidden: false
}
Token {
  type: 'bullet_list_close',
  tag: 'ul',
  attrs: null,
  map: null,
  nesting: -1,
  level: 0,
  children: null,
  content: '',
  markup: '-',
  info: '',
  meta: null,
  block: true,
  hidden: false
}
Token {
  type: 'fence',
  tag: 'code',
  attrs: null,
  map: [ 248, 271 ],
  nesting: 0,
  level: 0,
  children: null,
  content: '[client]\n' +
    'port = 3306\n' +
    'socket = /opt/mysql-source-code/mysql-socket/mysql.sock\n' +
    'default-character-set=utf8mb4\n' +
    '\n' +
    '[mysql]\n' +
    'default-character-set=utf8mb4\n' +
    '\n' +
    '[mysqld]\n' +
    'bind-address = 0.0.0.0\n' +
    'user = root\n' +
    'port = 3306\n' +
    'basedir = /opt/mysql-source-code/\n' +
    'datadir = /opt/mysql-source-code/mysql-data\n' +
    'tmpdir = /opt/mysql-source-code/tmp\n' +
    'pid-file = /opt/mysql-source-code/mysql-pid/mysqld.pid\n' +
    'log-error = /opt/mysql-source-code/mysql-log/error.log\n' +
    'socket = /opt/mysql-source-code/mysql-socket/mysql.sock\n' +
    'default-storage-engine = innodb\n' +
    'character-set-server=utf8mb4\n' +
    'collation-server=utf8mb4_general_ci\n',
  markup: '```',
  info: 'ini',
  meta: null,
  block: true,
  hidden: false
}
Token {
  type: 'bullet_list_open',
  tag: 'ul',
  attrs: null,
  map: [ 272, 274 ],
  nesting: 1,
  level: 0,
  children: null,
  content: '',
  markup: '-',
  info: '',
  meta: null,
  block: true,
  hidden: false
}
Token {
  type: 'list_item_open',
  tag: 'li',
  attrs: null,
  map: [ 272, 274 ],
  nesting: 1,
  level: 1,
  children: null,
  content: '',
  markup: '-',
  info: '',
  meta: null,
  block: true,
  hidden: false
}
Token {
  type: 'paragraph_open',
  tag: 'p',
  attrs: null,
  map: [ 272, 273 ],
  nesting: 1,
  level: 2,
  children: null,
  content: '',
  markup: '',
  info: '',
  meta: null,
  block: true,
  hidden: true
}
Token {
  type: 'inline',
  tag: '',
  attrs: null,
  map: [ 272, 273 ],
  nesting: 0,
  level: 3,
  children: [
    Token {
      type: 'text',
      tag: '',
      attrs: null,
      map: null,
      nesting: 0,
      level: 0,
      children: null,
      content: '注意：',
      markup: '',
      info: '',
      meta: null,
      block: false,
      hidden: false
    },
    Token {
      type: 'code_inline',
      tag: 'code',
      attrs: null,
      map: null,
      nesting: 0,
      level: 0,
      children: null,
      content: 'client',
      markup: '`',
      info: '',
      meta: null,
      block: false,
      hidden: false
    },
    Token {
      type: 'text',
      tag: '',
      attrs: null,
      map: null,
      nesting: 0,
      level: 0,
      children: null,
      content: ' 和 ',
      markup: '',
      info: '',
      meta: null,
      block: false,
      hidden: false
    },
    Token {
      type: 'code_inline',
      tag: 'code',
      attrs: null,
      map: null,
      nesting: 0,
      level: 0,
      children: null,
      content: 'mysqld',
      markup: '`',
      info: '',
      meta: null,
      block: false,
      hidden: false
    },
    Token {
      type: 'text',
      tag: '',
      attrs: null,
      map: null,
      nesting: 0,
      level: 0,
      children: null,
      content: ' 的读写 ',
      markup: '',
      info: '',
      meta: null,
      block: false,
      hidden: false
    },
    Token {
      type: 'code_inline',
      tag: 'code',
      attrs: null,
      map: null,
      nesting: 0,
      level: 0,
      children: null,
      content: 'socket',
      markup: '`',
      info: '',
      meta: null,
      block: false,
      hidden: false
    },
    Token {
      type: 'text',
      tag: '',
      attrs: null,
      map: null,
      nesting: 0,
      level: 0,
      children: null,
      content: ' 目录需要一致',
      markup: '',
      info: '',
      meta: null,
      block: false,
      hidden: false
    }
  ],
  content: '注意：`client` 和 `mysqld` 的读写 `socket` 目录需要一致',
  markup: '',
  info: '',
  meta: null,
  block: true,
  hidden: false
}
Token {
  type: 'paragraph_close',
  tag: 'p',
  attrs: null,
  map: null,
  nesting: -1,
  level: 2,
  children: null,
  content: '',
  markup: '',
  info: '',
  meta: null,
  block: true,
  hidden: true
}
Token {
  type: 'list_item_close',
  tag: 'li',
  attrs: null,
  map: null,
  nesting: -1,
  level: 1,
  children: null,
  content: '',
  markup: '-',
  info: '',
  meta: null,
  block: true,
  hidden: false
}
Token {
  type: 'bullet_list_close',
  tag: 'ul',
  attrs: null,
  map: null,
  nesting: -1,
  level: 0,
  children: null,
  content: '',
  markup: '-',
  info: '',
  meta: null,
  block: true,
  hidden: false
}
Token {
  type: 'heading_open',
  tag: 'h3',
  attrs: null,
  map: [ 274, 275 ],
  nesting: 1,
  level: 0,
  children: null,
  content: '',
  markup: '###',
  info: '',
  meta: null,
  block: true,
  hidden: false
}
Token {
  type: 'inline',
  tag: '',
  attrs: null,
  map: [ 274, 275 ],
  nesting: 0,
  level: 1,
  children: [
    Token {
      type: 'text',
      tag: '',
      attrs: null,
      map: null,
      nesting: 0,
      level: 0,
      children: null,
      content: '3.2 ',
      markup: '',
      info: '',
      meta: null,
      block: false,
      hidden: false
    },
    Token {
      type: 'code_inline',
      tag: 'code',
      attrs: null,
      map: null,
      nesting: 0,
      level: 0,
      children: null,
      content: 'init',
      markup: '`',
      info: '',
      meta: null,
      block: false,
      hidden: false
    },
    Token {
      type: 'text',
      tag: '',
      attrs: null,
      map: null,
      nesting: 0,
      level: 0,
      children: null,
      content: ' 初始配置',
      markup: '',
      info: '',
      meta: null,
      block: false,
      hidden: false
    }
  ],
  content: '3.2 `init` 初始配置',
  markup: '',
  info: '',
  meta: null,
  block: true,
  hidden: false
}
Token {
  type: 'heading_close',
  tag: 'h3',
  attrs: null,
  map: null,
  nesting: -1,
  level: 0,
  children: null,
  content: '',
  markup: '###',
  info: '',
  meta: null,
  block: true,
  hidden: false
}
Token {
  type: 'bullet_list_open',
  tag: 'ul',
  attrs: null,
  map: [ 276, 278 ],
  nesting: 1,
  level: 0,
  children: null,
  content: '',
  markup: '-',
  info: '',
  meta: null,
  block: true,
  hidden: false
}
Token {
  type: 'list_item_open',
  tag: 'li',
  attrs: null,
  map: [ 276, 278 ],
  nesting: 1,
  level: 1,
  children: null,
  content: '',
  markup: '-',
  info: '',
  meta: null,
  block: true,
  hidden: false
}
Token {
  type: 'paragraph_open',
  tag: 'p',
  attrs: null,
  map: [ 276, 277 ],
  nesting: 1,
  level: 2,
  children: null,
  content: '',
  markup: '',
  info: '',
  meta: null,
  block: true,
  hidden: true
}
Token {
  type: 'inline',
  tag: '',
  attrs: null,
  map: [ 276, 277 ],
  nesting: 0,
  level: 3,
  children: [
    Token {
      type: 'text',
      tag: '',
      attrs: null,
      map: null,
      nesting: 0,
      level: 0,
      children: null,
      content: '执行如下命令，启动 ',
      markup: '',
      info: '',
      meta: null,
      block: false,
      hidden: false
    },
    Token {
      type: 'code_inline',
      tag: 'code',
      attrs: null,
      map: null,
      nesting: 0,
      level: 0,
      children: null,
      content: 'mysqld',
      markup: '`',
      info: '',
      meta: null,
      block: false,
      hidden: false
    },
    Token {
      type: 'text',
      tag: '',
      attrs: null,
      map: null,
      nesting: 0,
      level: 0,
      children: null,
      content: ' 服务端。',
      markup: '',
      info: '',
      meta: null,
      block: false,
      hidden: false
    }
  ],
  content: '执行如下命令，启动 `mysqld` 服务端。',
  markup: '',
  info: '',
  meta: null,
  block: true,
  hidden: false
}
Token {
  type: 'paragraph_close',
  tag: 'p',
  attrs: null,
  map: null,
  nesting: -1,
  level: 2,
  children: null,
  content: '',
  markup: '',
  info: '',
  meta: null,
  block: true,
  hidden: true
}
Token {
  type: 'list_item_close',
  tag: 'li',
  attrs: null,
  map: null,
  nesting: -1,
  level: 1,
  children: null,
  content: '',
  markup: '-',
  info: '',
  meta: null,
  block: true,
  hidden: false
}
Token {
  type: 'bullet_list_close',
  tag: 'ul',
  attrs: null,
  map: null,
  nesting: -1,
  level: 0,
  children: null,
  content: '',
  markup: '-',
  info: '',
  meta: null,
  block: true,
  hidden: false
}
Token {
  type: 'fence',
  tag: 'code',
  attrs: null,
  map: [ 278, 286 ],
  nesting: 0,
  level: 0,
  children: null,
  content: 'cd opt/mysql-source-code/mysql/bin\n' +
    '\n' +
    '# init\n' +
    'sudo ./mysqld --defaults-file=/opt/mysql-source-code/mysql-config/my.cnf \\\n' +
    '  --initialize-insecure \\\n' +
    '  --user=root\n',
  markup: '```',
  info: 'sh',
  meta: null,
  block: true,
  hidden: false
}
Token {
  type: 'bullet_list_open',
  tag: 'ul',
  attrs: null,
  map: [ 287, 290 ],
  nesting: 1,
  level: 0,
  children: null,
  content: '',
  markup: '-',
  info: '',
  meta: null,
  block: true,
  hidden: false
}
Token {
  type: 'list_item_open',
  tag: 'li',
  attrs: null,
  map: [ 287, 288 ],
  nesting: 1,
  level: 1,
  children: null,
  content: '',
  markup: '-',
  info: '',
  meta: null,
  block: true,
  hidden: false
}
Token {
  type: 'paragraph_open',
  tag: 'p',
  attrs: null,
  map: [ 287, 288 ],
  nesting: 1,
  level: 2,
  children: null,
  content: '',
  markup: '',
  info: '',
  meta: null,
  block: true,
  hidden: true
}
Token {
  type: 'inline',
  tag: '',
  attrs: null,
  map: [ 287, 288 ],
  nesting: 0,
  level: 3,
  children: [
    Token {
      type: 'text',
      tag: '',
      attrs: null,
      map: null,
      nesting: 0,
      level: 0,
      children: null,
      content: '此处直接使用 ',
      markup: '',
      info: '',
      meta: null,
      block: false,
      hidden: false
    },
    Token {
      type: 'code_inline',
      tag: 'code',
      attrs: null,
      map: null,
      nesting: 0,
      level: 0,
      children: null,
      content: '--initialize-insecure',
      markup: '`',
      info: '',
      meta: null,
      block: false,
      hidden: false
    },
    Token {
      type: 'text',
      tag: '',
      attrs: null,
      map: null,
      nesting: 0,
      level: 0,
      children: null,
      content: '，非安全模式启动，后面把密码改掉即可。',
      markup: '',
      info: '',
      meta: null,
      block: false,
      hidden: false
    }
  ],
  content: '此处直接使用 `--initialize-insecure`，非安全模式启动，后面把密码改掉即可。',
  markup: '',
  info: '',
  meta: null,
  block: true,
  hidden: false
}
Token {
  type: 'paragraph_close',
  tag: 'p',
  attrs: null,
  map: null,
  nesting: -1,
  level: 2,
  children: null,
  content: '',
  markup: '',
  info: '',
  meta: null,
  block: true,
  hidden: true
}
Token {
  type: 'list_item_close',
  tag: 'li',
  attrs: null,
  map: null,
  nesting: -1,
  level: 1,
  children: null,
  content: '',
  markup: '-',
  info: '',
  meta: null,
  block: true,
  hidden: false
}
Token {
  type: 'list_item_open',
  tag: 'li',
  attrs: null,
  map: [ 288, 290 ],
  nesting: 1,
  level: 1,
  children: null,
  content: '',
  markup: '-',
  info: '',
  meta: null,
  block: true,
  hidden: false
}
Token {
  type: 'paragraph_open',
  tag: 'p',
  attrs: null,
  map: [ 288, 289 ],
  nesting: 1,
  level: 2,
  children: null,
  content: '',
  markup: '',
  info: '',
  meta: null,
  block: true,
  hidden: true
}
Token {
  type: 'inline',
  tag: '',
  attrs: null,
  map: [ 288, 289 ],
  nesting: 0,
  level: 3,
  children: [
    Token {
      type: 'text',
      tag: '',
      attrs: null,
      map: null,
      nesting: 0,
      level: 0,
      children: null,
      content: '初始化成功之后，即可在 ',
      markup: '',
      info: '',
      meta: null,
      block: false,
      hidden: false
    },
    Token {
      type: 'code_inline',
      tag: 'code',
      attrs: null,
      map: null,
      nesting: 0,
      level: 0,
      children: null,
      content: 'opt/mysql-source-code/mysql-data',
      markup: '`',
      info: '',
      meta: null,
      block: false,
      hidden: false
    },
    Token {
      type: 'text',
      tag: '',
      attrs: null,
      map: null,
      nesting: 0,
      level: 0,
      children: null,
      content: ' 下看到有写入的文件。',
      markup: '',
      info: '',
      meta: null,
      block: false,
      hidden: false
    }
  ],
  content: '初始化成功之后，即可在 `opt/mysql-source-code/mysql-data` 下看到有写入的文件。',
  markup: '',
  info: '',
  meta: null,
  block: true,
  hidden: false
}
Token {
  type: 'paragraph_close',
  tag: 'p',
  attrs: null,
  map: null,
  nesting: -1,
  level: 2,
  children: null,
  content: '',
  markup: '',
  info: '',
  meta: null,
  block: true,
  hidden: true
}
Token {
  type: 'list_item_close',
  tag: 'li',
  attrs: null,
  map: null,
  nesting: -1,
  level: 1,
  children: null,
  content: '',
  markup: '-',
  info: '',
  meta: null,
  block: true,
  hidden: false
}
Token {
  type: 'bullet_list_close',
  tag: 'ul',
  attrs: null,
  map: null,
  nesting: -1,
  level: 0,
  children: null,
  content: '',
  markup: '-',
  info: '',
  meta: null,
  block: true,
  hidden: false
}
Token {
  type: 'heading_open',
  tag: 'h3',
  attrs: null,
  map: [ 290, 291 ],
  nesting: 1,
  level: 0,
  children: null,
  content: '',
  markup: '###',
  info: '',
  meta: null,
  block: true,
  hidden: false
}
Token {
  type: 'inline',
  tag: '',
  attrs: null,
  map: [ 290, 291 ],
  nesting: 0,
  level: 1,
  children: [
    Token {
      type: 'text',
      tag: '',
      attrs: null,
      map: null,
      nesting: 0,
      level: 0,
      children: null,
      content: '3.3 启动和关闭',
      markup: '',
      info: '',
      meta: null,
      block: false,
      hidden: false
    }
  ],
  content: '3.3 启动和关闭',
  markup: '',
  info: '',
  meta: null,
  block: true,
  hidden: false
}
Token {
  type: 'heading_close',
  tag: 'h3',
  attrs: null,
  map: null,
  nesting: -1,
  level: 0,
  children: null,
  content: '',
  markup: '###',
  info: '',
  meta: null,
  block: true,
  hidden: false
}
Token {
  type: 'bullet_list_open',
  tag: 'ul',
  attrs: null,
  map: [ 292, 295 ],
  nesting: 1,
  level: 0,
  children: null,
  content: '',
  markup: '-',
  info: '',
  meta: null,
  block: true,
  hidden: false
}
Token {
  type: 'list_item_open',
  tag: 'li',
  attrs: null,
  map: [ 292, 293 ],
  nesting: 1,
  level: 1,
  children: null,
  content: '',
  markup: '-',
  info: '',
  meta: null,
  block: true,
  hidden: false
}
Token {
  type: 'paragraph_open',
  tag: 'p',
  attrs: null,
  map: [ 292, 293 ],
  nesting: 1,
  level: 2,
  children: null,
  content: '',
  markup: '',
  info: '',
  meta: null,
  block: true,
  hidden: true
}
Token {
  type: 'inline',
  tag: '',
  attrs: null,
  map: [ 292, 293 ],
  nesting: 0,
  level: 3,
  children: [
    Token {
      type: 'text',
      tag: '',
      attrs: null,
      map: null,
      nesting: 0,
      level: 0,
      children: null,
      content: '在 ',
      markup: '',
      info: '',
      meta: null,
      block: false,
      hidden: false
    },
    Token {
      type: 'code_inline',
      tag: 'code',
      attrs: null,
      map: null,
      nesting: 0,
      level: 0,
      children: null,
      content: '/opt/mysql-source-code/mysql/bin',
      markup: '`',
      info: '',
      meta: null,
      block: false,
      hidden: false
    },
    Token {
      type: 'text',
      tag: '',
      attrs: null,
      map: null,
      nesting: 0,
      level: 0,
      children: null,
      content: ' 目录下，可以同时看到 ',
      markup: '',
      info: '',
      meta: null,
      block: false,
      hidden: false
    },
    Token {
      type: 'code_inline',
      tag: 'code',
      attrs: null,
      map: null,
      nesting: 0,
      level: 0,
      children: null,
      content: 'mysqld',
      markup: '`',
      info: '',
      meta: null,
      block: false,
      hidden: false
    },
    Token {
      type: 'text',
      tag: '',
      attrs: null,
      map: null,
      nesting: 0,
      level: 0,
      children: null,
      content: ' 和 ',
      markup: '',
      info: '',
      meta: null,
      block: false,
      hidden: false
    },
    Token {
      type: 'code_inline',
      tag: 'code',
      attrs: null,
      map: null,
      nesting: 0,
      level: 0,
      children: null,
      content: 'mysqld_safe',
      markup: '`',
      info: '',
      meta: null,
      block: false,
      hidden: false
    },
    Token {
      type: 'text',
      tag: '',
      attrs: null,
      map: null,
      nesting: 0,
      level: 0,
      children: null,
      content: ' 两个文件。实际上，',
      markup: '',
      info: '',
      meta: null,
      block: false,
      hidden: false
    },
    Token {
      type: 'code_inline',
      tag: 'code',
      attrs: null,
      map: null,
      nesting: 0,
      level: 0,
      children: null,
      content: 'mysqld_safe',
      markup: '`',
      info: '',
      meta: null,
      block: false,
      hidden: false
    },
    Token {
      type: 'text',
      tag: '',
      attrs: null,
      map: null,
      nesting: 0,
      level: 0,
      children: null,
      content: ' 是 ',
      markup: '',
      info: '',
      meta: null,
      block: false,
      hidden: false
    },
    Token {
      type: 'code_inline',
      tag: 'code',
      attrs: null,
      map: null,
      nesting: 0,
      level: 0,
      children: null,
      content: 'shell',
      markup: '`',
      info: '',
      meta: null,
      block: false,
      hidden: false
    },
    Token {
      type: 'text',
      tag: '',
      attrs: null,
      map: null,
      nesting: 0,
      level: 0,
      children: null,
      content: ' 脚本，是用来启动 ',
      markup: '',
      info: '',
      meta: null,
      block: false,
      hidden: false
    },
    Token {
      type: 'code_inline',
      tag: 'code',
      attrs: null,
      map: null,
      nesting: 0,
      level: 0,
      children: null,
      content: 'mysqld',
      markup: '`',
      info: '',
      meta: null,
      block: false,
      hidden: false
    },
    Token {
      type: 'text',
      tag: '',
      attrs: null,
      map: null,
      nesting: 0,
      level: 0,
      children: null,
      content: ' 的，有重启等等功能，通过 ',
      markup: '',
      info: '',
      meta: null,
      block: false,
      hidden: false
    },
    Token {
      type: 'code_inline',
      tag: 'code',
      attrs: null,
      map: null,
      nesting: 0,
      level: 0,
      children: null,
      content: 'mysqld_safe',
      markup: '`',
      info: '',
      meta: null,
      block: false,
      hidden: false
    },
    Token {
      type: 'text',
      tag: '',
      attrs: null,
      map: null,
      nesting: 0,
      level: 0,
      children: null,
      content: ' 启动相对来说更好一些。',
      markup: '',
      info: '',
      meta: null,
      block: false,
      hidden: false
    }
  ],
  content: '在 `/opt/mysql-source-code/mysql/bin` 目录下，可以同时看到 `mysqld` 和 `mysqld_safe` 两个文件。实际上，`mysqld_safe` 是 `shell` 脚本，是用来启动 `mysqld` 的，有重启等等功能，通过 `mysqld_safe` 启动相对来说更好一些。',
  markup: '',
  info: '',
  meta: null,
  block: true,
  hidden: false
}
Token {
  type: 'paragraph_close',
  tag: 'p',
  attrs: null,
  map: null,
  nesting: -1,
  level: 2,
  children: null,
  content: '',
  markup: '',
  info: '',
  meta: null,
  block: true,
  hidden: true
}
Token {
  type: 'list_item_close',
  tag: 'li',
  attrs: null,
  map: null,
  nesting: -1,
  level: 1,
  children: null,
  content: '',
  markup: '-',
  info: '',
  meta: null,
  block: true,
  hidden: false
}
Token {
  type: 'list_item_open',
  tag: 'li',
  attrs: null,
  map: [ 293, 295 ],
  nesting: 1,
  level: 1,
  children: null,
  content: '',
  markup: '-',
  info: '',
  meta: null,
  block: true,
  hidden: false
}
Token {
  type: 'paragraph_open',
  tag: 'p',
  attrs: null,
  map: [ 293, 294 ],
  nesting: 1,
  level: 2,
  children: null,
  content: '',
  markup: '',
  info: '',
  meta: null,
  block: true,
  hidden: true
}
Token {
  type: 'inline',
  tag: '',
  attrs: null,
  map: [ 293, 294 ],
  nesting: 0,
  level: 3,
  children: [
    Token {
      type: 'text',
      tag: '',
      attrs: null,
      map: null,
      nesting: 0,
      level: 0,
      children: null,
      content: '通过 ',
      markup: '',
      info: '',
      meta: null,
      block: false,
      hidden: false
    },
    Token {
      type: 'code_inline',
      tag: 'code',
      attrs: null,
      map: null,
      nesting: 0,
      level: 0,
      children: null,
      content: 'mysqld_safe',
      markup: '`',
      info: '',
      meta: null,
      block: false,
      hidden: false
    },
    Token {
      type: 'text',
      tag: '',
      attrs: null,
      map: null,
      nesting: 0,
      level: 0,
      children: null,
      content: ' 启动，执行如下命令：',
      markup: '',
      info: '',
      meta: null,
      block: false,
      hidden: false
    }
  ],
  content: '通过 `mysqld_safe` 启动，执行如下命令：',
  markup: '',
  info: '',
  meta: null,
  block: true,
  hidden: false
}
Token {
  type: 'paragraph_close',
  tag: 'p',
  attrs: null,
  map: null,
  nesting: -1,
  level: 2,
  children: null,
  content: '',
  markup: '',
  info: '',
  meta: null,
  block: true,
  hidden: true
}
Token {
  type: 'list_item_close',
  tag: 'li',
  attrs: null,
  map: null,
  nesting: -1,
  level: 1,
  children: null,
  content: '',
  markup: '-',
  info: '',
  meta: null,
  block: true,
  hidden: false
}
Token {
  type: 'bullet_list_close',
  tag: 'ul',
  attrs: null,
  map: null,
  nesting: -1,
  level: 0,
  children: null,
  content: '',
  markup: '-',
  info: '',
  meta: null,
  block: true,
  hidden: false
}
Token {
  type: 'fence',
  tag: 'code',
  attrs: null,
  map: [ 295, 298 ],
  nesting: 0,
  level: 0,
  children: null,
  content: 'sudo ./mysqld_safe &\n',
  markup: '```',
  info: 'sh',
  meta: null,
  block: true,
  hidden: false
}
Token {
  type: 'bullet_list_open',
  tag: 'ul',
  attrs: null,
  map: [ 299, 301 ],
  nesting: 1,
  level: 0,
  children: null,
  content: '',
  markup: '-',
  info: '',
  meta: null,
  block: true,
  hidden: false
}
Token {
  type: 'list_item_open',
  tag: 'li',
  attrs: null,
  map: [ 299, 301 ],
  nesting: 1,
  level: 1,
  children: null,
  content: '',
  markup: '-',
  info: '',
  meta: null,
  block: true,
  hidden: false
}
Token {
  type: 'paragraph_open',
  tag: 'p',
  attrs: null,
  map: [ 299, 300 ],
  nesting: 1,
  level: 2,
  children: null,
  content: '',
  markup: '',
  info: '',
  meta: null,
  block: true,
  hidden: true
}
Token {
  type: 'inline',
  tag: '',
  attrs: null,
  map: [ 299, 300 ],
  nesting: 0,
  level: 3,
  children: [
    Token {
      type: 'text',
      tag: '',
      attrs: null,
      map: null,
      nesting: 0,
      level: 0,
      children: null,
      content: '可将实例放到后台运行，不会阻塞当前 ',
      markup: '',
      info: '',
      meta: null,
      block: false,
      hidden: false
    },
    Token {
      type: 'code_inline',
      tag: 'code',
      attrs: null,
      map: null,
      nesting: 0,
      level: 0,
      children: null,
      content: 'shell',
      markup: '`',
      info: '',
      meta: null,
      block: false,
      hidden: false
    },
    Token {
      type: 'text',
      tag: '',
      attrs: null,
      map: null,
      nesting: 0,
      level: 0,
      children: null,
      content: ' 会话。',
      markup: '',
      info: '',
      meta: null,
      block: false,
      hidden: false
    }
  ],
  content: '可将实例放到后台运行，不会阻塞当前 `shell` 会话。',
  markup: '',
  info: '',
  meta: null,
  block: true,
  hidden: false
}
Token {
  type: 'paragraph_close',
  tag: 'p',
  attrs: null,
  map: null,
  nesting: -1,
  level: 2,
  children: null,
  content: '',
  markup: '',
  info: '',
  meta: null,
  block: true,
  hidden: true
}
Token {
  type: 'list_item_close',
  tag: 'li',
  attrs: null,
  map: null,
  nesting: -1,
  level: 1,
  children: null,
  content: '',
  markup: '-',
  info: '',
  meta: null,
  block: true,
  hidden: false
}
Token {
  type: 'bullet_list_close',
  tag: 'ul',
  attrs: null,
  map: null,
  nesting: -1,
  level: 0,
  children: null,
  content: '',
  markup: '-',
  info: '',
  meta: null,
  block: true,
  hidden: false
}
Token {
  type: 'hr',
  tag: 'hr',
  attrs: null,
  map: [ 301, 302 ],
  nesting: 0,
  level: 0,
  children: null,
  content: '',
  markup: '---',
  info: '',
  meta: null,
  block: true,
  hidden: false
}
Token {
  type: 'bullet_list_open',
  tag: 'ul',
  attrs: null,
  map: [ 303, 305 ],
  nesting: 1,
  level: 0,
  children: null,
  content: '',
  markup: '-',
  info: '',
  meta: null,
  block: true,
  hidden: false
}
Token {
  type: 'list_item_open',
  tag: 'li',
  attrs: null,
  map: [ 303, 305 ],
  nesting: 1,
  level: 1,
  children: null,
  content: '',
  markup: '-',
  info: '',
  meta: null,
  block: true,
  hidden: false
}
Token {
  type: 'paragraph_open',
  tag: 'p',
  attrs: null,
  map: [ 303, 304 ],
  nesting: 1,
  level: 2,
  children: null,
  content: '',
  markup: '',
  info: '',
  meta: null,
  block: true,
  hidden: true
}
Token {
  type: 'inline',
  tag: '',
  attrs: null,
  map: [ 303, 304 ],
  nesting: 0,
  level: 3,
  children: [
    Token {
      type: 'text',
      tag: '',
      attrs: null,
      map: null,
      nesting: 0,
      level: 0,
      children: null,
      content: '如果需要管理实例，则可以通过 ',
      markup: '',
      info: '',
      meta: null,
      block: false,
      hidden: false
    },
    Token {
      type: 'code_inline',
      tag: 'code',
      attrs: null,
      map: null,
      nesting: 0,
      level: 0,
      children: null,
      content: 'opt/mysql-source-code/mysql/bin/mysqladmin',
      markup: '`',
      info: '',
      meta: null,
      block: false,
      hidden: false
    },
    Token {
      type: 'text',
      tag: '',
      attrs: null,
      map: null,
      nesting: 0,
      level: 0,
      children: null,
      content: ' 二进制文件来管理，比如需要关闭实例：',
      markup: '',
      info: '',
      meta: null,
      block: false,
      hidden: false
    }
  ],
  content: '如果需要管理实例，则可以通过 `opt/mysql-source-code/mysql/bin/mysqladmin` 二进制文件来管理，比如需要关闭实例：',
  markup: '',
  info: '',
  meta: null,
  block: true,
  hidden: false
}
Token {
  type: 'paragraph_close',
  tag: 'p',
  attrs: null,
  map: null,
  nesting: -1,
  level: 2,
  children: null,
  content: '',
  markup: '',
  info: '',
  meta: null,
  block: true,
  hidden: true
}
Token {
  type: 'list_item_close',
  tag: 'li',
  attrs: null,
  map: null,
  nesting: -1,
  level: 1,
  children: null,
  content: '',
  markup: '-',
  info: '',
  meta: null,
  block: true,
  hidden: false
}
Token {
  type: 'bullet_list_close',
  tag: 'ul',
  attrs: null,
  map: null,
  nesting: -1,
  level: 0,
  children: null,
  content: '',
  markup: '-',
  info: '',
  meta: null,
  block: true,
  hidden: false
}
Token {
  type: 'fence',
  tag: 'code',
  attrs: null,
  map: [ 305, 310 ],
  nesting: 0,
  level: 0,
  children: null,
  content: 'cd opt/mysql-source-code/mysql/bin\n\n./mysqladmin -u root shutdown\n',
  markup: '```',
  info: 'sh',
  meta: null,
  block: true,
  hidden: false
}
Token {
  type: 'heading_open',
  tag: 'h3',
  attrs: null,
  map: [ 311, 312 ],
  nesting: 1,
  level: 0,
  children: null,
  content: '',
  markup: '###',
  info: '',
  meta: null,
  block: true,
  hidden: false
}
Token {
  type: 'inline',
  tag: '',
  attrs: null,
  map: [ 311, 312 ],
  nesting: 0,
  level: 1,
  children: [
    Token {
      type: 'text',
      tag: '',
      attrs: null,
      map: null,
      nesting: 0,
      level: 0,
      children: null,
      content: '3.4 客户端连接',
      markup: '',
      info: '',
      meta: null,
      block: false,
      hidden: false
    }
  ],
  content: '3.4 客户端连接',
  markup: '',
  info: '',
  meta: null,
  block: true,
  hidden: false
}
Token {
  type: 'heading_close',
  tag: 'h3',
  attrs: null,
  map: null,
  nesting: -1,
  level: 0,
  children: null,
  content: '',
  markup: '###',
  info: '',
  meta: null,
  block: true,
  hidden: false
}
Token {
  type: 'bullet_list_open',
  tag: 'ul',
  attrs: null,
  map: [ 313, 317 ],
  nesting: 1,
  level: 0,
  children: null,
  content: '',
  markup: '-',
  info: '',
  meta: null,
  block: true,
  hidden: false
}
Token {
  type: 'list_item_open',
  tag: 'li',
  attrs: null,
  map: [ 313, 314 ],
  nesting: 1,
  level: 1,
  children: null,
  content: '',
  markup: '-',
  info: '',
  meta: null,
  block: true,
  hidden: false
}
Token {
  type: 'paragraph_open',
  tag: 'p',
  attrs: null,
  map: [ 313, 314 ],
  nesting: 1,
  level: 2,
  children: null,
  content: '',
  markup: '',
  info: '',
  meta: null,
  block: true,
  hidden: true
}
Token {
  type: 'inline',
  tag: '',
  attrs: null,
  map: [ 313, 314 ],
  nesting: 0,
  level: 3,
  children: [
    Token {
      type: 'text',
      tag: '',
      attrs: null,
      map: null,
      nesting: 0,
      level: 0,
      children: null,
      content: '推荐安装客户端工具：[GitHub - dbcli/mycli: A Terminal Client for MySQL with AutoCompletion and Syntax Highlighting.](https://github.com/dbcli/mycli)',
      markup: '',
      info: '',
      meta: null,
      block: false,
      hidden: false
    }
  ],
  content: '推荐安装客户端工具：[GitHub - dbcli/mycli: A Terminal Client for MySQL with AutoCompletion and Syntax Highlighting.](https://github.com/dbcli/mycli)',
  markup: '',
  info: '',
  meta: null,
  block: true,
  hidden: false
}
Token {
  type: 'paragraph_close',
  tag: 'p',
  attrs: null,
  map: null,
  nesting: -1,
  level: 2,
  children: null,
  content: '',
  markup: '',
  info: '',
  meta: null,
  block: true,
  hidden: true
}
Token {
  type: 'list_item_close',
  tag: 'li',
  attrs: null,
  map: null,
  nesting: -1,
  level: 1,
  children: null,
  content: '',
  markup: '-',
  info: '',
  meta: null,
  block: true,
  hidden: false
}
Token {
  type: 'list_item_open',
  tag: 'li',
  attrs: null,
  map: [ 314, 315 ],
  nesting: 1,
  level: 1,
  children: null,
  content: '',
  markup: '-',
  info: '',
  meta: null,
  block: true,
  hidden: false
}
Token {
  type: 'paragraph_open',
  tag: 'p',
  attrs: null,
  map: [ 314, 315 ],
  nesting: 1,
  level: 2,
  children: null,
  content: '',
  markup: '',
  info: '',
  meta: null,
  block: true,
  hidden: true
}
Token {
  type: 'inline',
  tag: '',
  attrs: null,
  map: [ 314, 315 ],
  nesting: 0,
  level: 3,
  children: [
    Token {
      type: 'code_inline',
      tag: 'code',
      attrs: null,
      map: null,
      nesting: 0,
      level: 0,
      children: null,
      content: 'mycli',
      markup: '`',
      info: '',
      meta: null,
      block: false,
      hidden: false
    },
    Token {
      type: 'text',
      tag: '',
      attrs: null,
      map: null,
      nesting: 0,
      level: 0,
      children: null,
      content: ' 工具带有补全和高亮，还支持格式化输出，相对来说手感较好。',
      markup: '',
      info: '',
      meta: null,
      block: false,
      hidden: false
    }
  ],
  content: '`mycli` 工具带有补全和高亮，还支持格式化输出，相对来说手感较好。',
  markup: '',
  info: '',
  meta: null,
  block: true,
  hidden: false
}
Token {
  type: 'paragraph_close',
  tag: 'p',
  attrs: null,
  map: null,
  nesting: -1,
  level: 2,
  children: null,
  content: '',
  markup: '',
  info: '',
  meta: null,
  block: true,
  hidden: true
}
Token {
  type: 'list_item_close',
  tag: 'li',
  attrs: null,
  map: null,
  nesting: -1,
  level: 1,
  children: null,
  content: '',
  markup: '-',
  info: '',
  meta: null,
  block: true,
  hidden: false
}
Token {
  type: 'list_item_open',
  tag: 'li',
  attrs: null,
  map: [ 315, 317 ],
  nesting: 1,
  level: 1,
  children: null,
  content: '',
  markup: '-',
  info: '',
  meta: null,
  block: true,
  hidden: false
}
Token {
  type: 'paragraph_open',
  tag: 'p',
  attrs: null,
  map: [ 315, 316 ],
  nesting: 1,
  level: 2,
  children: null,
  content: '',
  markup: '',
  info: '',
  meta: null,
  block: true,
  hidden: true
}
Token {
  type: 'inline',
  tag: '',
  attrs: null,
  map: [ 315, 316 ],
  nesting: 0,
  level: 3,
  children: [
    Token {
      type: 'text',
      tag: '',
      attrs: null,
      map: null,
      nesting: 0,
      level: 0,
      children: null,
      content: '启动 ',
      markup: '',
      info: '',
      meta: null,
      block: false,
      hidden: false
    },
    Token {
      type: 'code_inline',
      tag: 'code',
      attrs: null,
      map: null,
      nesting: 0,
      level: 0,
      children: null,
      content: 'mysqld',
      markup: '`',
      info: '',
      meta: null,
      block: false,
      hidden: false
    },
    Token {
      type: 'text',
      tag: '',
      attrs: null,
      map: null,
      nesting: 0,
      level: 0,
      children: null,
      content: ' 服务端后，执行如下命令即可连接',
      markup: '',
      info: '',
      meta: null,
      block: false,
      hidden: false
    }
  ],
  content: '启动 `mysqld` 服务端后，执行如下命令即可连接',
  markup: '',
  info: '',
  meta: null,
  block: true,
  hidden: false
}
Token {
  type: 'paragraph_close',
  tag: 'p',
  attrs: null,
  map: null,
  nesting: -1,
  level: 2,
  children: null,
  content: '',
  markup: '',
  info: '',
  meta: null,
  block: true,
  hidden: true
}
Token {
  type: 'list_item_close',
  tag: 'li',
  attrs: null,
  map: null,
  nesting: -1,
  level: 1,
  children: null,
  content: '',
  markup: '-',
  info: '',
  meta: null,
  block: true,
  hidden: false
}
Token {
  type: 'bullet_list_close',
  tag: 'ul',
  attrs: null,
  map: null,
  nesting: -1,
  level: 0,
  children: null,
  content: '',
  markup: '-',
  info: '',
  meta: null,
  block: true,
  hidden: false
}
Token {
  type: 'fence',
  tag: 'code',
  attrs: null,
  map: [ 317, 320 ],
  nesting: 0,
  level: 0,
  children: null,
  content: 'mycli -u root\n',
  markup: '```',
  info: 'sh',
  meta: null,
  block: true,
  hidden: false
}
Token {
  type: 'heading_open',
  tag: 'h3',
  attrs: null,
  map: [ 321, 322 ],
  nesting: 1,
  level: 0,
  children: null,
  content: '',
  markup: '###',
  info: '',
  meta: null,
  block: true,
  hidden: false
}
Token {
  type: 'inline',
  tag: '',
  attrs: null,
  map: [ 321, 322 ],
  nesting: 0,
  level: 1,
  children: [
    Token {
      type: 'text',
      tag: '',
      attrs: null,
      map: null,
      nesting: 0,
      level: 0,
      children: null,
      content: '3.4 修改密码',
      markup: '',
      info: '',
      meta: null,
      block: false,
      hidden: false
    }
  ],
  content: '3.4 修改密码',
  markup: '',
  info: '',
  meta: null,
  block: true,
  hidden: false
}
Token {
  type: 'heading_close',
  tag: 'h3',
  attrs: null,
  map: null,
  nesting: -1,
  level: 0,
  children: null,
  content: '',
  markup: '###',
  info: '',
  meta: null,
  block: true,
  hidden: false
}
Token {
  type: 'bullet_list_open',
  tag: 'ul',
  attrs: null,
  map: [ 323, 327 ],
  nesting: 1,
  level: 0,
  children: null,
  content: '',
  markup: '-',
  info: '',
  meta: null,
  block: true,
  hidden: false
}
Token {
  type: 'list_item_open',
  tag: 'li',
  attrs: null,
  map: [ 323, 324 ],
  nesting: 1,
  level: 1,
  children: null,
  content: '',
  markup: '-',
  info: '',
  meta: null,
  block: true,
  hidden: false
}
Token {
  type: 'paragraph_open',
  tag: 'p',
  attrs: null,
  map: [ 323, 324 ],
  nesting: 1,
  level: 2,
  children: null,
  content: '',
  markup: '',
  info: '',
  meta: null,
  block: true,
  hidden: true
}
Token {
  type: 'inline',
  tag: '',
  attrs: null,
  map: [ 323, 324 ],
  nesting: 0,
  level: 3,
  children: [
    Token {
      type: 'text',
      tag: '',
      attrs: null,
      map: null,
      nesting: 0,
      level: 0,
      children: null,
      content: '虽然此数据库只是调试使用，服务器也有简单的安全配置，但是，出于谨慎考虑，还是添加一个密码较好。',
      markup: '',
      info: '',
      meta: null,
      block: false,
      hidden: false
    }
  ],
  content: '虽然此数据库只是调试使用，服务器也有简单的安全配置，但是，出于谨慎考虑，还是添加一个密码较好。',
  markup: '',
  info: '',
  meta: null,
  block: true,
  hidden: false
}
Token {
  type: 'paragraph_close',
  tag: 'p',
  attrs: null,
  map: null,
  nesting: -1,
  level: 2,
  children: null,
  content: '',
  markup: '',
  info: '',
  meta: null,
  block: true,
  hidden: true
}
Token {
  type: 'list_item_close',
  tag: 'li',
  attrs: null,
  map: null,
  nesting: -1,
  level: 1,
  children: null,
  content: '',
  markup: '-',
  info: '',
  meta: null,
  block: true,
  hidden: false
}
Token {
  type: 'list_item_open',
  tag: 'li',
  attrs: null,
  map: [ 324, 325 ],
  nesting: 1,
  level: 1,
  children: null,
  content: '',
  markup: '-',
  info: '',
  meta: null,
  block: true,
  hidden: false
}
Token {
  type: 'paragraph_open',
  tag: 'p',
  attrs: null,
  map: [ 324, 325 ],
  nesting: 1,
  level: 2,
  children: null,
  content: '',
  markup: '',
  info: '',
  meta: null,
  block: true,
  hidden: true
}
Token {
  type: 'inline',
  tag: '',
  attrs: null,
  map: [ 324, 325 ],
  nesting: 0,
  level: 3,
  children: [
    Token {
      type: 'text',
      tag: '',
      attrs: null,
      map: null,
      nesting: 0,
      level: 0,
      children: null,
      content: '使用客户端连接之后，执行如下命令：',
      markup: '',
      info: '',
      meta: null,
      block: false,
      hidden: false
    }
  ],
  content: '使用客户端连接之后，执行如下命令：',
  markup: '',
  info: '',
  meta: null,
  block: true,
  hidden: false
}
Token {
  type: 'paragraph_close',
  tag: 'p',
  attrs: null,
  map: null,
  nesting: -1,
  level: 2,
  children: null,
  content: '',
  markup: '',
  info: '',
  meta: null,
  block: true,
  hidden: true
}
Token {
  type: 'list_item_close',
  tag: 'li',
  attrs: null,
  map: null,
  nesting: -1,
  level: 1,
  children: null,
  content: '',
  markup: '-',
  info: '',
  meta: null,
  block: true,
  hidden: false
}
Token {
  type: 'list_item_open',
  tag: 'li',
  attrs: null,
  map: [ 325, 327 ],
  nesting: 1,
  level: 1,
  children: null,
  content: '',
  markup: '-',
  info: '',
  meta: null,
  block: true,
  hidden: false
}
Token {
  type: 'paragraph_open',
  tag: 'p',
  attrs: null,
  map: [ 325, 326 ],
  nesting: 1,
  level: 2,
  children: null,
  content: '',
  markup: '',
  info: '',
  meta: null,
  block: true,
  hidden: true
}
Token {
  type: 'inline',
  tag: '',
  attrs: null,
  map: [ 325, 326 ],
  nesting: 0,
  level: 3,
  children: [
    Token {
      type: 'text',
      tag: '',
      attrs: null,
      map: null,
      nesting: 0,
      level: 0,
      children: null,
      content: '将 ',
      markup: '',
      info: '',
      meta: null,
      block: false,
      hidden: false
    },
    Token {
      type: 'code_inline',
      tag: 'code',
      attrs: null,
      map: null,
      nesting: 0,
      level: 0,
      children: null,
      content: '123456',
      markup: '`',
      info: '',
      meta: null,
      block: false,
      hidden: false
    },
    Token {
      type: 'text',
      tag: '',
      attrs: null,
      map: null,
      nesting: 0,
      level: 0,
      children: null,
      content: ' 改成实际的密码',
      markup: '',
      info: '',
      meta: null,
      block: false,
      hidden: false
    }
  ],
  content: '将 `123456` 改成实际的密码',
  markup: '',
  info: '',
  meta: null,
  block: true,
  hidden: false
}
Token {
  type: 'paragraph_close',
  tag: 'p',
  attrs: null,
  map: null,
  nesting: -1,
  level: 2,
  children: null,
  content: '',
  markup: '',
  info: '',
  meta: null,
  block: true,
  hidden: true
}
Token {
  type: 'list_item_close',
  tag: 'li',
  attrs: null,
  map: null,
  nesting: -1,
  level: 1,
  children: null,
  content: '',
  markup: '-',
  info: '',
  meta: null,
  block: true,
  hidden: false
}
Token {
  type: 'bullet_list_close',
  tag: 'ul',
  attrs: null,
  map: null,
  nesting: -1,
  level: 0,
  children: null,
  content: '',
  markup: '-',
  info: '',
  meta: null,
  block: true,
  hidden: false
}
Token {
  type: 'fence',
  tag: 'code',
  attrs: null,
  map: [ 327, 331 ],
  nesting: 0,
  level: 0,
  children: null,
  content: "mysql> ALTER USER 'root'@'localhost' IDENTIFIED BY '123456';\n" +
    'mysql> flush privileges;\n',
  markup: '```',
  info: 'sh',
  meta: null,
  block: true,
  hidden: false
}
Token {
  type: 'heading_open',
  tag: 'h3',
  attrs: null,
  map: [ 332, 333 ],
  nesting: 1,
  level: 0,
  children: null,
  content: '',
  markup: '###',
  info: '',
  meta: null,
  block: true,
  hidden: false
}
Token {
  type: 'inline',
  tag: '',
  attrs: null,
  map: [ 332, 333 ],
  nesting: 0,
  level: 1,
  children: [
    Token {
      type: 'text',
      tag: '',
      attrs: null,
      map: null,
      nesting: 0,
      level: 0,
      children: null,
      content: '3.5 说明',
      markup: '',
      info: '',
      meta: null,
      block: false,
      hidden: false
    }
  ],
  content: '3.5 说明',
  markup: '',
  info: '',
  meta: null,
  block: true,
  hidden: false
}
Token {
  type: 'heading_close',
  tag: 'h3',
  attrs: null,
  map: null,
  nesting: -1,
  level: 0,
  children: null,
  content: '',
  markup: '###',
  info: '',
  meta: null,
  block: true,
  hidden: false
}
Token {
  type: 'bullet_list_open',
  tag: 'ul',
  attrs: null,
  map: [ 334, 335 ],
  nesting: 1,
  level: 0,
  children: null,
  content: '',
  markup: '-',
  info: '',
  meta: null,
  block: true,
  hidden: false
}
Token {
  type: 'list_item_open',
  tag: 'li',
  attrs: null,
  map: [ 334, 335 ],
  nesting: 1,
  level: 1,
  children: null,
  content: '',
  markup: '-',
  info: '',
  meta: null,
  block: true,
  hidden: false
}
Token {
  type: 'paragraph_open',
  tag: 'p',
  attrs: null,
  map: [ 334, 335 ],
  nesting: 1,
  level: 2,
  children: null,
  content: '',
  markup: '',
  info: '',
  meta: null,
  block: true,
  hidden: true
}
Token {
  type: 'inline',
  tag: '',
  attrs: null,
  map: [ 334, 335 ],
  nesting: 0,
  level: 3,
  children: [
    Token {
      type: 'text',
      tag: '',
      attrs: null,
      map: null,
      nesting: 0,
      level: 0,
      children: null,
      content: '本文档并非生产环境下的部署，主要目的是为了探索 ',
      markup: '',
      info: '',
      meta: null,
      block: false,
      hidden: false
    },
    Token {
      type: 'code_inline',
      tag: 'code',
      attrs: null,
      map: null,
      nesting: 0,
      level: 0,
      children: null,
      content: 'mysql',
      markup: '`',
      info: '',
      meta: null,
      block: false,
      hidden: false
    },
    Token {
      type: 'text',
      tag: '',
      attrs: null,
      map: null,
      nesting: 0,
      level: 0,
      children: null,
      content: ' 源码，因此，未进行 ',
      markup: '',
      info: '',
      meta: null,
      block: false,
      hidden: false
    },
    Token {
      type: 'code_inline',
      tag: 'code',
      attrs: null,
      map: null,
      nesting: 0,
      level: 0,
      children: null,
      content: 'systemctl',
      markup: '`',
      info: '',
      meta: null,
      block: false,
      hidden: false
    },
    Token {
      type: 'text',
      tag: '',
      attrs: null,
      map: null,
      nesting: 0,
      level: 0,
      children: null,
      content: ' 等实际生产环境下的部署操作。',
      markup: '',
      info: '',
      meta: null,
      block: false,
      hidden: false
    }
  ],
  content: '本文档并非生产环境下的部署，主要目的是为了探索 `mysql` 源码，因此，未进行 `systemctl` 等实际生产环境下的部署操作。',
  markup: '',
  info: '',
  meta: null,
  block: true,
  hidden: false
}
Token {
  type: 'paragraph_close',
  tag: 'p',
  attrs: null,
  map: null,
  nesting: -1,
  level: 2,
  children: null,
  content: '',
  markup: '',
  info: '',
  meta: null,
  block: true,
  hidden: true
}
Token {
  type: 'list_item_close',
  tag: 'li',
  attrs: null,
  map: null,
  nesting: -1,
  level: 1,
  children: null,
  content: '',
  markup: '-',
  info: '',
  meta: null,
  block: true,
  hidden: false
}
Token {
  type: 'bullet_list_close',
  tag: 'ul',
  attrs: null,
  map: null,
  nesting: -1,
  level: 0,
  children: null,
  content: '',
  markup: '-',
  info: '',
  meta: null,
  block: true,
  hidden: false
}
Token {
  type: 'hr',
  tag: 'hr',
  attrs: null,
  map: [ 0, 1 ],
  nesting: 0,
  level: 0,
  children: null,
  content: '',
  markup: '---',
  info: '',
  meta: null,
  block: true,
  hidden: false
}
Token {
  type: 'paragraph_open',
  tag: 'p',
  attrs: null,
  map: [ 1, 4 ],
  nesting: 1,
  level: 0,
  children: null,
  content: '',
  markup: '',
  info: '',
  meta: null,
  block: true,
  hidden: false
}
Token {
  type: 'inline',
  tag: '',
  attrs: null,
  map: [ 1, 4 ],
  nesting: 0,
  level: 1,
  children: [
    Token {
      type: 'text',
      tag: '',
      attrs: null,
      map: null,
      nesting: 0,
      level: 0,
      children: null,
      content: 'date: 2021-06-30',
      markup: '',
      info: '',
      meta: null,
      block: false,
      hidden: false
    },
    Token {
      type: 'softbreak',
      tag: 'br',
      attrs: null,
      map: null,
      nesting: 0,
      level: 0,
      children: null,
      content: '',
      markup: '',
      info: '',
      meta: null,
      block: false,
      hidden: false
    },
    Token {
      type: 'text',
      tag: '',
      attrs: null,
      map: null,
      nesting: 0,
      level: 0,
      children: null,
      content: 'title: some demo',
      markup: '',
      info: '',
      meta: null,
      block: false,
      hidden: false
    },
    Token {
      type: 'softbreak',
      tag: 'br',
      attrs: null,
      map: null,
      nesting: 0,
      level: 0,
      children: null,
      content: '',
      markup: '',
      info: '',
      meta: null,
      block: false,
      hidden: false
    },
    Token {
      type: 'text',
      tag: '',
      attrs: null,
      map: null,
      nesting: 0,
      level: 0,
      children: null,
      content: 'tags:',
      markup: '',
      info: '',
      meta: null,
      block: false,
      hidden: false
    }
  ],
  content: 'date: 2021-06-30\ntitle: some demo\ntags:',
  markup: '',
  info: '',
  meta: null,
  block: true,
  hidden: false
}
Token {
  type: 'paragraph_close',
  tag: 'p',
  attrs: null,
  map: null,
  nesting: -1,
  level: 0,
  children: null,
  content: '',
  markup: '',
  info: '',
  meta: null,
  block: true,
  hidden: false
}
Token {
  type: 'bullet_list_open',
  tag: 'ul',
  attrs: null,
  map: [ 4, 7 ],
  nesting: 1,
  level: 0,
  children: null,
  content: '',
  markup: '-',
  info: '',
  meta: null,
  block: true,
  hidden: false
}
Token {
  type: 'list_item_open',
  tag: 'li',
  attrs: null,
  map: [ 4, 5 ],
  nesting: 1,
  level: 1,
  children: null,
  content: '',
  markup: '-',
  info: '',
  meta: null,
  block: true,
  hidden: false
}
Token {
  type: 'paragraph_open',
  tag: 'p',
  attrs: null,
  map: [ 4, 5 ],
  nesting: 1,
  level: 2,
  children: null,
  content: '',
  markup: '',
  info: '',
  meta: null,
  block: true,
  hidden: true
}
Token {
  type: 'inline',
  tag: '',
  attrs: null,
  map: [ 4, 5 ],
  nesting: 0,
  level: 3,
  children: [
    Token {
      type: 'text',
      tag: '',
      attrs: null,
      map: null,
      nesting: 0,
      level: 0,
      children: null,
      content: 'vitepress',
      markup: '',
      info: '',
      meta: null,
      block: false,
      hidden: false
    }
  ],
  content: 'vitepress',
  markup: '',
  info: '',
  meta: null,
  block: true,
  hidden: false
}
Token {
  type: 'paragraph_close',
  tag: 'p',
  attrs: null,
  map: null,
  nesting: -1,
  level: 2,
  children: null,
  content: '',
  markup: '',
  info: '',
  meta: null,
  block: true,
  hidden: true
}
Token {
  type: 'list_item_close',
  tag: 'li',
  attrs: null,
  map: null,
  nesting: -1,
  level: 1,
  children: null,
  content: '',
  markup: '-',
  info: '',
  meta: null,
  block: true,
  hidden: false
}
Token {
  type: 'list_item_open',
  tag: 'li',
  attrs: null,
  map: [ 5, 7 ],
  nesting: 1,
  level: 1,
  children: null,
  content: '',
  markup: '-',
  info: '',
  meta: null,
  block: true,
  hidden: false
}
Token {
  type: 'paragraph_open',
  tag: 'p',
  attrs: null,
  map: [ 5, 7 ],
  nesting: 1,
  level: 2,
  children: null,
  content: '',
  markup: '',
  info: '',
  meta: null,
  block: true,
  hidden: true
}
Token {
  type: 'inline',
  tag: '',
  attrs: null,
  map: [ 5, 7 ],
  nesting: 0,
  level: 3,
  children: [
    Token {
      type: 'text',
      tag: '',
      attrs: null,
      map: null,
      nesting: 0,
      level: 0,
      children: null,
      content: 'markdown',
      markup: '',
      info: '',
      meta: null,
      block: false,
      hidden: false
    },
    Token {
      type: 'softbreak',
      tag: 'br',
      attrs: null,
      map: null,
      nesting: 0,
      level: 0,
      children: null,
      content: '',
      markup: '',
      info: '',
      meta: null,
      block: false,
      hidden: false
    },
    Token {
      type: 'text',
      tag: '',
      attrs: null,
      map: null,
      nesting: 0,
      level: 0,
      children: null,
      content: 'description: this is the demo for vitepress',
      markup: '',
      info: '',
      meta: null,
      block: false,
      hidden: false
    }
  ],
  content: 'markdown\ndescription: this is the demo for vitepress',
  markup: '',
  info: '',
  meta: null,
  block: true,
  hidden: false
}
Token {
  type: 'paragraph_close',
  tag: 'p',
  attrs: null,
  map: null,
  nesting: -1,
  level: 2,
  children: null,
  content: '',
  markup: '',
  info: '',
  meta: null,
  block: true,
  hidden: true
}
Token {
  type: 'list_item_close',
  tag: 'li',
  attrs: null,
  map: null,
  nesting: -1,
  level: 1,
  children: null,
  content: '',
  markup: '-',
  info: '',
  meta: null,
  block: true,
  hidden: false
}
Token {
  type: 'bullet_list_close',
  tag: 'ul',
  attrs: null,
  map: null,
  nesting: -1,
  level: 0,
  children: null,
  content: '',
  markup: '-',
  info: '',
  meta: null,
  block: true,
  hidden: false
}
Token {
  type: 'hr',
  tag: 'hr',
  attrs: null,
  map: [ 7, 8 ],
  nesting: 0,
  level: 0,
  children: null,
  content: '',
  markup: '---',
  info: '',
  meta: null,
  block: true,
  hidden: false
}
Token {
  type: 'heading_open',
  tag: 'h1',
  attrs: null,
  map: [ 9, 10 ],
  nesting: 1,
  level: 0,
  children: null,
  content: '',
  markup: '#',
  info: '',
  meta: null,
  block: true,
  hidden: false
}
Token {
  type: 'inline',
  tag: '',
  attrs: null,
  map: [ 9, 10 ],
  nesting: 0,
  level: 1,
  children: [
    Token {
      type: 'text',
      tag: '',
      attrs: null,
      map: null,
      nesting: 0,
      level: 0,
      children: null,
      content: 'h1',
      markup: '',
      info: '',
      meta: null,
      block: false,
      hidden: false
    }
  ],
  content: 'h1',
  markup: '',
  info: '',
  meta: null,
  block: true,
  hidden: false
}
Token {
  type: 'heading_close',
  tag: 'h1',
  attrs: null,
  map: null,
  nesting: -1,
  level: 0,
  children: null,
  content: '',
  markup: '#',
  info: '',
  meta: null,
  block: true,
  hidden: false
}
Token {
  type: 'heading_open',
  tag: 'h3',
  attrs: null,
  map: [ 11, 12 ],
  nesting: 1,
  level: 0,
  children: null,
  content: '',
  markup: '###',
  info: '',
  meta: null,
  block: true,
  hidden: false
}
Token {
  type: 'inline',
  tag: '',
  attrs: null,
  map: [ 11, 12 ],
  nesting: 0,
  level: 1,
  children: [
    Token {
      type: 'text',
      tag: '',
      attrs: null,
      map: null,
      nesting: 0,
      level: 0,
      children: null,
      content: '3.5 说明',
      markup: '',
      info: '',
      meta: null,
      block: false,
      hidden: false
    }
  ],
  content: '3.5 说明',
  markup: '',
  info: '',
  meta: null,
  block: true,
  hidden: false
}
Token {
  type: 'heading_close',
  tag: 'h3',
  attrs: null,
  map: null,
  nesting: -1,
  level: 0,
  children: null,
  content: '',
  markup: '###',
  info: '',
  meta: null,
  block: true,
  hidden: false
}
Token {
  type: 'bullet_list_open',
  tag: 'ul',
  attrs: null,
  map: [ 13, 14 ],
  nesting: 1,
  level: 0,
  children: null,
  content: '',
  markup: '-',
  info: '',
  meta: null,
  block: true,
  hidden: false
}
Token {
  type: 'list_item_open',
  tag: 'li',
  attrs: null,
  map: [ 13, 14 ],
  nesting: 1,
  level: 1,
  children: null,
  content: '',
  markup: '-',
  info: '',
  meta: null,
  block: true,
  hidden: false
}
Token {
  type: 'paragraph_open',
  tag: 'p',
  attrs: null,
  map: [ 13, 14 ],
  nesting: 1,
  level: 2,
  children: null,
  content: '',
  markup: '',
  info: '',
  meta: null,
  block: true,
  hidden: true
}
Token {
  type: 'inline',
  tag: '',
  attrs: null,
  map: [ 13, 14 ],
  nesting: 0,
  level: 3,
  children: [
    Token {
      type: 'text',
      tag: '',
      attrs: null,
      map: null,
      nesting: 0,
      level: 0,
      children: null,
      content: '本文档并非生产环境下的部署，主要目的是为了探索 ',
      markup: '',
      info: '',
      meta: null,
      block: false,
      hidden: false
    },
    Token {
      type: 'code_inline',
      tag: 'code',
      attrs: null,
      map: null,
      nesting: 0,
      level: 0,
      children: null,
      content: 'mysql',
      markup: '`',
      info: '',
      meta: null,
      block: false,
      hidden: false
    },
    Token {
      type: 'text',
      tag: '',
      attrs: null,
      map: null,
      nesting: 0,
      level: 0,
      children: null,
      content: ' 源码，因此，未进行 ',
      markup: '',
      info: '',
      meta: null,
      block: false,
      hidden: false
    },
    Token {
      type: 'code_inline',
      tag: 'code',
      attrs: null,
      map: null,
      nesting: 0,
      level: 0,
      children: null,
      content: 'systemctl',
      markup: '`',
      info: '',
      meta: null,
      block: false,
      hidden: false
    },
    Token {
      type: 'text',
      tag: '',
      attrs: null,
      map: null,
      nesting: 0,
      level: 0,
      children: null,
      content: ' 等实际生产环境下的部署操作。',
      markup: '',
      info: '',
      meta: null,
      block: false,
      hidden: false
    }
  ],
  content: '本文档并非生产环境下的部署，主要目的是为了探索 `mysql` 源码，因此，未进行 `systemctl` 等实际生产环境下的部署操作。',
  markup: '',
  info: '',
  meta: null,
  block: true,
  hidden: false
}
Token {
  type: 'paragraph_close',
  tag: 'p',
  attrs: null,
  map: null,
  nesting: -1,
  level: 2,
  children: null,
  content: '',
  markup: '',
  info: '',
  meta: null,
  block: true,
  hidden: true
}
Token {
  type: 'list_item_close',
  tag: 'li',
  attrs: null,
  map: null,
  nesting: -1,
  level: 1,
  children: null,
  content: '',
  markup: '-',
  info: '',
  meta: null,
  block: true,
  hidden: false
}
Token {
  type: 'bullet_list_close',
  tag: 'ul',
  attrs: null,
  map: null,
  nesting: -1,
  level: 0,
  children: null,
  content: '',
  markup: '-',
  info: '',
  meta: null,
  block: true,
  hidden: false
}
Token {
  type: 'hr',
  tag: 'hr',
  attrs: null,
  map: [ 0, 1 ],
  nesting: 0,
  level: 0,
  children: null,
  content: '',
  markup: '---',
  info: '',
  meta: null,
  block: true,
  hidden: false
}
Token {
  type: 'paragraph_open',
  tag: 'p',
  attrs: null,
  map: [ 1, 4 ],
  nesting: 1,
  level: 0,
  children: null,
  content: '',
  markup: '',
  info: '',
  meta: null,
  block: true,
  hidden: false
}
Token {
  type: 'inline',
  tag: '',
  attrs: null,
  map: [ 1, 4 ],
  nesting: 0,
  level: 1,
  children: [
    Token {
      type: 'text',
      tag: '',
      attrs: null,
      map: null,
      nesting: 0,
      level: 0,
      children: null,
      content: 'date: 2021-06-30',
      markup: '',
      info: '',
      meta: null,
      block: false,
      hidden: false
    },
    Token {
      type: 'softbreak',
      tag: 'br',
      attrs: null,
      map: null,
      nesting: 0,
      level: 0,
      children: null,
      content: '',
      markup: '',
      info: '',
      meta: null,
      block: false,
      hidden: false
    },
    Token {
      type: 'text',
      tag: '',
      attrs: null,
      map: null,
      nesting: 0,
      level: 0,
      children: null,
      content: 'title: new-demo',
      markup: '',
      info: '',
      meta: null,
      block: false,
      hidden: false
    },
    Token {
      type: 'softbreak',
      tag: 'br',
      attrs: null,
      map: null,
      nesting: 0,
      level: 0,
      children: null,
      content: '',
      markup: '',
      info: '',
      meta: null,
      block: false,
      hidden: false
    },
    Token {
      type: 'text',
      tag: '',
      attrs: null,
      map: null,
      nesting: 0,
      level: 0,
      children: null,
      content: 'tags:',
      markup: '',
      info: '',
      meta: null,
      block: false,
      hidden: false
    }
  ],
  content: 'date: 2021-06-30\ntitle: new-demo\ntags:',
  markup: '',
  info: '',
  meta: null,
  block: true,
  hidden: false
}
Token {
  type: 'paragraph_close',
  tag: 'p',
  attrs: null,
  map: null,
  nesting: -1,
  level: 0,
  children: null,
  content: '',
  markup: '',
  info: '',
  meta: null,
  block: true,
  hidden: false
}
Token {
  type: 'bullet_list_open',
  tag: 'ul',
  attrs: null,
  map: [ 4, 9 ],
  nesting: 1,
  level: 0,
  children: null,
  content: '',
  markup: '-',
  info: '',
  meta: null,
  block: true,
  hidden: false
}
Token {
  type: 'list_item_open',
  tag: 'li',
  attrs: null,
  map: [ 4, 5 ],
  nesting: 1,
  level: 1,
  children: null,
  content: '',
  markup: '-',
  info: '',
  meta: null,
  block: true,
  hidden: false
}
Token {
  type: 'paragraph_open',
  tag: 'p',
  attrs: null,
  map: [ 4, 5 ],
  nesting: 1,
  level: 2,
  children: null,
  content: '',
  markup: '',
  info: '',
  meta: null,
  block: true,
  hidden: true
}
Token {
  type: 'inline',
  tag: '',
  attrs: null,
  map: [ 4, 5 ],
  nesting: 0,
  level: 3,
  children: [
    Token {
      type: 'text',
      tag: '',
      attrs: null,
      map: null,
      nesting: 0,
      level: 0,
      children: null,
      content: 'vitepress',
      markup: '',
      info: '',
      meta: null,
      block: false,
      hidden: false
    }
  ],
  content: 'vitepress',
  markup: '',
  info: '',
  meta: null,
  block: true,
  hidden: false
}
Token {
  type: 'paragraph_close',
  tag: 'p',
  attrs: null,
  map: null,
  nesting: -1,
  level: 2,
  children: null,
  content: '',
  markup: '',
  info: '',
  meta: null,
  block: true,
  hidden: true
}
Token {
  type: 'list_item_close',
  tag: 'li',
  attrs: null,
  map: null,
  nesting: -1,
  level: 1,
  children: null,
  content: '',
  markup: '-',
  info: '',
  meta: null,
  block: true,
  hidden: false
}
Token {
  type: 'list_item_open',
  tag: 'li',
  attrs: null,
  map: [ 5, 6 ],
  nesting: 1,
  level: 1,
  children: null,
  content: '',
  markup: '-',
  info: '',
  meta: null,
  block: true,
  hidden: false
}
Token {
  type: 'paragraph_open',
  tag: 'p',
  attrs: null,
  map: [ 5, 6 ],
  nesting: 1,
  level: 2,
  children: null,
  content: '',
  markup: '',
  info: '',
  meta: null,
  block: true,
  hidden: true
}
Token {
  type: 'inline',
  tag: '',
  attrs: null,
  map: [ 5, 6 ],
  nesting: 0,
  level: 3,
  children: [
    Token {
      type: 'text',
      tag: '',
      attrs: null,
      map: null,
      nesting: 0,
      level: 0,
      children: null,
      content: '22222',
      markup: '',
      info: '',
      meta: null,
      block: false,
      hidden: false
    }
  ],
  content: '22222',
  markup: '',
  info: '',
  meta: null,
  block: true,
  hidden: false
}
Token {
  type: 'paragraph_close',
  tag: 'p',
  attrs: null,
  map: null,
  nesting: -1,
  level: 2,
  children: null,
  content: '',
  markup: '',
  info: '',
  meta: null,
  block: true,
  hidden: true
}
Token {
  type: 'list_item_close',
  tag: 'li',
  attrs: null,
  map: null,
  nesting: -1,
  level: 1,
  children: null,
  content: '',
  markup: '-',
  info: '',
  meta: null,
  block: true,
  hidden: false
}
Token {
  type: 'list_item_open',
  tag: 'li',
  attrs: null,
  map: [ 6, 7 ],
  nesting: 1,
  level: 1,
  children: null,
  content: '',
  markup: '-',
  info: '',
  meta: null,
  block: true,
  hidden: false
}
Token {
  type: 'paragraph_open',
  tag: 'p',
  attrs: null,
  map: [ 6, 7 ],
  nesting: 1,
  level: 2,
  children: null,
  content: '',
  markup: '',
  info: '',
  meta: null,
  block: true,
  hidden: true
}
Token {
  type: 'inline',
  tag: '',
  attrs: null,
  map: [ 6, 7 ],
  nesting: 0,
  level: 3,
  children: [
    Token {
      type: 'text',
      tag: '',
      attrs: null,
      map: null,
      nesting: 0,
      level: 0,
      children: null,
      content: 'demo',
      markup: '',
      info: '',
      meta: null,
      block: false,
      hidden: false
    }
  ],
  content: 'demo',
  markup: '',
  info: '',
  meta: null,
  block: true,
  hidden: false
}
Token {
  type: 'paragraph_close',
  tag: 'p',
  attrs: null,
  map: null,
  nesting: -1,
  level: 2,
  children: null,
  content: '',
  markup: '',
  info: '',
  meta: null,
  block: true,
  hidden: true
}
Token {
  type: 'list_item_close',
  tag: 'li',
  attrs: null,
  map: null,
  nesting: -1,
  level: 1,
  children: null,
  content: '',
  markup: '-',
  info: '',
  meta: null,
  block: true,
  hidden: false
}
Token {
  type: 'list_item_open',
  tag: 'li',
  attrs: null,
  map: [ 7, 9 ],
  nesting: 1,
  level: 1,
  children: null,
  content: '',
  markup: '-',
  info: '',
  meta: null,
  block: true,
  hidden: false
}
Token {
  type: 'paragraph_open',
  tag: 'p',
  attrs: null,
  map: [ 7, 9 ],
  nesting: 1,
  level: 2,
  children: null,
  content: '',
  markup: '',
  info: '',
  meta: null,
  block: true,
  hidden: true
}
Token {
  type: 'inline',
  tag: '',
  attrs: null,
  map: [ 7, 9 ],
  nesting: 0,
  level: 3,
  children: [
    Token {
      type: 'text',
      tag: '',
      attrs: null,
      map: null,
      nesting: 0,
      level: 0,
      children: null,
      content: 'aaa',
      markup: '',
      info: '',
      meta: null,
      block: false,
      hidden: false
    },
    Token {
      type: 'softbreak',
      tag: 'br',
      attrs: null,
      map: null,
      nesting: 0,
      level: 0,
      children: null,
      content: '',
      markup: '',
      info: '',
      meta: null,
      block: false,
      hidden: false
    },
    Token {
      type: 'text',
      tag: '',
      attrs: null,
      map: null,
      nesting: 0,
      level: 0,
      children: null,
      content: 'description: this is the demo aaaa',
      markup: '',
      info: '',
      meta: null,
      block: false,
      hidden: false
    }
  ],
  content: 'aaa\ndescription: this is the demo aaaa',
  markup: '',
  info: '',
  meta: null,
  block: true,
  hidden: false
}
Token {
  type: 'paragraph_close',
  tag: 'p',
  attrs: null,
  map: null,
  nesting: -1,
  level: 2,
  children: null,
  content: '',
  markup: '',
  info: '',
  meta: null,
  block: true,
  hidden: true
}
Token {
  type: 'list_item_close',
  tag: 'li',
  attrs: null,
  map: null,
  nesting: -1,
  level: 1,
  children: null,
  content: '',
  markup: '-',
  info: '',
  meta: null,
  block: true,
  hidden: false
}
Token {
  type: 'bullet_list_close',
  tag: 'ul',
  attrs: null,
  map: null,
  nesting: -1,
  level: 0,
  children: null,
  content: '',
  markup: '-',
  info: '',
  meta: null,
  block: true,
  hidden: false
}
Token {
  type: 'hr',
  tag: 'hr',
  attrs: null,
  map: [ 9, 10 ],
  nesting: 0,
  level: 0,
  children: null,
  content: '',
  markup: '---',
  info: '',
  meta: null,
  block: true,
  hidden: false
}
Token {
  type: 'heading_open',
  tag: 'h1',
  attrs: null,
  map: [ 11, 12 ],
  nesting: 1,
  level: 0,
  children: null,
  content: '',
  markup: '#',
  info: '',
  meta: null,
  block: true,
  hidden: false
}
Token {
  type: 'inline',
  tag: '',
  attrs: null,
  map: [ 11, 12 ],
  nesting: 0,
  level: 1,
  children: [
    Token {
      type: 'text',
      tag: '',
      attrs: null,
      map: null,
      nesting: 0,
      level: 0,
      children: null,
      content: 'new-demo',
      markup: '',
      info: '',
      meta: null,
      block: false,
      hidden: false
    }
  ],
  content: 'new-demo',
  markup: '',
  info: '',
  meta: null,
  block: true,
  hidden: false
}
Token {
  type: 'heading_close',
  tag: 'h1',
  attrs: null,
  map: null,
  nesting: -1,
  level: 0,
  children: null,
  content: '',
  markup: '#',
  info: '',
  meta: null,
  block: true,
  hidden: false
}
Token {
  type: 'hr',
  tag: 'hr',
  attrs: null,
  map: [ 0, 1 ],
  nesting: 0,
  level: 0,
  children: null,
  content: '',
  markup: '---',
  info: '',
  meta: null,
  block: true,
  hidden: false
}
Token {
  type: 'paragraph_open',
  tag: 'p',
  attrs: null,
  map: [ 1, 4 ],
  nesting: 1,
  level: 0,
  children: null,
  content: '',
  markup: '',
  info: '',
  meta: null,
  block: true,
  hidden: false
}
Token {
  type: 'inline',
  tag: '',
  attrs: null,
  map: [ 1, 4 ],
  nesting: 0,
  level: 1,
  children: [
    Token {
      type: 'text',
      tag: '',
      attrs: null,
      map: null,
      nesting: 0,
      level: 0,
      children: null,
      content: 'date: 2021-06-30',
      markup: '',
      info: '',
      meta: null,
      block: false,
      hidden: false
    },
    Token {
      type: 'softbreak',
      tag: 'br',
      attrs: null,
      map: null,
      nesting: 0,
      level: 0,
      children: null,
      content: '',
      markup: '',
      info: '',
      meta: null,
      block: false,
      hidden: false
    },
    Token {
      type: 'text',
      tag: '',
      attrs: null,
      map: null,
      nesting: 0,
      level: 0,
      children: null,
      content: 'title: aa',
      markup: '',
      info: '',
      meta: null,
      block: false,
      hidden: false
    },
    Token {
      type: 'softbreak',
      tag: 'br',
      attrs: null,
      map: null,
      nesting: 0,
      level: 0,
      children: null,
      content: '',
      markup: '',
      info: '',
      meta: null,
      block: false,
      hidden: false
    },
    Token {
      type: 'text',
      tag: '',
      attrs: null,
      map: null,
      nesting: 0,
      level: 0,
      children: null,
      content: 'tags:',
      markup: '',
      info: '',
      meta: null,
      block: false,
      hidden: false
    }
  ],
  content: 'date: 2021-06-30\ntitle: aa\ntags:',
  markup: '',
  info: '',
  meta: null,
  block: true,
  hidden: false
}
Token {
  type: 'paragraph_close',
  tag: 'p',
  attrs: null,
  map: null,
  nesting: -1,
  level: 0,
  children: null,
  content: '',
  markup: '',
  info: '',
  meta: null,
  block: true,
  hidden: false
}
Token {
  type: 'bullet_list_open',
  tag: 'ul',
  attrs: null,
  map: [ 4, 9 ],
  nesting: 1,
  level: 0,
  children: null,
  content: '',
  markup: '-',
  info: '',
  meta: null,
  block: true,
  hidden: false
}
Token {
  type: 'list_item_open',
  tag: 'li',
  attrs: null,
  map: [ 4, 5 ],
  nesting: 1,
  level: 1,
  children: null,
  content: '',
  markup: '-',
  info: '',
  meta: null,
  block: true,
  hidden: false
}
Token {
  type: 'paragraph_open',
  tag: 'p',
  attrs: null,
  map: [ 4, 5 ],
  nesting: 1,
  level: 2,
  children: null,
  content: '',
  markup: '',
  info: '',
  meta: null,
  block: true,
  hidden: true
}
Token {
  type: 'inline',
  tag: '',
  attrs: null,
  map: [ 4, 5 ],
  nesting: 0,
  level: 3,
  children: [
    Token {
      type: 'text',
      tag: '',
      attrs: null,
      map: null,
      nesting: 0,
      level: 0,
      children: null,
      content: 'vitepress',
      markup: '',
      info: '',
      meta: null,
      block: false,
      hidden: false
    }
  ],
  content: 'vitepress',
  markup: '',
  info: '',
  meta: null,
  block: true,
  hidden: false
}
Token {
  type: 'paragraph_close',
  tag: 'p',
  attrs: null,
  map: null,
  nesting: -1,
  level: 2,
  children: null,
  content: '',
  markup: '',
  info: '',
  meta: null,
  block: true,
  hidden: true
}
Token {
  type: 'list_item_close',
  tag: 'li',
  attrs: null,
  map: null,
  nesting: -1,
  level: 1,
  children: null,
  content: '',
  markup: '-',
  info: '',
  meta: null,
  block: true,
  hidden: false
}
Token {
  type: 'list_item_open',
  tag: 'li',
  attrs: null,
  map: [ 5, 6 ],
  nesting: 1,
  level: 1,
  children: null,
  content: '',
  markup: '-',
  info: '',
  meta: null,
  block: true,
  hidden: false
}
Token {
  type: 'paragraph_open',
  tag: 'p',
  attrs: null,
  map: [ 5, 6 ],
  nesting: 1,
  level: 2,
  children: null,
  content: '',
  markup: '',
  info: '',
  meta: null,
  block: true,
  hidden: true
}
Token {
  type: 'inline',
  tag: '',
  attrs: null,
  map: [ 5, 6 ],
  nesting: 0,
  level: 3,
  children: [
    Token {
      type: 'text',
      tag: '',
      attrs: null,
      map: null,
      nesting: 0,
      level: 0,
      children: null,
      content: 'markdown',
      markup: '',
      info: '',
      meta: null,
      block: false,
      hidden: false
    }
  ],
  content: 'markdown',
  markup: '',
  info: '',
  meta: null,
  block: true,
  hidden: false
}
Token {
  type: 'paragraph_close',
  tag: 'p',
  attrs: null,
  map: null,
  nesting: -1,
  level: 2,
  children: null,
  content: '',
  markup: '',
  info: '',
  meta: null,
  block: true,
  hidden: true
}
Token {
  type: 'list_item_close',
  tag: 'li',
  attrs: null,
  map: null,
  nesting: -1,
  level: 1,
  children: null,
  content: '',
  markup: '-',
  info: '',
  meta: null,
  block: true,
  hidden: false
}
Token {
  type: 'list_item_open',
  tag: 'li',
  attrs: null,
  map: [ 6, 7 ],
  nesting: 1,
  level: 1,
  children: null,
  content: '',
  markup: '-',
  info: '',
  meta: null,
  block: true,
  hidden: false
}
Token {
  type: 'paragraph_open',
  tag: 'p',
  attrs: null,
  map: [ 6, 7 ],
  nesting: 1,
  level: 2,
  children: null,
  content: '',
  markup: '',
  info: '',
  meta: null,
  block: true,
  hidden: true
}
Token {
  type: 'inline',
  tag: '',
  attrs: null,
  map: [ 6, 7 ],
  nesting: 0,
  level: 3,
  children: [
    Token {
      type: 'text',
      tag: '',
      attrs: null,
      map: null,
      nesting: 0,
      level: 0,
      children: null,
      content: 'UpperCase',
      markup: '',
      info: '',
      meta: null,
      block: false,
      hidden: false
    }
  ],
  content: 'UpperCase',
  markup: '',
  info: '',
  meta: null,
  block: true,
  hidden: false
}
Token {
  type: 'paragraph_close',
  tag: 'p',
  attrs: null,
  map: null,
  nesting: -1,
  level: 2,
  children: null,
  content: '',
  markup: '',
  info: '',
  meta: null,
  block: true,
  hidden: true
}
Token {
  type: 'list_item_close',
  tag: 'li',
  attrs: null,
  map: null,
  nesting: -1,
  level: 1,
  children: null,
  content: '',
  markup: '-',
  info: '',
  meta: null,
  block: true,
  hidden: false
}
Token {
  type: 'list_item_open',
  tag: 'li',
  attrs: null,
  map: [ 7, 9 ],
  nesting: 1,
  level: 1,
  children: null,
  content: '',
  markup: '-',
  info: '',
  meta: null,
  block: true,
  hidden: false
}
Token {
  type: 'paragraph_open',
  tag: 'p',
  attrs: null,
  map: [ 7, 9 ],
  nesting: 1,
  level: 2,
  children: null,
  content: '',
  markup: '',
  info: '',
  meta: null,
  block: true,
  hidden: true
}
Token {
  type: 'inline',
  tag: '',
  attrs: null,
  map: [ 7, 9 ],
  nesting: 0,
  level: 3,
  children: [
    Token {
      type: 'text',
      tag: '',
      attrs: null,
      map: null,
      nesting: 0,
      level: 0,
      children: null,
      content: '中文',
      markup: '',
      info: '',
      meta: null,
      block: false,
      hidden: false
    },
    Token {
      type: 'softbreak',
      tag: 'br',
      attrs: null,
      map: null,
      nesting: 0,
      level: 0,
      children: null,
      content: '',
      markup: '',
      info: '',
      meta: null,
      block: false,
      hidden: false
    },
    Token {
      type: 'text',
      tag: '',
      attrs: null,
      map: null,
      nesting: 0,
      level: 0,
      children: null,
      content: 'description: this is the demo for vitepress',
      markup: '',
      info: '',
      meta: null,
      block: false,
      hidden: false
    }
  ],
  content: '中文\ndescription: this is the demo for vitepress',
  markup: '',
  info: '',
  meta: null,
  block: true,
  hidden: false
}
Token {
  type: 'paragraph_close',
  tag: 'p',
  attrs: null,
  map: null,
  nesting: -1,
  level: 2,
  children: null,
  content: '',
  markup: '',
  info: '',
  meta: null,
  block: true,
  hidden: true
}
Token {
  type: 'list_item_close',
  tag: 'li',
  attrs: null,
  map: null,
  nesting: -1,
  level: 1,
  children: null,
  content: '',
  markup: '-',
  info: '',
  meta: null,
  block: true,
  hidden: false
}
Token {
  type: 'bullet_list_close',
  tag: 'ul',
  attrs: null,
  map: null,
  nesting: -1,
  level: 0,
  children: null,
  content: '',
  markup: '-',
  info: '',
  meta: null,
  block: true,
  hidden: false
}
Token {
  type: 'hr',
  tag: 'hr',
  attrs: null,
  map: [ 9, 10 ],
  nesting: 0,
  level: 0,
  children: null,
  content: '',
  markup: '---',
  info: '',
  meta: null,
  block: true,
  hidden: false
}
Token {
  type: 'heading_open',
  tag: 'h1',
  attrs: null,
  map: [ 11, 12 ],
  nesting: 1,
  level: 0,
  children: null,
  content: '',
  markup: '#',
  info: '',
  meta: null,
  block: true,
  hidden: false
}
Token {
  type: 'inline',
  tag: '',
  attrs: null,
  map: [ 11, 12 ],
  nesting: 0,
  level: 1,
  children: [
    Token {
      type: 'text',
      tag: '',
      attrs: null,
      map: null,
      nesting: 0,
      level: 0,
      children: null,
      content: 'aa',
      markup: '',
      info: '',
      meta: null,
      block: false,
      hidden: false
    }
  ],
  content: 'aa',
  markup: '',
  info: '',
  meta: null,
  block: true,
  hidden: false
}
Token {
  type: 'heading_close',
  tag: 'h1',
  attrs: null,
  map: null,
  nesting: -1,
  level: 0,
  children: null,
  content: '',
  markup: '#',
  info: '',
  meta: null,
  block: true,
  hidden: false
}
Token {
  type: 'heading_open',
  tag: 'h2',
  attrs: null,
  map: [ 13, 14 ],
  nesting: 1,
  level: 0,
  children: null,
  content: '',
  markup: '##',
  info: '',
  meta: null,
  block: true,
  hidden: false
}
Token {
  type: 'inline',
  tag: '',
  attrs: null,
  map: [ 13, 14 ],
  nesting: 0,
  level: 1,
  children: [
    Token {
      type: 'text',
      tag: '',
      attrs: null,
      map: null,
      nesting: 0,
      level: 0,
      children: null,
      content: 'bb',
      markup: '',
      info: '',
      meta: null,
      block: false,
      hidden: false
    }
  ],
  content: 'bb',
  markup: '',
  info: '',
  meta: null,
  block: true,
  hidden: false
}
Token {
  type: 'heading_close',
  tag: 'h2',
  attrs: null,
  map: null,
  nesting: -1,
  level: 0,
  children: null,
  content: '',
  markup: '##',
  info: '',
  meta: null,
  block: true,
  hidden: false
}
Token {
  type: 'heading_open',
  tag: 'h3',
  attrs: null,
  map: [ 15, 16 ],
  nesting: 1,
  level: 0,
  children: null,
  content: '',
  markup: '###',
  info: '',
  meta: null,
  block: true,
  hidden: false
}
Token {
  type: 'inline',
  tag: '',
  attrs: null,
  map: [ 15, 16 ],
  nesting: 0,
  level: 1,
  children: [
    Token {
      type: 'text',
      tag: '',
      attrs: null,
      map: null,
      nesting: 0,
      level: 0,
      children: null,
      content: 'cc',
      markup: '',
      info: '',
      meta: null,
      block: false,
      hidden: false
    }
  ],
  content: 'cc',
  markup: '',
  info: '',
  meta: null,
  block: true,
  hidden: false
}
Token {
  type: 'heading_close',
  tag: 'h3',
  attrs: null,
  map: null,
  nesting: -1,
  level: 0,
  children: null,
  content: '',
  markup: '###',
  info: '',
  meta: null,
  block: true,
  hidden: false
}
Token {
  type: 'paragraph_open',
  tag: 'p',
  attrs: null,
  map: [ 17, 18 ],
  nesting: 1,
  level: 0,
  children: null,
  content: '',
  markup: '',
  info: '',
  meta: null,
  block: true,
  hidden: false
}
Token {
  type: 'inline',
  tag: '',
  attrs: null,
  map: [ 17, 18 ],
  nesting: 0,
  level: 1,
  children: [
    Token {
      type: 'text',
      tag: '',
      attrs: null,
      map: null,
      nesting: 0,
      level: 0,
      children: null,
      content: '1111111111111111111111111111 333333333333333 333333333333333333333333333 222222222222222222222222',
      markup: '',
      info: '',
      meta: null,
      block: false,
      hidden: false
    }
  ],
  content: '1111111111111111111111111111 333333333333333 333333333333333333333333333 222222222222222222222222',
  markup: '',
  info: '',
  meta: null,
  block: true,
  hidden: false
}
Token {
  type: 'paragraph_close',
  tag: 'p',
  attrs: null,
  map: null,
  nesting: -1,
  level: 0,
  children: null,
  content: '',
  markup: '',
  info: '',
  meta: null,
  block: true,
  hidden: false
}
Token {
  type: 'paragraph_open',
  tag: 'p',
  attrs: null,
  map: [ 19, 20 ],
  nesting: 1,
  level: 0,
  children: null,
  content: '',
  markup: '',
  info: '',
  meta: null,
  block: true,
  hidden: false
}
Token {
  type: 'inline',
  tag: '',
  attrs: null,
  map: [ 19, 20 ],
  nesting: 0,
  level: 1,
  children: [
    Token {
      type: 'em_open',
      tag: 'em',
      attrs: null,
      map: null,
      nesting: 1,
      level: 0,
      children: null,
      content: '',
      markup: '_',
      info: '',
      meta: null,
      block: false,
      hidden: false
    },
    Token {
      type: 'text',
      tag: '',
      attrs: null,
      map: null,
      nesting: 0,
      level: 1,
      children: null,
      content: 'test',
      markup: '',
      info: '',
      meta: null,
      block: false,
      hidden: false
    },
    Token {
      type: 'em_close',
      tag: 'em',
      attrs: null,
      map: null,
      nesting: -1,
      level: 0,
      children: null,
      content: '',
      markup: '_',
      info: '',
      meta: null,
      block: false,
      hidden: false
    }
  ],
  content: '_test_',
  markup: '',
  info: '',
  meta: null,
  block: true,
  hidden: false
}
Token {
  type: 'paragraph_close',
  tag: 'p',
  attrs: null,
  map: null,
  nesting: -1,
  level: 0,
  children: null,
  content: '',
  markup: '',
  info: '',
  meta: null,
  block: true,
  hidden: false
}
Token {
  type: 'paragraph_open',
  tag: 'p',
  attrs: null,
  map: [ 21, 22 ],
  nesting: 1,
  level: 0,
  children: null,
  content: '',
  markup: '',
  info: '',
  meta: null,
  block: true,
  hidden: false
}
Token {
  type: 'inline',
  tag: '',
  attrs: null,
  map: [ 21, 22 ],
  nesting: 0,
  level: 1,
  children: [
    Token {
      type: 'text',
      tag: '',
      attrs: null,
      map: null,
      nesting: 0,
      level: 0,
      children: null,
      content: '',
      markup: '',
      info: '',
      meta: null,
      block: false,
      hidden: false
    },
    Token {
      type: 'strong_open',
      tag: 'strong',
      attrs: null,
      map: null,
      nesting: 1,
      level: 0,
      children: null,
      content: '',
      markup: '**',
      info: '',
      meta: null,
      block: false,
      hidden: false
    },
    Token {
      type: 'text',
      tag: '',
      attrs: null,
      map: null,
      nesting: 0,
      level: 1,
      children: null,
      content: 'strong',
      markup: '',
      info: '',
      meta: null,
      block: false,
      hidden: false
    },
    Token {
      type: 'strong_close',
      tag: 'strong',
      attrs: null,
      map: null,
      nesting: -1,
      level: 0,
      children: null,
      content: '',
      markup: '**',
      info: '',
      meta: null,
      block: false,
      hidden: false
    },
    Token {
      type: 'text',
      tag: '',
      attrs: null,
      map: null,
      nesting: 0,
      level: 0,
      children: null,
      content: '',
      markup: '',
      info: '',
      meta: null,
      block: false,
      hidden: false
    }
  ],
  content: '**strong**',
  markup: '',
  info: '',
  meta: null,
  block: true,
  hidden: false
}
Token {
  type: 'paragraph_close',
  tag: 'p',
  attrs: null,
  map: null,
  nesting: -1,
  level: 0,
  children: null,
  content: '',
  markup: '',
  info: '',
  meta: null,
  block: true,
  hidden: false
}
Token {
  type: 'paragraph_open',
  tag: 'p',
  attrs: null,
  map: [ 23, 24 ],
  nesting: 1,
  level: 0,
  children: null,
  content: '',
  markup: '',
  info: '',
  meta: null,
  block: true,
  hidden: false
}
Token {
  type: 'inline',
  tag: '',
  attrs: null,
  map: [ 23, 24 ],
  nesting: 0,
  level: 1,
  children: [
    Token {
      type: 'text',
      tag: '',
      attrs: null,
      map: null,
      nesting: 0,
      level: 0,
      children: null,
      content: '',
      markup: '',
      info: '',
      meta: null,
      block: false,
      hidden: false
    },
    Token {
      type: 'strong_open',
      tag: 'strong',
      attrs: null,
      map: null,
      nesting: 1,
      level: 0,
      children: null,
      content: '',
      markup: '**',
      info: '',
      meta: null,
      block: false,
      hidden: false
    },
    Token {
      type: 'em_open',
      tag: 'em',
      attrs: null,
      map: null,
      nesting: 1,
      level: 1,
      children: null,
      content: '',
      markup: '_',
      info: '',
      meta: null,
      block: false,
      hidden: false
    },
    Token {
      type: 'text',
      tag: '',
      attrs: null,
      map: null,
      nesting: 0,
      level: 2,
      children: null,
      content: 'strong and italic',
      markup: '',
      info: '',
      meta: null,
      block: false,
      hidden: false
    },
    Token {
      type: 'em_close',
      tag: 'em',
      attrs: null,
      map: null,
      nesting: -1,
      level: 1,
      children: null,
      content: '',
      markup: '_',
      info: '',
      meta: null,
      block: false,
      hidden: false
    },
    Token {
      type: 'strong_close',
      tag: 'strong',
      attrs: null,
      map: null,
      nesting: -1,
      level: 0,
      children: null,
      content: '',
      markup: '**',
      info: '',
      meta: null,
      block: false,
      hidden: false
    },
    Token {
      type: 'text',
      tag: '',
      attrs: null,
      map: null,
      nesting: 0,
      level: 0,
      children: null,
      content: '',
      markup: '',
      info: '',
      meta: null,
      block: false,
      hidden: false
    }
  ],
  content: '**_strong and italic_**',
  markup: '',
  info: '',
  meta: null,
  block: true,
  hidden: false
}
Token {
  type: 'paragraph_close',
  tag: 'p',
  attrs: null,
  map: null,
  nesting: -1,
  level: 0,
  children: null,
  content: '',
  markup: '',
  info: '',
  meta: null,
  block: true,
  hidden: false
}
Token {
  type: 'paragraph_open',
  tag: 'p',
  attrs: null,
  map: [ 25, 26 ],
  nesting: 1,
  level: 0,
  children: null,
  content: '',
  markup: '',
  info: '',
  meta: null,
  block: true,
  hidden: false
}
Token {
  type: 'inline',
  tag: '',
  attrs: null,
  map: [ 25, 26 ],
  nesting: 0,
  level: 1,
  children: [
    Token {
      type: 'code_inline',
      tag: 'code',
      attrs: null,
      map: null,
      nesting: 0,
      level: 0,
      children: null,
      content: 'demo',
      markup: '`',
      info: '',
      meta: null,
      block: false,
      hidden: false
    }
  ],
  content: '`demo`',
  markup: '',
  info: '',
  meta: null,
  block: true,
  hidden: false
}
Token {
  type: 'paragraph_close',
  tag: 'p',
  attrs: null,
  map: null,
  nesting: -1,
  level: 0,
  children: null,
  content: '',
  markup: '',
  info: '',
  meta: null,
  block: true,
  hidden: false
}
Token {
  type: 'fence',
  tag: 'code',
  attrs: null,
  map: [ 27, 30 ],
  nesting: 0,
  level: 0,
  children: null,
  content: "console.log('hello world')\n",
  markup: '```',
  info: 'js',
  meta: null,
  block: true,
  hidden: false
}
Token {
  type: 'paragraph_open',
  tag: 'p',
  attrs: null,
  map: [ 31, 32 ],
  nesting: 1,
  level: 0,
  children: null,
  content: '',
  markup: '',
  info: '',
  meta: null,
  block: true,
  hidden: false
}
Token {
  type: 'inline',
  tag: '',
  attrs: null,
  map: [ 31, 32 ],
  nesting: 0,
  level: 1,
  children: [
    Token {
      type: 'text',
      tag: '',
      attrs: null,
      map: null,
      nesting: 0,
      level: 0,
      children: null,
      content: '![](https://img-20221128.oss-cn-shanghai.aliyuncs.com/img-2023-05/202411291706301.png)',
      markup: '',
      info: '',
      meta: null,
      block: false,
      hidden: false
    }
  ],
  content: '![](https://img-20221128.oss-cn-shanghai.aliyuncs.com/img-2023-05/202411291706301.png)',
  markup: '',
  info: '',
  meta: null,
  block: true,
  hidden: false
}
Token {
  type: 'paragraph_close',
  tag: 'p',
  attrs: null,
  map: null,
  nesting: -1,
  level: 0,
  children: null,
  content: '',
  markup: '',
  info: '',
  meta: null,
  block: true,
  hidden: false
}
Token {
  type: 'paragraph_open',
  tag: 'p',
  attrs: null,
  map: [ 33, 34 ],
  nesting: 1,
  level: 0,
  children: null,
  content: '',
  markup: '',
  info: '',
  meta: null,
  block: true,
  hidden: false
}
Token {
  type: 'inline',
  tag: '',
  attrs: null,
  map: [ 33, 34 ],
  nesting: 0,
  level: 1,
  children: [
    Token {
      type: 'text',
      tag: '',
      attrs: null,
      map: null,
      nesting: 0,
      level: 0,
      children: null,
      content: '-222222222',
      markup: '',
      info: '',
      meta: null,
      block: false,
      hidden: false
    }
  ],
  content: '-222222222',
  markup: '',
  info: '',
  meta: null,
  block: true,
  hidden: false
}
Token {
  type: 'paragraph_close',
  tag: 'p',
  attrs: null,
  map: null,
  nesting: -1,
  level: 0,
  children: null,
  content: '',
  markup: '',
  info: '',
  meta: null,
  block: true,
  hidden: false
}
Token {
  type: 'bullet_list_open',
  tag: 'ul',
  attrs: null,
  map: [ 35, 38 ],
  nesting: 1,
  level: 0,
  children: null,
  content: '',
  markup: '-',
  info: '',
  meta: null,
  block: true,
  hidden: false
}
Token {
  type: 'list_item_open',
  tag: 'li',
  attrs: null,
  map: [ 35, 36 ],
  nesting: 1,
  level: 1,
  children: null,
  content: '',
  markup: '-',
  info: '',
  meta: null,
  block: true,
  hidden: false
}
Token {
  type: 'paragraph_open',
  tag: 'p',
  attrs: null,
  map: [ 35, 36 ],
  nesting: 1,
  level: 2,
  children: null,
  content: '',
  markup: '',
  info: '',
  meta: null,
  block: true,
  hidden: true
}
Token {
  type: 'inline',
  tag: '',
  attrs: null,
  map: [ 35, 36 ],
  nesting: 0,
  level: 3,
  children: [
    Token {
      type: 'text',
      tag: '',
      attrs: null,
      map: null,
      nesting: 0,
      level: 0,
      children: null,
      content: '[[111]]',
      markup: '',
      info: '',
      meta: null,
      block: false,
      hidden: false
    }
  ],
  content: '[[111]]',
  markup: '',
  info: '',
  meta: null,
  block: true,
  hidden: false
}
Token {
  type: 'paragraph_close',
  tag: 'p',
  attrs: null,
  map: null,
  nesting: -1,
  level: 2,
  children: null,
  content: '',
  markup: '',
  info: '',
  meta: null,
  block: true,
  hidden: true
}
Token {
  type: 'list_item_close',
  tag: 'li',
  attrs: null,
  map: null,
  nesting: -1,
  level: 1,
  children: null,
  content: '',
  markup: '-',
  info: '',
  meta: null,
  block: true,
  hidden: false
}
Token {
  type: 'list_item_open',
  tag: 'li',
  attrs: null,
  map: [ 36, 37 ],
  nesting: 1,
  level: 1,
  children: null,
  content: '',
  markup: '-',
  info: '',
  meta: null,
  block: true,
  hidden: false
}
Token {
  type: 'paragraph_open',
  tag: 'p',
  attrs: null,
  map: [ 36, 37 ],
  nesting: 1,
  level: 2,
  children: null,
  content: '',
  markup: '',
  info: '',
  meta: null,
  block: true,
  hidden: true
}
Token {
  type: 'inline',
  tag: '',
  attrs: null,
  map: [ 36, 37 ],
  nesting: 0,
  level: 3,
  children: [
    Token {
      type: 'text',
      tag: '',
      attrs: null,
      map: null,
      nesting: 0,
      level: 0,
      children: null,
      content: '[[demos/aaa]]',
      markup: '',
      info: '',
      meta: null,
      block: false,
      hidden: false
    }
  ],
  content: '[[demos/aaa]]',
  markup: '',
  info: '',
  meta: null,
  block: true,
  hidden: false
}
Token {
  type: 'paragraph_close',
  tag: 'p',
  attrs: null,
  map: null,
  nesting: -1,
  level: 2,
  children: null,
  content: '',
  markup: '',
  info: '',
  meta: null,
  block: true,
  hidden: true
}
Token {
  type: 'list_item_close',
  tag: 'li',
  attrs: null,
  map: null,
  nesting: -1,
  level: 1,
  children: null,
  content: '',
  markup: '-',
  info: '',
  meta: null,
  block: true,
  hidden: false
}
Token {
  type: 'list_item_open',
  tag: 'li',
  attrs: null,
  map: [ 37, 38 ],
  nesting: 1,
  level: 1,
  children: null,
  content: '',
  markup: '-',
  info: '',
  meta: null,
  block: true,
  hidden: false
}
Token {
  type: 'paragraph_open',
  tag: 'p',
  attrs: null,
  map: [ 37, 38 ],
  nesting: 1,
  level: 2,
  children: null,
  content: '',
  markup: '',
  info: '',
  meta: null,
  block: true,
  hidden: true
}
Token {
  type: 'inline',
  tag: '',
  attrs: null,
  map: [ 37, 38 ],
  nesting: 0,
  level: 3,
  children: [
    Token {
      type: 'link_open',
      tag: 'a',
      attrs: [Array],
      map: null,
      nesting: 1,
      level: 0,
      children: null,
      content: '',
      markup: '',
      info: '',
      meta: null,
      block: false,
      hidden: false
    },
    Token {
      type: 'text',
      tag: '',
      attrs: null,
      map: null,
      nesting: 0,
      level: 1,
      children: null,
      content: 'test',
      markup: '',
      info: '',
      meta: null,
      block: false,
      hidden: false
    },
    Token {
      type: 'link_close',
      tag: 'a',
      attrs: null,
      map: null,
      nesting: -1,
      level: 0,
      children: null,
      content: '',
      markup: '',
      info: '',
      meta: null,
      block: false,
      hidden: false
    }
  ],
  content: '[test](./111.md)',
  markup: '',
  info: '',
  meta: null,
  block: true,
  hidden: false
}
Token {
  type: 'paragraph_close',
  tag: 'p',
  attrs: null,
  map: null,
  nesting: -1,
  level: 2,
  children: null,
  content: '',
  markup: '',
  info: '',
  meta: null,
  block: true,
  hidden: true
}
Token {
  type: 'list_item_close',
  tag: 'li',
  attrs: null,
  map: null,
  nesting: -1,
  level: 1,
  children: null,
  content: '',
  markup: '-',
  info: '',
  meta: null,
  block: true,
  hidden: false
}
Token {
  type: 'bullet_list_close',
  tag: 'ul',
  attrs: null,
  map: null,
  nesting: -1,
  level: 0,
  children: null,
  content: '',
  markup: '-',
  info: '',
  meta: null,
  block: true,
  hidden: false
}
Token {
  type: 'hr',
  tag: 'hr',
  attrs: null,
  map: [ 0, 1 ],
  nesting: 0,
  level: 0,
  children: null,
  content: '',
  markup: '---',
  info: '',
  meta: null,
  block: true,
  hidden: false
}
Token {
  type: 'heading_open',
  tag: 'h2',
  attrs: null,
  map: [ 1, 7 ],
  nesting: 1,
  level: 0,
  children: null,
  content: '',
  markup: '-',
  info: '',
  meta: null,
  block: true,
  hidden: false
}
Token {
  type: 'inline',
  tag: '',
  attrs: null,
  map: [ 1, 6 ],
  nesting: 0,
  level: 1,
  children: [
    Token {
      type: 'text',
      tag: '',
      attrs: null,
      map: null,
      nesting: 0,
      level: 0,
      children: null,
      content: 'page: true',
      markup: '',
      info: '',
      meta: null,
      block: false,
      hidden: false
    },
    Token {
      type: 'softbreak',
      tag: 'br',
      attrs: null,
      map: null,
      nesting: 0,
      level: 0,
      children: null,
      content: '',
      markup: '',
      info: '',
      meta: null,
      block: false,
      hidden: false
    },
    Token {
      type: 'text',
      tag: '',
      attrs: null,
      map: null,
      nesting: 0,
      level: 0,
      children: null,
      content: 'title: Collections',
      markup: '',
      info: '',
      meta: null,
      block: false,
      hidden: false
    },
    Token {
      type: 'softbreak',
      tag: 'br',
      attrs: null,
      map: null,
      nesting: 0,
      level: 0,
      children: null,
      content: '',
      markup: '',
      info: '',
      meta: null,
      block: false,
      hidden: false
    },
    Token {
      type: 'text',
      tag: '',
      attrs: null,
      map: null,
      nesting: 0,
      level: 0,
      children: null,
      content: 'description: Tags',
      markup: '',
      info: '',
      meta: null,
      block: false,
      hidden: false
    },
    Token {
      type: 'softbreak',
      tag: 'br',
      attrs: null,
      map: null,
      nesting: 0,
      level: 0,
      children: null,
      content: '',
      markup: '',
      info: '',
      meta: null,
      block: false,
      hidden: false
    },
    Token {
      type: 'text',
      tag: '',
      attrs: null,
      map: null,
      nesting: 0,
      level: 0,
      children: null,
      content: 'aside: false',
      markup: '',
      info: '',
      meta: null,
      block: false,
      hidden: false
    },
    Token {
      type: 'softbreak',
      tag: 'br',
      attrs: null,
      map: null,
      nesting: 0,
      level: 0,
      children: null,
      content: '',
      markup: '',
      info: '',
      meta: null,
      block: false,
      hidden: false
    },
    Token {
      type: 'text',
      tag: '',
      attrs: null,
      map: null,
      nesting: 0,
      level: 0,
      children: null,
      content: 'date: 2020-09-01',
      markup: '',
      info: '',
      meta: null,
      block: false,
      hidden: false
    }
  ],
  content: 'page: true\n' +
    'title: Collections\n' +
    'description: Tags\n' +
    'aside: false\n' +
    'date: 2020-09-01',
  markup: '',
  info: '',
  meta: null,
  block: true,
  hidden: false
}
Token {
  type: 'heading_close',
  tag: 'h2',
  attrs: null,
  map: null,
  nesting: -1,
  level: 0,
  children: null,
  content: '',
  markup: '-',
  info: '',
  meta: null,
  block: true,
  hidden: false
}
Token {
  type: 'paragraph_open',
  tag: 'p',
  attrs: null,
  map: [ 8, 9 ],
  nesting: 1,
  level: 0,
  children: null,
  content: '',
  markup: '',
  info: '',
  meta: null,
  block: true,
  hidden: false
}
Token {
  type: 'inline',
  tag: '',
  attrs: null,
  map: [ 8, 9 ],
  nesting: 0,
  level: 1,
  children: [
    Token {
      type: 'text',
      tag: '',
      attrs: null,
      map: null,
      nesting: 0,
      level: 0,
      children: null,
      content: '<Collections/>',
      markup: '',
      info: '',
      meta: null,
      block: false,
      hidden: false
    }
  ],
  content: '<Collections/>',
  markup: '',
  info: '',
  meta: null,
  block: true,
  hidden: false
}
Token {
  type: 'paragraph_close',
  tag: 'p',
  attrs: null,
  map: null,
  nesting: -1,
  level: 0,
  children: null,
  content: '',
  markup: '',
  info: '',
  meta: null,
  block: true,
  hidden: false
}
Token {
  type: 'hr',
  tag: 'hr',
  attrs: null,
  map: [ 0, 1 ],
  nesting: 0,
  level: 0,
  children: null,
  content: '',
  markup: '---',
  info: '',
  meta: null,
  block: true,
  hidden: false
}
Token {
  type: 'heading_open',
  tag: 'h2',
  attrs: null,
  map: [ 1, 3 ],
  nesting: 1,
  level: 0,
  children: null,
  content: '',
  markup: '-',
  info: '',
  meta: null,
  block: true,
  hidden: false
}
Token {
  type: 'inline',
  tag: '',
  attrs: null,
  map: [ 1, 2 ],
  nesting: 0,
  level: 1,
  children: [
    Token {
      type: 'text',
      tag: '',
      attrs: null,
      map: null,
      nesting: 0,
      level: 0,
      children: null,
      content: 'layout: home',
      markup: '',
      info: '',
      meta: null,
      block: false,
      hidden: false
    }
  ],
  content: 'layout: home',
  markup: '',
  info: '',
  meta: null,
  block: true,
  hidden: false
}
Token {
  type: 'heading_close',
  tag: 'h2',
  attrs: null,
  map: null,
  nesting: -1,
  level: 0,
  children: null,
  content: '',
  markup: '-',
  info: '',
  meta: null,
  block: true,
  hidden: false
}
Token {
  type: 'paragraph_open',
  tag: 'p',
  attrs: null,
  map: [ 4, 5 ],
  nesting: 1,
  level: 0,
  children: null,
  content: '',
  markup: '',
  info: '',
  meta: null,
  block: true,
  hidden: false
}
Token {
  type: 'inline',
  tag: '',
  attrs: null,
  map: [ 4, 5 ],
  nesting: 0,
  level: 1,
  children: [
    Token {
      type: 'text',
      tag: '',
      attrs: null,
      map: null,
      nesting: 0,
      level: 0,
      children: null,
      content: '<Homepage />',
      markup: '',
      info: '',
      meta: null,
      block: false,
      hidden: false
    }
  ],
  content: '<Homepage />',
  markup: '',
  info: '',
  meta: null,
  block: true,
  hidden: false
}
Token {
  type: 'paragraph_close',
  tag: 'p',
  attrs: null,
  map: null,
  nesting: -1,
  level: 0,
  children: null,
  content: '',
  markup: '',
  info: '',
  meta: null,
  block: true,
  hidden: false
}
Token {
  type: 'hr',
  tag: 'hr',
  attrs: null,
  map: [ 0, 1 ],
  nesting: 0,
  level: 0,
  children: null,
  content: '',
  markup: '---',
  info: '',
  meta: null,
  block: true,
  hidden: false
}
Token {
  type: 'heading_open',
  tag: 'h2',
  attrs: null,
  map: [ 1, 6 ],
  nesting: 1,
  level: 0,
  children: null,
  content: '',
  markup: '-',
  info: '',
  meta: null,
  block: true,
  hidden: false
}
Token {
  type: 'inline',
  tag: '',
  attrs: null,
  map: [ 1, 5 ],
  nesting: 0,
  level: 1,
  children: [
    Token {
      type: 'text',
      tag: '',
      attrs: null,
      map: null,
      nesting: 0,
      level: 0,
      children: null,
      content: 'title: home',
      markup: '',
      info: '',
      meta: null,
      block: false,
      hidden: false
    },
    Token {
      type: 'softbreak',
      tag: 'br',
      attrs: null,
      map: null,
      nesting: 0,
      level: 0,
      children: null,
      content: '',
      markup: '',
      info: '',
      meta: null,
      block: false,
      hidden: false
    },
    Token {
      type: 'text',
      tag: '',
      attrs: null,
      map: null,
      nesting: 0,
      level: 0,
      children: null,
      content: 'aside: false',
      markup: '',
      info: '',
      meta: null,
      block: false,
      hidden: false
    },
    Token {
      type: 'softbreak',
      tag: 'br',
      attrs: null,
      map: null,
      nesting: 0,
      level: 0,
      children: null,
      content: '',
      markup: '',
      info: '',
      meta: null,
      block: false,
      hidden: false
    },
    Token {
      type: 'text',
      tag: '',
      attrs: null,
      map: null,
      nesting: 0,
      level: 0,
      children: null,
      content: 'sidebar: false',
      markup: '',
      info: '',
      meta: null,
      block: false,
      hidden: false
    },
    Token {
      type: 'softbreak',
      tag: 'br',
      attrs: null,
      map: null,
      nesting: 0,
      level: 0,
      children: null,
      content: '',
      markup: '',
      info: '',
      meta: null,
      block: false,
      hidden: false
    },
    Token {
      type: 'text',
      tag: '',
      attrs: null,
      map: null,
      nesting: 0,
      level: 0,
      children: null,
      content: 'layout: page',
      markup: '',
      info: '',
      meta: null,
      block: false,
      hidden: false
    }
  ],
  content: 'title: home\naside: false\nsidebar: false\nlayout: page',
  markup: '',
  info: '',
  meta: null,
  block: true,
  hidden: false
}
Token {
  type: 'heading_close',
  tag: 'h2',
  attrs: null,
  map: null,
  nesting: -1,
  level: 0,
  children: null,
  content: '',
  markup: '-',
  info: '',
  meta: null,
  block: true,
  hidden: false
}
Token {
  type: 'paragraph_open',
  tag: 'p',
  attrs: null,
  map: [ 6, 13 ],
  nesting: 1,
  level: 0,
  children: null,
  content: '',
  markup: '',
  info: '',
  meta: null,
  block: true,
  hidden: false
}
Token {
  type: 'inline',
  tag: '',
  attrs: null,
  map: [ 6, 13 ],
  nesting: 0,
  level: 1,
  children: [
    Token {
      type: 'text',
      tag: '',
      attrs: null,
      map: null,
      nesting: 0,
      level: 0,
      children: null,
      content: '<script setup>',
      markup: '',
      info: '',
      meta: null,
      block: false,
      hidden: false
    },
    Token {
      type: 'softbreak',
      tag: 'br',
      attrs: null,
      map: null,
      nesting: 0,
      level: 0,
      children: null,
      content: '',
      markup: '',
      info: '',
      meta: null,
      block: false,
      hidden: false
    },
    Token {
      type: 'text',
      tag: '',
      attrs: null,
      map: null,
      nesting: 0,
      level: 0,
      children: null,
      content: 'import BlogContainer from "../../.vitepress/theme/components/page/BlogContainer.vue";',
      markup: '',
      info: '',
      meta: null,
      block: false,
      hidden: false
    },
    Token {
      type: 'softbreak',
      tag: 'br',
      attrs: null,
      map: null,
      nesting: 0,
      level: 0,
      children: null,
      content: '',
      markup: '',
      info: '',
      meta: null,
      block: false,
      hidden: false
    },
    Token {
      type: 'text',
      tag: '',
      attrs: null,
      map: null,
      nesting: 0,
      level: 0,
      children: null,
      content: 'import { useData } from "vitepress";',
      markup: '',
      info: '',
      meta: null,
      block: false,
      hidden: false
    },
    Token {
      type: 'softbreak',
      tag: 'br',
      attrs: null,
      map: null,
      nesting: 0,
      level: 0,
      children: null,
      content: '',
      markup: '',
      info: '',
      meta: null,
      block: false,
      hidden: false
    },
    Token {
      type: 'text',
      tag: '',
      attrs: null,
      map: null,
      nesting: 0,
      level: 0,
      children: null,
      content: 'const { theme } = useData();',
      markup: '',
      info: '',
      meta: null,
      block: false,
      hidden: false
    },
    Token {
      type: 'softbreak',
      tag: 'br',
      attrs: null,
      map: null,
      nesting: 0,
      level: 0,
      children: null,
      content: '',
      markup: '',
      info: '',
      meta: null,
      block: false,
      hidden: false
    },
    Token {
      type: 'text',
      tag: '',
      attrs: null,
      map: null,
      nesting: 0,
      level: 0,
      children: null,
      content: 'const posts = theme.value.posts.slice(0,10)',
      markup: '',
      info: '',
      meta: null,
      block: false,
      hidden: false
    },
    Token {
      type: 'softbreak',
      tag: 'br',
      attrs: null,
      map: null,
      nesting: 0,
      level: 0,
      children: null,
      content: '',
      markup: '',
      info: '',
      meta: null,
      block: false,
      hidden: false
    },
    Token {
      type: 'text',
      tag: '',
      attrs: null,
      map: null,
      nesting: 0,
      level: 0,
      children: null,
      content: '</script>',
      markup: '',
      info: '',
      meta: null,
      block: false,
      hidden: false
    },
    Token {
      type: 'softbreak',
      tag: 'br',
      attrs: null,
      map: null,
      nesting: 0,
      level: 0,
      children: null,
      content: '',
      markup: '',
      info: '',
      meta: null,
      block: false,
      hidden: false
    },
    Token {
      type: 'text',
      tag: '',
      attrs: null,
      map: null,
      nesting: 0,
      level: 0,
      children: null,
      content: '<BlogContainer :posts="posts" :pageCurrent="1" :pagesNum="1" />',
      markup: '',
      info: '',
      meta: null,
      block: false,
      hidden: false
    }
  ],
  content: '<script setup>\n' +
    'import BlogContainer from "../../.vitepress/theme/components/page/BlogContainer.vue";\n' +
    'import { useData } from "vitepress";\n' +
    'const { theme } = useData();\n' +
    'const posts = theme.value.posts.slice(0,10)\n' +
    '</script>\n' +
    '<BlogContainer :posts="posts" :pageCurrent="1" :pagesNum="1" />',
  markup: '',
  info: '',
  meta: null,
  block: true,
  hidden: false
}
Token {
  type: 'paragraph_close',
  tag: 'p',
  attrs: null,
  map: null,
  nesting: -1,
  level: 0,
  children: null,
  content: '',
  markup: '',
  info: '',
  meta: null,
  block: true,
  hidden: false
}
Token {
  type: 'hr',
  tag: 'hr',
  attrs: null,
  map: [ 0, 1 ],
  nesting: 0,
  level: 0,
  children: null,
  content: '',
  markup: '---',
  info: '',
  meta: null,
  block: true,
  hidden: false
}
Token {
  type: 'heading_open',
  tag: 'h2',
  attrs: null,
  map: [ 1, 7 ],
  nesting: 1,
  level: 0,
  children: null,
  content: '',
  markup: '-',
  info: '',
  meta: null,
  block: true,
  hidden: false
}
Token {
  type: 'inline',
  tag: '',
  attrs: null,
  map: [ 1, 6 ],
  nesting: 0,
  level: 1,
  children: [
    Token {
      type: 'text',
      tag: '',
      attrs: null,
      map: null,
      nesting: 0,
      level: 0,
      children: null,
      content: 'layout: page',
      markup: '',
      info: '',
      meta: null,
      block: false,
      hidden: false
    },
    Token {
      type: 'softbreak',
      tag: 'br',
      attrs: null,
      map: null,
      nesting: 0,
      level: 0,
      children: null,
      content: '',
      markup: '',
      info: '',
      meta: null,
      block: false,
      hidden: false
    },
    Token {
      type: 'text',
      tag: '',
      attrs: null,
      map: null,
      nesting: 0,
      level: 0,
      children: null,
      content: 'title: Tags',
      markup: '',
      info: '',
      meta: null,
      block: false,
      hidden: false
    },
    Token {
      type: 'softbreak',
      tag: 'br',
      attrs: null,
      map: null,
      nesting: 0,
      level: 0,
      children: null,
      content: '',
      markup: '',
      info: '',
      meta: null,
      block: false,
      hidden: false
    },
    Token {
      type: 'text',
      tag: '',
      attrs: null,
      map: null,
      nesting: 0,
      level: 0,
      children: null,
      content: 'description: Tags',
      markup: '',
      info: '',
      meta: null,
      block: false,
      hidden: false
    },
    Token {
      type: 'softbreak',
      tag: 'br',
      attrs: null,
      map: null,
      nesting: 0,
      level: 0,
      children: null,
      content: '',
      markup: '',
      info: '',
      meta: null,
      block: false,
      hidden: false
    },
    Token {
      type: 'text',
      tag: '',
      attrs: null,
      map: null,
      nesting: 0,
      level: 0,
      children: null,
      content: 'sidebar: false',
      markup: '',
      info: '',
      meta: null,
      block: false,
      hidden: false
    },
    Token {
      type: 'softbreak',
      tag: 'br',
      attrs: null,
      map: null,
      nesting: 0,
      level: 0,
      children: null,
      content: '',
      markup: '',
      info: '',
      meta: null,
      block: false,
      hidden: false
    },
    Token {
      type: 'text',
      tag: '',
      attrs: null,
      map: null,
      nesting: 0,
      level: 0,
      children: null,
      content: 'aside: false',
      markup: '',
      info: '',
      meta: null,
      block: false,
      hidden: false
    }
  ],
  content: 'layout: page\ntitle: Tags\ndescription: Tags\nsidebar: false\naside: false',
  markup: '',
  info: '',
  meta: null,
  block: true,
  hidden: false
}
Token {
  type: 'heading_close',
  tag: 'h2',
  attrs: null,
  map: null,
  nesting: -1,
  level: 0,
  children: null,
  content: '',
  markup: '-',
  info: '',
  meta: null,
  block: true,
  hidden: false
}
Token {
  type: 'paragraph_open',
  tag: 'p',
  attrs: null,
  map: [ 8, 9 ],
  nesting: 1,
  level: 0,
  children: null,
  content: '',
  markup: '',
  info: '',
  meta: null,
  block: true,
  hidden: false
}
Token {
  type: 'inline',
  tag: '',
  attrs: null,
  map: [ 8, 9 ],
  nesting: 0,
  level: 1,
  children: [
    Token {
      type: 'text',
      tag: '',
      attrs: null,
      map: null,
      nesting: 0,
      level: 0,
      children: null,
      content: '<Tags/>',
      markup: '',
      info: '',
      meta: null,
      block: false,
      hidden: false
    }
  ],
  content: '<Tags/>',
  markup: '',
  info: '',
  meta: null,
  block: true,
  hidden: false
}
Token {
  type: 'paragraph_close',
  tag: 'p',
  attrs: null,
  map: null,
  nesting: -1,
  level: 0,
  children: null,
  content: '',
  markup: '',
  info: '',
  meta: null,
  block: true,
  hidden: false
}
Token {
  type: 'hr',
  tag: 'hr',
  attrs: null,
  map: [ 0, 1 ],
  nesting: 0,
  level: 0,
  children: null,
  content: '',
  markup: '---',
  info: '',
  meta: null,
  block: true,
  hidden: false
}
Token {
  type: 'heading_open',
  tag: 'h2',
  attrs: null,
  map: [ 1, 7 ],
  nesting: 1,
  level: 0,
  children: null,
  content: '',
  markup: '-',
  info: '',
  meta: null,
  block: true,
  hidden: false
}
Token {
  type: 'inline',
  tag: '',
  attrs: null,
  map: [ 1, 6 ],
  nesting: 0,
  level: 1,
  children: [
    Token {
      type: 'text',
      tag: '',
      attrs: null,
      map: null,
      nesting: 0,
      level: 0,
      children: null,
      content: 'layout: page',
      markup: '',
      info: '',
      meta: null,
      block: false,
      hidden: false
    },
    Token {
      type: 'softbreak',
      tag: 'br',
      attrs: null,
      map: null,
      nesting: 0,
      level: 0,
      children: null,
      content: '',
      markup: '',
      info: '',
      meta: null,
      block: false,
      hidden: false
    },
    Token {
      type: 'text',
      tag: '',
      attrs: null,
      map: null,
      nesting: 0,
      level: 0,
      children: null,
      content: 'title: Timeline',
      markup: '',
      info: '',
      meta: null,
      block: false,
      hidden: false
    },
    Token {
      type: 'softbreak',
      tag: 'br',
      attrs: null,
      map: null,
      nesting: 0,
      level: 0,
      children: null,
      content: '',
      markup: '',
      info: '',
      meta: null,
      block: false,
      hidden: false
    },
    Token {
      type: 'text',
      tag: '',
      attrs: null,
      map: null,
      nesting: 0,
      level: 0,
      children: null,
      content: 'description: Timeline',
      markup: '',
      info: '',
      meta: null,
      block: false,
      hidden: false
    },
    Token {
      type: 'softbreak',
      tag: 'br',
      attrs: null,
      map: null,
      nesting: 0,
      level: 0,
      children: null,
      content: '',
      markup: '',
      info: '',
      meta: null,
      block: false,
      hidden: false
    },
    Token {
      type: 'text',
      tag: '',
      attrs: null,
      map: null,
      nesting: 0,
      level: 0,
      children: null,
      content: 'sidebar: false',
      markup: '',
      info: '',
      meta: null,
      block: false,
      hidden: false
    },
    Token {
      type: 'softbreak',
      tag: 'br',
      attrs: null,
      map: null,
      nesting: 0,
      level: 0,
      children: null,
      content: '',
      markup: '',
      info: '',
      meta: null,
      block: false,
      hidden: false
    },
    Token {
      type: 'text',
      tag: '',
      attrs: null,
      map: null,
      nesting: 0,
      level: 0,
      children: null,
      content: 'aside: false',
      markup: '',
      info: '',
      meta: null,
      block: false,
      hidden: false
    }
  ],
  content: 'layout: page\n' +
    'title: Timeline\n' +
    'description: Timeline\n' +
    'sidebar: false\n' +
    'aside: false',
  markup: '',
  info: '',
  meta: null,
  block: true,
  hidden: false
}
Token {
  type: 'heading_close',
  tag: 'h2',
  attrs: null,
  map: null,
  nesting: -1,
  level: 0,
  children: null,
  content: '',
  markup: '-',
  info: '',
  meta: null,
  block: true,
  hidden: false
}
Token {
  type: 'paragraph_open',
  tag: 'p',
  attrs: null,
  map: [ 8, 9 ],
  nesting: 1,
  level: 0,
  children: null,
  content: '',
  markup: '',
  info: '',
  meta: null,
  block: true,
  hidden: false
}
Token {
  type: 'inline',
  tag: '',
  attrs: null,
  map: [ 8, 9 ],
  nesting: 0,
  level: 1,
  children: [
    Token {
      type: 'text',
      tag: '',
      attrs: null,
      map: null,
      nesting: 0,
      level: 0,
      children: null,
      content: '<Timeline/>',
      markup: '',
      info: '',
      meta: null,
      block: false,
      hidden: false
    }
  ],
  content: '<Timeline/>',
  markup: '',
  info: '',
  meta: null,
  block: true,
  hidden: false
}
Token {
  type: 'paragraph_close',
  tag: 'p',
  attrs: null,
  map: null,
  nesting: -1,
  level: 0,
  children: null,
  content: '',
  markup: '',
  info: '',
  meta: null,
  block: true,
  hidden: false
}

  vitepress v1.5.0

  ➜  Local:   http://localhost:5000/
  ➜  Network: http://10.177.73.149:5000/
  ➜  Network: http://172.16.9.1:5000/
  ➜  Network: http://172.16.2.1:5000/
  ➜  Network: http://172.16.4.1:5000/
  ➜  Network: http://192.168.112.1:5000/
  ➜  Network: http://172.22.0.1:5000/
  ➜  Network: http://192.168.96.1:5000/
  ➜  Network: http://172.16.7.1:5000/
  ➜  Network: http://192.168.16.1:5000/
  ➜  Network: http://172.30.0.1:5000/
  ➜  Network: http://172.28.0.1:5000/
  ➜  Network: http://172.27.0.1:5000/
  ➜  Network: http://192.168.224.1:5000/
  ➜  Network: http://172.31.0.1:5000/
  ➜  Network: http://172.16.11.1:5000/
  ➜  Network: http://172.29.0.1:5000/
  ➜  Network: http://172.20.0.1:5000/
  ➜  Network: http://172.16.1.1:5000/
  ➜  Network: http://192.168.128.1:5000/
  ➜  Network: http://172.16.8.1:5000/
  ➜  Network: http://172.25.0.1:5000/
  ➜  Network: http://192.168.176.1:5000/
  ➜  Network: http://192.168.240.1:5000/
  ➜  Network: http://172.16.6.1:5000/
  ➜  Network: http://172.21.0.1:5000/
  ➜  Network: http://192.168.160.1:5000/
  ➜  Network: http://172.16.5.1:5000/
  ➜  Network: http://192.168.144.1:5000/
  ➜  Network: http://192.168.64.1:5000/
  ➜  Network: http://172.16.13.1:5000/
  ➜  Network: http://172.16.0.1:5000/
  ➜  Network: http://172.23.5.8:5000/
  ➜  Network: http://172.16.15.1:5000/
  ➜  Network: http://172.16.10.1:5000/
  ➜  Network: http://172.16.12.1:5000/
  ➜  Network: http://172.16.3.1:5000/
  ➜  Network: http://198.18.0.1:5000/
  ➜  press h to show help
5:09:07 PM [vitepress] .vitepress/plugins/analyze.ts changed, restarting server...

Token {
  type: 'hr',
  tag: 'hr',
  attrs: null,
  map: [ 0, 1 ],
  nesting: 0,
  level: 0,
  children: null,
  content: '',
  markup: '---',
  info: '',
  meta: null,
  block: true,
  hidden: false
}
Token {
  type: 'heading_open',
  tag: 'h2',
  attrs: null,
  map: [ 1, 6 ],
  nesting: 1,
  level: 0,
  children: null,
  content: '',
  markup: '-',
  info: '',
  meta: null,
  block: true,
  hidden: false
}
Token {
  type: 'inline',
  tag: '',
  attrs: null,
  map: [ 1, 5 ],
  nesting: 0,
  level: 1,
  children: [
    Token {
      type: 'text',
      tag: '',
      attrs: null,
      map: null,
      nesting: 0,
      level: 0,
      children: null,
      content: 'title: home',
      markup: '',
      info: '',
      meta: null,
      block: false,
      hidden: false
    },
    Token {
      type: 'softbreak',
      tag: 'br',
      attrs: null,
      map: null,
      nesting: 0,
      level: 0,
      children: null,
      content: '',
      markup: '',
      info: '',
      meta: null,
      block: false,
      hidden: false
    },
    Token {
      type: 'text',
      tag: '',
      attrs: null,
      map: null,
      nesting: 0,
      level: 0,
      children: null,
      content: 'aside: false',
      markup: '',
      info: '',
      meta: null,
      block: false,
      hidden: false
    },
    Token {
      type: 'softbreak',
      tag: 'br',
      attrs: null,
      map: null,
      nesting: 0,
      level: 0,
      children: null,
      content: '',
      markup: '',
      info: '',
      meta: null,
      block: false,
      hidden: false
    },
    Token {
      type: 'text',
      tag: '',
      attrs: null,
      map: null,
      nesting: 0,
      level: 0,
      children: null,
      content: 'sidebar: false',
      markup: '',
      info: '',
      meta: null,
      block: false,
      hidden: false
    },
    Token {
      type: 'softbreak',
      tag: 'br',
      attrs: null,
      map: null,
      nesting: 0,
      level: 0,
      children: null,
      content: '',
      markup: '',
      info: '',
      meta: null,
      block: false,
      hidden: false
    },
    Token {
      type: 'text',
      tag: '',
      attrs: null,
      map: null,
      nesting: 0,
      level: 0,
      children: null,
      content: 'layout: page',
      markup: '',
      info: '',
      meta: null,
      block: false,
      hidden: false
    }
  ],
  content: 'title: home\naside: false\nsidebar: false\nlayout: page',
  markup: '',
  info: '',
  meta: null,
  block: true,
  hidden: false
}
Token {
  type: 'heading_close',
  tag: 'h2',
  attrs: null,
  map: null,
  nesting: -1,
  level: 0,
  children: null,
  content: '',
  markup: '-',
  info: '',
  meta: null,
  block: true,
  hidden: false
}
Token {
  type: 'paragraph_open',
  tag: 'p',
  attrs: null,
  map: [ 6, 13 ],
  nesting: 1,
  level: 0,
  children: null,
  content: '',
  markup: '',
  info: '',
  meta: null,
  block: true,
  hidden: false
}
Token {
  type: 'inline',
  tag: '',
  attrs: null,
  map: [ 6, 13 ],
  nesting: 0,
  level: 1,
  children: [
    Token {
      type: 'text',
      tag: '',
      attrs: null,
      map: null,
      nesting: 0,
      level: 0,
      children: null,
      content: '<script setup>',
      markup: '',
      info: '',
      meta: null,
      block: false,
      hidden: false
    },
    Token {
      type: 'softbreak',
      tag: 'br',
      attrs: null,
      map: null,
      nesting: 0,
      level: 0,
      children: null,
      content: '',
      markup: '',
      info: '',
      meta: null,
      block: false,
      hidden: false
    },
    Token {
      type: 'text',
      tag: '',
      attrs: null,
      map: null,
      nesting: 0,
      level: 0,
      children: null,
      content: 'import BlogContainer from "../../.vitepress/theme/components/page/BlogContainer.vue";',
      markup: '',
      info: '',
      meta: null,
      block: false,
      hidden: false
    },
    Token {
      type: 'softbreak',
      tag: 'br',
      attrs: null,
      map: null,
      nesting: 0,
      level: 0,
      children: null,
      content: '',
      markup: '',
      info: '',
      meta: null,
      block: false,
      hidden: false
    },
    Token {
      type: 'text',
      tag: '',
      attrs: null,
      map: null,
      nesting: 0,
      level: 0,
      children: null,
      content: 'import { useData } from "vitepress";',
      markup: '',
      info: '',
      meta: null,
      block: false,
      hidden: false
    },
    Token {
      type: 'softbreak',
      tag: 'br',
      attrs: null,
      map: null,
      nesting: 0,
      level: 0,
      children: null,
      content: '',
      markup: '',
      info: '',
      meta: null,
      block: false,
      hidden: false
    },
    Token {
      type: 'text',
      tag: '',
      attrs: null,
      map: null,
      nesting: 0,
      level: 0,
      children: null,
      content: 'const { theme } = useData();',
      markup: '',
      info: '',
      meta: null,
      block: false,
      hidden: false
    },
    Token {
      type: 'softbreak',
      tag: 'br',
      attrs: null,
      map: null,
      nesting: 0,
      level: 0,
      children: null,
      content: '',
      markup: '',
      info: '',
      meta: null,
      block: false,
      hidden: false
    },
    Token {
      type: 'text',
      tag: '',
      attrs: null,
      map: null,
      nesting: 0,
      level: 0,
      children: null,
      content: 'const posts = theme.value.posts.slice(0,10)',
      markup: '',
      info: '',
      meta: null,
      block: false,
      hidden: false
    },
    Token {
      type: 'softbreak',
      tag: 'br',
      attrs: null,
      map: null,
      nesting: 0,
      level: 0,
      children: null,
      content: '',
      markup: '',
      info: '',
      meta: null,
      block: false,
      hidden: false
    },
    Token {
      type: 'text',
      tag: '',
      attrs: null,
      map: null,
      nesting: 0,
      level: 0,
      children: null,
      content: '</script>',
      markup: '',
      info: '',
      meta: null,
      block: false,
      hidden: false
    },
    Token {
      type: 'softbreak',
      tag: 'br',
      attrs: null,
      map: null,
      nesting: 0,
      level: 0,
      children: null,
      content: '',
      markup: '',
      info: '',
      meta: null,
      block: false,
      hidden: false
    },
    Token {
      type: 'text',
      tag: '',
      attrs: null,
      map: null,
      nesting: 0,
      level: 0,
      children: null,
      content: '<BlogContainer :posts="posts" :pageCurrent="1" :pagesNum="1" />',
      markup: '',
      info: '',
      meta: null,
      block: false,
      hidden: false
    }
  ],
  content: '<script setup>\n' +
    'import BlogContainer from "../../.vitepress/theme/components/page/BlogContainer.vue";\n' +
    'import { useData } from "vitepress";\n' +
    'const { theme } = useData();\n' +
    'const posts = theme.value.posts.slice(0,10)\n' +
    '</script>\n' +
    '<BlogContainer :posts="posts" :pageCurrent="1" :pagesNum="1" />',
  markup: '',
  info: '',
  meta: null,
  block: true,
  hidden: false
}
Token {
  type: 'paragraph_close',
  tag: 'p',
  attrs: null,
  map: null,
  nesting: -1,
  level: 0,
  children: null,
  content: '',
  markup: '',
  info: '',
  meta: null,
  block: true,
  hidden: false
}
Token {
  type: 'hr',
  tag: 'hr',
  attrs: null,
  map: [ 0, 1 ],
  nesting: 0,
  level: 0,
  children: null,
  content: '',
  markup: '---',
  info: '',
  meta: null,
  block: true,
  hidden: false
}
Token {
  type: 'heading_open',
  tag: 'h2',
  attrs: null,
  map: [ 1, 6 ],
  nesting: 1,
  level: 0,
  children: null,
  content: '',
  markup: '-',
  info: '',
  meta: null,
  block: true,
  hidden: false
}
Token {
  type: 'inline',
  tag: '',
  attrs: null,
  map: [ 1, 5 ],
  nesting: 0,
  level: 1,
  children: [
    Token {
      type: 'text',
      tag: '',
      attrs: null,
      map: null,
      nesting: 0,
      level: 0,
      children: null,
      content: 'title: home',
      markup: '',
      info: '',
      meta: null,
      block: false,
      hidden: false
    },
    Token {
      type: 'softbreak',
      tag: 'br',
      attrs: null,
      map: null,
      nesting: 0,
      level: 0,
      children: null,
      content: '',
      markup: '',
      info: '',
      meta: null,
      block: false,
      hidden: false
    },
    Token {
      type: 'text',
      tag: '',
      attrs: null,
      map: null,
      nesting: 0,
      level: 0,
      children: null,
      content: 'aside: false',
      markup: '',
      info: '',
      meta: null,
      block: false,
      hidden: false
    },
    Token {
      type: 'softbreak',
      tag: 'br',
      attrs: null,
      map: null,
      nesting: 0,
      level: 0,
      children: null,
      content: '',
      markup: '',
      info: '',
      meta: null,
      block: false,
      hidden: false
    },
    Token {
      type: 'text',
      tag: '',
      attrs: null,
      map: null,
      nesting: 0,
      level: 0,
      children: null,
      content: 'sidebar: false',
      markup: '',
      info: '',
      meta: null,
      block: false,
      hidden: false
    },
    Token {
      type: 'softbreak',
      tag: 'br',
      attrs: null,
      map: null,
      nesting: 0,
      level: 0,
      children: null,
      content: '',
      markup: '',
      info: '',
      meta: null,
      block: false,
      hidden: false
    },
    Token {
      type: 'text',
      tag: '',
      attrs: null,
      map: null,
      nesting: 0,
      level: 0,
      children: null,
      content: 'layout: page',
      markup: '',
      info: '',
      meta: null,
      block: false,
      hidden: false
    }
  ],
  content: 'title: home\naside: false\nsidebar: false\nlayout: page',
  markup: '',
  info: '',
  meta: null,
  block: true,
  hidden: false
}
Token {
  type: 'heading_close',
  tag: 'h2',
  attrs: null,
  map: null,
  nesting: -1,
  level: 0,
  children: null,
  content: '',
  markup: '-',
  info: '',
  meta: null,
  block: true,
  hidden: false
}
Token {
  type: 'paragraph_open',
  tag: 'p',
  attrs: null,
  map: [ 6, 13 ],
  nesting: 1,
  level: 0,
  children: null,
  content: '',
  markup: '',
  info: '',
  meta: null,
  block: true,
  hidden: false
}
Token {
  type: 'inline',
  tag: '',
  attrs: null,
  map: [ 6, 13 ],
  nesting: 0,
  level: 1,
  children: [
    Token {
      type: 'text',
      tag: '',
      attrs: null,
      map: null,
      nesting: 0,
      level: 0,
      children: null,
      content: '<script setup>',
      markup: '',
      info: '',
      meta: null,
      block: false,
      hidden: false
    },
    Token {
      type: 'softbreak',
      tag: 'br',
      attrs: null,
      map: null,
      nesting: 0,
      level: 0,
      children: null,
      content: '',
      markup: '',
      info: '',
      meta: null,
      block: false,
      hidden: false
    },
    Token {
      type: 'text',
      tag: '',
      attrs: null,
      map: null,
      nesting: 0,
      level: 0,
      children: null,
      content: 'import BlogContainer from "../../.vitepress/theme/components/page/BlogContainer.vue";',
      markup: '',
      info: '',
      meta: null,
      block: false,
      hidden: false
    },
    Token {
      type: 'softbreak',
      tag: 'br',
      attrs: null,
      map: null,
      nesting: 0,
      level: 0,
      children: null,
      content: '',
      markup: '',
      info: '',
      meta: null,
      block: false,
      hidden: false
    },
    Token {
      type: 'text',
      tag: '',
      attrs: null,
      map: null,
      nesting: 0,
      level: 0,
      children: null,
      content: 'import { useData } from "vitepress";',
      markup: '',
      info: '',
      meta: null,
      block: false,
      hidden: false
    },
    Token {
      type: 'softbreak',
      tag: 'br',
      attrs: null,
      map: null,
      nesting: 0,
      level: 0,
      children: null,
      content: '',
      markup: '',
      info: '',
      meta: null,
      block: false,
      hidden: false
    },
    Token {
      type: 'text',
      tag: '',
      attrs: null,
      map: null,
      nesting: 0,
      level: 0,
      children: null,
      content: 'const { theme } = useData();',
      markup: '',
      info: '',
      meta: null,
      block: false,
      hidden: false
    },
    Token {
      type: 'softbreak',
      tag: 'br',
      attrs: null,
      map: null,
      nesting: 0,
      level: 0,
      children: null,
      content: '',
      markup: '',
      info: '',
      meta: null,
      block: false,
      hidden: false
    },
    Token {
      type: 'text',
      tag: '',
      attrs: null,
      map: null,
      nesting: 0,
      level: 0,
      children: null,
      content: 'const posts = theme.value.posts.slice(0,10)',
      markup: '',
      info: '',
      meta: null,
      block: false,
      hidden: false
    },
    Token {
      type: 'softbreak',
      tag: 'br',
      attrs: null,
      map: null,
      nesting: 0,
      level: 0,
      children: null,
      content: '',
      markup: '',
      info: '',
      meta: null,
      block: false,
      hidden: false
    },
    Token {
      type: 'text',
      tag: '',
      attrs: null,
      map: null,
      nesting: 0,
      level: 0,
      children: null,
      content: '</script>',
      markup: '',
      info: '',
      meta: null,
      block: false,
      hidden: false
    },
    Token {
      type: 'softbreak',
      tag: 'br',
      attrs: null,
      map: null,
      nesting: 0,
      level: 0,
      children: null,
      content: '',
      markup: '',
      info: '',
      meta: null,
      block: false,
      hidden: false
    },
    Token {
      type: 'text',
      tag: '',
      attrs: null,
      map: null,
      nesting: 0,
      level: 0,
      children: null,
      content: '<BlogContainer :posts="posts" :pageCurrent="1" :pagesNum="1" />',
      markup: '',
      info: '',
      meta: null,
      block: false,
      hidden: false
    }
  ],
  content: '<script setup>\n' +
    'import BlogContainer from "../../.vitepress/theme/components/page/BlogContainer.vue";\n' +
    'import { useData } from "vitepress";\n' +
    'const { theme } = useData();\n' +
    'const posts = theme.value.posts.slice(0,10)\n' +
    '</script>\n' +
    '<BlogContainer :posts="posts" :pageCurrent="1" :pagesNum="1" />',
  markup: '',
  info: '',
  meta: null,
  block: true,
  hidden: false
}
Token {
  type: 'paragraph_close',
  tag: 'p',
  attrs: null,
  map: null,
  nesting: -1,
  level: 0,
  children: null,
  content: '',
  markup: '',
  info: '',
  meta: null,
  block: true,
  hidden: false
}
Token {
  type: 'hr',
  tag: 'hr',
  attrs: null,
  map: [ 0, 1 ],
  nesting: 0,
  level: 0,
  children: null,
  content: '',
  markup: '---',
  info: '',
  meta: null,
  block: true,
  hidden: false
}
Token {
  type: 'heading_open',
  tag: 'h2',
  attrs: null,
  map: [ 1, 6 ],
  nesting: 1,
  level: 0,
  children: null,
  content: '',
  markup: '-',
  info: '',
  meta: null,
  block: true,
  hidden: false
}
Token {
  type: 'inline',
  tag: '',
  attrs: null,
  map: [ 1, 5 ],
  nesting: 0,
  level: 1,
  children: [
    Token {
      type: 'text',
      tag: '',
      attrs: null,
      map: null,
      nesting: 0,
      level: 0,
      children: null,
      content: 'title: About',
      markup: '',
      info: '',
      meta: null,
      block: false,
      hidden: false
    },
    Token {
      type: 'softbreak',
      tag: 'br',
      attrs: null,
      map: null,
      nesting: 0,
      level: 0,
      children: null,
      content: '',
      markup: '',
      info: '',
      meta: null,
      block: false,
      hidden: false
    },
    Token {
      type: 'text',
      tag: '',
      attrs: null,
      map: null,
      nesting: 0,
      level: 0,
      children: null,
      content: 'description: About me test',
      markup: '',
      info: '',
      meta: null,
      block: false,
      hidden: false
    },
    Token {
      type: 'softbreak',
      tag: 'br',
      attrs: null,
      map: null,
      nesting: 0,
      level: 0,
      children: null,
      content: '',
      markup: '',
      info: '',
      meta: null,
      block: false,
      hidden: false
    },
    Token {
      type: 'text',
      tag: '',
      attrs: null,
      map: null,
      nesting: 0,
      level: 0,
      children: null,
      content: 'sidebar: false',
      markup: '',
      info: '',
      meta: null,
      block: false,
      hidden: false
    },
    Token {
      type: 'softbreak',
      tag: 'br',
      attrs: null,
      map: null,
      nesting: 0,
      level: 0,
      children: null,
      content: '',
      markup: '',
      info: '',
      meta: null,
      block: false,
      hidden: false
    },
    Token {
      type: 'text',
      tag: '',
      attrs: null,
      map: null,
      nesting: 0,
      level: 0,
      children: null,
      content: 'aside: false',
      markup: '',
      info: '',
      meta: null,
      block: false,
      hidden: false
    }
  ],
  content: 'title: About\ndescription: About me test\nsidebar: false\naside: false',
  markup: '',
  info: '',
  meta: null,
  block: true,
  hidden: false
}
Token {
  type: 'heading_close',
  tag: 'h2',
  attrs: null,
  map: null,
  nesting: -1,
  level: 0,
  children: null,
  content: '',
  markup: '-',
  info: '',
  meta: null,
  block: true,
  hidden: false
}
Token {
  type: 'heading_open',
  tag: 'h2',
  attrs: null,
  map: [ 7, 8 ],
  nesting: 1,
  level: 0,
  children: null,
  content: '',
  markup: '##',
  info: '',
  meta: null,
  block: true,
  hidden: false
}
Token {
  type: 'inline',
  tag: '',
  attrs: null,
  map: [ 7, 8 ],
  nesting: 0,
  level: 1,
  children: [
    Token {
      type: 'text',
      tag: '',
      attrs: null,
      map: null,
      nesting: 0,
      level: 0,
      children: null,
      content: 'About this site',
      markup: '',
      info: '',
      meta: null,
      block: false,
      hidden: false
    }
  ],
  content: 'About this site',
  markup: '',
  info: '',
  meta: null,
  block: true,
  hidden: false
}
Token {
  type: 'heading_close',
  tag: 'h2',
  attrs: null,
  map: null,
  nesting: -1,
  level: 0,
  children: null,
  content: '',
  markup: '##',
  info: '',
  meta: null,
  block: true,
  hidden: false
}
Token {
  type: 'bullet_list_open',
  tag: 'ul',
  attrs: null,
  map: [ 9, 12 ],
  nesting: 1,
  level: 0,
  children: null,
  content: '',
  markup: '-',
  info: '',
  meta: null,
  block: true,
  hidden: false
}
Token {
  type: 'list_item_open',
  tag: 'li',
  attrs: null,
  map: [ 9, 10 ],
  nesting: 1,
  level: 1,
  children: null,
  content: '',
  markup: '-',
  info: '',
  meta: null,
  block: true,
  hidden: false
}
Token {
  type: 'paragraph_open',
  tag: 'p',
  attrs: null,
  map: [ 9, 10 ],
  nesting: 1,
  level: 2,
  children: null,
  content: '',
  markup: '',
  info: '',
  meta: null,
  block: true,
  hidden: true
}
Token {
  type: 'inline',
  tag: '',
  attrs: null,
  map: [ 9, 10 ],
  nesting: 0,
  level: 3,
  children: [
    Token {
      type: 'text',
      tag: '',
      attrs: null,
      map: null,
      nesting: 0,
      level: 0,
      children: null,
      content: '本站点基于 `` 搭建，用以记录一些学习笔记和技术分享。',
      markup: '',
      info: '',
      meta: null,
      block: false,
      hidden: false
    }
  ],
  content: '本站点基于 `` 搭建，用以记录一些学习笔记和技术分享。',
  markup: '',
  info: '',
  meta: null,
  block: true,
  hidden: false
}
Token {
  type: 'paragraph_close',
  tag: 'p',
  attrs: null,
  map: null,
  nesting: -1,
  level: 2,
  children: null,
  content: '',
  markup: '',
  info: '',
  meta: null,
  block: true,
  hidden: true
}
Token {
  type: 'list_item_close',
  tag: 'li',
  attrs: null,
  map: null,
  nesting: -1,
  level: 1,
  children: null,
  content: '',
  markup: '-',
  info: '',
  meta: null,
  block: true,
  hidden: false
}
Token {
  type: 'list_item_open',
  tag: 'li',
  attrs: null,
  map: [ 10, 12 ],
  nesting: 1,
  level: 1,
  children: null,
  content: '',
  markup: '-',
  info: '',
  meta: null,
  block: true,
  hidden: false
}
Token {
  type: 'paragraph_open',
  tag: 'p',
  attrs: null,
  map: [ 10, 11 ],
  nesting: 1,
  level: 2,
  children: null,
  content: '',
  markup: '',
  info: '',
  meta: null,
  block: true,
  hidden: true
}
Token {
  type: 'inline',
  tag: '',
  attrs: null,
  map: [ 10, 11 ],
  nesting: 0,
  level: 3,
  children: [
    Token {
      type: 'text',
      tag: '',
      attrs: null,
      map: null,
      nesting: 0,
      level: 0,
      children: null,
      content: '欢迎 ',
      markup: '',
      info: '',
      meta: null,
      block: false,
      hidden: false
    },
    Token {
      type: 'code_inline',
      tag: 'code',
      attrs: null,
      map: null,
      nesting: 0,
      level: 0,
      children: null,
      content: 'star',
      markup: '`',
      info: '',
      meta: null,
      block: false,
      hidden: false
    },
    Token {
      type: 'text',
      tag: '',
      attrs: null,
      map: null,
      nesting: 0,
      level: 0,
      children: null,
      content: ' 和 ',
      markup: '',
      info: '',
      meta: null,
      block: false,
      hidden: false
    },
    Token {
      type: 'code_inline',
      tag: 'code',
      attrs: null,
      map: null,
      nesting: 0,
      level: 0,
      children: null,
      content: 'fork',
      markup: '`',
      info: '',
      meta: null,
      block: false,
      hidden: false
    },
    Token {
      type: 'text',
      tag: '',
      attrs: null,
      map: null,
      nesting: 0,
      level: 0,
      children: null,
      content: ' 本项目，也欢迎提出 ',
      markup: '',
      info: '',
      meta: null,
      block: false,
      hidden: false
    },
    Token {
      type: 'code_inline',
      tag: 'code',
      attrs: null,
      map: null,
      nesting: 0,
      level: 0,
      children: null,
      content: 'issue',
      markup: '`',
      info: '',
      meta: null,
      block: false,
      hidden: false
    },
    Token {
      type: 'text',
      tag: '',
      attrs: null,
      map: null,
      nesting: 0,
      level: 0,
      children: null,
      content: ' 和 ',
      markup: '',
      info: '',
      meta: null,
      block: false,
      hidden: false
    },
    Token {
      type: 'code_inline',
      tag: 'code',
      attrs: null,
      map: null,
      nesting: 0,
      level: 0,
      children: null,
      content: 'pr',
      markup: '`',
      info: '',
      meta: null,
      block: false,
      hidden: false
    },
    Token {
      type: 'text',
      tag: '',
      attrs: null,
      map: null,
      nesting: 0,
      level: 0,
      children: null,
      content: '。',
      markup: '',
      info: '',
      meta: null,
      block: false,
      hidden: false
    }
  ],
  content: '欢迎 `star` 和 `fork` 本项目，也欢迎提出 `issue` 和 `pr`。',
  markup: '',
  info: '',
  meta: null,
  block: true,
  hidden: false
}
Token {
  type: 'paragraph_close',
  tag: 'p',
  attrs: null,
  map: null,
  nesting: -1,
  level: 2,
  children: null,
  content: '',
  markup: '',
  info: '',
  meta: null,
  block: true,
  hidden: true
}
Token {
  type: 'list_item_close',
  tag: 'li',
  attrs: null,
  map: null,
  nesting: -1,
  level: 1,
  children: null,
  content: '',
  markup: '-',
  info: '',
  meta: null,
  block: true,
  hidden: false
}
Token {
  type: 'bullet_list_close',
  tag: 'ul',
  attrs: null,
  map: null,
  nesting: -1,
  level: 0,
  children: null,
  content: '',
  markup: '-',
  info: '',
  meta: null,
  block: true,
  hidden: false
}
Token {
  type: 'heading_open',
  tag: 'h2',
  attrs: null,
  map: [ 12, 13 ],
  nesting: 1,
  level: 0,
  children: null,
  content: '',
  markup: '##',
  info: '',
  meta: null,
  block: true,
  hidden: false
}
Token {
  type: 'inline',
  tag: '',
  attrs: null,
  map: [ 12, 13 ],
  nesting: 0,
  level: 1,
  children: [
    Token {
      type: 'text',
      tag: '',
      attrs: null,
      map: null,
      nesting: 0,
      level: 0,
      children: null,
      content: 'About me',
      markup: '',
      info: '',
      meta: null,
      block: false,
      hidden: false
    }
  ],
  content: 'About me',
  markup: '',
  info: '',
  meta: null,
  block: true,
  hidden: false
}
Token {
  type: 'heading_close',
  tag: 'h2',
  attrs: null,
  map: null,
  nesting: -1,
  level: 0,
  children: null,
  content: '',
  markup: '##',
  info: '',
  meta: null,
  block: true,
  hidden: false
}
Token {
  type: 'hr',
  tag: 'hr',
  attrs: null,
  map: [ 14, 15 ],
  nesting: 0,
  level: 0,
  children: null,
  content: '',
  markup: '---',
  info: '',
  meta: null,
  block: true,
  hidden: false
}
Token {
  type: 'bullet_list_open',
  tag: 'ul',
  attrs: null,
  map: [ 16, 21 ],
  nesting: 1,
  level: 0,
  children: null,
  content: '',
  markup: '-',
  info: '',
  meta: null,
  block: true,
  hidden: false
}
Token {
  type: 'list_item_open',
  tag: 'li',
  attrs: null,
  map: [ 16, 17 ],
  nesting: 1,
  level: 1,
  children: null,
  content: '',
  markup: '-',
  info: '',
  meta: null,
  block: true,
  hidden: false
}
Token {
  type: 'paragraph_open',
  tag: 'p',
  attrs: null,
  map: [ 16, 17 ],
  nesting: 1,
  level: 2,
  children: null,
  content: '',
  markup: '',
  info: '',
  meta: null,
  block: true,
  hidden: true
}
Token {
  type: 'inline',
  tag: '',
  attrs: null,
  map: [ 16, 17 ],
  nesting: 0,
  level: 3,
  children: [
    Token {
      type: 'text',
      tag: '',
      attrs: null,
      map: null,
      nesting: 0,
      level: 0,
      children: null,
      content: "👋 Hi, I'm [ your name ]",
      markup: '',
      info: '',
      meta: null,
      block: false,
      hidden: false
    }
  ],
  content: "👋 Hi, I'm [ your name ]",
  markup: '',
  info: '',
  meta: null,
  block: true,
  hidden: false
}
Token {
  type: 'paragraph_close',
  tag: 'p',
  attrs: null,
  map: null,
  nesting: -1,
  level: 2,
  children: null,
  content: '',
  markup: '',
  info: '',
  meta: null,
  block: true,
  hidden: true
}
Token {
  type: 'list_item_close',
  tag: 'li',
  attrs: null,
  map: null,
  nesting: -1,
  level: 1,
  children: null,
  content: '',
  markup: '-',
  info: '',
  meta: null,
  block: true,
  hidden: false
}
Token {
  type: 'list_item_open',
  tag: 'li',
  attrs: null,
  map: [ 17, 18 ],
  nesting: 1,
  level: 1,
  children: null,
  content: '',
  markup: '-',
  info: '',
  meta: null,
  block: true,
  hidden: false
}
Token {
  type: 'paragraph_open',
  tag: 'p',
  attrs: null,
  map: [ 17, 18 ],
  nesting: 1,
  level: 2,
  children: null,
  content: '',
  markup: '',
  info: '',
  meta: null,
  block: true,
  hidden: true
}
Token {
  type: 'inline',
  tag: '',
  attrs: null,
  map: [ 17, 18 ],
  nesting: 0,
  level: 3,
  children: [
    Token {
      type: 'text',
      tag: '',
      attrs: null,
      map: null,
      nesting: 0,
      level: 0,
      children: null,
      content: "🚀️ I'm currently working as [ your position ]",
      markup: '',
      info: '',
      meta: null,
      block: false,
      hidden: false
    }
  ],
  content: "🚀️ I'm currently working as [ your position ]",
  markup: '',
  info: '',
  meta: null,
  block: true,
  hidden: false
}
Token {
  type: 'paragraph_close',
  tag: 'p',
  attrs: null,
  map: null,
  nesting: -1,
  level: 2,
  children: null,
  content: '',
  markup: '',
  info: '',
  meta: null,
  block: true,
  hidden: true
}
Token {
  type: 'list_item_close',
  tag: 'li',
  attrs: null,
  map: null,
  nesting: -1,
  level: 1,
  children: null,
  content: '',
  markup: '-',
  info: '',
  meta: null,
  block: true,
  hidden: false
}
Token {
  type: 'list_item_open',
  tag: 'li',
  attrs: null,
  map: [ 18, 19 ],
  nesting: 1,
  level: 1,
  children: null,
  content: '',
  markup: '-',
  info: '',
  meta: null,
  block: true,
  hidden: false
}
Token {
  type: 'paragraph_open',
  tag: 'p',
  attrs: null,
  map: [ 18, 19 ],
  nesting: 1,
  level: 2,
  children: null,
  content: '',
  markup: '',
  info: '',
  meta: null,
  block: true,
  hidden: true
}
Token {
  type: 'inline',
  tag: '',
  attrs: null,
  map: [ 18, 19 ],
  nesting: 0,
  level: 3,
  children: [
    Token {
      type: 'text',
      tag: '',
      attrs: null,
      map: null,
      nesting: 0,
      level: 0,
      children: null,
      content: '📮️ How to reach me: [your Github](https://github.com)',
      markup: '',
      info: '',
      meta: null,
      block: false,
      hidden: false
    }
  ],
  content: '📮️ How to reach me: [your Github](https://github.com)',
  markup: '',
  info: '',
  meta: null,
  block: true,
  hidden: false
}
Token {
  type: 'paragraph_close',
  tag: 'p',
  attrs: null,
  map: null,
  nesting: -1,
  level: 2,
  children: null,
  content: '',
  markup: '',
  info: '',
  meta: null,
  block: true,
  hidden: true
}
Token {
  type: 'list_item_close',
  tag: 'li',
  attrs: null,
  map: null,
  nesting: -1,
  level: 1,
  children: null,
  content: '',
  markup: '-',
  info: '',
  meta: null,
  block: true,
  hidden: false
}
Token {
  type: 'list_item_open',
  tag: 'li',
  attrs: null,
  map: [ 19, 21 ],
  nesting: 1,
  level: 1,
  children: null,
  content: '',
  markup: '-',
  info: '',
  meta: null,
  block: true,
  hidden: false
}
Token {
  type: 'paragraph_open',
  tag: 'p',
  attrs: null,
  map: [ 19, 20 ],
  nesting: 1,
  level: 2,
  children: null,
  content: '',
  markup: '',
  info: '',
  meta: null,
  block: true,
  hidden: true
}
Token {
  type: 'inline',
  tag: '',
  attrs: null,
  map: [ 19, 20 ],
  nesting: 0,
  level: 3,
  children: [
    Token {
      type: 'text',
      tag: '',
      attrs: null,
      map: null,
      nesting: 0,
      level: 0,
      children: null,
      content: '📖 My motto: [ your motto ]',
      markup: '',
      info: '',
      meta: null,
      block: false,
      hidden: false
    }
  ],
  content: '📖 My motto: [ your motto ]',
  markup: '',
  info: '',
  meta: null,
  block: true,
  hidden: false
}
Token {
  type: 'paragraph_close',
  tag: 'p',
  attrs: null,
  map: null,
  nesting: -1,
  level: 2,
  children: null,
  content: '',
  markup: '',
  info: '',
  meta: null,
  block: true,
  hidden: true
}
Token {
  type: 'list_item_close',
  tag: 'li',
  attrs: null,
  map: null,
  nesting: -1,
  level: 1,
  children: null,
  content: '',
  markup: '-',
  info: '',
  meta: null,
  block: true,
  hidden: false
}
Token {
  type: 'bullet_list_close',
  tag: 'ul',
  attrs: null,
  map: null,
  nesting: -1,
  level: 0,
  children: null,
  content: '',
  markup: '-',
  info: '',
  meta: null,
  block: true,
  hidden: false
}
Token {
  type: 'hr',
  tag: 'hr',
  attrs: null,
  map: [ 21, 22 ],
  nesting: 0,
  level: 0,
  children: null,
  content: '',
  markup: '---',
  info: '',
  meta: null,
  block: true,
  hidden: false
}
Token {
  type: 'blockquote_open',
  tag: 'blockquote',
  attrs: null,
  map: [ 23, 24 ],
  nesting: 1,
  level: 0,
  children: null,
  content: '',
  markup: '>',
  info: '',
  meta: null,
  block: true,
  hidden: false
}
Token {
  type: 'paragraph_open',
  tag: 'p',
  attrs: null,
  map: [ 23, 24 ],
  nesting: 1,
  level: 1,
  children: null,
  content: '',
  markup: '',
  info: '',
  meta: null,
  block: true,
  hidden: false
}
Token {
  type: 'inline',
  tag: '',
  attrs: null,
  map: [ 23, 24 ],
  nesting: 0,
  level: 2,
  children: [
    Token {
      type: 'text',
      tag: '',
      attrs: null,
      map: null,
      nesting: 0,
      level: 0,
      children: null,
      content: '[!tip] 在以下内容当中，挑选您熟悉的 ',
      markup: '',
      info: '',
      meta: null,
      block: false,
      hidden: false
    },
    Token {
      type: 'code_inline',
      tag: 'code',
      attrs: null,
      map: null,
      nesting: 0,
      level: 0,
      children: null,
      content: 'icon',
      markup: '`',
      info: '',
      meta: null,
      block: false,
      hidden: false
    },
    Token {
      type: 'text',
      tag: '',
      attrs: null,
      map: null,
      nesting: 0,
      level: 0,
      children: null,
      content: ' 进行展示',
      markup: '',
      info: '',
      meta: null,
      block: false,
      hidden: false
    }
  ],
  content: '[!tip] 在以下内容当中，挑选您熟悉的 `icon` 进行展示',
  markup: '',
  info: '',
  meta: null,
  block: true,
  hidden: false
}
Token {
  type: 'paragraph_close',
  tag: 'p',
  attrs: null,
  map: null,
  nesting: -1,
  level: 1,
  children: null,
  content: '',
  markup: '',
  info: '',
  meta: null,
  block: true,
  hidden: false
}
Token {
  type: 'blockquote_close',
  tag: 'blockquote',
  attrs: null,
  map: null,
  nesting: -1,
  level: 0,
  children: null,
  content: '',
  markup: '>',
  info: '',
  meta: null,
  block: true,
  hidden: false
}
Token {
  type: 'heading_open',
  tag: 'h3',
  attrs: null,
  map: [ 25, 26 ],
  nesting: 1,
  level: 0,
  children: null,
  content: '',
  markup: '###',
  info: '',
  meta: null,
  block: true,
  hidden: false
}
Token {
  type: 'inline',
  tag: '',
  attrs: null,
  map: [ 25, 26 ],
  nesting: 0,
  level: 1,
  children: [
    Token {
      type: 'text',
      tag: '',
      attrs: null,
      map: null,
      nesting: 0,
      level: 0,
      children: null,
      content: '后端',
      markup: '',
      info: '',
      meta: null,
      block: false,
      hidden: false
    }
  ],
  content: '后端',
  markup: '',
  info: '',
  meta: null,
  block: true,
  hidden: false
}
Token {
  type: 'heading_close',
  tag: 'h3',
  attrs: null,
  map: null,
  nesting: -1,
  level: 0,
  children: null,
  content: '',
  markup: '###',
  info: '',
  meta: null,
  block: true,
  hidden: false
}
Token {
  type: 'paragraph_open',
  tag: 'p',
  attrs: null,
  map: [ 27, 61 ],
  nesting: 1,
  level: 0,
  children: null,
  content: '',
  markup: '',
  info: '',
  meta: null,
  block: true,
  hidden: false
}
Token {
  type: 'inline',
  tag: '',
  attrs: null,
  map: [ 27, 61 ],
  nesting: 0,
  level: 1,
  children: [
    Token {
      type: 'text',
      tag: '',
      attrs: null,
      map: null,
      nesting: 0,
      level: 0,
      children: null,
      content: '<p>',
      markup: '',
      info: '',
      meta: null,
      block: false,
      hidden: false
    },
    Token {
      type: 'softbreak',
      tag: 'br',
      attrs: null,
      map: null,
      nesting: 0,
      level: 0,
      children: null,
      content: '',
      markup: '',
      info: '',
      meta: null,
      block: false,
      hidden: false
    },
    Token {
      type: 'text',
      tag: '',
      attrs: null,
      map: null,
      nesting: 0,
      level: 0,
      children: null,
      content: '<img src="https://img.shields.io/badge/-Go-DCDCDC?logo=Go&logoColor=00ADD8" alt="Go" style="display: inline-block;" /> ',
      markup: '&nbsp;',
      info: 'entity',
      meta: null,
      block: false,
      hidden: false
    },
    Token {
      type: 'softbreak',
      tag: 'br',
      attrs: null,
      map: null,
      nesting: 0,
      level: 0,
      children: null,
      content: '',
      markup: '',
      info: '',
      meta: null,
      block: false,
      hidden: false
    },
    Token {
      type: 'text',
      tag: '',
      attrs: null,
      map: null,
      nesting: 0,
      level: 0,
      children: null,
      content: '<img src="https://img.shields.io/badge/-MySQL-4479A1?logo=MySQL&logoColor=FFF" alt="MySQL" style="display: inline-block;" /> ',
      markup: '&nbsp;',
      info: 'entity',
      meta: null,
      block: false,
      hidden: false
    },
    Token {
      type: 'softbreak',
      tag: 'br',
      attrs: null,
      map: null,
      nesting: 0,
      level: 0,
      children: null,
      content: '',
      markup: '',
      info: '',
      meta: null,
      block: false,
      hidden: false
    },
    Token {
      type: 'text',
      tag: '',
      attrs: null,
      map: null,
      nesting: 0,
      level: 0,
      children: null,
      content: '<img src="https://img.shields.io/badge/-Redis-DC382D?logo=Redis&logoColor=FFF" alt="Redis" style="display: inline-block;" /> ',
      markup: '&nbsp;',
      info: 'entity',
      meta: null,
      block: false,
      hidden: false
    },
    Token {
      type: 'softbreak',
      tag: 'br',
      attrs: null,
      map: null,
      nesting: 0,
      level: 0,
      children: null,
      content: '',
      markup: '',
      info: '',
      meta: null,
      block: false,
      hidden: false
    },
    Token {
      type: 'text',
      tag: '',
      attrs: null,
      map: null,
      nesting: 0,
      level: 0,
      children: null,
      content: '<img src="https://img.shields.io/badge/-MongoDB-47A248?logo=MongoDB&logoColor=FFF" alt="MongoDB" style="display: inline-block;" /> ',
      markup: '&nbsp;',
      info: 'entity',
      meta: null,
      block: false,
      hidden: false
    },
    Token {
      type: 'softbreak',
      tag: 'br',
      attrs: null,
      map: null,
      nesting: 0,
      level: 0,
      children: null,
      content: '',
      markup: '',
      info: '',
      meta: null,
      block: false,
      hidden: false
    },
    Token {
      type: 'text',
      tag: '',
      attrs: null,
      map: null,
      nesting: 0,
      level: 0,
      children: null,
      content: '<img src="https://img.shields.io/badge/-ElasticSearch-005571?logo=ElasticSearch&logoColor=FFF" alt="ElasticSearch" style="display: inline-block;" /> ',
      markup: '&nbsp;',
      info: 'entity',
      meta: null,
      block: false,
      hidden: false
    },
    Token {
      type: 'softbreak',
      tag: 'br',
      attrs: null,
      map: null,
      nesting: 0,
      level: 0,
      children: null,
      content: '',
      markup: '',
      info: '',
      meta: null,
      block: false,
      hidden: false
    },
    Token {
      type: 'text',
      tag: '',
      attrs: null,
      map: null,
      nesting: 0,
      level: 0,
      children: null,
      content: '<img src="https://img.shields.io/badge/-Logstash-A9A9A9?logo=Logstash&logoColor=005571" alt="Logstash" style="display: inline-block;" /> ',
      markup: '&nbsp;',
      info: 'entity',
      meta: null,
      block: false,
      hidden: false
    },
    Token {
      type: 'softbreak',
      tag: 'br',
      attrs: null,
      map: null,
      nesting: 0,
      level: 0,
      children: null,
      content: '',
      markup: '',
      info: '',
      meta: null,
      block: false,
      hidden: false
    },
    Token {
      type: 'text',
      tag: '',
      attrs: null,
      map: null,
      nesting: 0,
      level: 0,
      children: null,
      content: '<img src="https://img.shields.io/badge/-Kibana-A9A9A9?logo=Kibana&logoColor=005571" alt="Kibana" style="display: inline-block;" /> ',
      markup: '&nbsp;',
      info: 'entity',
      meta: null,
      block: false,
      hidden: false
    },
    Token {
      type: 'softbreak',
      tag: 'br',
      attrs: null,
      map: null,
      nesting: 0,
      level: 0,
      children: null,
      content: '',
      markup: '',
      info: '',
      meta: null,
      block: false,
      hidden: false
    },
    Token {
      type: 'text',
      tag: '',
      attrs: null,
      map: null,
      nesting: 0,
      level: 0,
      children: null,
      content: '<img src="https://img.shields.io/badge/-JWT-000?logo=JSON-Web-Tokens&logoColor=FFF" alt="JWT" style="display: inline-block;" /> ',
      markup: '&nbsp;',
      info: 'entity',
      meta: null,
      block: false,
      hidden: false
    },
    Token {
      type: 'softbreak',
      tag: 'br',
      attrs: null,
      map: null,
      nesting: 0,
      level: 0,
      children: null,
      content: '',
      markup: '',
      info: '',
      meta: null,
      block: false,
      hidden: false
    },
    Token {
      type: 'text',
      tag: '',
      attrs: null,
      map: null,
      nesting: 0,
      level: 0,
      children: null,
      content: '<img src="https://img.shields.io/badge/-JSON-000?logo=JSON&logoColor=FFF" alt="JSON" style="display: inline-block;" /> ',
      markup: '&nbsp;',
      info: 'entity',
      meta: null,
      block: false,
      hidden: false
    },
    Token {
      type: 'softbreak',
      tag: 'br',
      attrs: null,
      map: null,
      nesting: 0,
      level: 0,
      children: null,
      content: '',
      markup: '',
      info: '',
      meta: null,
      block: false,
      hidden: false
    },
    Token {
      type: 'text',
      tag: '',
      attrs: null,
      map: null,
      nesting: 0,
      level: 0,
      children: null,
      content: '<img src="https://img.shields.io/badge/-Node.js-D3D3D3?logo=Node.js&logoColor=339933" alt="Node.js" style="display: inline-block;" /> ',
      markup: '&nbsp;',
      info: 'entity',
      meta: null,
      block: false,
      hidden: false
    },
    Token {
      type: 'softbreak',
      tag: 'br',
      attrs: null,
      map: null,
      nesting: 0,
      level: 0,
      children: null,
      content: '',
      markup: '',
      info: '',
      meta: null,
      block: false,
      hidden: false
    },
    Token {
      type: 'text',
      tag: '',
      attrs: null,
      map: null,
      nesting: 0,
      level: 0,
      children: null,
      content: '<img src="https://img.shields.io/badge/-Python-A9A9A9?logo=Python&logoColor=3776AB" alt="Python" style="display: inline-block;" /> ',
      markup: '&nbsp;',
      info: 'entity',
      meta: null,
      block: false,
      hidden: false
    },
    Token {
      type: 'softbreak',
      tag: 'br',
      attrs: null,
      map: null,
      nesting: 0,
      level: 0,
      children: null,
      content: '',
      markup: '',
      info: '',
      meta: null,
      block: false,
      hidden: false
    },
    Token {
      type: 'text',
      tag: '',
      attrs: null,
      map: null,
      nesting: 0,
      level: 0,
      children: null,
      content: '<img src="https://img.shields.io/badge/-Spring-6DB33F?logo=Spring&logoColor=FFF" alt="Spring" style="display: inline-block;" /> ',
      markup: '&nbsp;',
      info: 'entity',
      meta: null,
      block: false,
      hidden: false
    },
    Token {
      type: 'softbreak',
      tag: 'br',
      attrs: null,
      map: null,
      nesting: 0,
      level: 0,
      children: null,
      content: '',
      markup: '',
      info: '',
      meta: null,
      block: false,
      hidden: false
    },
    Token {
      type: 'text',
      tag: '',
      attrs: null,
      map: null,
      nesting: 0,
      level: 0,
      children: null,
      content: '<img src="https://img.shields.io/badge/-Spring%20Boot-6DB33F?logo=Spring-Boot&logoColor=FFF" alt="Spring Boot" style="display: inline-block;" /> ',
      markup: '&nbsp;',
      info: 'entity',
      meta: null,
      block: false,
      hidden: false
    },
    Token {
      type: 'softbreak',
      tag: 'br',
      attrs: null,
      map: null,
      nesting: 0,
      level: 0,
      children: null,
      content: '',
      markup: '',
      info: '',
      meta: null,
      block: false,
      hidden: false
    },
    Token {
      type: 'text',
      tag: '',
      attrs: null,
      map: null,
      nesting: 0,
      level: 0,
      children: null,
      content: '<img src="https://img.shields.io/badge/-MariaDB-A9A9A9?logo=MariaDB&logoColor=003545" alt="MariaDB" style="display: inline-block;" /> ',
      markup: '&nbsp;',
      info: 'entity',
      meta: null,
      block: false,
      hidden: false
    },
    Token {
      type: 'softbreak',
      tag: 'br',
      attrs: null,
      map: null,
      nesting: 0,
      level: 0,
      children: null,
      content: '',
      markup: '',
      info: '',
      meta: null,
      block: false,
      hidden: false
    },
    Token {
      type: 'text',
      tag: '',
      attrs: null,
      map: null,
      nesting: 0,
      level: 0,
      children: null,
      content: '<img src="https://img.shields.io/badge/-PostgreSQL-C0C0C0?logo=PostgreSQL&logoColor=4169E1" alt="PostgreSQL" style="display: inline-block;" /> ',
      markup: '&nbsp;',
      info: 'entity',
      meta: null,
      block: false,
      hidden: false
    },
    Token {
      type: 'softbreak',
      tag: 'br',
      attrs: null,
      map: null,
      nesting: 0,
      level: 0,
      children: null,
      content: '',
      markup: '',
      info: '',
      meta: null,
      block: false,
      hidden: false
    },
    Token {
      type: 'text',
      tag: '',
      attrs: null,
      map: null,
      nesting: 0,
      level: 0,
      children: null,
      content: '<img src="https://img.shields.io/badge/-Oracle-C0C0C0?logo=Oracle&logoColor=F80000" alt="Oracle" style="display: inline-block;" /> ',
      markup: '&nbsp;',
      info: 'entity',
      meta: null,
      block: false,
      hidden: false
    },
    Token {
      type: 'softbreak',
      tag: 'br',
      attrs: null,
      map: null,
      nesting: 0,
      level: 0,
      children: null,
      content: '',
      markup: '',
      info: '',
      meta: null,
      block: false,
      hidden: false
    },
    Token {
      type: 'text',
      tag: '',
      attrs: null,
      map: null,
      nesting: 0,
      level: 0,
      children: null,
      content: '<img src="https://img.shields.io/badge/-Microsoft%20SQL%20Server-D3D3D3?logo=Microsoft-SQL-Server&logoColor=CC2927" alt="Microsoft SQL Server" style="display: inline-block;" /> ',
      markup: '&nbsp;',
      info: 'entity',
      meta: null,
      block: false,
      hidden: false
    },
    Token {
      type: 'softbreak',
      tag: 'br',
      attrs: null,
      map: null,
      nesting: 0,
      level: 0,
      children: null,
      content: '',
      markup: '',
      info: '',
      meta: null,
      block: false,
      hidden: false
    },
    Token {
      type: 'text',
      tag: '',
      attrs: null,
      map: null,
      nesting: 0,
      level: 0,
      children: null,
      content: '<img src="https://img.shields.io/badge/-RabbitMQ-FF6600?logo=RabbitMQ&logoColor=FFF" alt="RabbitMQ" style="display: inline-block;" /> ',
      markup: '&nbsp;',
      info: 'entity',
      meta: null,
      block: false,
      hidden: false
    },
    Token {
      type: 'softbreak',
      tag: 'br',
      attrs: null,
      map: null,
      nesting: 0,
      level: 0,
      children: null,
      content: '',
      markup: '',
      info: '',
      meta: null,
      block: false,
      hidden: false
    },
    Token {
      type: 'text',
      tag: '',
      attrs: null,
      map: null,
      nesting: 0,
      level: 0,
      children: null,
      content: '<img src="https://img.shields.io/badge/-Solr-D9411E?logo=Apache-Solr&logoColor=FFF" alt="Solr" style="display: inline-block;" /> ',
      markup: '&nbsp;',
      info: 'entity',
      meta: null,
      block: false,
      hidden: false
    },
    Token {
      type: 'softbreak',
      tag: 'br',
      attrs: null,
      map: null,
      nesting: 0,
      level: 0,
      children: null,
      content: '',
      markup: '',
      info: '',
      meta: null,
      block: false,
      hidden: false
    },
    Token {
      type: 'text',
      tag: '',
      attrs: null,
      map: null,
      nesting: 0,
      level: 0,
      children: null,
      content: '<img src="https://img.shields.io/badge/-Kafka-C0C0C0?logo=Apache-Kafka&logoColor=231F20" alt="Kafka" style="display: inline-block;" /> ',
      markup: '&nbsp;',
      info: 'entity',
      meta: null,
      block: false,
      hidden: false
    },
    Token {
      type: 'softbreak',
      tag: 'br',
      attrs: null,
      map: null,
      nesting: 0,
      level: 0,
      children: null,
      content: '',
      markup: '',
      info: '',
      meta: null,
      block: false,
      hidden: false
    },
    Token {
      type: 'text',
      tag: '',
      attrs: null,
      map: null,
      nesting: 0,
      level: 0,
      children: null,
      content: '<img src="https://img.shields.io/badge/-Consul-F24C53?logo=Consul&logoColor=FFF" alt="Consul" style="display: inline-block;" /> ',
      markup: '&nbsp;',
      info: 'entity',
      meta: null,
      block: false,
      hidden: false
    },
    Token {
      type: 'softbreak',
      tag: 'br',
      attrs: null,
      map: null,
      nesting: 0,
      level: 0,
      children: null,
      content: '',
      markup: '',
      info: '',
      meta: null,
      block: false,
      hidden: false
    },
    Token {
      type: 'text',
      tag: '',
      attrs: null,
      map: null,
      nesting: 0,
      level: 0,
      children: null,
      content: '<img src="https://img.shields.io/badge/-Tomcat-F8DC75?logo=Apache-Tomcat&logoColor=000" alt="Tomcat" style="display: inline-block;" /> ',
      markup: '&nbsp;',
      info: 'entity',
      meta: null,
      block: false,
      hidden: false
    },
    Token {
      type: 'softbreak',
      tag: 'br',
      attrs: null,
      map: null,
      nesting: 0,
      level: 0,
      children: null,
      content: '',
      markup: '',
      info: '',
      meta: null,
      block: false,
      hidden: false
    },
    Token {
      type: 'text',
      tag: '',
      attrs: null,
      map: null,
      nesting: 0,
      level: 0,
      children: null,
      content: '<img src="https://img.shields.io/badge/-JUnit5-25A162?logo=JUnit5&logoColor=FFF" alt="JUnit5" style="display: inline-block;" /> ',
      markup: '&nbsp;',
      info: 'entity',
      meta: null,
      block: false,
      hidden: false
    },
    Token {
      type: 'softbreak',
      tag: 'br',
      attrs: null,
      map: null,
      nesting: 0,
      level: 0,
      children: null,
      content: '',
      markup: '',
      info: '',
      meta: null,
      block: false,
      hidden: false
    },
    Token {
      type: 'text',
      tag: '',
      attrs: null,
      map: null,
      nesting: 0,
      level: 0,
      children: null,
      content: '<img src="https://img.shields.io/badge/-Liquibase-2962FF?logo=Liquibase&logoColor=FFF" alt="Liquibase" style="display: inline-block;" /> ',
      markup: '&nbsp;',
      info: 'entity',
      meta: null,
      block: false,
      hidden: false
    },
    Token {
      type: 'softbreak',
      tag: 'br',
      attrs: null,
      map: null,
      nesting: 0,
      level: 0,
      children: null,
      content: '',
      markup: '',
      info: '',
      meta: null,
      block: false,
      hidden: false
    },
    Token {
      type: 'text',
      tag: '',
      attrs: null,
      map: null,
      nesting: 0,
      level: 0,
      children: null,
      content: '<img src="https://img.shields.io/badge/-Maven-C71A36?logo=Apache-Maven&logoColor=FFF" alt="Maven" style="display: inline-block;" /> ',
      markup: '&nbsp;',
      info: 'entity',
      meta: null,
      block: false,
      hidden: false
    },
    Token {
      type: 'softbreak',
      tag: 'br',
      attrs: null,
      map: null,
      nesting: 0,
      level: 0,
      children: null,
      content: '',
      markup: '',
      info: '',
      meta: null,
      block: false,
      hidden: false
    },
    Token {
      type: 'text',
      tag: '',
      attrs: null,
      map: null,
      nesting: 0,
      level: 0,
      children: null,
      content: '<img src="https://img.shields.io/badge/-Gradle-D3D3D3?logo=Gradle&logoColor=02303A" alt="Gradle" style="display: inline-block;" /> ',
      markup: '&nbsp;',
      info: 'entity',
      meta: null,
      block: false,
      hidden: false
    },
    Token {
      type: 'softbreak',
      tag: 'br',
      attrs: null,
      map: null,
      nesting: 0,
      level: 0,
      children: null,
      content: '',
      markup: '',
      info: '',
      meta: null,
      block: false,
      hidden: false
    },
    Token {
      type: 'text',
      tag: '',
      attrs: null,
      map: null,
      nesting: 0,
      level: 0,
      children: null,
      content: '<img src="https://img.shields.io/badge/-Spring%20Security-6DB33F?logo=Spring-Security&logoColor=FFF" alt="Spring Security" style="display: inline-block;" /> ',
      markup: '&nbsp;',
      info: 'entity',
      meta: null,
      block: false,
      hidden: false
    },
    Token {
      type: 'softbreak',
      tag: 'br',
      attrs: null,
      map: null,
      nesting: 0,
      level: 0,
      children: null,
      content: '',
      markup: '',
      info: '',
      meta: null,
      block: false,
      hidden: false
    },
    Token {
      type: 'text',
      tag: '',
      attrs: null,
      map: null,
      nesting: 0,
      level: 0,
      children: null,
      content: '<img src="https://img.shields.io/badge/-Hibernate-59666C?logo=Hibernate&logoColor=FFF" alt="Hibernate" style="display: inline-block;" /> ',
      markup: '&nbsp;',
      info: 'entity',
      meta: null,
      block: false,
      hidden: false
    },
    Token {
      type: 'softbreak',
      tag: 'br',
      attrs: null,
      map: null,
      nesting: 0,
      level: 0,
      children: null,
      content: '',
      markup: '',
      info: '',
      meta: null,
      block: false,
      hidden: false
    },
    Token {
      type: 'text',
      tag: '',
      attrs: null,
      map: null,
      nesting: 0,
      level: 0,
      children: null,
      content: '<img src="https://img.shields.io/badge/-Java-F78C40?logo=OpenJDK&logoColor=FFF" alt="Java" style="display: inline-block;" /> ',
      markup: '&nbsp;',
      info: 'entity',
      meta: null,
      block: false,
      hidden: false
    },
    Token {
      type: 'softbreak',
      tag: 'br',
      attrs: null,
      map: null,
      nesting: 0,
      level: 0,
      children: null,
      content: '',
      markup: '',
      info: '',
      meta: null,
      block: false,
      hidden: false
    },
    Token {
      type: 'text',
      tag: '',
      attrs: null,
      map: null,
      nesting: 0,
      level: 0,
      children: null,
      content: '<img src="https://img.shields.io/badge/-Android-C0C0C0?logo=Android&logoColor=3DDC84" alt="Android" style="display: inline-block;" /> ',
      markup: '&nbsp;',
      info: 'entity',
      meta: null,
      block: false,
      hidden: false
    },
    Token {
      type: 'softbreak',
      tag: 'br',
      attrs: null,
      map: null,
      nesting: 0,
      level: 0,
      children: null,
      content: '',
      markup: '',
      info: '',
      meta: null,
      block: false,
      hidden: false
    },
    Token {
      type: 'text',
      tag: '',
      attrs: null,
      map: null,
      nesting: 0,
      level: 0,
      children: null,
      content: '<img src="https://img.shields.io/badge/-GraphQL-FFF?logo=GraphQL&logoColor=E10098" alt="GraphQL" style="display: inline-block;" /> ',
      markup: '&nbsp;',
      info: 'entity',
      meta: null,
      block: false,
      hidden: false
    },
    Token {
      type: 'softbreak',
      tag: 'br',
      attrs: null,
      map: null,
      nesting: 0,
      level: 0,
      children: null,
      content: '',
      markup: '',
      info: '',
      meta: null,
      block: false,
      hidden: false
    },
    Token {
      type: 'text',
      tag: '',
      attrs: null,
      map: null,
      nesting: 0,
      level: 0,
      children: null,
      content: '<img src="https://img.shields.io/badge/-Node.js-D3D3D3?logo=Node.js&logoColor=339933" alt="Node.js" style="display: inline-block;" /> ',
      markup: '&nbsp;',
      info: 'entity',
      meta: null,
      block: false,
      hidden: false
    },
    Token {
      type: 'softbreak',
      tag: 'br',
      attrs: null,
      map: null,
      nesting: 0,
      level: 0,
      children: null,
      content: '',
      markup: '',
      info: '',
      meta: null,
      block: false,
      hidden: false
    },
    Token {
      type: 'text',
      tag: '',
      attrs: null,
      map: null,
      nesting: 0,
      level: 0,
      children: null,
      content: '</p>',
      markup: '',
      info: '',
      meta: null,
      block: false,
      hidden: false
    }
  ],
  content: '<p>\n' +
    '  <img src="https://img.shields.io/badge/-Go-DCDCDC?logo=Go&logoColor=00ADD8" alt="Go" style="display: inline-block;" />&nbsp;\n' +
    '  <img src="https://img.shields.io/badge/-MySQL-4479A1?logo=MySQL&logoColor=FFF" alt="MySQL" style="display: inline-block;" />&nbsp;\n' +
    '  <img src="https://img.shields.io/badge/-Redis-DC382D?logo=Redis&logoColor=FFF" alt="Redis" style="display: inline-block;" />&nbsp;\n' +
    '  <img src="https://img.shields.io/badge/-MongoDB-47A248?logo=MongoDB&logoColor=FFF" alt="MongoDB" style="display: inline-block;" />&nbsp;\n' +
    '  <img src="https://img.shields.io/badge/-ElasticSearch-005571?logo=ElasticSearch&logoColor=FFF" alt="ElasticSearch" style="display: inline-block;" />&nbsp;\n' +
    '  <img src="https://img.shields.io/badge/-Logstash-A9A9A9?logo=Logstash&logoColor=005571" alt="Logstash" style="display: inline-block;" />&nbsp;\n' +
    '  <img src="https://img.shields.io/badge/-Kibana-A9A9A9?logo=Kibana&logoColor=005571" alt="Kibana" style="display: inline-block;" />&nbsp;\n' +
    '  <img src="https://img.shields.io/badge/-JWT-000?logo=JSON-Web-Tokens&logoColor=FFF" alt="JWT" style="display: inline-block;" />&nbsp;\n' +
    '  <img src="https://img.shields.io/badge/-JSON-000?logo=JSON&logoColor=FFF" alt="JSON" style="display: inline-block;" />&nbsp;\n' +
    '  <img src="https://img.shields.io/badge/-Node.js-D3D3D3?logo=Node.js&logoColor=339933" alt="Node.js" style="display: inline-block;" />&nbsp;\n' +
    '  <img src="https://img.shields.io/badge/-Python-A9A9A9?logo=Python&logoColor=3776AB" alt="Python" style="display: inline-block;" />&nbsp;\n' +
    '    <img src="https://img.shields.io/badge/-Spring-6DB33F?logo=Spring&logoColor=FFF" alt="Spring" style="display: inline-block;" />&nbsp;\n' +
    '  <img src="https://img.shields.io/badge/-Spring%20Boot-6DB33F?logo=Spring-Boot&logoColor=FFF" alt="Spring Boot" style="display: inline-block;" />&nbsp;\n' +
    '  <img src="https://img.shields.io/badge/-MariaDB-A9A9A9?logo=MariaDB&logoColor=003545" alt="MariaDB" style="display: inline-block;" />&nbsp;\n' +
    '  <img src="https://img.shields.io/badge/-PostgreSQL-C0C0C0?logo=PostgreSQL&logoColor=4169E1" alt="PostgreSQL" style="display: inline-block;" />&nbsp;\n' +
    '  <img src="https://img.shields.io/badge/-Oracle-C0C0C0?logo=Oracle&logoColor=F80000" alt="Oracle" style="display: inline-block;" />&nbsp;\n' +
    '  <img src="https://img.shields.io/badge/-Microsoft%20SQL%20Server-D3D3D3?logo=Microsoft-SQL-Server&logoColor=CC2927" alt="Microsoft SQL Server" style="display: inline-block;" />&nbsp;\n' +
    '  <img src="https://img.shields.io/badge/-RabbitMQ-FF6600?logo=RabbitMQ&logoColor=FFF" alt="RabbitMQ" style="display: inline-block;" />&nbsp;\n' +
    '  <img src="https://img.shields.io/badge/-Solr-D9411E?logo=Apache-Solr&logoColor=FFF" alt="Solr" style="display: inline-block;" />&nbsp;\n' +
    '  <img src="https://img.shields.io/badge/-Kafka-C0C0C0?logo=Apache-Kafka&logoColor=231F20" alt="Kafka" style="display: inline-block;" />&nbsp;\n' +
    '  <img src="https://img.shields.io/badge/-Consul-F24C53?logo=Consul&logoColor=FFF" alt="Consul" style="display: inline-block;" />&nbsp;\n' +
    '  <img src="https://img.shields.io/badge/-Tomcat-F8DC75?logo=Apache-Tomcat&logoColor=000" alt="Tomcat" style="display: inline-block;" />&nbsp;\n' +
    '  <img src="https://img.shields.io/badge/-JUnit5-25A162?logo=JUnit5&logoColor=FFF" alt="JUnit5" style="display: inline-block;" />&nbsp;\n' +
    '  <img src="https://img.shields.io/badge/-Liquibase-2962FF?logo=Liquibase&logoColor=FFF" alt="Liquibase" style="display: inline-block;" />&nbsp;\n' +
    '  <img src="https://img.shields.io/badge/-Maven-C71A36?logo=Apache-Maven&logoColor=FFF" alt="Maven" style="display: inline-block;" />&nbsp;\n' +
    '  <img src="https://img.shields.io/badge/-Gradle-D3D3D3?logo=Gradle&logoColor=02303A" alt="Gradle" style="display: inline-block;" />&nbsp;\n' +
    '  <img src="https://img.shields.io/badge/-Spring%20Security-6DB33F?logo=Spring-Security&logoColor=FFF" alt="Spring Security" style="display: inline-block;" />&nbsp;\n' +
    '  <img src="https://img.shields.io/badge/-Hibernate-59666C?logo=Hibernate&logoColor=FFF" alt="Hibernate" style="display: inline-block;" />&nbsp;\n' +
    '  <img src="https://img.shields.io/badge/-Java-F78C40?logo=OpenJDK&logoColor=FFF" alt="Java" style="display: inline-block;" />&nbsp;\n' +
    '  <img src="https://img.shields.io/badge/-Android-C0C0C0?logo=Android&logoColor=3DDC84" alt="Android" style="display: inline-block;" />&nbsp;\n' +
    '  <img src="https://img.shields.io/badge/-GraphQL-FFF?logo=GraphQL&logoColor=E10098" alt="GraphQL" style="display: inline-block;" />&nbsp;\n' +
    '  <img src="https://img.shields.io/badge/-Node.js-D3D3D3?logo=Node.js&logoColor=339933" alt="Node.js" style="display: inline-block;" />&nbsp;\n' +
    '</p>',
  markup: '',
  info: '',
  meta: null,
  block: true,
  hidden: false
}
Token {
  type: 'paragraph_close',
  tag: 'p',
  attrs: null,
  map: null,
  nesting: -1,
  level: 0,
  children: null,
  content: '',
  markup: '',
  info: '',
  meta: null,
  block: true,
  hidden: false
}
Token {
  type: 'heading_open',
  tag: 'h3',
  attrs: null,
  map: [ 62, 63 ],
  nesting: 1,
  level: 0,
  children: null,
  content: '',
  markup: '###',
  info: '',
  meta: null,
  block: true,
  hidden: false
}
Token {
  type: 'inline',
  tag: '',
  attrs: null,
  map: [ 62, 63 ],
  nesting: 0,
  level: 1,
  children: [
    Token {
      type: 'text',
      tag: '',
      attrs: null,
      map: null,
      nesting: 0,
      level: 0,
      children: null,
      content: '前端',
      markup: '',
      info: '',
      meta: null,
      block: false,
      hidden: false
    }
  ],
  content: '前端',
  markup: '',
  info: '',
  meta: null,
  block: true,
  hidden: false
}
Token {
  type: 'heading_close',
  tag: 'h3',
  attrs: null,
  map: null,
  nesting: -1,
  level: 0,
  children: null,
  content: '',
  markup: '###',
  info: '',
  meta: null,
  block: true,
  hidden: false
}
Token {
  type: 'paragraph_open',
  tag: 'p',
  attrs: null,
  map: [ 64, 82 ],
  nesting: 1,
  level: 0,
  children: null,
  content: '',
  markup: '',
  info: '',
  meta: null,
  block: true,
  hidden: false
}
Token {
  type: 'inline',
  tag: '',
  attrs: null,
  map: [ 64, 82 ],
  nesting: 0,
  level: 1,
  children: [
    Token {
      type: 'text',
      tag: '',
      attrs: null,
      map: null,
      nesting: 0,
      level: 0,
      children: null,
      content: '<p>',
      markup: '',
      info: '',
      meta: null,
      block: false,
      hidden: false
    },
    Token {
      type: 'softbreak',
      tag: 'br',
      attrs: null,
      map: null,
      nesting: 0,
      level: 0,
      children: null,
      content: '',
      markup: '',
      info: '',
      meta: null,
      block: false,
      hidden: false
    },
    Token {
      type: 'text',
      tag: '',
      attrs: null,
      map: null,
      nesting: 0,
      level: 0,
      children: null,
      content: '<img src="https://img.shields.io/badge/-JavaScript-A9A9A9?logo=JavaScript&logoColor=F7DF1E" alt="JavaScript" style="display: inline-block;" /> ',
      markup: '&nbsp;',
      info: 'entity',
      meta: null,
      block: false,
      hidden: false
    },
    Token {
      type: 'softbreak',
      tag: 'br',
      attrs: null,
      map: null,
      nesting: 0,
      level: 0,
      children: null,
      content: '',
      markup: '',
      info: '',
      meta: null,
      block: false,
      hidden: false
    },
    Token {
      type: 'text',
      tag: '',
      attrs: null,
      map: null,
      nesting: 0,
      level: 0,
      children: null,
      content: '<img src="https://img.shields.io/badge/-TypeScript-C0C0C0?logo=TypeScript&logoColor=3178C6" alt="TypeScript" style="display: inline-block;" /> ',
      markup: '&nbsp;',
      info: 'entity',
      meta: null,
      block: false,
      hidden: false
    },
    Token {
      type: 'softbreak',
      tag: 'br',
      attrs: null,
      map: null,
      nesting: 0,
      level: 0,
      children: null,
      content: '',
      markup: '',
      info: '',
      meta: null,
      block: false,
      hidden: false
    },
    Token {
      type: 'text',
      tag: '',
      attrs: null,
      map: null,
      nesting: 0,
      level: 0,
      children: null,
      content: '<img src="https://img.shields.io/badge/-Vue3-C0C0C0?logo=Vue.js&logoColor=4FC08D" alt="Vue3" style="display: inline-block;" /> ',
      markup: '&nbsp;',
      info: 'entity',
      meta: null,
      block: false,
      hidden: false
    },
    Token {
      type: 'softbreak',
      tag: 'br',
      attrs: null,
      map: null,
      nesting: 0,
      level: 0,
      children: null,
      content: '',
      markup: '',
      info: '',
      meta: null,
      block: false,
      hidden: false
    },
    Token {
      type: 'text',
      tag: '',
      attrs: null,
      map: null,
      nesting: 0,
      level: 0,
      children: null,
      content: '<img src="https://img.shields.io/badge/-Vite-D3D3D3?logo=Vite&logoColor=646CFF" alt="Vite" style="display: inline-block;" /> ',
      markup: '&nbsp;',
      info: 'entity',
      meta: null,
      block: false,
      hidden: false
    },
    Token {
      type: 'softbreak',
      tag: 'br',
      attrs: null,
      map: null,
      nesting: 0,
      level: 0,
      children: null,
      content: '',
      markup: '',
      info: '',
      meta: null,
      block: false,
      hidden: false
    },
    Token {
      type: 'text',
      tag: '',
      attrs: null,
      map: null,
      nesting: 0,
      level: 0,
      children: null,
      content: '<img src="https://img.shields.io/badge/-Webpack-D3D3D3?logo=Webpack&logoColor=8DD6F9" alt="Webpack" style="display: inline-block;" /> ',
      markup: '&nbsp;',
      info: 'entity',
      meta: null,
      block: false,
      hidden: false
    },
    Token {
      type: 'softbreak',
      tag: 'br',
      attrs: null,
      map: null,
      nesting: 0,
      level: 0,
      children: null,
      content: '',
      markup: '',
      info: '',
      meta: null,
      block: false,
      hidden: false
    },
    Token {
      type: 'text',
      tag: '',
      attrs: null,
      map: null,
      nesting: 0,
      level: 0,
      children: null,
      content: '<img src="https://img.shields.io/badge/-NPM-C0C0C0?logo=npm&logoColor=CB3837" alt="NPM" style="display: inline-block;" /> ',
      markup: '&nbsp;',
      info: 'entity',
      meta: null,
      block: false,
      hidden: false
    },
    Token {
      type: 'softbreak',
      tag: 'br',
      attrs: null,
      map: null,
      nesting: 0,
      level: 0,
      children: null,
      content: '',
      markup: '',
      info: '',
      meta: null,
      block: false,
      hidden: false
    },
    Token {
      type: 'text',
      tag: '',
      attrs: null,
      map: null,
      nesting: 0,
      level: 0,
      children: null,
      content: '<img src="https://img.shields.io/badge/-Axios-C0C0C0?logo=Axios&logoColor=5A29E4" alt="Axios" style="display: inline-block;" /> ',
      markup: '&nbsp;',
      info: 'entity',
      meta: null,
      block: false,
      hidden: false
    },
    Token {
      type: 'softbreak',
      tag: 'br',
      attrs: null,
      map: null,
      nesting: 0,
      level: 0,
      children: null,
      content: '',
      markup: '',
      info: '',
      meta: null,
      block: false,
      hidden: false
    },
    Token {
      type: 'text',
      tag: '',
      attrs: null,
      map: null,
      nesting: 0,
      level: 0,
      children: null,
      content: '<img src="https://img.shields.io/badge/-ESLint-C0C0C0?logo=ESLint&logoColor=4B32C3" alt="ESLint" style="display: inline-block;" /> ',
      markup: '&nbsp;',
      info: 'entity',
      meta: null,
      block: false,
      hidden: false
    },
    Token {
      type: 'softbreak',
      tag: 'br',
      attrs: null,
      map: null,
      nesting: 0,
      level: 0,
      children: null,
      content: '',
      markup: '',
      info: '',
      meta: null,
      block: false,
      hidden: false
    },
    Token {
      type: 'text',
      tag: '',
      attrs: null,
      map: null,
      nesting: 0,
      level: 0,
      children: null,
      content: '<img src="https://img.shields.io/badge/-ECharts-C0C0C0?logo=Apache-ECharts&logoColor=AA344D" alt="ECharts" style="display: inline-block;" /> ',
      markup: '&nbsp;',
      info: 'entity',
      meta: null,
      block: false,
      hidden: false
    },
    Token {
      type: 'softbreak',
      tag: 'br',
      attrs: null,
      map: null,
      nesting: 0,
      level: 0,
      children: null,
      content: '',
      markup: '',
      info: '',
      meta: null,
      block: false,
      hidden: false
    },
    Token {
      type: 'text',
      tag: '',
      attrs: null,
      map: null,
      nesting: 0,
      level: 0,
      children: null,
      content: '<img src="https://img.shields.io/badge/-HTML5-A9A9A9?logo=HTML5&logoColor=E34F26" alt="HTML5" style="display: inline-block;" /> ',
      markup: '&nbsp;',
      info: 'entity',
      meta: null,
      block: false,
      hidden: false
    },
    Token {
      type: 'softbreak',
      tag: 'br',
      attrs: null,
      map: null,
      nesting: 0,
      level: 0,
      children: null,
      content: '',
      markup: '',
      info: '',
      meta: null,
      block: false,
      hidden: false
    },
    Token {
      type: 'text',
      tag: '',
      attrs: null,
      map: null,
      nesting: 0,
      level: 0,
      children: null,
      content: '<img src="https://img.shields.io/badge/-CSS3-A9A9A9?logo=CSS3&logoColor=1572B6" alt="CSS3" style="display: inline-block;" /> ',
      markup: '&nbsp;',
      info: 'entity',
      meta: null,
      block: false,
      hidden: false
    },
    Token {
      type: 'softbreak',
      tag: 'br',
      attrs: null,
      map: null,
      nesting: 0,
      level: 0,
      children: null,
      content: '',
      markup: '',
      info: '',
      meta: null,
      block: false,
      hidden: false
    },
    Token {
      type: 'text',
      tag: '',
      attrs: null,
      map: null,
      nesting: 0,
      level: 0,
      children: null,
      content: '<img src="https://img.shields.io/badge/-Less-D3D3D3?logo=Less&logoColor=1D365D" alt="Less" style="display: inline-block;" /> ',
      markup: '&nbsp;',
      info: 'entity',
      meta: null,
      block: false,
      hidden: false
    },
    Token {
      type: 'softbreak',
      tag: 'br',
      attrs: null,
      map: null,
      nesting: 0,
      level: 0,
      children: null,
      content: '',
      markup: '',
      info: '',
      meta: null,
      block: false,
      hidden: false
    },
    Token {
      type: 'text',
      tag: '',
      attrs: null,
      map: null,
      nesting: 0,
      level: 0,
      children: null,
      content: '<img src="https://img.shields.io/badge/-Tailwind%20CSS-FFF?logo=Tailwind-CSS&logoColor=06B6D4" alt="Tailwind CSS" style="display: inline-block;" /> ',
      markup: '&nbsp;',
      info: 'entity',
      meta: null,
      block: false,
      hidden: false
    },
    Token {
      type: 'softbreak',
      tag: 'br',
      attrs: null,
      map: null,
      nesting: 0,
      level: 0,
      children: null,
      content: '',
      markup: '',
      info: '',
      meta: null,
      block: false,
      hidden: false
    },
    Token {
      type: 'text',
      tag: '',
      attrs: null,
      map: null,
      nesting: 0,
      level: 0,
      children: null,
      content: '<img src="https://img.shields.io/badge/-Ant%20Design-C0C0C0?logo=Ant-Design&logoColor=0170FE" alt="Ant Design" style="display: inline-block;" /> ',
      markup: '&nbsp;',
      info: 'entity',
      meta: null,
      block: false,
      hidden: false
    },
    Token {
      type: 'softbreak',
      tag: 'br',
      attrs: null,
      map: null,
      nesting: 0,
      level: 0,
      children: null,
      content: '',
      markup: '',
      info: '',
      meta: null,
      block: false,
      hidden: false
    },
    Token {
      type: 'text',
      tag: '',
      attrs: null,
      map: null,
      nesting: 0,
      level: 0,
      children: null,
      content: '<img src="https://img.shields.io/badge/-jQuery-0769AD?logo=jQuery&logoColor=FFF" alt="jQuery" style="display: inline-block;" /> ',
      markup: '&nbsp;',
      info: 'entity',
      meta: null,
      block: false,
      hidden: false
    },
    Token {
      type: 'softbreak',
      tag: 'br',
      attrs: null,
      map: null,
      nesting: 0,
      level: 0,
      children: null,
      content: '',
      markup: '',
      info: '',
      meta: null,
      block: false,
      hidden: false
    },
    Token {
      type: 'text',
      tag: '',
      attrs: null,
      map: null,
      nesting: 0,
      level: 0,
      children: null,
      content: '<img src="https://img.shields.io/badge/-Bootstrap-7952B3?logo=Bootstrap&logoColor=FFF" alt="BootStrap" style="display: inline-block;" /> ',
      markup: '&nbsp;',
      info: 'entity',
      meta: null,
      block: false,
      hidden: false
    },
    Token {
      type: 'softbreak',
      tag: 'br',
      attrs: null,
      map: null,
      nesting: 0,
      level: 0,
      children: null,
      content: '',
      markup: '',
      info: '',
      meta: null,
      block: false,
      hidden: false
    },
    Token {
      type: 'text',
      tag: '',
      attrs: null,
      map: null,
      nesting: 0,
      level: 0,
      children: null,
      content: '</p>',
      markup: '',
      info: '',
      meta: null,
      block: false,
      hidden: false
    }
  ],
  content: '<p>\n' +
    '  <img src="https://img.shields.io/badge/-JavaScript-A9A9A9?logo=JavaScript&logoColor=F7DF1E" alt="JavaScript" style="display: inline-block;" />&nbsp;\n' +
    '  <img src="https://img.shields.io/badge/-TypeScript-C0C0C0?logo=TypeScript&logoColor=3178C6" alt="TypeScript" style="display: inline-block;" />&nbsp;\n' +
    '  <img src="https://img.shields.io/badge/-Vue3-C0C0C0?logo=Vue.js&logoColor=4FC08D" alt="Vue3" style="display: inline-block;" />&nbsp;\n' +
    '  <img src="https://img.shields.io/badge/-Vite-D3D3D3?logo=Vite&logoColor=646CFF" alt="Vite" style="display: inline-block;" />&nbsp;\n' +
    '  <img src="https://img.shields.io/badge/-Webpack-D3D3D3?logo=Webpack&logoColor=8DD6F9" alt="Webpack" style="display: inline-block;" />&nbsp;\n' +
    '  <img src="https://img.shields.io/badge/-NPM-C0C0C0?logo=npm&logoColor=CB3837" alt="NPM" style="display: inline-block;" />&nbsp;\n' +
    '  <img src="https://img.shields.io/badge/-Axios-C0C0C0?logo=Axios&logoColor=5A29E4" alt="Axios" style="display: inline-block;" />&nbsp;\n' +
    '  <img src="https://img.shields.io/badge/-ESLint-C0C0C0?logo=ESLint&logoColor=4B32C3" alt="ESLint" style="display: inline-block;" />&nbsp;\n' +
    '  <img src="https://img.shields.io/badge/-ECharts-C0C0C0?logo=Apache-ECharts&logoColor=AA344D" alt="ECharts" style="display: inline-block;" />&nbsp;\n' +
    '  <img src="https://img.shields.io/badge/-HTML5-A9A9A9?logo=HTML5&logoColor=E34F26" alt="HTML5" style="display: inline-block;" />&nbsp;\n' +
    '  <img src="https://img.shields.io/badge/-CSS3-A9A9A9?logo=CSS3&logoColor=1572B6" alt="CSS3" style="display: inline-block;" />&nbsp;\n' +
    '  <img src="https://img.shields.io/badge/-Less-D3D3D3?logo=Less&logoColor=1D365D" alt="Less" style="display: inline-block;" />&nbsp;\n' +
    '  <img src="https://img.shields.io/badge/-Tailwind%20CSS-FFF?logo=Tailwind-CSS&logoColor=06B6D4" alt="Tailwind CSS" style="display: inline-block;" />&nbsp;\n' +
    '  <img src="https://img.shields.io/badge/-Ant%20Design-C0C0C0?logo=Ant-Design&logoColor=0170FE" alt="Ant Design" style="display: inline-block;" />&nbsp;\n' +
    '  <img src="https://img.shields.io/badge/-jQuery-0769AD?logo=jQuery&logoColor=FFF" alt="jQuery" style="display: inline-block;" />&nbsp;\n' +
    '  <img src="https://img.shields.io/badge/-Bootstrap-7952B3?logo=Bootstrap&logoColor=FFF" alt="BootStrap" style="display: inline-block;" />&nbsp;\n' +
    '</p>',
  markup: '',
  info: '',
  meta: null,
  block: true,
  hidden: false
}
Token {
  type: 'paragraph_close',
  tag: 'p',
  attrs: null,
  map: null,
  nesting: -1,
  level: 0,
  children: null,
  content: '',
  markup: '',
  info: '',
  meta: null,
  block: true,
  hidden: false
}
Token {
  type: 'heading_open',
  tag: 'h3',
  attrs: null,
  map: [ 83, 84 ],
  nesting: 1,
  level: 0,
  children: null,
  content: '',
  markup: '###',
  info: '',
  meta: null,
  block: true,
  hidden: false
}
Token {
  type: 'inline',
  tag: '',
  attrs: null,
  map: [ 83, 84 ],
  nesting: 0,
  level: 1,
  children: [
    Token {
      type: 'text',
      tag: '',
      attrs: null,
      map: null,
      nesting: 0,
      level: 0,
      children: null,
      content: '运维',
      markup: '',
      info: '',
      meta: null,
      block: false,
      hidden: false
    }
  ],
  content: '运维',
  markup: '',
  info: '',
  meta: null,
  block: true,
  hidden: false
}
Token {
  type: 'heading_close',
  tag: 'h3',
  attrs: null,
  map: null,
  nesting: -1,
  level: 0,
  children: null,
  content: '',
  markup: '###',
  info: '',
  meta: null,
  block: true,
  hidden: false
}
Token {
  type: 'paragraph_open',
  tag: 'p',
  attrs: null,
  map: [ 85, 100 ],
  nesting: 1,
  level: 0,
  children: null,
  content: '',
  markup: '',
  info: '',
  meta: null,
  block: true,
  hidden: false
}
Token {
  type: 'inline',
  tag: '',
  attrs: null,
  map: [ 85, 100 ],
  nesting: 0,
  level: 1,
  children: [
    Token {
      type: 'text',
      tag: '',
      attrs: null,
      map: null,
      nesting: 0,
      level: 0,
      children: null,
      content: '<p>',
      markup: '',
      info: '',
      meta: null,
      block: false,
      hidden: false
    },
    Token {
      type: 'softbreak',
      tag: 'br',
      attrs: null,
      map: null,
      nesting: 0,
      level: 0,
      children: null,
      content: '',
      markup: '',
      info: '',
      meta: null,
      block: false,
      hidden: false
    },
    Token {
      type: 'text',
      tag: '',
      attrs: null,
      map: null,
      nesting: 0,
      level: 0,
      children: null,
      content: '<img src="https://img.shields.io/badge/-Git-F05032?logo=Git&logoColor=FFF" alt="Git" style="display: inline-block;" /> ',
      markup: '&nbsp;',
      info: 'entity',
      meta: null,
      block: false,
      hidden: false
    },
    Token {
      type: 'softbreak',
      tag: 'br',
      attrs: null,
      map: null,
      nesting: 0,
      level: 0,
      children: null,
      content: '',
      markup: '',
      info: '',
      meta: null,
      block: false,
      hidden: false
    },
    Token {
      type: 'text',
      tag: '',
      attrs: null,
      map: null,
      nesting: 0,
      level: 0,
      children: null,
      content: '<img src="https://img.shields.io/badge/-GitHub-181717?logo=GitHub&logoColor=FFF" alt="GitHub" style="display: inline-block;" /> ',
      markup: '&nbsp;',
      info: 'entity',
      meta: null,
      block: false,
      hidden: false
    },
    Token {
      type: 'softbreak',
      tag: 'br',
      attrs: null,
      map: null,
      nesting: 0,
      level: 0,
      children: null,
      content: '',
      markup: '',
      info: '',
      meta: null,
      block: false,
      hidden: false
    },
    Token {
      type: 'text',
      tag: '',
      attrs: null,
      map: null,
      nesting: 0,
      level: 0,
      children: null,
      content: '<img src="https://img.shields.io/badge/-GitHub%20Actions-2088FF?logo=GitHub-Actions&logoColor=FFF" alt="GitHub Actions" style="display: inline-block;" /> ',
      markup: '&nbsp;',
      info: 'entity',
      meta: null,
      block: false,
      hidden: false
    },
    Token {
      type: 'softbreak',
      tag: 'br',
      attrs: null,
      map: null,
      nesting: 0,
      level: 0,
      children: null,
      content: '',
      markup: '',
      info: '',
      meta: null,
      block: false,
      hidden: false
    },
    Token {
      type: 'text',
      tag: '',
      attrs: null,
      map: null,
      nesting: 0,
      level: 0,
      children: null,
      content: '<img src="https://img.shields.io/badge/-Docker-2496ED?logo=Docker&logoColor=FFF" alt="Docker" style="display: inline-block;" /> ',
      markup: '&nbsp;',
      info: 'entity',
      meta: null,
      block: false,
      hidden: false
    },
    Token {
      type: 'softbreak',
      tag: 'br',
      attrs: null,
      map: null,
      nesting: 0,
      level: 0,
      children: null,
      content: '',
      markup: '',
      info: '',
      meta: null,
      block: false,
      hidden: false
    },
    Token {
      type: 'text',
      tag: '',
      attrs: null,
      map: null,
      nesting: 0,
      level: 0,
      children: null,
      content: '<img src="https://img.shields.io/badge/-Kubernetes-326CE5?logo=Kubernetes&logoColor=FFF" alt="Kubernetes" style="display: inline-block;" /> ',
      markup: '&nbsp;',
      info: 'entity',
      meta: null,
      block: false,
      hidden: false
    },
    Token {
      type: 'softbreak',
      tag: 'br',
      attrs: null,
      map: null,
      nesting: 0,
      level: 0,
      children: null,
      content: '',
      markup: '',
      info: '',
      meta: null,
      block: false,
      hidden: false
    },
    Token {
      type: 'text',
      tag: '',
      attrs: null,
      map: null,
      nesting: 0,
      level: 0,
      children: null,
      content: '<img alt="bash" src="https://img.shields.io/badge/bash-blue?logo=gnubash" style="display:inline-block"/> ',
      markup: '&nbsp;',
      info: 'entity',
      meta: null,
      block: false,
      hidden: false
    },
    Token {
      type: 'softbreak',
      tag: 'br',
      attrs: null,
      map: null,
      nesting: 0,
      level: 0,
      children: null,
      content: '',
      markup: '',
      info: '',
      meta: null,
      block: false,
      hidden: false
    },
    Token {
      type: 'text',
      tag: '',
      attrs: null,
      map: null,
      nesting: 0,
      level: 0,
      children: null,
      content: '<img alt="debian" src="https://img.shields.io/badge/debian-red?logo=debian&logoColor=white" style="display:inline-block"/> ',
      markup: '&nbsp;',
      info: 'entity',
      meta: null,
      block: false,
      hidden: false
    },
    Token {
      type: 'softbreak',
      tag: 'br',
      attrs: null,
      map: null,
      nesting: 0,
      level: 0,
      children: null,
      content: '',
      markup: '',
      info: '',
      meta: null,
      block: false,
      hidden: false
    },
    Token {
      type: 'text',
      tag: '',
      attrs: null,
      map: null,
      nesting: 0,
      level: 0,
      children: null,
      content: '<img src="https://img.shields.io/badge/-CentOS-262577?logo=CentOS&logoColor=FFF" alt="CentOS" style="display: inline-block;" /> ',
      markup: '&nbsp;',
      info: 'entity',
      meta: null,
      block: false,
      hidden: false
    },
    Token {
      type: 'softbreak',
      tag: 'br',
      attrs: null,
      map: null,
      nesting: 0,
      level: 0,
      children: null,
      content: '',
      markup: '',
      info: '',
      meta: null,
      block: false,
      hidden: false
    },
    Token {
      type: 'text',
      tag: '',
      attrs: null,
      map: null,
      nesting: 0,
      level: 0,
      children: null,
      content: '<img src="https://img.shields.io/badge/-Nginx-009639?logo=Nginx&logoColor=FFF" alt="Nginx" style="display: inline-block;" /> ',
      markup: '&nbsp;',
      info: 'entity',
      meta: null,
      block: false,
      hidden: false
    },
    Token {
      type: 'softbreak',
      tag: 'br',
      attrs: null,
      map: null,
      nesting: 0,
      level: 0,
      children: null,
      content: '',
      markup: '',
      info: '',
      meta: null,
      block: false,
      hidden: false
    },
    Token {
      type: 'text',
      tag: '',
      attrs: null,
      map: null,
      nesting: 0,
      level: 0,
      children: null,
      content: '<img src="https://img.shields.io/badge/-VMware-607078?logo=VMware&logoColor=FFF" alt="VMware" style="display: inline-block;" /> ',
      markup: '&nbsp;',
      info: 'entity',
      meta: null,
      block: false,
      hidden: false
    },
    Token {
      type: 'softbreak',
      tag: 'br',
      attrs: null,
      map: null,
      nesting: 0,
      level: 0,
      children: null,
      content: '',
      markup: '',
      info: '',
      meta: null,
      block: false,
      hidden: false
    },
    Token {
      type: 'text',
      tag: '',
      attrs: null,
      map: null,
      nesting: 0,
      level: 0,
      children: null,
      content: '<img src="https://img.shields.io/badge/-Prometheus-C0C0C0?logo=Prometheus&logoColor=E6522C" alt="Prometheus" style="display: inline-block;" /> ',
      markup: '&nbsp;',
      info: 'entity',
      meta: null,
      block: false,
      hidden: false
    },
    Token {
      type: 'softbreak',
      tag: 'br',
      attrs: null,
      map: null,
      nesting: 0,
      level: 0,
      children: null,
      content: '',
      markup: '',
      info: '',
      meta: null,
      block: false,
      hidden: false
    },
    Token {
      type: 'text',
      tag: '',
      attrs: null,
      map: null,
      nesting: 0,
      level: 0,
      children: null,
      content: '<img src="https://img.shields.io/badge/-Grafana-DCDCDC?logo=Grafana&logoColor=F46800" alt="Grafana" style="display: inline-block;" /> ',
      markup: '&nbsp;',
      info: 'entity',
      meta: null,
      block: false,
      hidden: false
    },
    Token {
      type: 'softbreak',
      tag: 'br',
      attrs: null,
      map: null,
      nesting: 0,
      level: 0,
      children: null,
      content: '',
      markup: '',
      info: '',
      meta: null,
      block: false,
      hidden: false
    },
    Token {
      type: 'text',
      tag: '',
      attrs: null,
      map: null,
      nesting: 0,
      level: 0,
      children: null,
      content: '<img src="https://img.shields.io/badge/-Ansible-FFF?logo=Ansible&logoColor=EE0000" alt="Ansible" style="display: inline-block;" /> ',
      markup: '&nbsp;',
      info: 'entity',
      meta: null,
      block: false,
      hidden: false
    },
    Token {
      type: 'softbreak',
      tag: 'br',
      attrs: null,
      map: null,
      nesting: 0,
      level: 0,
      children: null,
      content: '',
      markup: '',
      info: '',
      meta: null,
      block: false,
      hidden: false
    },
    Token {
      type: 'text',
      tag: '',
      attrs: null,
      map: null,
      nesting: 0,
      level: 0,
      children: null,
      content: '<img src="https://img.shields.io/badge/-Lua-FFF?&logo=Lua&logoColor=2C2D72" alt="Lua" style="display: inline-block;" /> ',
      markup: '&nbsp;',
      info: 'entity',
      meta: null,
      block: false,
      hidden: false
    }
  ],
  content: '<p>\n' +
    '  <img src="https://img.shields.io/badge/-Git-F05032?logo=Git&logoColor=FFF" alt="Git" style="display: inline-block;" />&nbsp;\n' +
    '  <img src="https://img.shields.io/badge/-GitHub-181717?logo=GitHub&logoColor=FFF" alt="GitHub" style="display: inline-block;" />&nbsp;\n' +
    '  <img src="https://img.shields.io/badge/-GitHub%20Actions-2088FF?logo=GitHub-Actions&logoColor=FFF" alt="GitHub Actions" style="display: inline-block;" />&nbsp;\n' +
    '  <img src="https://img.shields.io/badge/-Docker-2496ED?logo=Docker&logoColor=FFF" alt="Docker" style="display: inline-block;" />&nbsp;\n' +
    '  <img src="https://img.shields.io/badge/-Kubernetes-326CE5?logo=Kubernetes&logoColor=FFF" alt="Kubernetes" style="display: inline-block;" />&nbsp;\n' +
    '  <img alt="bash" src="https://img.shields.io/badge/bash-blue?logo=gnubash" style="display:inline-block"/>&nbsp;\n' +
    '  <img alt="debian" src="https://img.shields.io/badge/debian-red?logo=debian&logoColor=white" style="display:inline-block"/>&nbsp;\n' +
    '  <img src="https://img.shields.io/badge/-CentOS-262577?logo=CentOS&logoColor=FFF" alt="CentOS" style="display: inline-block;" />&nbsp;\n' +
    '  <img src="https://img.shields.io/badge/-Nginx-009639?logo=Nginx&logoColor=FFF" alt="Nginx" style="display: inline-block;" />&nbsp;\n' +
    '  <img src="https://img.shields.io/badge/-VMware-607078?logo=VMware&logoColor=FFF" alt="VMware" style="display: inline-block;" />&nbsp;\n' +
    '  <img src="https://img.shields.io/badge/-Prometheus-C0C0C0?logo=Prometheus&logoColor=E6522C" alt="Prometheus" style="display: inline-block;" />&nbsp;\n' +
    '  <img src="https://img.shields.io/badge/-Grafana-DCDCDC?logo=Grafana&logoColor=F46800" alt="Grafana" style="display: inline-block;" />&nbsp;\n' +
    '  <img src="https://img.shields.io/badge/-Ansible-FFF?logo=Ansible&logoColor=EE0000" alt="Ansible" style="display: inline-block;" />&nbsp;\n' +
    '  <img src="https://img.shields.io/badge/-Lua-FFF?&logo=Lua&logoColor=2C2D72" alt="Lua" style="display: inline-block;" />&nbsp;',
  markup: '',
  info: '',
  meta: null,
  block: true,
  hidden: false
}
Token {
  type: 'paragraph_close',
  tag: 'p',
  attrs: null,
  map: null,
  nesting: -1,
  level: 0,
  children: null,
  content: '',
  markup: '',
  info: '',
  meta: null,
  block: true,
  hidden: false
}
Token {
  type: 'paragraph_open',
  tag: 'p',
  attrs: null,
  map: [ 101, 102 ],
  nesting: 1,
  level: 0,
  children: null,
  content: '',
  markup: '',
  info: '',
  meta: null,
  block: true,
  hidden: false
}
Token {
  type: 'inline',
  tag: '',
  attrs: null,
  map: [ 101, 102 ],
  nesting: 0,
  level: 1,
  children: [
    Token {
      type: 'text',
      tag: '',
      attrs: null,
      map: null,
      nesting: 0,
      level: 0,
      children: null,
      content: '</p>',
      markup: '',
      info: '',
      meta: null,
      block: false,
      hidden: false
    }
  ],
  content: '</p>',
  markup: '',
  info: '',
  meta: null,
  block: true,
  hidden: false
}
Token {
  type: 'paragraph_close',
  tag: 'p',
  attrs: null,
  map: null,
  nesting: -1,
  level: 0,
  children: null,
  content: '',
  markup: '',
  info: '',
  meta: null,
  block: true,
  hidden: false
}
Token {
  type: 'heading_open',
  tag: 'h3',
  attrs: null,
  map: [ 103, 104 ],
  nesting: 1,
  level: 0,
  children: null,
  content: '',
  markup: '###',
  info: '',
  meta: null,
  block: true,
  hidden: false
}
Token {
  type: 'inline',
  tag: '',
  attrs: null,
  map: [ 103, 104 ],
  nesting: 0,
  level: 1,
  children: [
    Token {
      type: 'text',
      tag: '',
      attrs: null,
      map: null,
      nesting: 0,
      level: 0,
      children: null,
      content: '开发工具',
      markup: '',
      info: '',
      meta: null,
      block: false,
      hidden: false
    }
  ],
  content: '开发工具',
  markup: '',
  info: '',
  meta: null,
  block: true,
  hidden: false
}
Token {
  type: 'heading_close',
  tag: 'h3',
  attrs: null,
  map: null,
  nesting: -1,
  level: 0,
  children: null,
  content: '',
  markup: '###',
  info: '',
  meta: null,
  block: true,
  hidden: false
}
Token {
  type: 'paragraph_open',
  tag: 'p',
  attrs: null,
  map: [ 105, 114 ],
  nesting: 1,
  level: 0,
  children: null,
  content: '',
  markup: '',
  info: '',
  meta: null,
  block: true,
  hidden: false
}
Token {
  type: 'inline',
  tag: '',
  attrs: null,
  map: [ 105, 114 ],
  nesting: 0,
  level: 1,
  children: [
    Token {
      type: 'text',
      tag: '',
      attrs: null,
      map: null,
      nesting: 0,
      level: 0,
      children: null,
      content: '<p>',
      markup: '',
      info: '',
      meta: null,
      block: false,
      hidden: false
    },
    Token {
      type: 'softbreak',
      tag: 'br',
      attrs: null,
      map: null,
      nesting: 0,
      level: 0,
      children: null,
      content: '',
      markup: '',
      info: '',
      meta: null,
      block: false,
      hidden: false
    },
    Token {
      type: 'text',
      tag: '',
      attrs: null,
      map: null,
      nesting: 0,
      level: 0,
      children: null,
      content: '<img src="https://img.shields.io/badge/nvovim-blue?logo=vim&logoColor=white " alt="Neovim" style="display: inline-block;" /> ',
      markup: '&nbsp;',
      info: 'entity',
      meta: null,
      block: false,
      hidden: false
    },
    Token {
      type: 'softbreak',
      tag: 'br',
      attrs: null,
      map: null,
      nesting: 0,
      level: 0,
      children: null,
      content: '',
      markup: '',
      info: '',
      meta: null,
      block: false,
      hidden: false
    },
    Token {
      type: 'text',
      tag: '',
      attrs: null,
      map: null,
      nesting: 0,
      level: 0,
      children: null,
      content: '<img src="https://img.shields.io/badge/-VSCode-C0C0C0?logo=Visual-Studio-Code&logoColor=007ACC" alt="VSCode" style="display: inline-block;" /> ',
      markup: '&nbsp;',
      info: 'entity',
      meta: null,
      block: false,
      hidden: false
    },
    Token {
      type: 'softbreak',
      tag: 'br',
      attrs: null,
      map: null,
      nesting: 0,
      level: 0,
      children: null,
      content: '',
      markup: '',
      info: '',
      meta: null,
      block: false,
      hidden: false
    },
    Token {
      type: 'text',
      tag: '',
      attrs: null,
      map: null,
      nesting: 0,
      level: 0,
      children: null,
      content: '<img src="https://img.shields.io/badge/-Intellij%20IDEA-000?logo=Intellij-IDEA&logoColor=FFF" alt="Intellij IDEA" style="display: inline-block;" /> ',
      markup: '&nbsp;',
      info: 'entity',
      meta: null,
      block: false,
      hidden: false
    },
    Token {
      type: 'softbreak',
      tag: 'br',
      attrs: null,
      map: null,
      nesting: 0,
      level: 0,
      children: null,
      content: '',
      markup: '',
      info: '',
      meta: null,
      block: false,
      hidden: false
    },
    Token {
      type: 'text',
      tag: '',
      attrs: null,
      map: null,
      nesting: 0,
      level: 0,
      children: null,
      content: '<img src="https://img.shields.io/badge/-Eclipse-2C2255?logo=Eclipse&logoColor=FFF" alt="Eclipse" style="display: inline-block;" /> ',
      markup: '&nbsp;',
      info: 'entity',
      meta: null,
      block: false,
      hidden: false
    },
    Token {
      type: 'softbreak',
      tag: 'br',
      attrs: null,
      map: null,
      nesting: 0,
      level: 0,
      children: null,
      content: '',
      markup: '',
      info: '',
      meta: null,
      block: false,
      hidden: false
    },
    Token {
      type: 'text',
      tag: '',
      attrs: null,
      map: null,
      nesting: 0,
      level: 0,
      children: null,
      content: '<img src="https://img.shields.io/badge/-WebStorm-000?logo=WebStorm&logoColor=FFF" alt="WebStorm" style="display: inline-block;" /> ',
      markup: '&nbsp;',
      info: 'entity',
      meta: null,
      block: false,
      hidden: false
    },
    Token {
      type: 'softbreak',
      tag: 'br',
      attrs: null,
      map: null,
      nesting: 0,
      level: 0,
      children: null,
      content: '',
      markup: '',
      info: '',
      meta: null,
      block: false,
      hidden: false
    },
    Token {
      type: 'text',
      tag: '',
      attrs: null,
      map: null,
      nesting: 0,
      level: 0,
      children: null,
      content: '<img src="https://img.shields.io/badge/-PyCharm-C0C0C0?logo=PyCharm&logoColor=000" alt="PyCharm" style="display: inline-block;" /> ',
      markup: '&nbsp;',
      info: 'entity',
      meta: null,
      block: false,
      hidden: false
    },
    Token {
      type: 'softbreak',
      tag: 'br',
      attrs: null,
      map: null,
      nesting: 0,
      level: 0,
      children: null,
      content: '',
      markup: '',
      info: '',
      meta: null,
      block: false,
      hidden: false
    },
    Token {
      type: 'text',
      tag: '',
      attrs: null,
      map: null,
      nesting: 0,
      level: 0,
      children: null,
      content: '<img src="https://img.shields.io/badge/-Android%20Studio-C0C0C0?logo=Android-Studio&logoColor=3DDC84" alt="Android Studio" style="display: inline-block;" /> ',
      markup: '&nbsp;',
      info: 'entity',
      meta: null,
      block: false,
      hidden: false
    },
    Token {
      type: 'softbreak',
      tag: 'br',
      attrs: null,
      map: null,
      nesting: 0,
      level: 0,
      children: null,
      content: '',
      markup: '',
      info: '',
      meta: null,
      block: false,
      hidden: false
    },
    Token {
      type: 'text',
      tag: '',
      attrs: null,
      map: null,
      nesting: 0,
      level: 0,
      children: null,
      content: '</p>',
      markup: '',
      info: '',
      meta: null,
      block: false,
      hidden: false
    }
  ],
  content: '<p>\n' +
    '  <img src="https://img.shields.io/badge/nvovim-blue?logo=vim&logoColor=white " alt="Neovim" style="display: inline-block;" />&nbsp;\n' +
    '  <img src="https://img.shields.io/badge/-VSCode-C0C0C0?logo=Visual-Studio-Code&logoColor=007ACC" alt="VSCode" style="display: inline-block;" />&nbsp;\n' +
    '   <img src="https://img.shields.io/badge/-Intellij%20IDEA-000?logo=Intellij-IDEA&logoColor=FFF" alt="Intellij IDEA" style="display: inline-block;" />&nbsp;\n' +
    '  <img src="https://img.shields.io/badge/-Eclipse-2C2255?logo=Eclipse&logoColor=FFF" alt="Eclipse" style="display: inline-block;" />&nbsp;\n' +
    '  <img src="https://img.shields.io/badge/-WebStorm-000?logo=WebStorm&logoColor=FFF" alt="WebStorm" style="display: inline-block;" />&nbsp;\n' +
    '  <img src="https://img.shields.io/badge/-PyCharm-C0C0C0?logo=PyCharm&logoColor=000" alt="PyCharm" style="display: inline-block;" />&nbsp;\n' +
    '  <img src="https://img.shields.io/badge/-Android%20Studio-C0C0C0?logo=Android-Studio&logoColor=3DDC84" alt="Android Studio" style="display: inline-block;" />&nbsp;\n' +
    '</p>',
  markup: '',
  info: '',
  meta: null,
  block: true,
  hidden: false
}
Token {
  type: 'paragraph_close',
  tag: 'p',
  attrs: null,
  map: null,
  nesting: -1,
  level: 0,
  children: null,
  content: '',
  markup: '',
  info: '',
  meta: null,
  block: true,
  hidden: false
}
Token {
  type: 'hr',
  tag: 'hr',
  attrs: null,
  map: [ 0, 1 ],
  nesting: 0,
  level: 0,
  children: null,
  content: '',
  markup: '---',
  info: '',
  meta: null,
  block: true,
  hidden: false
}
Token {
  type: 'paragraph_open',
  tag: 'p',
  attrs: null,
  map: [ 1, 4 ],
  nesting: 1,
  level: 0,
  children: null,
  content: '',
  markup: '',
  info: '',
  meta: null,
  block: true,
  hidden: false
}
Token {
  type: 'inline',
  tag: '',
  attrs: null,
  map: [ 1, 4 ],
  nesting: 0,
  level: 1,
  children: [
    Token {
      type: 'text',
      tag: '',
      attrs: null,
      map: null,
      nesting: 0,
      level: 0,
      children: null,
      content: 'date: 2021-06-30',
      markup: '',
      info: '',
      meta: null,
      block: false,
      hidden: false
    },
    Token {
      type: 'softbreak',
      tag: 'br',
      attrs: null,
      map: null,
      nesting: 0,
      level: 0,
      children: null,
      content: '',
      markup: '',
      info: '',
      meta: null,
      block: false,
      hidden: false
    },
    Token {
      type: 'text',
      tag: '',
      attrs: null,
      map: null,
      nesting: 0,
      level: 0,
      children: null,
      content: 'title: aa',
      markup: '',
      info: '',
      meta: null,
      block: false,
      hidden: false
    },
    Token {
      type: 'softbreak',
      tag: 'br',
      attrs: null,
      map: null,
      nesting: 0,
      level: 0,
      children: null,
      content: '',
      markup: '',
      info: '',
      meta: null,
      block: false,
      hidden: false
    },
    Token {
      type: 'text',
      tag: '',
      attrs: null,
      map: null,
      nesting: 0,
      level: 0,
      children: null,
      content: 'tags:',
      markup: '',
      info: '',
      meta: null,
      block: false,
      hidden: false
    }
  ],
  content: 'date: 2021-06-30\ntitle: aa\ntags:',
  markup: '',
  info: '',
  meta: null,
  block: true,
  hidden: false
}
Token {
  type: 'paragraph_close',
  tag: 'p',
  attrs: null,
  map: null,
  nesting: -1,
  level: 0,
  children: null,
  content: '',
  markup: '',
  info: '',
  meta: null,
  block: true,
  hidden: false
}
Token {
  type: 'bullet_list_open',
  tag: 'ul',
  attrs: null,
  map: [ 4, 7 ],
  nesting: 1,
  level: 0,
  children: null,
  content: '',
  markup: '-',
  info: '',
  meta: null,
  block: true,
  hidden: false
}
Token {
  type: 'list_item_open',
  tag: 'li',
  attrs: null,
  map: [ 4, 5 ],
  nesting: 1,
  level: 1,
  children: null,
  content: '',
  markup: '-',
  info: '',
  meta: null,
  block: true,
  hidden: false
}
Token {
  type: 'paragraph_open',
  tag: 'p',
  attrs: null,
  map: [ 4, 5 ],
  nesting: 1,
  level: 2,
  children: null,
  content: '',
  markup: '',
  info: '',
  meta: null,
  block: true,
  hidden: true
}
Token {
  type: 'inline',
  tag: '',
  attrs: null,
  map: [ 4, 5 ],
  nesting: 0,
  level: 3,
  children: [
    Token {
      type: 'text',
      tag: '',
      attrs: null,
      map: null,
      nesting: 0,
      level: 0,
      children: null,
      content: 'vitepress',
      markup: '',
      info: '',
      meta: null,
      block: false,
      hidden: false
    }
  ],
  content: 'vitepress',
  markup: '',
  info: '',
  meta: null,
  block: true,
  hidden: false
}
Token {
  type: 'paragraph_close',
  tag: 'p',
  attrs: null,
  map: null,
  nesting: -1,
  level: 2,
  children: null,
  content: '',
  markup: '',
  info: '',
  meta: null,
  block: true,
  hidden: true
}
Token {
  type: 'list_item_close',
  tag: 'li',
  attrs: null,
  map: null,
  nesting: -1,
  level: 1,
  children: null,
  content: '',
  markup: '-',
  info: '',
  meta: null,
  block: true,
  hidden: false
}
Token {
  type: 'list_item_open',
  tag: 'li',
  attrs: null,
  map: [ 5, 7 ],
  nesting: 1,
  level: 1,
  children: null,
  content: '',
  markup: '-',
  info: '',
  meta: null,
  block: true,
  hidden: false
}
Token {
  type: 'paragraph_open',
  tag: 'p',
  attrs: null,
  map: [ 5, 7 ],
  nesting: 1,
  level: 2,
  children: null,
  content: '',
  markup: '',
  info: '',
  meta: null,
  block: true,
  hidden: true
}
Token {
  type: 'inline',
  tag: '',
  attrs: null,
  map: [ 5, 7 ],
  nesting: 0,
  level: 3,
  children: [
    Token {
      type: 'text',
      tag: '',
      attrs: null,
      map: null,
      nesting: 0,
      level: 0,
      children: null,
      content: '22222',
      markup: '',
      info: '',
      meta: null,
      block: false,
      hidden: false
    },
    Token {
      type: 'softbreak',
      tag: 'br',
      attrs: null,
      map: null,
      nesting: 0,
      level: 0,
      children: null,
      content: '',
      markup: '',
      info: '',
      meta: null,
      block: false,
      hidden: false
    },
    Token {
      type: 'text',
      tag: '',
      attrs: null,
      map: null,
      nesting: 0,
      level: 0,
      children: null,
      content: 'description: this is the demo',
      markup: '',
      info: '',
      meta: null,
      block: false,
      hidden: false
    }
  ],
  content: '22222\ndescription: this is the demo',
  markup: '',
  info: '',
  meta: null,
  block: true,
  hidden: false
}
Token {
  type: 'paragraph_close',
  tag: 'p',
  attrs: null,
  map: null,
  nesting: -1,
  level: 2,
  children: null,
  content: '',
  markup: '',
  info: '',
  meta: null,
  block: true,
  hidden: true
}
Token {
  type: 'list_item_close',
  tag: 'li',
  attrs: null,
  map: null,
  nesting: -1,
  level: 1,
  children: null,
  content: '',
  markup: '-',
  info: '',
  meta: null,
  block: true,
  hidden: false
}
Token {
  type: 'bullet_list_close',
  tag: 'ul',
  attrs: null,
  map: null,
  nesting: -1,
  level: 0,
  children: null,
  content: '',
  markup: '-',
  info: '',
  meta: null,
  block: true,
  hidden: false
}
Token {
  type: 'hr',
  tag: 'hr',
  attrs: null,
  map: [ 7, 8 ],
  nesting: 0,
  level: 0,
  children: null,
  content: '',
  markup: '---',
  info: '',
  meta: null,
  block: true,
  hidden: false
}
Token {
  type: 'heading_open',
  tag: 'h1',
  attrs: null,
  map: [ 9, 10 ],
  nesting: 1,
  level: 0,
  children: null,
  content: '',
  markup: '#',
  info: '',
  meta: null,
  block: true,
  hidden: false
}
Token {
  type: 'inline',
  tag: '',
  attrs: null,
  map: [ 9, 10 ],
  nesting: 0,
  level: 1,
  children: [
    Token {
      type: 'text',
      tag: '',
      attrs: null,
      map: null,
      nesting: 0,
      level: 0,
      children: null,
      content: '数据库-MySQL 源码编译',
      markup: '',
      info: '',
      meta: null,
      block: false,
      hidden: false
    }
  ],
  content: '数据库-MySQL 源码编译',
  markup: '',
  info: '',
  meta: null,
  block: true,
  hidden: false
}
Token {
  type: 'heading_close',
  tag: 'h1',
  attrs: null,
  map: null,
  nesting: -1,
  level: 0,
  children: null,
  content: '',
  markup: '#',
  info: '',
  meta: null,
  block: true,
  hidden: false
}
Token {
  type: 'blockquote_open',
  tag: 'blockquote',
  attrs: null,
  map: [ 11, 14 ],
  nesting: 1,
  level: 0,
  children: null,
  content: '',
  markup: '>',
  info: '',
  meta: null,
  block: true,
  hidden: false
}
Token {
  type: 'paragraph_open',
  tag: 'p',
  attrs: null,
  map: [ 11, 12 ],
  nesting: 1,
  level: 1,
  children: null,
  content: '',
  markup: '',
  info: '',
  meta: null,
  block: true,
  hidden: false
}
Token {
  type: 'inline',
  tag: '',
  attrs: null,
  map: [ 11, 12 ],
  nesting: 0,
  level: 2,
  children: [
    Token {
      type: 'text',
      tag: '',
      attrs: null,
      map: null,
      nesting: 0,
      level: 0,
      children: null,
      content: '[!TIP]',
      markup: '',
      info: '',
      meta: null,
      block: false,
      hidden: false
    }
  ],
  content: '[!TIP]',
  markup: '',
  info: '',
  meta: null,
  block: true,
  hidden: false
}
Token {
  type: 'paragraph_close',
  tag: 'p',
  attrs: null,
  map: null,
  nesting: -1,
  level: 1,
  children: null,
  content: '',
  markup: '',
  info: '',
  meta: null,
  block: true,
  hidden: false
}
Token {
  type: 'bullet_list_open',
  tag: 'ul',
  attrs: null,
  map: [ 13, 14 ],
  nesting: 1,
  level: 1,
  children: null,
  content: '',
  markup: '-',
  info: '',
  meta: null,
  block: true,
  hidden: false
}
Token {
  type: 'list_item_open',
  tag: 'li',
  attrs: null,
  map: [ 13, 14 ],
  nesting: 1,
  level: 2,
  children: null,
  content: '',
  markup: '-',
  info: '',
  meta: null,
  block: true,
  hidden: false
}
Token {
  type: 'paragraph_open',
  tag: 'p',
  attrs: null,
  map: [ 13, 14 ],
  nesting: 1,
  level: 3,
  children: null,
  content: '',
  markup: '',
  info: '',
  meta: null,
  block: true,
  hidden: true
}
Token {
  type: 'inline',
  tag: '',
  attrs: null,
  map: [ 13, 14 ],
  nesting: 0,
  level: 4,
  children: [
    Token {
      type: 'text',
      tag: '',
      attrs: null,
      map: null,
      nesting: 0,
      level: 0,
      children: null,
      content: "推荐阅读： [在Debian 11中源码编译mysql 8.0.30 | Bruce's Blog](https://www.xiebruce.top/1811.html)",
      markup: '',
      info: '',
      meta: null,
      block: false,
      hidden: false
    }
  ],
  content: "推荐阅读： [在Debian 11中源码编译mysql 8.0.30 | Bruce's Blog](https://www.xiebruce.top/1811.html)",
  markup: '',
  info: '',
  meta: null,
  block: true,
  hidden: false
}
Token {
  type: 'paragraph_close',
  tag: 'p',
  attrs: null,
  map: null,
  nesting: -1,
  level: 3,
  children: null,
  content: '',
  markup: '',
  info: '',
  meta: null,
  block: true,
  hidden: true
}
Token {
  type: 'list_item_close',
  tag: 'li',
  attrs: null,
  map: null,
  nesting: -1,
  level: 2,
  children: null,
  content: '',
  markup: '-',
  info: '',
  meta: null,
  block: true,
  hidden: false
}
Token {
  type: 'bullet_list_close',
  tag: 'ul',
  attrs: null,
  map: null,
  nesting: -1,
  level: 1,
  children: null,
  content: '',
  markup: '-',
  info: '',
  meta: null,
  block: true,
  hidden: false
}
Token {
  type: 'blockquote_close',
  tag: 'blockquote',
  attrs: null,
  map: null,
  nesting: -1,
  level: 0,
  children: null,
  content: '',
  markup: '>',
  info: '',
  meta: null,
  block: true,
  hidden: false
}
Token {
  type: 'heading_open',
  tag: 'h2',
  attrs: null,
  map: [ 15, 16 ],
  nesting: 1,
  level: 0,
  children: null,
  content: '',
  markup: '##',
  info: '',
  meta: null,
  block: true,
  hidden: false
}
Token {
  type: 'inline',
  tag: '',
  attrs: null,
  map: [ 15, 16 ],
  nesting: 0,
  level: 1,
  children: [
    Token {
      type: 'text',
      tag: '',
      attrs: null,
      map: null,
      nesting: 0,
      level: 0,
      children: null,
      content: '1. 前置说明',
      markup: '',
      info: '',
      meta: null,
      block: false,
      hidden: false
    }
  ],
  content: '1. 前置说明',
  markup: '',
  info: '',
  meta: null,
  block: true,
  hidden: false
}
Token {
  type: 'heading_close',
  tag: 'h2',
  attrs: null,
  map: null,
  nesting: -1,
  level: 0,
  children: null,
  content: '',
  markup: '##',
  info: '',
  meta: null,
  block: true,
  hidden: false
}
Token {
  type: 'bullet_list_open',
  tag: 'ul',
  attrs: null,
  map: [ 17, 24 ],
  nesting: 1,
  level: 0,
  children: null,
  content: '',
  markup: '-',
  info: '',
  meta: null,
  block: true,
  hidden: false
}
Token {
  type: 'list_item_open',
  tag: 'li',
  attrs: null,
  map: [ 17, 18 ],
  nesting: 1,
  level: 1,
  children: null,
  content: '',
  markup: '-',
  info: '',
  meta: null,
  block: true,
  hidden: false
}
Token {
  type: 'paragraph_open',
  tag: 'p',
  attrs: null,
  map: [ 17, 18 ],
  nesting: 1,
  level: 2,
  children: null,
  content: '',
  markup: '',
  info: '',
  meta: null,
  block: true,
  hidden: true
}
Token {
  type: 'inline',
  tag: '',
  attrs: null,
  map: [ 17, 18 ],
  nesting: 0,
  level: 3,
  children: [
    Token {
      type: 'text',
      tag: '',
      attrs: null,
      map: null,
      nesting: 0,
      level: 0,
      children: null,
      content: '操作系统：',
      markup: '',
      info: '',
      meta: null,
      block: false,
      hidden: false
    },
    Token {
      type: 'code_inline',
      tag: 'code',
      attrs: null,
      map: null,
      nesting: 0,
      level: 0,
      children: null,
      content: 'Debian 12.2',
      markup: '`',
      info: '',
      meta: null,
      block: false,
      hidden: false
    }
  ],
  content: '操作系统：`Debian 12.2`',
  markup: '',
  info: '',
  meta: null,
  block: true,
  hidden: false
}
Token {
  type: 'paragraph_close',
  tag: 'p',
  attrs: null,
  map: null,
  nesting: -1,
  level: 2,
  children: null,
  content: '',
  markup: '',
  info: '',
  meta: null,
  block: true,
  hidden: true
}
Token {
  type: 'list_item_close',
  tag: 'li',
  attrs: null,
  map: null,
  nesting: -1,
  level: 1,
  children: null,
  content: '',
  markup: '-',
  info: '',
  meta: null,
  block: true,
  hidden: false
}
Token {
  type: 'list_item_open',
  tag: 'li',
  attrs: null,
  map: [ 18, 22 ],
  nesting: 1,
  level: 1,
  children: null,
  content: '',
  markup: '-',
  info: '',
  meta: null,
  block: true,
  hidden: false
}
Token {
  type: 'paragraph_open',
  tag: 'p',
  attrs: null,
  map: [ 18, 19 ],
  nesting: 1,
  level: 2,
  children: null,
  content: '',
  markup: '',
  info: '',
  meta: null,
  block: true,
  hidden: true
}
Token {
  type: 'inline',
  tag: '',
  attrs: null,
  map: [ 18, 19 ],
  nesting: 0,
  level: 3,
  children: [
    Token {
      type: 'text',
      tag: '',
      attrs: null,
      map: null,
      nesting: 0,
      level: 0,
      children: null,
      content: '硬件：',
      markup: '',
      info: '',
      meta: null,
      block: false,
      hidden: false
    }
  ],
  content: '硬件：',
  markup: '',
  info: '',
  meta: null,
  block: true,
  hidden: false
}
Token {
  type: 'paragraph_close',
  tag: 'p',
  attrs: null,
  map: null,
  nesting: -1,
  level: 2,
  children: null,
  content: '',
  markup: '',
  info: '',
  meta: null,
  block: true,
  hidden: true
}
Token {
  type: 'bullet_list_open',
  tag: 'ul',
  attrs: null,
  map: [ 19, 22 ],
  nesting: 1,
  level: 2,
  children: null,
  content: '',
  markup: '-',
  info: '',
  meta: null,
  block: true,
  hidden: false
}
Token {
  type: 'list_item_open',
  tag: 'li',
  attrs: null,
  map: [ 19, 20 ],
  nesting: 1,
  level: 3,
  children: null,
  content: '',
  markup: '-',
  info: '',
  meta: null,
  block: true,
  hidden: false
}
Token {
  type: 'paragraph_open',
  tag: 'p',
  attrs: null,
  map: [ 19, 20 ],
  nesting: 1,
  level: 4,
  children: null,
  content: '',
  markup: '',
  info: '',
  meta: null,
  block: true,
  hidden: true
}
Token {
  type: 'inline',
  tag: '',
  attrs: null,
  map: [ 19, 20 ],
  nesting: 0,
  level: 5,
  children: [
    Token {
      type: 'text',
      tag: '',
      attrs: null,
      map: null,
      nesting: 0,
      level: 0,
      children: null,
      content: 'CPU：',
      markup: '',
      info: '',
      meta: null,
      block: false,
      hidden: false
    },
    Token {
      type: 'code_inline',
      tag: 'code',
      attrs: null,
      map: null,
      nesting: 0,
      level: 0,
      children: null,
      content: 'AMD APEC 7302',
      markup: '`',
      info: '',
      meta: null,
      block: false,
      hidden: false
    },
    Token {
      type: 'text',
      tag: '',
      attrs: null,
      map: null,
      nesting: 0,
      level: 0,
      children: null,
      content: ' * 2',
      markup: '',
      info: '',
      meta: null,
      block: false,
      hidden: false
    }
  ],
  content: 'CPU：`AMD APEC 7302` \\* 2',
  markup: '',
  info: '',
  meta: null,
  block: true,
  hidden: false
}
Token {
  type: 'paragraph_close',
  tag: 'p',
  attrs: null,
  map: null,
  nesting: -1,
  level: 4,
  children: null,
  content: '',
  markup: '',
  info: '',
  meta: null,
  block: true,
  hidden: true
}
Token {
  type: 'list_item_close',
  tag: 'li',
  attrs: null,
  map: null,
  nesting: -1,
  level: 3,
  children: null,
  content: '',
  markup: '-',
  info: '',
  meta: null,
  block: true,
  hidden: false
}
Token {
  type: 'list_item_open',
  tag: 'li',
  attrs: null,
  map: [ 20, 21 ],
  nesting: 1,
  level: 3,
  children: null,
  content: '',
  markup: '-',
  info: '',
  meta: null,
  block: true,
  hidden: false
}
Token {
  type: 'paragraph_open',
  tag: 'p',
  attrs: null,
  map: [ 20, 21 ],
  nesting: 1,
  level: 4,
  children: null,
  content: '',
  markup: '',
  info: '',
  meta: null,
  block: true,
  hidden: true
}
Token {
  type: 'inline',
  tag: '',
  attrs: null,
  map: [ 20, 21 ],
  nesting: 0,
  level: 5,
  children: [
    Token {
      type: 'text',
      tag: '',
      attrs: null,
      map: null,
      nesting: 0,
      level: 0,
      children: null,
      content: '固态：长江存储 ',
      markup: '',
      info: '',
      meta: null,
      block: false,
      hidden: false
    },
    Token {
      type: 'code_inline',
      tag: 'code',
      attrs: null,
      map: null,
      nesting: 0,
      level: 0,
      children: null,
      content: 'pcie 4.0',
      markup: '`',
      info: '',
      meta: null,
      block: false,
      hidden: false
    },
    Token {
      type: 'text',
      tag: '',
      attrs: null,
      map: null,
      nesting: 0,
      level: 0,
      children: null,
      content: '，容量为 ',
      markup: '',
      info: '',
      meta: null,
      block: false,
      hidden: false
    },
    Token {
      type: 'code_inline',
      tag: 'code',
      attrs: null,
      map: null,
      nesting: 0,
      level: 0,
      children: null,
      content: '2TiB',
      markup: '`',
      info: '',
      meta: null,
      block: false,
      hidden: false
    }
  ],
  content: '固态：长江存储 `pcie 4.0`，容量为 `2TiB`',
  markup: '',
  info: '',
  meta: null,
  block: true,
  hidden: false
}
Token {
  type: 'paragraph_close',
  tag: 'p',
  attrs: null,
  map: null,
  nesting: -1,
  level: 4,
  children: null,
  content: '',
  markup: '',
  info: '',
  meta: null,
  block: true,
  hidden: true
}
Token {
  type: 'list_item_close',
  tag: 'li',
  attrs: null,
  map: null,
  nesting: -1,
  level: 3,
  children: null,
  content: '',
  markup: '-',
  info: '',
  meta: null,
  block: true,
  hidden: false
}
Token {
  type: 'list_item_open',
  tag: 'li',
  attrs: null,
  map: [ 21, 22 ],
  nesting: 1,
  level: 3,
  children: null,
  content: '',
  markup: '-',
  info: '',
  meta: null,
  block: true,
  hidden: false
}
Token {
  type: 'paragraph_open',
  tag: 'p',
  attrs: null,
  map: [ 21, 22 ],
  nesting: 1,
  level: 4,
  children: null,
  content: '',
  markup: '',
  info: '',
  meta: null,
  block: true,
  hidden: true
}
Token {
  type: 'inline',
  tag: '',
  attrs: null,
  map: [ 21, 22 ],
  nesting: 0,
  level: 5,
  children: [
    Token {
      type: 'text',
      tag: '',
      attrs: null,
      map: null,
      nesting: 0,
      level: 0,
      children: null,
      content: '内存：',
      markup: '',
      info: '',
      meta: null,
      block: false,
      hidden: false
    },
    Token {
      type: 'code_inline',
      tag: 'code',
      attrs: null,
      map: null,
      nesting: 0,
      level: 0,
      children: null,
      content: '128GiB DDR3 ECC',
      markup: '`',
      info: '',
      meta: null,
      block: false,
      hidden: false
    },
    Token {
      type: 'text',
      tag: '',
      attrs: null,
      map: null,
      nesting: 0,
      level: 0,
      children: null,
      content: ' 内存',
      markup: '',
      info: '',
      meta: null,
      block: false,
      hidden: false
    }
  ],
  content: '内存：`128GiB DDR3 ECC` 内存',
  markup: '',
  info: '',
  meta: null,
  block: true,
  hidden: false
}
Token {
  type: 'paragraph_close',
  tag: 'p',
  attrs: null,
  map: null,
  nesting: -1,
  level: 4,
  children: null,
  content: '',
  markup: '',
  info: '',
  meta: null,
  block: true,
  hidden: true
}
Token {
  type: 'list_item_close',
  tag: 'li',
  attrs: null,
  map: null,
  nesting: -1,
  level: 3,
  children: null,
  content: '',
  markup: '-',
  info: '',
  meta: null,
  block: true,
  hidden: false
}
Token {
  type: 'bullet_list_close',
  tag: 'ul',
  attrs: null,
  map: null,
  nesting: -1,
  level: 2,
  children: null,
  content: '',
  markup: '-',
  info: '',
  meta: null,
  block: true,
  hidden: false
}
Token {
  type: 'list_item_close',
  tag: 'li',
  attrs: null,
  map: null,
  nesting: -1,
  level: 1,
  children: null,
  content: '',
  markup: '-',
  info: '',
  meta: null,
  block: true,
  hidden: false
}
Token {
  type: 'list_item_open',
  tag: 'li',
  attrs: null,
  map: [ 22, 24 ],
  nesting: 1,
  level: 1,
  children: null,
  content: '',
  markup: '-',
  info: '',
  meta: null,
  block: true,
  hidden: false
}
Token {
  type: 'paragraph_open',
  tag: 'p',
  attrs: null,
  map: [ 22, 23 ],
  nesting: 1,
  level: 2,
  children: null,
  content: '',
  markup: '',
  info: '',
  meta: null,
  block: true,
  hidden: true
}
Token {
  type: 'inline',
  tag: '',
  attrs: null,
  map: [ 22, 23 ],
  nesting: 0,
  level: 3,
  children: [
    Token {
      type: 'code_inline',
      tag: 'code',
      attrs: null,
      map: null,
      nesting: 0,
      level: 0,
      children: null,
      content: 'Mysql',
      markup: '`',
      info: '',
      meta: null,
      block: false,
      hidden: false
    },
    Token {
      type: 'text',
      tag: '',
      attrs: null,
      map: null,
      nesting: 0,
      level: 0,
      children: null,
      content: ' 版本为 ',
      markup: '',
      info: '',
      meta: null,
      block: false,
      hidden: false
    },
    Token {
      type: 'code_inline',
      tag: 'code',
      attrs: null,
      map: null,
      nesting: 0,
      level: 0,
      children: null,
      content: '9.0.0',
      markup: '`',
      info: '',
      meta: null,
      block: false,
      hidden: false
    }
  ],
  content: '`Mysql` 版本为 `9.0.0`',
  markup: '',
  info: '',
  meta: null,
  block: true,
  hidden: false
}
Token {
  type: 'paragraph_close',
  tag: 'p',
  attrs: null,
  map: null,
  nesting: -1,
  level: 2,
  children: null,
  content: '',
  markup: '',
  info: '',
  meta: null,
  block: true,
  hidden: true
}
Token {
  type: 'list_item_close',
  tag: 'li',
  attrs: null,
  map: null,
  nesting: -1,
  level: 1,
  children: null,
  content: '',
  markup: '-',
  info: '',
  meta: null,
  block: true,
  hidden: false
}
Token {
  type: 'bullet_list_close',
  tag: 'ul',
  attrs: null,
  map: null,
  nesting: -1,
  level: 0,
  children: null,
  content: '',
  markup: '-',
  info: '',
  meta: null,
  block: true,
  hidden: false
}
Token {
  type: 'hr',
  tag: 'hr',
  attrs: null,
  map: [ 24, 25 ],
  nesting: 0,
  level: 0,
  children: null,
  content: '',
  markup: '---',
  info: '',
  meta: null,
  block: true,
  hidden: false
}
Token {
  type: 'bullet_list_open',
  tag: 'ul',
  attrs: null,
  map: [ 26, 29 ],
  nesting: 1,
  level: 0,
  children: null,
  content: '',
  markup: '-',
  info: '',
  meta: null,
  block: true,
  hidden: false
}
Token {
  type: 'list_item_open',
  tag: 'li',
  attrs: null,
  map: [ 26, 27 ],
  nesting: 1,
  level: 1,
  children: null,
  content: '',
  markup: '-',
  info: '',
  meta: null,
  block: true,
  hidden: false
}
Token {
  type: 'paragraph_open',
  tag: 'p',
  attrs: null,
  map: [ 26, 27 ],
  nesting: 1,
  level: 2,
  children: null,
  content: '',
  markup: '',
  info: '',
  meta: null,
  block: true,
  hidden: true
}
Token {
  type: 'inline',
  tag: '',
  attrs: null,
  map: [ 26, 27 ],
  nesting: 0,
  level: 3,
  children: [
    Token {
      type: 'text',
      tag: '',
      attrs: null,
      map: null,
      nesting: 0,
      level: 0,
      children: null,
      content: '',
      markup: '',
      info: '',
      meta: null,
      block: false,
      hidden: false
    },
    Token {
      type: 'strong_open',
      tag: 'strong',
      attrs: null,
      map: null,
      nesting: 1,
      level: 0,
      children: null,
      content: '',
      markup: '**',
      info: '',
      meta: null,
      block: false,
      hidden: false
    },
    Token {
      type: 'text',
      tag: '',
      attrs: null,
      map: null,
      nesting: 0,
      level: 1,
      children: null,
      content: '此文档的目的在于编译、调试 ',
      markup: '',
      info: '',
      meta: null,
      block: false,
      hidden: false
    },
    Token {
      type: 'code_inline',
      tag: 'code',
      attrs: null,
      map: null,
      nesting: 0,
      level: 1,
      children: null,
      content: 'mysql',
      markup: '`',
      info: '',
      meta: null,
      block: false,
      hidden: false
    },
    Token {
      type: 'text',
      tag: '',
      attrs: null,
      map: null,
      nesting: 0,
      level: 1,
      children: null,
      content: ' 源码，并非部署可用服务',
      markup: '',
      info: '',
      meta: null,
      block: false,
      hidden: false
    },
    Token {
      type: 'strong_close',
      tag: 'strong',
      attrs: null,
      map: null,
      nesting: -1,
      level: 0,
      children: null,
      content: '',
      markup: '**',
      info: '',
      meta: null,
      block: false,
      hidden: false
    },
    Token {
      type: 'text',
      tag: '',
      attrs: null,
      map: null,
      nesting: 0,
      level: 0,
      children: null,
      content: '',
      markup: '',
      info: '',
      meta: null,
      block: false,
      hidden: false
    }
  ],
  content: '**此文档的目的在于编译、调试 `mysql` 源码，并非部署可用服务**',
  markup: '',
  info: '',
  meta: null,
  block: true,
  hidden: false
}
Token {
  type: 'paragraph_close',
  tag: 'p',
  attrs: null,
  map: null,
  nesting: -1,
  level: 2,
  children: null,
  content: '',
  markup: '',
  info: '',
  meta: null,
  block: true,
  hidden: true
}
Token {
  type: 'list_item_close',
  tag: 'li',
  attrs: null,
  map: null,
  nesting: -1,
  level: 1,
  children: null,
  content: '',
  markup: '-',
  info: '',
  meta: null,
  block: true,
  hidden: false
}
Token {
  type: 'list_item_open',
  tag: 'li',
  attrs: null,
  map: [ 27, 29 ],
  nesting: 1,
  level: 1,
  children: null,
  content: '',
  markup: '-',
  info: '',
  meta: null,
  block: true,
  hidden: false
}
Token {
  type: 'paragraph_open',
  tag: 'p',
  attrs: null,
  map: [ 27, 28 ],
  nesting: 1,
  level: 2,
  children: null,
  content: '',
  markup: '',
  info: '',
  meta: null,
  block: true,
  hidden: true
}
Token {
  type: 'inline',
  tag: '',
  attrs: null,
  map: [ 27, 28 ],
  nesting: 0,
  level: 3,
  children: [
    Token {
      type: 'text',
      tag: '',
      attrs: null,
      map: null,
      nesting: 0,
      level: 0,
      children: null,
      content: '整体安装过程平滑，没有明显的依赖缺失、冲突等。',
      markup: '',
      info: '',
      meta: null,
      block: false,
      hidden: false
    }
  ],
  content: '整体安装过程平滑，没有明显的依赖缺失、冲突等。',
  markup: '',
  info: '',
  meta: null,
  block: true,
  hidden: false
}
Token {
  type: 'paragraph_close',
  tag: 'p',
  attrs: null,
  map: null,
  nesting: -1,
  level: 2,
  children: null,
  content: '',
  markup: '',
  info: '',
  meta: null,
  block: true,
  hidden: true
}
Token {
  type: 'list_item_close',
  tag: 'li',
  attrs: null,
  map: null,
  nesting: -1,
  level: 1,
  children: null,
  content: '',
  markup: '-',
  info: '',
  meta: null,
  block: true,
  hidden: false
}
Token {
  type: 'bullet_list_close',
  tag: 'ul',
  attrs: null,
  map: null,
  nesting: -1,
  level: 0,
  children: null,
  content: '',
  markup: '-',
  info: '',
  meta: null,
  block: true,
  hidden: false
}
Token {
  type: 'heading_open',
  tag: 'h2',
  attrs: null,
  map: [ 29, 30 ],
  nesting: 1,
  level: 0,
  children: null,
  content: '',
  markup: '##',
  info: '',
  meta: null,
  block: true,
  hidden: false
}
Token {
  type: 'inline',
  tag: '',
  attrs: null,
  map: [ 29, 30 ],
  nesting: 0,
  level: 1,
  children: [
    Token {
      type: 'text',
      tag: '',
      attrs: null,
      map: null,
      nesting: 0,
      level: 0,
      children: null,
      content: '2. 构建流程',
      markup: '',
      info: '',
      meta: null,
      block: false,
      hidden: false
    }
  ],
  content: '2. 构建流程',
  markup: '',
  info: '',
  meta: null,
  block: true,
  hidden: false
}
Token {
  type: 'heading_close',
  tag: 'h2',
  attrs: null,
  map: null,
  nesting: -1,
  level: 0,
  children: null,
  content: '',
  markup: '##',
  info: '',
  meta: null,
  block: true,
  hidden: false
}
Token {
  type: 'heading_open',
  tag: 'h3',
  attrs: null,
  map: [ 31, 32 ],
  nesting: 1,
  level: 0,
  children: null,
  content: '',
  markup: '###',
  info: '',
  meta: null,
  block: true,
  hidden: false
}
Token {
  type: 'inline',
  tag: '',
  attrs: null,
  map: [ 31, 32 ],
  nesting: 0,
  level: 1,
  children: [
    Token {
      type: 'text',
      tag: '',
      attrs: null,
      map: null,
      nesting: 0,
      level: 0,
      children: null,
      content: '2.1 ',
      markup: '',
      info: '',
      meta: null,
      block: false,
      hidden: false
    },
    Token {
      type: 'code_inline',
      tag: 'code',
      attrs: null,
      map: null,
      nesting: 0,
      level: 0,
      children: null,
      content: 'git clone',
      markup: '`',
      info: '',
      meta: null,
      block: false,
      hidden: false
    }
  ],
  content: '2.1 `git clone`',
  markup: '',
  info: '',
  meta: null,
  block: true,
  hidden: false
}
Token {
  type: 'heading_close',
  tag: 'h3',
  attrs: null,
  map: null,
  nesting: -1,
  level: 0,
  children: null,
  content: '',
  markup: '###',
  info: '',
  meta: null,
  block: true,
  hidden: false
}
Token {
  type: 'fence',
  tag: 'code',
  attrs: null,
  map: [ 33, 40 ],
  nesting: 0,
  level: 0,
  children: null,
  content: '# clone\n' +
    'git clone git@github.com:mysql/mysql-server.git\n' +
    '\n' +
    '# cd to dir\n' +
    'cd mysql-server\n',
  markup: '```',
  info: 'sh',
  meta: null,
  block: true,
  hidden: false
}
Token {
  type: 'bullet_list_open',
  tag: 'ul',
  attrs: null,
  map: [ 41, 43 ],
  nesting: 1,
  level: 0,
  children: null,
  content: '',
  markup: '-',
  info: '',
  meta: null,
  block: true,
  hidden: false
}
Token {
  type: 'list_item_open',
  tag: 'li',
  attrs: null,
  map: [ 41, 43 ],
  nesting: 1,
  level: 1,
  children: null,
  content: '',
  markup: '-',
  info: '',
  meta: null,
  block: true,
  hidden: false
}
Token {
  type: 'paragraph_open',
  tag: 'p',
  attrs: null,
  map: [ 41, 42 ],
  nesting: 1,
  level: 2,
  children: null,
  content: '',
  markup: '',
  info: '',
  meta: null,
  block: true,
  hidden: true
}
Token {
  type: 'inline',
  tag: '',
  attrs: null,
  map: [ 41, 42 ],
  nesting: 0,
  level: 3,
  children: [
    Token {
      type: 'text',
      tag: '',
      attrs: null,
      map: null,
      nesting: 0,
      level: 0,
      children: null,
      content: '查看当前版本：',
      markup: '',
      info: '',
      meta: null,
      block: false,
      hidden: false
    }
  ],
  content: '查看当前版本：',
  markup: '',
  info: '',
  meta: null,
  block: true,
  hidden: false
}
Token {
  type: 'paragraph_close',
  tag: 'p',
  attrs: null,
  map: null,
  nesting: -1,
  level: 2,
  children: null,
  content: '',
  markup: '',
  info: '',
  meta: null,
  block: true,
  hidden: true
}
Token {
  type: 'list_item_close',
  tag: 'li',
  attrs: null,
  map: null,
  nesting: -1,
  level: 1,
  children: null,
  content: '',
  markup: '-',
  info: '',
  meta: null,
  block: true,
  hidden: false
}
Token {
  type: 'bullet_list_close',
  tag: 'ul',
  attrs: null,
  map: null,
  nesting: -1,
  level: 0,
  children: null,
  content: '',
  markup: '-',
  info: '',
  meta: null,
  block: true,
  hidden: false
}
Token {
  type: 'fence',
  tag: 'code',
  attrs: null,
  map: [ 43, 51 ],
  nesting: 0,
  level: 0,
  children: null,
  content: '# cat ./MYSQL_VERSION\n' +
    'MYSQL_VERSION_MAJOR=9\n' +
    'MYSQL_VERSION_MINOR=0\n' +
    'MYSQL_VERSION_PATCH=0\n' +
    'MYSQL_VERSION_EXTRA=\n' +
    'MYSQL_VERSION_MATURITY="INNOVATION"\n',
  markup: '```',
  info: 'sh',
  meta: null,
  block: true,
  hidden: false
}
Token {
  type: 'heading_open',
  tag: 'h3',
  attrs: null,
  map: [ 52, 53 ],
  nesting: 1,
  level: 0,
  children: null,
  content: '',
  markup: '###',
  info: '',
  meta: null,
  block: true,
  hidden: false
}
Token {
  type: 'inline',
  tag: '',
  attrs: null,
  map: [ 52, 53 ],
  nesting: 0,
  level: 1,
  children: [
    Token {
      type: 'text',
      tag: '',
      attrs: null,
      map: null,
      nesting: 0,
      level: 0,
      children: null,
      content: '2.2 安装必要依赖',
      markup: '',
      info: '',
      meta: null,
      block: false,
      hidden: false
    }
  ],
  content: '2.2 安装必要依赖',
  markup: '',
  info: '',
  meta: null,
  block: true,
  hidden: false
}
Token {
  type: 'heading_close',
  tag: 'h3',
  attrs: null,
  map: null,
  nesting: -1,
  level: 0,
  children: null,
  content: '',
  markup: '###',
  info: '',
  meta: null,
  block: true,
  hidden: false
}
Token {
  type: 'bullet_list_open',
  tag: 'ul',
  attrs: null,
  map: [ 54, 56 ],
  nesting: 1,
  level: 0,
  children: null,
  content: '',
  markup: '-',
  info: '',
  meta: null,
  block: true,
  hidden: false
}
Token {
  type: 'list_item_open',
  tag: 'li',
  attrs: null,
  map: [ 54, 56 ],
  nesting: 1,
  level: 1,
  children: null,
  content: '',
  markup: '-',
  info: '',
  meta: null,
  block: true,
  hidden: false
}
Token {
  type: 'paragraph_open',
  tag: 'p',
  attrs: null,
  map: [ 54, 55 ],
  nesting: 1,
  level: 2,
  children: null,
  content: '',
  markup: '',
  info: '',
  meta: null,
  block: true,
  hidden: true
}
Token {
  type: 'inline',
  tag: '',
  attrs: null,
  map: [ 54, 55 ],
  nesting: 0,
  level: 3,
  children: [
    Token {
      type: 'text',
      tag: '',
      attrs: null,
      map: null,
      nesting: 0,
      level: 0,
      children: null,
      content: '升级 ',
      markup: '',
      info: '',
      meta: null,
      block: false,
      hidden: false
    },
    Token {
      type: 'code_inline',
      tag: 'code',
      attrs: null,
      map: null,
      nesting: 0,
      level: 0,
      children: null,
      content: 'apt',
      markup: '`',
      info: '',
      meta: null,
      block: false,
      hidden: false
    },
    Token {
      type: 'text',
      tag: '',
      attrs: null,
      map: null,
      nesting: 0,
      level: 0,
      children: null,
      content: ' 包，并安装必要依赖',
      markup: '',
      info: '',
      meta: null,
      block: false,
      hidden: false
    }
  ],
  content: '升级 `apt` 包，并安装必要依赖',
  markup: '',
  info: '',
  meta: null,
  block: true,
  hidden: false
}
Token {
  type: 'paragraph_close',
  tag: 'p',
  attrs: null,
  map: null,
  nesting: -1,
  level: 2,
  children: null,
  content: '',
  markup: '',
  info: '',
  meta: null,
  block: true,
  hidden: true
}
Token {
  type: 'list_item_close',
  tag: 'li',
  attrs: null,
  map: null,
  nesting: -1,
  level: 1,
  children: null,
  content: '',
  markup: '-',
  info: '',
  meta: null,
  block: true,
  hidden: false
}
Token {
  type: 'bullet_list_close',
  tag: 'ul',
  attrs: null,
  map: null,
  nesting: -1,
  level: 0,
  children: null,
  content: '',
  markup: '-',
  info: '',
  meta: null,
  block: true,
  hidden: false
}
Token {
  type: 'fence',
  tag: 'code',
  attrs: null,
  map: [ 56, 62 ],
  nesting: 0,
  level: 0,
  children: null,
  content: 'sudo apt update\n' +
    '&& sudo apt install -y gcc g++ cmake pkg-config \\\n' +
    '   libssl1.1 libssl-dev \\\n' +
    '   libncurses5-dev libncursesw5-dev\n',
  markup: '```',
  info: 'sh',
  meta: null,
  block: true,
  hidden: false
}
Token {
  type: 'heading_open',
  tag: 'h3',
  attrs: null,
  map: [ 63, 64 ],
  nesting: 1,
  level: 0,
  children: null,
  content: '',
  markup: '###',
  info: '',
  meta: null,
  block: true,
  hidden: false
}
Token {
  type: 'inline',
  tag: '',
  attrs: null,
  map: [ 63, 64 ],
  nesting: 0,
  level: 1,
  children: [
    Token {
      type: 'text',
      tag: '',
      attrs: null,
      map: null,
      nesting: 0,
      level: 0,
      children: null,
      content: '2.3 编写 ',
      markup: '',
      info: '',
      meta: null,
      block: false,
      hidden: false
    },
    Token {
      type: 'code_inline',
      tag: 'code',
      attrs: null,
      map: null,
      nesting: 0,
      level: 0,
      children: null,
      content: 'cmake',
      markup: '`',
      info: '',
      meta: null,
      block: false,
      hidden: false
    },
    Token {
      type: 'text',
      tag: '',
      attrs: null,
      map: null,
      nesting: 0,
      level: 0,
      children: null,
      content: ' 脚本',
      markup: '',
      info: '',
      meta: null,
      block: false,
      hidden: false
    }
  ],
  content: '2.3 编写 `cmake` 脚本',
  markup: '',
  info: '',
  meta: null,
  block: true,
  hidden: false
}
Token {
  type: 'heading_close',
  tag: 'h3',
  attrs: null,
  map: null,
  nesting: -1,
  level: 0,
  children: null,
  content: '',
  markup: '###',
  info: '',
  meta: null,
  block: true,
  hidden: false
}
Token {
  type: 'bullet_list_open',
  tag: 'ul',
  attrs: null,
  map: [ 65, 67 ],
  nesting: 1,
  level: 0,
  children: null,
  content: '',
  markup: '-',
  info: '',
  meta: null,
  block: true,
  hidden: false
}
Token {
  type: 'list_item_open',
  tag: 'li',
  attrs: null,
  map: [ 65, 67 ],
  nesting: 1,
  level: 1,
  children: null,
  content: '',
  markup: '-',
  info: '',
  meta: null,
  block: true,
  hidden: false
}
Token {
  type: 'paragraph_open',
  tag: 'p',
  attrs: null,
  map: [ 65, 66 ],
  nesting: 1,
  level: 2,
  children: null,
  content: '',
  markup: '',
  info: '',
  meta: null,
  block: true,
  hidden: true
}
Token {
  type: 'inline',
  tag: '',
  attrs: null,
  map: [ 65, 66 ],
  nesting: 0,
  level: 3,
  children: [
    Token {
      type: 'text',
      tag: '',
      attrs: null,
      map: null,
      nesting: 0,
      level: 0,
      children: null,
      content: '首先，在项目一级目录下，创建 ',
      markup: '',
      info: '',
      meta: null,
      block: false,
      hidden: false
    },
    Token {
      type: 'code_inline',
      tag: 'code',
      attrs: null,
      map: null,
      nesting: 0,
      level: 0,
      children: null,
      content: 'build',
      markup: '`',
      info: '',
      meta: null,
      block: false,
      hidden: false
    },
    Token {
      type: 'text',
      tag: '',
      attrs: null,
      map: null,
      nesting: 0,
      level: 0,
      children: null,
      content: ' 目录',
      markup: '',
      info: '',
      meta: null,
      block: false,
      hidden: false
    }
  ],
  content: '首先，在项目一级目录下，创建 `build` 目录',
  markup: '',
  info: '',
  meta: null,
  block: true,
  hidden: false
}
Token {
  type: 'paragraph_close',
  tag: 'p',
  attrs: null,
  map: null,
  nesting: -1,
  level: 2,
  children: null,
  content: '',
  markup: '',
  info: '',
  meta: null,
  block: true,
  hidden: true
}
Token {
  type: 'list_item_close',
  tag: 'li',
  attrs: null,
  map: null,
  nesting: -1,
  level: 1,
  children: null,
  content: '',
  markup: '-',
  info: '',
  meta: null,
  block: true,
  hidden: false
}
Token {
  type: 'bullet_list_close',
  tag: 'ul',
  attrs: null,
  map: null,
  nesting: -1,
  level: 0,
  children: null,
  content: '',
  markup: '-',
  info: '',
  meta: null,
  block: true,
  hidden: false
}
Token {
  type: 'fence',
  tag: 'code',
  attrs: null,
  map: [ 67, 72 ],
  nesting: 0,
  level: 0,
  children: null,
  content: '# mkdir\n\nmkdir build && cd build\n',
  markup: '```',
  info: 'sh',
  meta: null,
  block: true,
  hidden: false
}
Token {
  type: 'bullet_list_open',
  tag: 'ul',
  attrs: null,
  map: [ 73, 75 ],
  nesting: 1,
  level: 0,
  children: null,
  content: '',
  markup: '-',
  info: '',
  meta: null,
  block: true,
  hidden: false
}
Token {
  type: 'list_item_open',
  tag: 'li',
  attrs: null,
  map: [ 73, 75 ],
  nesting: 1,
  level: 1,
  children: null,
  content: '',
  markup: '-',
  info: '',
  meta: null,
  block: true,
  hidden: false
}
Token {
  type: 'paragraph_open',
  tag: 'p',
  attrs: null,
  map: [ 73, 74 ],
  nesting: 1,
  level: 2,
  children: null,
  content: '',
  markup: '',
  info: '',
  meta: null,
  block: true,
  hidden: true
}
Token {
  type: 'inline',
  tag: '',
  attrs: null,
  map: [ 73, 74 ],
  nesting: 0,
  level: 3,
  children: [
    Token {
      type: 'text',
      tag: '',
      attrs: null,
      map: null,
      nesting: 0,
      level: 0,
      children: null,
      content: '在 ',
      markup: '',
      info: '',
      meta: null,
      block: false,
      hidden: false
    },
    Token {
      type: 'code_inline',
      tag: 'code',
      attrs: null,
      map: null,
      nesting: 0,
      level: 0,
      children: null,
      content: 'build',
      markup: '`',
      info: '',
      meta: null,
      block: false,
      hidden: false
    },
    Token {
      type: 'text',
      tag: '',
      attrs: null,
      map: null,
      nesting: 0,
      level: 0,
      children: null,
      content: ' 目录下，创建 ',
      markup: '',
      info: '',
      meta: null,
      block: false,
      hidden: false
    },
    Token {
      type: 'code_inline',
      tag: 'code',
      attrs: null,
      map: null,
      nesting: 0,
      level: 0,
      children: null,
      content: 'cmake_up.sh',
      markup: '`',
      info: '',
      meta: null,
      block: false,
      hidden: false
    },
    Token {
      type: 'text',
      tag: '',
      attrs: null,
      map: null,
      nesting: 0,
      level: 0,
      children: null,
      content: ' 脚本，用以便捷启动 ',
      markup: '',
      info: '',
      meta: null,
      block: false,
      hidden: false
    },
    Token {
      type: 'code_inline',
      tag: 'code',
      attrs: null,
      map: null,
      nesting: 0,
      level: 0,
      children: null,
      content: 'cmake',
      markup: '`',
      info: '',
      meta: null,
      block: false,
      hidden: false
    }
  ],
  content: '在 `build` 目录下，创建 `cmake_up.sh` 脚本，用以便捷启动 `cmake`',
  markup: '',
  info: '',
  meta: null,
  block: true,
  hidden: false
}
Token {
  type: 'paragraph_close',
  tag: 'p',
  attrs: null,
  map: null,
  nesting: -1,
  level: 2,
  children: null,
  content: '',
  markup: '',
  info: '',
  meta: null,
  block: true,
  hidden: true
}
Token {
  type: 'list_item_close',
  tag: 'li',
  attrs: null,
  map: null,
  nesting: -1,
  level: 1,
  children: null,
  content: '',
  markup: '-',
  info: '',
  meta: null,
  block: true,
  hidden: false
}
Token {
  type: 'bullet_list_close',
  tag: 'ul',
  attrs: null,
  map: null,
  nesting: -1,
  level: 0,
  children: null,
  content: '',
  markup: '-',
  info: '',
  meta: null,
  block: true,
  hidden: false
}
Token {
  type: 'fence',
  tag: 'code',
  attrs: null,
  map: [ 75, 140 ],
  nesting: 0,
  level: 0,
  children: null,
  content: '\n' +
    '# @/build/cmake_up.sh\n' +
    '#!/bin/bash\n' +
    '\n' +
    'function cmake_mysql_up {\n' +
    '\t# #指定mysql的安装路径\n' +
    '\t# -DCMAKE_INSTALL_PREFIX=/usr/local/mysql\n' +
    '\n' +
    '\t# #指定mysql进程监听套接字文件（数据库连接文件）的存储路径\n' +
    '\t# -DMYSQL_UNIX_ADDR=/usr/local/mysql/mysql.sock\n' +
    '\n' +
    '\t# #指定配置文件的存储路径\n' +
    '\t# -DSYSCONFDIR=/etc\n' +
    '\n' +
    '\t# #指定进程文件的存储路径\n' +
    '\t# -DSYSTEMD_PID_DIR=/usr/local/mysql\n' +
    '\n' +
    '\t# #指定默认使用的字符集编码，如utf8\n' +
    '\t# -DDEFAULT_CHARSET=utf8\n' +
    '\n' +
    '\t# #指定默认使用的字符集校对规则\n' +
    '\t# -DDEFAULT_COLLATION=utf8_general_ci\n' +
    '\n' +
    '\t# #安装INNOBASE存储引擎\n' +
    '\t# -DWITH_INNOBASE_STORAGE_ENGINE=1\n' +
    '\n' +
    '\t# #安装ARCHIVE存储引擎\n' +
    '\t# -DWITH_ARCHIVE_STORAGE_ENGINE=1\n' +
    '\n' +
    '\t# #安装BLACKHOLE存储引擎\n' +
    '\t# -DWITH_BLACKHOLE_STORAGE_ENGINE=1\n' +
    '\n' +
    '\t# #安装FEDERATED存储引擎\n' +
    '\t# -DWITH_PERFSCHEMA_STORAGE_ENGINE=1\n' +
    '\n' +
    '\t# #指定数据库文件的存储路径\n' +
    '\t# -DMYSQL_DATADIR=/usr/local/mysql/data\n' +
    '\n' +
    '\t# #指定boost的路径，\n' +
    '\t# -DWITH_BOOST=boost\n' +
    '\n' +
    '\t# #生成便于systemctl管理的文件\n' +
    '\t# -DWITH_SYSTEMD=1\n' +
    '\n' +
    '\tsudo cmake .. -DCMAKE_INSTALL_PREFIX=/opt/mysql-source-code/mysql \\\n' +
    '\t\t-DSYSTEMD_PID_DIR=/opt/mysql-source-code/mysql \\\n' +
    '\t\t-DMYSQL_DATADIR=/opt/mysql-source-code/mysql-data \\\n' +
    '\t\t-DWITH_INNOBASE_STORAGE_ENGINE=1 \\\n' +
    '\t\t-DWITH_DEBUG=1 \\\n' +
    '\t\t-DSYSCONFDIR=/opt/mysql-source-code/mysql-config \\\n' +
    '\t\t-DMYSQL_TCP_PORT=3316 \\\n' +
    '\t\t-DWITH_BOOST=/opt/mysql-source-code/boost \\\n' +
    '\t\t-DCMAKE_CXX_COMPILER=/usr/bin/g++ \\\n' +
    '\t\t-DFORCE_INSOURCE_BUILD=0 \\\n' +
    '\t\t-DDOWNLOAD_BOOST=1 \\\n' +
    '\t\t-DHAVE_DTRACE=1 \\\n' +
    '\t\t-DMYSQL_UNIX_ADDR=/opt/mysql-source-code/mysql/mysql.sock \\\n' +
    '\t\t-DWITH_SYSTEMD=0 \\\n' +
    '\t\t-DDEFAULT_CHARSET=utf8 \\\n' +
    '\t\t-DDEFAULT_COLLATION=utf8_general_ci\n' +
    '}\n' +
    '\n' +
    'cmake_mysql_up\n',
  markup: '```',
  info: 'sh',
  meta: null,
  block: true,
  hidden: false
}
Token {
  type: 'bullet_list_open',
  tag: 'ul',
  attrs: null,
  map: [ 141, 143 ],
  nesting: 1,
  level: 0,
  children: null,
  content: '',
  markup: '-',
  info: '',
  meta: null,
  block: true,
  hidden: false
}
Token {
  type: 'list_item_open',
  tag: 'li',
  attrs: null,
  map: [ 141, 143 ],
  nesting: 1,
  level: 1,
  children: null,
  content: '',
  markup: '-',
  info: '',
  meta: null,
  block: true,
  hidden: false
}
Token {
  type: 'paragraph_open',
  tag: 'p',
  attrs: null,
  map: [ 141, 142 ],
  nesting: 1,
  level: 2,
  children: null,
  content: '',
  markup: '',
  info: '',
  meta: null,
  block: true,
  hidden: true
}
Token {
  type: 'inline',
  tag: '',
  attrs: null,
  map: [ 141, 142 ],
  nesting: 0,
  level: 3,
  children: [
    Token {
      type: 'text',
      tag: '',
      attrs: null,
      map: null,
      nesting: 0,
      level: 0,
      children: null,
      content: '该脚本的目的，在于',
      markup: '',
      info: '',
      meta: null,
      block: false,
      hidden: false
    },
    Token {
      type: 'strong_open',
      tag: 'strong',
      attrs: null,
      map: null,
      nesting: 1,
      level: 0,
      children: null,
      content: '',
      markup: '**',
      info: '',
      meta: null,
      block: false,
      hidden: false
    },
    Token {
      type: 'text',
      tag: '',
      attrs: null,
      map: null,
      nesting: 0,
      level: 1,
      children: null,
      content: '有记录地',
      markup: '',
      info: '',
      meta: null,
      block: false,
      hidden: false
    },
    Token {
      type: 'strong_close',
      tag: 'strong',
      attrs: null,
      map: null,
      nesting: -1,
      level: 0,
      children: null,
      content: '',
      markup: '**',
      info: '',
      meta: null,
      block: false,
      hidden: false
    },
    Token {
      type: 'text',
      tag: '',
      attrs: null,
      map: null,
      nesting: 0,
      level: 0,
      children: null,
      content: '启动 ',
      markup: '',
      info: '',
      meta: null,
      block: false,
      hidden: false
    },
    Token {
      type: 'code_inline',
      tag: 'code',
      attrs: null,
      map: null,
      nesting: 0,
      level: 0,
      children: null,
      content: 'cmake',
      markup: '`',
      info: '',
      meta: null,
      block: false,
      hidden: false
    }
  ],
  content: '该脚本的目的，在于**有记录地**启动 `cmake`',
  markup: '',
  info: '',
  meta: null,
  block: true,
  hidden: false
}
Token {
  type: 'paragraph_close',
  tag: 'p',
  attrs: null,
  map: null,
  nesting: -1,
  level: 2,
  children: null,
  content: '',
  markup: '',
  info: '',
  meta: null,
  block: true,
  hidden: true
}
Token {
  type: 'list_item_close',
  tag: 'li',
  attrs: null,
  map: null,
  nesting: -1,
  level: 1,
  children: null,
  content: '',
  markup: '-',
  info: '',
  meta: null,
  block: true,
  hidden: false
}
Token {
  type: 'bullet_list_close',
  tag: 'ul',
  attrs: null,
  map: null,
  nesting: -1,
  level: 0,
  children: null,
  content: '',
  markup: '-',
  info: '',
  meta: null,
  block: true,
  hidden: false
}
Token {
  type: 'heading_open',
  tag: 'h3',
  attrs: null,
  map: [ 143, 144 ],
  nesting: 1,
  level: 0,
  children: null,
  content: '',
  markup: '###',
  info: '',
  meta: null,
  block: true,
  hidden: false
}
Token {
  type: 'inline',
  tag: '',
  attrs: null,
  map: [ 143, 144 ],
  nesting: 0,
  level: 1,
  children: [
    Token {
      type: 'text',
      tag: '',
      attrs: null,
      map: null,
      nesting: 0,
      level: 0,
      children: null,
      content: '2.4 通过 ',
      markup: '',
      info: '',
      meta: null,
      block: false,
      hidden: false
    },
    Token {
      type: 'code_inline',
      tag: 'code',
      attrs: null,
      map: null,
      nesting: 0,
      level: 0,
      children: null,
      content: 'cmake',
      markup: '`',
      info: '',
      meta: null,
      block: false,
      hidden: false
    },
    Token {
      type: 'text',
      tag: '',
      attrs: null,
      map: null,
      nesting: 0,
      level: 0,
      children: null,
      content: ' 构建 ',
      markup: '',
      info: '',
      meta: null,
      block: false,
      hidden: false
    },
    Token {
      type: 'code_inline',
      tag: 'code',
      attrs: null,
      map: null,
      nesting: 0,
      level: 0,
      children: null,
      content: 'makefile',
      markup: '`',
      info: '',
      meta: null,
      block: false,
      hidden: false
    }
  ],
  content: '2.4 通过 `cmake` 构建 `makefile`',
  markup: '',
  info: '',
  meta: null,
  block: true,
  hidden: false
}
Token {
  type: 'heading_close',
  tag: 'h3',
  attrs: null,
  map: null,
  nesting: -1,
  level: 0,
  children: null,
  content: '',
  markup: '###',
  info: '',
  meta: null,
  block: true,
  hidden: false
}
Token {
  type: 'bullet_list_open',
  tag: 'ul',
  attrs: null,
  map: [ 145, 147 ],
  nesting: 1,
  level: 0,
  children: null,
  content: '',
  markup: '-',
  info: '',
  meta: null,
  block: true,
  hidden: false
}
Token {
  type: 'list_item_open',
  tag: 'li',
  attrs: null,
  map: [ 145, 147 ],
  nesting: 1,
  level: 1,
  children: null,
  content: '',
  markup: '-',
  info: '',
  meta: null,
  block: true,
  hidden: false
}
Token {
  type: 'paragraph_open',
  tag: 'p',
  attrs: null,
  map: [ 145, 146 ],
  nesting: 1,
  level: 2,
  children: null,
  content: '',
  markup: '',
  info: '',
  meta: null,
  block: true,
  hidden: true
}
Token {
  type: 'inline',
  tag: '',
  attrs: null,
  map: [ 145, 146 ],
  nesting: 0,
  level: 3,
  children: [
    Token {
      type: 'text',
      tag: '',
      attrs: null,
      map: null,
      nesting: 0,
      level: 0,
      children: null,
      content: '执行 ',
      markup: '',
      info: '',
      meta: null,
      block: false,
      hidden: false
    },
    Token {
      type: 'code_inline',
      tag: 'code',
      attrs: null,
      map: null,
      nesting: 0,
      level: 0,
      children: null,
      content: 'build/cmake_up.sh',
      markup: '`',
      info: '',
      meta: null,
      block: false,
      hidden: false
    },
    Token {
      type: 'text',
      tag: '',
      attrs: null,
      map: null,
      nesting: 0,
      level: 0,
      children: null,
      content: ' 即可',
      markup: '',
      info: '',
      meta: null,
      block: false,
      hidden: false
    }
  ],
  content: '执行 `build/cmake_up.sh` 即可',
  markup: '',
  info: '',
  meta: null,
  block: true,
  hidden: false
}
Token {
  type: 'paragraph_close',
  tag: 'p',
  attrs: null,
  map: null,
  nesting: -1,
  level: 2,
  children: null,
  content: '',
  markup: '',
  info: '',
  meta: null,
  block: true,
  hidden: true
}
Token {
  type: 'list_item_close',
  tag: 'li',
  attrs: null,
  map: null,
  nesting: -1,
  level: 1,
  children: null,
  content: '',
  markup: '-',
  info: '',
  meta: null,
  block: true,
  hidden: false
}
Token {
  type: 'bullet_list_close',
  tag: 'ul',
  attrs: null,
  map: null,
  nesting: -1,
  level: 0,
  children: null,
  content: '',
  markup: '-',
  info: '',
  meta: null,
  block: true,
  hidden: false
}
Token {
  type: 'fence',
  tag: 'code',
  attrs: null,
  map: [ 147, 150 ],
  nesting: 0,
  level: 0,
  children: null,
  content: 'sudo bash ./cmake_up.sh\n',
  markup: '```',
  info: 'sh',
  meta: null,
  block: true,
  hidden: false
}
Token {
  type: 'bullet_list_open',
  tag: 'ul',
  attrs: null,
  map: [ 151, 154 ],
  nesting: 1,
  level: 0,
  children: null,
  content: '',
  markup: '-',
  info: '',
  meta: null,
  block: true,
  hidden: false
}
Token {
  type: 'list_item_open',
  tag: 'li',
  attrs: null,
  map: [ 151, 152 ],
  nesting: 1,
  level: 1,
  children: null,
  content: '',
  markup: '-',
  info: '',
  meta: null,
  block: true,
  hidden: false
}
Token {
  type: 'paragraph_open',
  tag: 'p',
  attrs: null,
  map: [ 151, 152 ],
  nesting: 1,
  level: 2,
  children: null,
  content: '',
  markup: '',
  info: '',
  meta: null,
  block: true,
  hidden: true
}
Token {
  type: 'inline',
  tag: '',
  attrs: null,
  map: [ 151, 152 ],
  nesting: 0,
  level: 3,
  children: [
    Token {
      type: 'text',
      tag: '',
      attrs: null,
      map: null,
      nesting: 0,
      level: 0,
      children: null,
      content: '这一步目的在于，构建出必要的 ',
      markup: '',
      info: '',
      meta: null,
      block: false,
      hidden: false
    },
    Token {
      type: 'code_inline',
      tag: 'code',
      attrs: null,
      map: null,
      nesting: 0,
      level: 0,
      children: null,
      content: 'makefile',
      markup: '`',
      info: '',
      meta: null,
      block: false,
      hidden: false
    },
    Token {
      type: 'text',
      tag: '',
      attrs: null,
      map: null,
      nesting: 0,
      level: 0,
      children: null,
      content: '，只是起到中间桥梁的作用，并非真正执行编译。',
      markup: '',
      info: '',
      meta: null,
      block: false,
      hidden: false
    }
  ],
  content: '这一步目的在于，构建出必要的 `makefile`，只是起到中间桥梁的作用，并非真正执行编译。',
  markup: '',
  info: '',
  meta: null,
  block: true,
  hidden: false
}
Token {
  type: 'paragraph_close',
  tag: 'p',
  attrs: null,
  map: null,
  nesting: -1,
  level: 2,
  children: null,
  content: '',
  markup: '',
  info: '',
  meta: null,
  block: true,
  hidden: true
}
Token {
  type: 'list_item_close',
  tag: 'li',
  attrs: null,
  map: null,
  nesting: -1,
  level: 1,
  children: null,
  content: '',
  markup: '-',
  info: '',
  meta: null,
  block: true,
  hidden: false
}
Token {
  type: 'list_item_open',
  tag: 'li',
  attrs: null,
  map: [ 152, 154 ],
  nesting: 1,
  level: 1,
  children: null,
  content: '',
  markup: '-',
  info: '',
  meta: null,
  block: true,
  hidden: false
}
Token {
  type: 'paragraph_open',
  tag: 'p',
  attrs: null,
  map: [ 152, 153 ],
  nesting: 1,
  level: 2,
  children: null,
  content: '',
  markup: '',
  info: '',
  meta: null,
  block: true,
  hidden: true
}
Token {
  type: 'inline',
  tag: '',
  attrs: null,
  map: [ 152, 153 ],
  nesting: 0,
  level: 3,
  children: [
    Token {
      type: 'text',
      tag: '',
      attrs: null,
      map: null,
      nesting: 0,
      level: 0,
      children: null,
      content: '此步骤耗时大约 1 分钟左右。',
      markup: '',
      info: '',
      meta: null,
      block: false,
      hidden: false
    }
  ],
  content: '此步骤耗时大约 1 分钟左右。',
  markup: '',
  info: '',
  meta: null,
  block: true,
  hidden: false
}
Token {
  type: 'paragraph_close',
  tag: 'p',
  attrs: null,
  map: null,
  nesting: -1,
  level: 2,
  children: null,
  content: '',
  markup: '',
  info: '',
  meta: null,
  block: true,
  hidden: true
}
Token {
  type: 'list_item_close',
  tag: 'li',
  attrs: null,
  map: null,
  nesting: -1,
  level: 1,
  children: null,
  content: '',
  markup: '-',
  info: '',
  meta: null,
  block: true,
  hidden: false
}
Token {
  type: 'bullet_list_close',
  tag: 'ul',
  attrs: null,
  map: null,
  nesting: -1,
  level: 0,
  children: null,
  content: '',
  markup: '-',
  info: '',
  meta: null,
  block: true,
  hidden: false
}
Token {
  type: 'heading_open',
  tag: 'h3',
  attrs: null,
  map: [ 154, 155 ],
  nesting: 1,
  level: 0,
  children: null,
  content: '',
  markup: '###',
  info: '',
  meta: null,
  block: true,
  hidden: false
}
Token {
  type: 'inline',
  tag: '',
  attrs: null,
  map: [ 154, 155 ],
  nesting: 0,
  level: 1,
  children: [
    Token {
      type: 'text',
      tag: '',
      attrs: null,
      map: null,
      nesting: 0,
      level: 0,
      children: null,
      content: '2.5 通过 ',
      markup: '',
      info: '',
      meta: null,
      block: false,
      hidden: false
    },
    Token {
      type: 'code_inline',
      tag: 'code',
      attrs: null,
      map: null,
      nesting: 0,
      level: 0,
      children: null,
      content: 'makefile',
      markup: '`',
      info: '',
      meta: null,
      block: false,
      hidden: false
    },
    Token {
      type: 'text',
      tag: '',
      attrs: null,
      map: null,
      nesting: 0,
      level: 0,
      children: null,
      content: ' 构建二进制文件',
      markup: '',
      info: '',
      meta: null,
      block: false,
      hidden: false
    }
  ],
  content: '2.5 通过 `makefile` 构建二进制文件',
  markup: '',
  info: '',
  meta: null,
  block: true,
  hidden: false
}
Token {
  type: 'heading_close',
  tag: 'h3',
  attrs: null,
  map: null,
  nesting: -1,
  level: 0,
  children: null,
  content: '',
  markup: '###',
  info: '',
  meta: null,
  block: true,
  hidden: false
}
Token {
  type: 'bullet_list_open',
  tag: 'ul',
  attrs: null,
  map: [ 156, 158 ],
  nesting: 1,
  level: 0,
  children: null,
  content: '',
  markup: '-',
  info: '',
  meta: null,
  block: true,
  hidden: false
}
Token {
  type: 'list_item_open',
  tag: 'li',
  attrs: null,
  map: [ 156, 158 ],
  nesting: 1,
  level: 1,
  children: null,
  content: '',
  markup: '-',
  info: '',
  meta: null,
  block: true,
  hidden: false
}
Token {
  type: 'paragraph_open',
  tag: 'p',
  attrs: null,
  map: [ 156, 157 ],
  nesting: 1,
  level: 2,
  children: null,
  content: '',
  markup: '',
  info: '',
  meta: null,
  block: true,
  hidden: true
}
Token {
  type: 'inline',
  tag: '',
  attrs: null,
  map: [ 156, 157 ],
  nesting: 0,
  level: 3,
  children: [
    Token {
      type: 'text',
      tag: '',
      attrs: null,
      map: null,
      nesting: 0,
      level: 0,
      children: null,
      content: '现在，可以看到 ',
      markup: '',
      info: '',
      meta: null,
      block: false,
      hidden: false
    },
    Token {
      type: 'code_inline',
      tag: 'code',
      attrs: null,
      map: null,
      nesting: 0,
      level: 0,
      children: null,
      content: 'build',
      markup: '`',
      info: '',
      meta: null,
      block: false,
      hidden: false
    },
    Token {
      type: 'text',
      tag: '',
      attrs: null,
      map: null,
      nesting: 0,
      level: 0,
      children: null,
      content: ' 目录下已经有了一系列文件。',
      markup: '',
      info: '',
      meta: null,
      block: false,
      hidden: false
    }
  ],
  content: '现在，可以看到 `build` 目录下已经有了一系列文件。',
  markup: '',
  info: '',
  meta: null,
  block: true,
  hidden: false
}
Token {
  type: 'paragraph_close',
  tag: 'p',
  attrs: null,
  map: null,
  nesting: -1,
  level: 2,
  children: null,
  content: '',
  markup: '',
  info: '',
  meta: null,
  block: true,
  hidden: true
}
Token {
  type: 'list_item_close',
  tag: 'li',
  attrs: null,
  map: null,
  nesting: -1,
  level: 1,
  children: null,
  content: '',
  markup: '-',
  info: '',
  meta: null,
  block: true,
  hidden: false
}
Token {
  type: 'bullet_list_close',
  tag: 'ul',
  attrs: null,
  map: null,
  nesting: -1,
  level: 0,
  children: null,
  content: '',
  markup: '-',
  info: '',
  meta: null,
  block: true,
  hidden: false
}
Token {
  type: 'fence',
  tag: 'code',
  attrs: null,
  map: [ 158, 217 ],
  nesting: 0,
  level: 0,
  children: null,
  content: '#  pwd && tree . -L 1\n' +
    '# /home/albert/remote-codespace/from-github/db/mysql-server/build\n' +
    '.\n' +
    '├── abi_check.out\n' +
    '├── archive_output_directory\n' +
    '├── bin -> ./runtime_output_directory\n' +
    '├── client\n' +
    '├── CMakeCache.txt\n' +
    '├── CMakeFiles\n' +
    '├── cmake_install.cmake\n' +
    '├── cmake_up.sh\n' +
    '├── components\n' +
    '├── CPackConfig.cmake\n' +
    '├── CPackSourceConfig.cmake\n' +
    '├── CTestTestfile.cmake\n' +
    '├── DartConfiguration.tcl\n' +
    '├── debian\n' +
    '├── Docs\n' +
    '├── extra\n' +
    '├── icudt73l.lnk\n' +
    '├── include\n' +
    '├── info_macros.cmake\n' +
    '├── install_manifest.txt\n' +
    '├── lib -> ./library_output_directory\n' +
    '├── libchangestreams\n' +
    '├── libgmock.a\n' +
    '├── libgmock_main.a\n' +
    '├── libgtest.a\n' +
    '├── libgtest_main.a\n' +
    '├── libmysql\n' +
    '├── library_output_directory\n' +
    '├── libs\n' +
    '├── libservices\n' +
    '├── make_dist.cmake\n' +
    '├── Makefile   # 此文件就是编译依赖的真正管理者\n' +
    '├── man\n' +
    '├── mysql-test\n' +
    '├── mysys\n' +
    '├── packaging\n' +
    '├── plugin\n' +
    '├── plugin_output_directory\n' +
    '├── router\n' +
    '├── runtime_output_directory\n' +
    '├── scripts\n' +
    '├── server_unittest_library_dummy.c\n' +
    '├── share\n' +
    '├── sql\n' +
    '├── sql-common\n' +
    '├── storage\n' +
    '├── strings\n' +
    '├── support-files\n' +
    '├── testclients\n' +
    '├── Testing\n' +
    '├── unittest\n' +
    '├── utilities\n' +
    '├── VERSION.dep\n' +
    '└── vio\n',
  markup: '```',
  info: 'sh',
  meta: null,
  block: true,
  hidden: false
}
Token {
  type: 'bullet_list_open',
  tag: 'ul',
  attrs: null,
  map: [ 218, 221 ],
  nesting: 1,
  level: 0,
  children: null,
  content: '',
  markup: '-',
  info: '',
  meta: null,
  block: true,
  hidden: false
}
Token {
  type: 'list_item_open',
  tag: 'li',
  attrs: null,
  map: [ 218, 219 ],
  nesting: 1,
  level: 1,
  children: null,
  content: '',
  markup: '-',
  info: '',
  meta: null,
  block: true,
  hidden: false
}
Token {
  type: 'paragraph_open',
  tag: 'p',
  attrs: null,
  map: [ 218, 219 ],
  nesting: 1,
  level: 2,
  children: null,
  content: '',
  markup: '',
  info: '',
  meta: null,
  block: true,
  hidden: true
}
Token {
  type: 'inline',
  tag: '',
  attrs: null,
  map: [ 218, 219 ],
  nesting: 0,
  level: 3,
  children: [
    Token {
      type: 'text',
      tag: '',
      attrs: null,
      map: null,
      nesting: 0,
      level: 0,
      children: null,
      content: '可以看到，已经出现了 ',
      markup: '',
      info: '',
      meta: null,
      block: false,
      hidden: false
    },
    Token {
      type: 'code_inline',
      tag: 'code',
      attrs: null,
      map: null,
      nesting: 0,
      level: 0,
      children: null,
      content: 'makefile',
      markup: '`',
      info: '',
      meta: null,
      block: false,
      hidden: false
    },
    Token {
      type: 'text',
      tag: '',
      attrs: null,
      map: null,
      nesting: 0,
      level: 0,
      children: null,
      content: ', 此文件就是编译依赖的真正管理者。',
      markup: '',
      info: '',
      meta: null,
      block: false,
      hidden: false
    }
  ],
  content: '可以看到，已经出现了 `makefile`, 此文件就是编译依赖的真正管理者。',
  markup: '',
  info: '',
  meta: null,
  block: true,
  hidden: false
}
Token {
  type: 'paragraph_close',
  tag: 'p',
  attrs: null,
  map: null,
  nesting: -1,
  level: 2,
  children: null,
  content: '',
  markup: '',
  info: '',
  meta: null,
  block: true,
  hidden: true
}
Token {
  type: 'list_item_close',
  tag: 'li',
  attrs: null,
  map: null,
  nesting: -1,
  level: 1,
  children: null,
  content: '',
  markup: '-',
  info: '',
  meta: null,
  block: true,
  hidden: false
}
Token {
  type: 'list_item_open',
  tag: 'li',
  attrs: null,
  map: [ 219, 221 ],
  nesting: 1,
  level: 1,
  children: null,
  content: '',
  markup: '-',
  info: '',
  meta: null,
  block: true,
  hidden: false
}
Token {
  type: 'paragraph_open',
  tag: 'p',
  attrs: null,
  map: [ 219, 220 ],
  nesting: 1,
  level: 2,
  children: null,
  content: '',
  markup: '',
  info: '',
  meta: null,
  block: true,
  hidden: true
}
Token {
  type: 'inline',
  tag: '',
  attrs: null,
  map: [ 219, 220 ],
  nesting: 0,
  level: 3,
  children: [
    Token {
      type: 'text',
      tag: '',
      attrs: null,
      map: null,
      nesting: 0,
      level: 0,
      children: null,
      content: '执行编译命令，使用 ',
      markup: '',
      info: '',
      meta: null,
      block: false,
      hidden: false
    },
    Token {
      type: 'code_inline',
      tag: 'code',
      attrs: null,
      map: null,
      nesting: 0,
      level: 0,
      children: null,
      content: '48',
      markup: '`',
      info: '',
      meta: null,
      block: false,
      hidden: false
    },
    Token {
      type: 'text',
      tag: '',
      attrs: null,
      map: null,
      nesting: 0,
      level: 0,
      children: null,
      content: ' 个线程来编译，总耗时大约 ',
      markup: '',
      info: '',
      meta: null,
      block: false,
      hidden: false
    },
    Token {
      type: 'code_inline',
      tag: 'code',
      attrs: null,
      map: null,
      nesting: 0,
      level: 0,
      children: null,
      content: '4',
      markup: '`',
      info: '',
      meta: null,
      block: false,
      hidden: false
    },
    Token {
      type: 'text',
      tag: '',
      attrs: null,
      map: null,
      nesting: 0,
      level: 0,
      children: null,
      content: ' 分钟左右。',
      markup: '',
      info: '',
      meta: null,
      block: false,
      hidden: false
    }
  ],
  content: '执行编译命令，使用 `48` 个线程来编译，总耗时大约 `4` 分钟左右。',
  markup: '',
  info: '',
  meta: null,
  block: true,
  hidden: false
}
Token {
  type: 'paragraph_close',
  tag: 'p',
  attrs: null,
  map: null,
  nesting: -1,
  level: 2,
  children: null,
  content: '',
  markup: '',
  info: '',
  meta: null,
  block: true,
  hidden: true
}
Token {
  type: 'list_item_close',
  tag: 'li',
  attrs: null,
  map: null,
  nesting: -1,
  level: 1,
  children: null,
  content: '',
  markup: '-',
  info: '',
  meta: null,
  block: true,
  hidden: false
}
Token {
  type: 'bullet_list_close',
  tag: 'ul',
  attrs: null,
  map: null,
  nesting: -1,
  level: 0,
  children: null,
  content: '',
  markup: '-',
  info: '',
  meta: null,
  block: true,
  hidden: false
}
Token {
  type: 'fence',
  tag: 'code',
  attrs: null,
  map: [ 221, 224 ],
  nesting: 0,
  level: 0,
  children: null,
  content: 'suod make install -j 48\n',
  markup: '```',
  info: 'sh',
  meta: null,
  block: true,
  hidden: false
}
Token {
  type: 'bullet_list_open',
  tag: 'ul',
  attrs: null,
  map: [ 225, 227 ],
  nesting: 1,
  level: 0,
  children: null,
  content: '',
  markup: '-',
  info: '',
  meta: null,
  block: true,
  hidden: false
}
Token {
  type: 'list_item_open',
  tag: 'li',
  attrs: null,
  map: [ 225, 227 ],
  nesting: 1,
  level: 1,
  children: null,
  content: '',
  markup: '-',
  info: '',
  meta: null,
  block: true,
  hidden: false
}
Token {
  type: 'paragraph_open',
  tag: 'p',
  attrs: null,
  map: [ 225, 226 ],
  nesting: 1,
  level: 2,
  children: null,
  content: '',
  markup: '',
  info: '',
  meta: null,
  block: true,
  hidden: true
}
Token {
  type: 'inline',
  tag: '',
  attrs: null,
  map: [ 225, 226 ],
  nesting: 0,
  level: 3,
  children: [
    Token {
      type: 'text',
      tag: '',
      attrs: null,
      map: null,
      nesting: 0,
      level: 0,
      children: null,
      content: '执行成功，在 ',
      markup: '',
      info: '',
      meta: null,
      block: false,
      hidden: false
    },
    Token {
      type: 'code_inline',
      tag: 'code',
      attrs: null,
      map: null,
      nesting: 0,
      level: 0,
      children: null,
      content: '/opt/mysql-source-code/',
      markup: '`',
      info: '',
      meta: null,
      block: false,
      hidden: false
    },
    Token {
      type: 'text',
      tag: '',
      attrs: null,
      map: null,
      nesting: 0,
      level: 0,
      children: null,
      content: ' 目录下创建目录，至如下状态：',
      markup: '',
      info: '',
      meta: null,
      block: false,
      hidden: false
    }
  ],
  content: '执行成功，在 `/opt/mysql-source-code/` 目录下创建目录，至如下状态：',
  markup: '',
  info: '',
  meta: null,
  block: true,
  hidden: false
}
Token {
  type: 'paragraph_close',
  tag: 'p',
  attrs: null,
  map: null,
  nesting: -1,
  level: 2,
  children: null,
  content: '',
  markup: '',
  info: '',
  meta: null,
  block: true,
  hidden: true
}
Token {
  type: 'list_item_close',
  tag: 'li',
  attrs: null,
  map: null,
  nesting: -1,
  level: 1,
  children: null,
  content: '',
  markup: '-',
  info: '',
  meta: null,
  block: true,
  hidden: false
}
Token {
  type: 'bullet_list_close',
  tag: 'ul',
  attrs: null,
  map: null,
  nesting: -1,
  level: 0,
  children: null,
  content: '',
  markup: '-',
  info: '',
  meta: null,
  block: true,
  hidden: false
}
Token {
  type: 'fence',
  tag: 'code',
  attrs: null,
  map: [ 227, 239 ],
  nesting: 0,
  level: 0,
  children: null,
  content: '# pwd:/opt/mysql-source-code\n' +
    '# tree . -L 1\n' +
    '.\n' +
    '├── mysql\n' +
    '├── mysql-config\n' +
    '├── mysql-data\n' +
    '├── mysql-log\n' +
    '├── mysql-pid\n' +
    '├── mysql-socket\n' +
    '└── tmp\n',
  markup: '```',
  info: 'sh',
  meta: null,
  block: true,
  hidden: false
}
Token {
  type: 'bullet_list_open',
  tag: 'ul',
  attrs: null,
  map: [ 240, 242 ],
  nesting: 1,
  level: 0,
  children: null,
  content: '',
  markup: '-',
  info: '',
  meta: null,
  block: true,
  hidden: false
}
Token {
  type: 'list_item_open',
  tag: 'li',
  attrs: null,
  map: [ 240, 242 ],
  nesting: 1,
  level: 1,
  children: null,
  content: '',
  markup: '-',
  info: '',
  meta: null,
  block: true,
  hidden: false
}
Token {
  type: 'paragraph_open',
  tag: 'p',
  attrs: null,
  map: [ 240, 241 ],
  nesting: 1,
  level: 2,
  children: null,
  content: '',
  markup: '',
  info: '',
  meta: null,
  block: true,
  hidden: true
}
Token {
  type: 'inline',
  tag: '',
  attrs: null,
  map: [ 240, 241 ],
  nesting: 0,
  level: 3,
  children: [
    Token {
      type: 'text',
      tag: '',
      attrs: null,
      map: null,
      nesting: 0,
      level: 0,
      children: null,
      content: '基本的思想，运行态所需要的一切文件，都放置在 ',
      markup: '',
      info: '',
      meta: null,
      block: false,
      hidden: false
    },
    Token {
      type: 'code_inline',
      tag: 'code',
      attrs: null,
      map: null,
      nesting: 0,
      level: 0,
      children: null,
      content: '/opt/mysql-source-code',
      markup: '`',
      info: '',
      meta: null,
      block: false,
      hidden: false
    },
    Token {
      type: 'text',
      tag: '',
      attrs: null,
      map: null,
      nesting: 0,
      level: 0,
      children: null,
      content: ' 目录下。',
      markup: '',
      info: '',
      meta: null,
      block: false,
      hidden: false
    }
  ],
  content: '基本的思想，运行态所需要的一切文件，都放置在 `/opt/mysql-source-code` 目录下。',
  markup: '',
  info: '',
  meta: null,
  block: true,
  hidden: false
}
Token {
  type: 'paragraph_close',
  tag: 'p',
  attrs: null,
  map: null,
  nesting: -1,
  level: 2,
  children: null,
  content: '',
  markup: '',
  info: '',
  meta: null,
  block: true,
  hidden: true
}
Token {
  type: 'list_item_close',
  tag: 'li',
  attrs: null,
  map: null,
  nesting: -1,
  level: 1,
  children: null,
  content: '',
  markup: '-',
  info: '',
  meta: null,
  block: true,
  hidden: false
}
Token {
  type: 'bullet_list_close',
  tag: 'ul',
  attrs: null,
  map: null,
  nesting: -1,
  level: 0,
  children: null,
  content: '',
  markup: '-',
  info: '',
  meta: null,
  block: true,
  hidden: false
}
Token {
  type: 'heading_open',
  tag: 'h2',
  attrs: null,
  map: [ 242, 243 ],
  nesting: 1,
  level: 0,
  children: null,
  content: '',
  markup: '##',
  info: '',
  meta: null,
  block: true,
  hidden: false
}
Token {
  type: 'inline',
  tag: '',
  attrs: null,
  map: [ 242, 243 ],
  nesting: 0,
  level: 1,
  children: [
    Token {
      type: 'text',
      tag: '',
      attrs: null,
      map: null,
      nesting: 0,
      level: 0,
      children: null,
      content: '3. 启动流程',
      markup: '',
      info: '',
      meta: null,
      block: false,
      hidden: false
    }
  ],
  content: '3. 启动流程',
  markup: '',
  info: '',
  meta: null,
  block: true,
  hidden: false
}
Token {
  type: 'heading_close',
  tag: 'h2',
  attrs: null,
  map: null,
  nesting: -1,
  level: 0,
  children: null,
  content: '',
  markup: '##',
  info: '',
  meta: null,
  block: true,
  hidden: false
}
Token {
  type: 'heading_open',
  tag: 'h3',
  attrs: null,
  map: [ 244, 245 ],
  nesting: 1,
  level: 0,
  children: null,
  content: '',
  markup: '###',
  info: '',
  meta: null,
  block: true,
  hidden: false
}
Token {
  type: 'inline',
  tag: '',
  attrs: null,
  map: [ 244, 245 ],
  nesting: 0,
  level: 1,
  children: [
    Token {
      type: 'text',
      tag: '',
      attrs: null,
      map: null,
      nesting: 0,
      level: 0,
      children: null,
      content: '3.1 创建配置文件',
      markup: '',
      info: '',
      meta: null,
      block: false,
      hidden: false
    }
  ],
  content: '3.1 创建配置文件',
  markup: '',
  info: '',
  meta: null,
  block: true,
  hidden: false
}
Token {
  type: 'heading_close',
  tag: 'h3',
  attrs: null,
  map: null,
  nesting: -1,
  level: 0,
  children: null,
  content: '',
  markup: '###',
  info: '',
  meta: null,
  block: true,
  hidden: false
}
Token {
  type: 'bullet_list_open',
  tag: 'ul',
  attrs: null,
  map: [ 246, 248 ],
  nesting: 1,
  level: 0,
  children: null,
  content: '',
  markup: '-',
  info: '',
  meta: null,
  block: true,
  hidden: false
}
Token {
  type: 'list_item_open',
  tag: 'li',
  attrs: null,
  map: [ 246, 248 ],
  nesting: 1,
  level: 1,
  children: null,
  content: '',
  markup: '-',
  info: '',
  meta: null,
  block: true,
  hidden: false
}
Token {
  type: 'paragraph_open',
  tag: 'p',
  attrs: null,
  map: [ 246, 247 ],
  nesting: 1,
  level: 2,
  children: null,
  content: '',
  markup: '',
  info: '',
  meta: null,
  block: true,
  hidden: true
}
Token {
  type: 'inline',
  tag: '',
  attrs: null,
  map: [ 246, 247 ],
  nesting: 0,
  level: 3,
  children: [
    Token {
      type: 'text',
      tag: '',
      attrs: null,
      map: null,
      nesting: 0,
      level: 0,
      children: null,
      content: '创建 ',
      markup: '',
      info: '',
      meta: null,
      block: false,
      hidden: false
    },
    Token {
      type: 'code_inline',
      tag: 'code',
      attrs: null,
      map: null,
      nesting: 0,
      level: 0,
      children: null,
      content: '/opt/mysql-source-code/mysql-config/my.cnf',
      markup: '`',
      info: '',
      meta: null,
      block: false,
      hidden: false
    },
    Token {
      type: 'text',
      tag: '',
      attrs: null,
      map: null,
      nesting: 0,
      level: 0,
      children: null,
      content: '，并编辑：',
      markup: '',
      info: '',
      meta: null,
      block: false,
      hidden: false
    }
  ],
  content: '创建 `/opt/mysql-source-code/mysql-config/my.cnf`，并编辑：',
  markup: '',
  info: '',
  meta: null,
  block: true,
  hidden: false
}
Token {
  type: 'paragraph_close',
  tag: 'p',
  attrs: null,
  map: null,
  nesting: -1,
  level: 2,
  children: null,
  content: '',
  markup: '',
  info: '',
  meta: null,
  block: true,
  hidden: true
}
Token {
  type: 'list_item_close',
  tag: 'li',
  attrs: null,
  map: null,
  nesting: -1,
  level: 1,
  children: null,
  content: '',
  markup: '-',
  info: '',
  meta: null,
  block: true,
  hidden: false
}
Token {
  type: 'bullet_list_close',
  tag: 'ul',
  attrs: null,
  map: null,
  nesting: -1,
  level: 0,
  children: null,
  content: '',
  markup: '-',
  info: '',
  meta: null,
  block: true,
  hidden: false
}
Token {
  type: 'fence',
  tag: 'code',
  attrs: null,
  map: [ 248, 271 ],
  nesting: 0,
  level: 0,
  children: null,
  content: '[client]\n' +
    'port = 3306\n' +
    'socket = /opt/mysql-source-code/mysql-socket/mysql.sock\n' +
    'default-character-set=utf8mb4\n' +
    '\n' +
    '[mysql]\n' +
    'default-character-set=utf8mb4\n' +
    '\n' +
    '[mysqld]\n' +
    'bind-address = 0.0.0.0\n' +
    'user = root\n' +
    'port = 3306\n' +
    'basedir = /opt/mysql-source-code/\n' +
    'datadir = /opt/mysql-source-code/mysql-data\n' +
    'tmpdir = /opt/mysql-source-code/tmp\n' +
    'pid-file = /opt/mysql-source-code/mysql-pid/mysqld.pid\n' +
    'log-error = /opt/mysql-source-code/mysql-log/error.log\n' +
    'socket = /opt/mysql-source-code/mysql-socket/mysql.sock\n' +
    'default-storage-engine = innodb\n' +
    'character-set-server=utf8mb4\n' +
    'collation-server=utf8mb4_general_ci\n',
  markup: '```',
  info: 'ini',
  meta: null,
  block: true,
  hidden: false
}
Token {
  type: 'bullet_list_open',
  tag: 'ul',
  attrs: null,
  map: [ 272, 274 ],
  nesting: 1,
  level: 0,
  children: null,
  content: '',
  markup: '-',
  info: '',
  meta: null,
  block: true,
  hidden: false
}
Token {
  type: 'list_item_open',
  tag: 'li',
  attrs: null,
  map: [ 272, 274 ],
  nesting: 1,
  level: 1,
  children: null,
  content: '',
  markup: '-',
  info: '',
  meta: null,
  block: true,
  hidden: false
}
Token {
  type: 'paragraph_open',
  tag: 'p',
  attrs: null,
  map: [ 272, 273 ],
  nesting: 1,
  level: 2,
  children: null,
  content: '',
  markup: '',
  info: '',
  meta: null,
  block: true,
  hidden: true
}
Token {
  type: 'inline',
  tag: '',
  attrs: null,
  map: [ 272, 273 ],
  nesting: 0,
  level: 3,
  children: [
    Token {
      type: 'text',
      tag: '',
      attrs: null,
      map: null,
      nesting: 0,
      level: 0,
      children: null,
      content: '注意：',
      markup: '',
      info: '',
      meta: null,
      block: false,
      hidden: false
    },
    Token {
      type: 'code_inline',
      tag: 'code',
      attrs: null,
      map: null,
      nesting: 0,
      level: 0,
      children: null,
      content: 'client',
      markup: '`',
      info: '',
      meta: null,
      block: false,
      hidden: false
    },
    Token {
      type: 'text',
      tag: '',
      attrs: null,
      map: null,
      nesting: 0,
      level: 0,
      children: null,
      content: ' 和 ',
      markup: '',
      info: '',
      meta: null,
      block: false,
      hidden: false
    },
    Token {
      type: 'code_inline',
      tag: 'code',
      attrs: null,
      map: null,
      nesting: 0,
      level: 0,
      children: null,
      content: 'mysqld',
      markup: '`',
      info: '',
      meta: null,
      block: false,
      hidden: false
    },
    Token {
      type: 'text',
      tag: '',
      attrs: null,
      map: null,
      nesting: 0,
      level: 0,
      children: null,
      content: ' 的读写 ',
      markup: '',
      info: '',
      meta: null,
      block: false,
      hidden: false
    },
    Token {
      type: 'code_inline',
      tag: 'code',
      attrs: null,
      map: null,
      nesting: 0,
      level: 0,
      children: null,
      content: 'socket',
      markup: '`',
      info: '',
      meta: null,
      block: false,
      hidden: false
    },
    Token {
      type: 'text',
      tag: '',
      attrs: null,
      map: null,
      nesting: 0,
      level: 0,
      children: null,
      content: ' 目录需要一致',
      markup: '',
      info: '',
      meta: null,
      block: false,
      hidden: false
    }
  ],
  content: '注意：`client` 和 `mysqld` 的读写 `socket` 目录需要一致',
  markup: '',
  info: '',
  meta: null,
  block: true,
  hidden: false
}
Token {
  type: 'paragraph_close',
  tag: 'p',
  attrs: null,
  map: null,
  nesting: -1,
  level: 2,
  children: null,
  content: '',
  markup: '',
  info: '',
  meta: null,
  block: true,
  hidden: true
}
Token {
  type: 'list_item_close',
  tag: 'li',
  attrs: null,
  map: null,
  nesting: -1,
  level: 1,
  children: null,
  content: '',
  markup: '-',
  info: '',
  meta: null,
  block: true,
  hidden: false
}
Token {
  type: 'bullet_list_close',
  tag: 'ul',
  attrs: null,
  map: null,
  nesting: -1,
  level: 0,
  children: null,
  content: '',
  markup: '-',
  info: '',
  meta: null,
  block: true,
  hidden: false
}
Token {
  type: 'heading_open',
  tag: 'h3',
  attrs: null,
  map: [ 274, 275 ],
  nesting: 1,
  level: 0,
  children: null,
  content: '',
  markup: '###',
  info: '',
  meta: null,
  block: true,
  hidden: false
}
Token {
  type: 'inline',
  tag: '',
  attrs: null,
  map: [ 274, 275 ],
  nesting: 0,
  level: 1,
  children: [
    Token {
      type: 'text',
      tag: '',
      attrs: null,
      map: null,
      nesting: 0,
      level: 0,
      children: null,
      content: '3.2 ',
      markup: '',
      info: '',
      meta: null,
      block: false,
      hidden: false
    },
    Token {
      type: 'code_inline',
      tag: 'code',
      attrs: null,
      map: null,
      nesting: 0,
      level: 0,
      children: null,
      content: 'init',
      markup: '`',
      info: '',
      meta: null,
      block: false,
      hidden: false
    },
    Token {
      type: 'text',
      tag: '',
      attrs: null,
      map: null,
      nesting: 0,
      level: 0,
      children: null,
      content: ' 初始配置',
      markup: '',
      info: '',
      meta: null,
      block: false,
      hidden: false
    }
  ],
  content: '3.2 `init` 初始配置',
  markup: '',
  info: '',
  meta: null,
  block: true,
  hidden: false
}
Token {
  type: 'heading_close',
  tag: 'h3',
  attrs: null,
  map: null,
  nesting: -1,
  level: 0,
  children: null,
  content: '',
  markup: '###',
  info: '',
  meta: null,
  block: true,
  hidden: false
}
Token {
  type: 'bullet_list_open',
  tag: 'ul',
  attrs: null,
  map: [ 276, 278 ],
  nesting: 1,
  level: 0,
  children: null,
  content: '',
  markup: '-',
  info: '',
  meta: null,
  block: true,
  hidden: false
}
Token {
  type: 'list_item_open',
  tag: 'li',
  attrs: null,
  map: [ 276, 278 ],
  nesting: 1,
  level: 1,
  children: null,
  content: '',
  markup: '-',
  info: '',
  meta: null,
  block: true,
  hidden: false
}
Token {
  type: 'paragraph_open',
  tag: 'p',
  attrs: null,
  map: [ 276, 277 ],
  nesting: 1,
  level: 2,
  children: null,
  content: '',
  markup: '',
  info: '',
  meta: null,
  block: true,
  hidden: true
}
Token {
  type: 'inline',
  tag: '',
  attrs: null,
  map: [ 276, 277 ],
  nesting: 0,
  level: 3,
  children: [
    Token {
      type: 'text',
      tag: '',
      attrs: null,
      map: null,
      nesting: 0,
      level: 0,
      children: null,
      content: '执行如下命令，启动 ',
      markup: '',
      info: '',
      meta: null,
      block: false,
      hidden: false
    },
    Token {
      type: 'code_inline',
      tag: 'code',
      attrs: null,
      map: null,
      nesting: 0,
      level: 0,
      children: null,
      content: 'mysqld',
      markup: '`',
      info: '',
      meta: null,
      block: false,
      hidden: false
    },
    Token {
      type: 'text',
      tag: '',
      attrs: null,
      map: null,
      nesting: 0,
      level: 0,
      children: null,
      content: ' 服务端。',
      markup: '',
      info: '',
      meta: null,
      block: false,
      hidden: false
    }
  ],
  content: '执行如下命令，启动 `mysqld` 服务端。',
  markup: '',
  info: '',
  meta: null,
  block: true,
  hidden: false
}
Token {
  type: 'paragraph_close',
  tag: 'p',
  attrs: null,
  map: null,
  nesting: -1,
  level: 2,
  children: null,
  content: '',
  markup: '',
  info: '',
  meta: null,
  block: true,
  hidden: true
}
Token {
  type: 'list_item_close',
  tag: 'li',
  attrs: null,
  map: null,
  nesting: -1,
  level: 1,
  children: null,
  content: '',
  markup: '-',
  info: '',
  meta: null,
  block: true,
  hidden: false
}
Token {
  type: 'bullet_list_close',
  tag: 'ul',
  attrs: null,
  map: null,
  nesting: -1,
  level: 0,
  children: null,
  content: '',
  markup: '-',
  info: '',
  meta: null,
  block: true,
  hidden: false
}
Token {
  type: 'fence',
  tag: 'code',
  attrs: null,
  map: [ 278, 286 ],
  nesting: 0,
  level: 0,
  children: null,
  content: 'cd opt/mysql-source-code/mysql/bin\n' +
    '\n' +
    '# init\n' +
    'sudo ./mysqld --defaults-file=/opt/mysql-source-code/mysql-config/my.cnf \\\n' +
    '  --initialize-insecure \\\n' +
    '  --user=root\n',
  markup: '```',
  info: 'sh',
  meta: null,
  block: true,
  hidden: false
}
Token {
  type: 'bullet_list_open',
  tag: 'ul',
  attrs: null,
  map: [ 287, 290 ],
  nesting: 1,
  level: 0,
  children: null,
  content: '',
  markup: '-',
  info: '',
  meta: null,
  block: true,
  hidden: false
}
Token {
  type: 'list_item_open',
  tag: 'li',
  attrs: null,
  map: [ 287, 288 ],
  nesting: 1,
  level: 1,
  children: null,
  content: '',
  markup: '-',
  info: '',
  meta: null,
  block: true,
  hidden: false
}
Token {
  type: 'paragraph_open',
  tag: 'p',
  attrs: null,
  map: [ 287, 288 ],
  nesting: 1,
  level: 2,
  children: null,
  content: '',
  markup: '',
  info: '',
  meta: null,
  block: true,
  hidden: true
}
Token {
  type: 'inline',
  tag: '',
  attrs: null,
  map: [ 287, 288 ],
  nesting: 0,
  level: 3,
  children: [
    Token {
      type: 'text',
      tag: '',
      attrs: null,
      map: null,
      nesting: 0,
      level: 0,
      children: null,
      content: '此处直接使用 ',
      markup: '',
      info: '',
      meta: null,
      block: false,
      hidden: false
    },
    Token {
      type: 'code_inline',
      tag: 'code',
      attrs: null,
      map: null,
      nesting: 0,
      level: 0,
      children: null,
      content: '--initialize-insecure',
      markup: '`',
      info: '',
      meta: null,
      block: false,
      hidden: false
    },
    Token {
      type: 'text',
      tag: '',
      attrs: null,
      map: null,
      nesting: 0,
      level: 0,
      children: null,
      content: '，非安全模式启动，后面把密码改掉即可。',
      markup: '',
      info: '',
      meta: null,
      block: false,
      hidden: false
    }
  ],
  content: '此处直接使用 `--initialize-insecure`，非安全模式启动，后面把密码改掉即可。',
  markup: '',
  info: '',
  meta: null,
  block: true,
  hidden: false
}
Token {
  type: 'paragraph_close',
  tag: 'p',
  attrs: null,
  map: null,
  nesting: -1,
  level: 2,
  children: null,
  content: '',
  markup: '',
  info: '',
  meta: null,
  block: true,
  hidden: true
}
Token {
  type: 'list_item_close',
  tag: 'li',
  attrs: null,
  map: null,
  nesting: -1,
  level: 1,
  children: null,
  content: '',
  markup: '-',
  info: '',
  meta: null,
  block: true,
  hidden: false
}
Token {
  type: 'list_item_open',
  tag: 'li',
  attrs: null,
  map: [ 288, 290 ],
  nesting: 1,
  level: 1,
  children: null,
  content: '',
  markup: '-',
  info: '',
  meta: null,
  block: true,
  hidden: false
}
Token {
  type: 'paragraph_open',
  tag: 'p',
  attrs: null,
  map: [ 288, 289 ],
  nesting: 1,
  level: 2,
  children: null,
  content: '',
  markup: '',
  info: '',
  meta: null,
  block: true,
  hidden: true
}
Token {
  type: 'inline',
  tag: '',
  attrs: null,
  map: [ 288, 289 ],
  nesting: 0,
  level: 3,
  children: [
    Token {
      type: 'text',
      tag: '',
      attrs: null,
      map: null,
      nesting: 0,
      level: 0,
      children: null,
      content: '初始化成功之后，即可在 ',
      markup: '',
      info: '',
      meta: null,
      block: false,
      hidden: false
    },
    Token {
      type: 'code_inline',
      tag: 'code',
      attrs: null,
      map: null,
      nesting: 0,
      level: 0,
      children: null,
      content: 'opt/mysql-source-code/mysql-data',
      markup: '`',
      info: '',
      meta: null,
      block: false,
      hidden: false
    },
    Token {
      type: 'text',
      tag: '',
      attrs: null,
      map: null,
      nesting: 0,
      level: 0,
      children: null,
      content: ' 下看到有写入的文件。',
      markup: '',
      info: '',
      meta: null,
      block: false,
      hidden: false
    }
  ],
  content: '初始化成功之后，即可在 `opt/mysql-source-code/mysql-data` 下看到有写入的文件。',
  markup: '',
  info: '',
  meta: null,
  block: true,
  hidden: false
}
Token {
  type: 'paragraph_close',
  tag: 'p',
  attrs: null,
  map: null,
  nesting: -1,
  level: 2,
  children: null,
  content: '',
  markup: '',
  info: '',
  meta: null,
  block: true,
  hidden: true
}
Token {
  type: 'list_item_close',
  tag: 'li',
  attrs: null,
  map: null,
  nesting: -1,
  level: 1,
  children: null,
  content: '',
  markup: '-',
  info: '',
  meta: null,
  block: true,
  hidden: false
}
Token {
  type: 'bullet_list_close',
  tag: 'ul',
  attrs: null,
  map: null,
  nesting: -1,
  level: 0,
  children: null,
  content: '',
  markup: '-',
  info: '',
  meta: null,
  block: true,
  hidden: false
}
Token {
  type: 'heading_open',
  tag: 'h3',
  attrs: null,
  map: [ 290, 291 ],
  nesting: 1,
  level: 0,
  children: null,
  content: '',
  markup: '###',
  info: '',
  meta: null,
  block: true,
  hidden: false
}
Token {
  type: 'inline',
  tag: '',
  attrs: null,
  map: [ 290, 291 ],
  nesting: 0,
  level: 1,
  children: [
    Token {
      type: 'text',
      tag: '',
      attrs: null,
      map: null,
      nesting: 0,
      level: 0,
      children: null,
      content: '3.3 启动和关闭',
      markup: '',
      info: '',
      meta: null,
      block: false,
      hidden: false
    }
  ],
  content: '3.3 启动和关闭',
  markup: '',
  info: '',
  meta: null,
  block: true,
  hidden: false
}
Token {
  type: 'heading_close',
  tag: 'h3',
  attrs: null,
  map: null,
  nesting: -1,
  level: 0,
  children: null,
  content: '',
  markup: '###',
  info: '',
  meta: null,
  block: true,
  hidden: false
}
Token {
  type: 'bullet_list_open',
  tag: 'ul',
  attrs: null,
  map: [ 292, 295 ],
  nesting: 1,
  level: 0,
  children: null,
  content: '',
  markup: '-',
  info: '',
  meta: null,
  block: true,
  hidden: false
}
Token {
  type: 'list_item_open',
  tag: 'li',
  attrs: null,
  map: [ 292, 293 ],
  nesting: 1,
  level: 1,
  children: null,
  content: '',
  markup: '-',
  info: '',
  meta: null,
  block: true,
  hidden: false
}
Token {
  type: 'paragraph_open',
  tag: 'p',
  attrs: null,
  map: [ 292, 293 ],
  nesting: 1,
  level: 2,
  children: null,
  content: '',
  markup: '',
  info: '',
  meta: null,
  block: true,
  hidden: true
}
Token {
  type: 'inline',
  tag: '',
  attrs: null,
  map: [ 292, 293 ],
  nesting: 0,
  level: 3,
  children: [
    Token {
      type: 'text',
      tag: '',
      attrs: null,
      map: null,
      nesting: 0,
      level: 0,
      children: null,
      content: '在 ',
      markup: '',
      info: '',
      meta: null,
      block: false,
      hidden: false
    },
    Token {
      type: 'code_inline',
      tag: 'code',
      attrs: null,
      map: null,
      nesting: 0,
      level: 0,
      children: null,
      content: '/opt/mysql-source-code/mysql/bin',
      markup: '`',
      info: '',
      meta: null,
      block: false,
      hidden: false
    },
    Token {
      type: 'text',
      tag: '',
      attrs: null,
      map: null,
      nesting: 0,
      level: 0,
      children: null,
      content: ' 目录下，可以同时看到 ',
      markup: '',
      info: '',
      meta: null,
      block: false,
      hidden: false
    },
    Token {
      type: 'code_inline',
      tag: 'code',
      attrs: null,
      map: null,
      nesting: 0,
      level: 0,
      children: null,
      content: 'mysqld',
      markup: '`',
      info: '',
      meta: null,
      block: false,
      hidden: false
    },
    Token {
      type: 'text',
      tag: '',
      attrs: null,
      map: null,
      nesting: 0,
      level: 0,
      children: null,
      content: ' 和 ',
      markup: '',
      info: '',
      meta: null,
      block: false,
      hidden: false
    },
    Token {
      type: 'code_inline',
      tag: 'code',
      attrs: null,
      map: null,
      nesting: 0,
      level: 0,
      children: null,
      content: 'mysqld_safe',
      markup: '`',
      info: '',
      meta: null,
      block: false,
      hidden: false
    },
    Token {
      type: 'text',
      tag: '',
      attrs: null,
      map: null,
      nesting: 0,
      level: 0,
      children: null,
      content: ' 两个文件。实际上，',
      markup: '',
      info: '',
      meta: null,
      block: false,
      hidden: false
    },
    Token {
      type: 'code_inline',
      tag: 'code',
      attrs: null,
      map: null,
      nesting: 0,
      level: 0,
      children: null,
      content: 'mysqld_safe',
      markup: '`',
      info: '',
      meta: null,
      block: false,
      hidden: false
    },
    Token {
      type: 'text',
      tag: '',
      attrs: null,
      map: null,
      nesting: 0,
      level: 0,
      children: null,
      content: ' 是 ',
      markup: '',
      info: '',
      meta: null,
      block: false,
      hidden: false
    },
    Token {
      type: 'code_inline',
      tag: 'code',
      attrs: null,
      map: null,
      nesting: 0,
      level: 0,
      children: null,
      content: 'shell',
      markup: '`',
      info: '',
      meta: null,
      block: false,
      hidden: false
    },
    Token {
      type: 'text',
      tag: '',
      attrs: null,
      map: null,
      nesting: 0,
      level: 0,
      children: null,
      content: ' 脚本，是用来启动 ',
      markup: '',
      info: '',
      meta: null,
      block: false,
      hidden: false
    },
    Token {
      type: 'code_inline',
      tag: 'code',
      attrs: null,
      map: null,
      nesting: 0,
      level: 0,
      children: null,
      content: 'mysqld',
      markup: '`',
      info: '',
      meta: null,
      block: false,
      hidden: false
    },
    Token {
      type: 'text',
      tag: '',
      attrs: null,
      map: null,
      nesting: 0,
      level: 0,
      children: null,
      content: ' 的，有重启等等功能，通过 ',
      markup: '',
      info: '',
      meta: null,
      block: false,
      hidden: false
    },
    Token {
      type: 'code_inline',
      tag: 'code',
      attrs: null,
      map: null,
      nesting: 0,
      level: 0,
      children: null,
      content: 'mysqld_safe',
      markup: '`',
      info: '',
      meta: null,
      block: false,
      hidden: false
    },
    Token {
      type: 'text',
      tag: '',
      attrs: null,
      map: null,
      nesting: 0,
      level: 0,
      children: null,
      content: ' 启动相对来说更好一些。',
      markup: '',
      info: '',
      meta: null,
      block: false,
      hidden: false
    }
  ],
  content: '在 `/opt/mysql-source-code/mysql/bin` 目录下，可以同时看到 `mysqld` 和 `mysqld_safe` 两个文件。实际上，`mysqld_safe` 是 `shell` 脚本，是用来启动 `mysqld` 的，有重启等等功能，通过 `mysqld_safe` 启动相对来说更好一些。',
  markup: '',
  info: '',
  meta: null,
  block: true,
  hidden: false
}
Token {
  type: 'paragraph_close',
  tag: 'p',
  attrs: null,
  map: null,
  nesting: -1,
  level: 2,
  children: null,
  content: '',
  markup: '',
  info: '',
  meta: null,
  block: true,
  hidden: true
}
Token {
  type: 'list_item_close',
  tag: 'li',
  attrs: null,
  map: null,
  nesting: -1,
  level: 1,
  children: null,
  content: '',
  markup: '-',
  info: '',
  meta: null,
  block: true,
  hidden: false
}
Token {
  type: 'list_item_open',
  tag: 'li',
  attrs: null,
  map: [ 293, 295 ],
  nesting: 1,
  level: 1,
  children: null,
  content: '',
  markup: '-',
  info: '',
  meta: null,
  block: true,
  hidden: false
}
Token {
  type: 'paragraph_open',
  tag: 'p',
  attrs: null,
  map: [ 293, 294 ],
  nesting: 1,
  level: 2,
  children: null,
  content: '',
  markup: '',
  info: '',
  meta: null,
  block: true,
  hidden: true
}
Token {
  type: 'inline',
  tag: '',
  attrs: null,
  map: [ 293, 294 ],
  nesting: 0,
  level: 3,
  children: [
    Token {
      type: 'text',
      tag: '',
      attrs: null,
      map: null,
      nesting: 0,
      level: 0,
      children: null,
      content: '通过 ',
      markup: '',
      info: '',
      meta: null,
      block: false,
      hidden: false
    },
    Token {
      type: 'code_inline',
      tag: 'code',
      attrs: null,
      map: null,
      nesting: 0,
      level: 0,
      children: null,
      content: 'mysqld_safe',
      markup: '`',
      info: '',
      meta: null,
      block: false,
      hidden: false
    },
    Token {
      type: 'text',
      tag: '',
      attrs: null,
      map: null,
      nesting: 0,
      level: 0,
      children: null,
      content: ' 启动，执行如下命令：',
      markup: '',
      info: '',
      meta: null,
      block: false,
      hidden: false
    }
  ],
  content: '通过 `mysqld_safe` 启动，执行如下命令：',
  markup: '',
  info: '',
  meta: null,
  block: true,
  hidden: false
}
Token {
  type: 'paragraph_close',
  tag: 'p',
  attrs: null,
  map: null,
  nesting: -1,
  level: 2,
  children: null,
  content: '',
  markup: '',
  info: '',
  meta: null,
  block: true,
  hidden: true
}
Token {
  type: 'list_item_close',
  tag: 'li',
  attrs: null,
  map: null,
  nesting: -1,
  level: 1,
  children: null,
  content: '',
  markup: '-',
  info: '',
  meta: null,
  block: true,
  hidden: false
}
Token {
  type: 'bullet_list_close',
  tag: 'ul',
  attrs: null,
  map: null,
  nesting: -1,
  level: 0,
  children: null,
  content: '',
  markup: '-',
  info: '',
  meta: null,
  block: true,
  hidden: false
}
Token {
  type: 'fence',
  tag: 'code',
  attrs: null,
  map: [ 295, 298 ],
  nesting: 0,
  level: 0,
  children: null,
  content: 'sudo ./mysqld_safe &\n',
  markup: '```',
  info: 'sh',
  meta: null,
  block: true,
  hidden: false
}
Token {
  type: 'bullet_list_open',
  tag: 'ul',
  attrs: null,
  map: [ 299, 301 ],
  nesting: 1,
  level: 0,
  children: null,
  content: '',
  markup: '-',
  info: '',
  meta: null,
  block: true,
  hidden: false
}
Token {
  type: 'list_item_open',
  tag: 'li',
  attrs: null,
  map: [ 299, 301 ],
  nesting: 1,
  level: 1,
  children: null,
  content: '',
  markup: '-',
  info: '',
  meta: null,
  block: true,
  hidden: false
}
Token {
  type: 'paragraph_open',
  tag: 'p',
  attrs: null,
  map: [ 299, 300 ],
  nesting: 1,
  level: 2,
  children: null,
  content: '',
  markup: '',
  info: '',
  meta: null,
  block: true,
  hidden: true
}
Token {
  type: 'inline',
  tag: '',
  attrs: null,
  map: [ 299, 300 ],
  nesting: 0,
  level: 3,
  children: [
    Token {
      type: 'text',
      tag: '',
      attrs: null,
      map: null,
      nesting: 0,
      level: 0,
      children: null,
      content: '可将实例放到后台运行，不会阻塞当前 ',
      markup: '',
      info: '',
      meta: null,
      block: false,
      hidden: false
    },
    Token {
      type: 'code_inline',
      tag: 'code',
      attrs: null,
      map: null,
      nesting: 0,
      level: 0,
      children: null,
      content: 'shell',
      markup: '`',
      info: '',
      meta: null,
      block: false,
      hidden: false
    },
    Token {
      type: 'text',
      tag: '',
      attrs: null,
      map: null,
      nesting: 0,
      level: 0,
      children: null,
      content: ' 会话。',
      markup: '',
      info: '',
      meta: null,
      block: false,
      hidden: false
    }
  ],
  content: '可将实例放到后台运行，不会阻塞当前 `shell` 会话。',
  markup: '',
  info: '',
  meta: null,
  block: true,
  hidden: false
}
Token {
  type: 'paragraph_close',
  tag: 'p',
  attrs: null,
  map: null,
  nesting: -1,
  level: 2,
  children: null,
  content: '',
  markup: '',
  info: '',
  meta: null,
  block: true,
  hidden: true
}
Token {
  type: 'list_item_close',
  tag: 'li',
  attrs: null,
  map: null,
  nesting: -1,
  level: 1,
  children: null,
  content: '',
  markup: '-',
  info: '',
  meta: null,
  block: true,
  hidden: false
}
Token {
  type: 'bullet_list_close',
  tag: 'ul',
  attrs: null,
  map: null,
  nesting: -1,
  level: 0,
  children: null,
  content: '',
  markup: '-',
  info: '',
  meta: null,
  block: true,
  hidden: false
}
Token {
  type: 'hr',
  tag: 'hr',
  attrs: null,
  map: [ 301, 302 ],
  nesting: 0,
  level: 0,
  children: null,
  content: '',
  markup: '---',
  info: '',
  meta: null,
  block: true,
  hidden: false
}
Token {
  type: 'bullet_list_open',
  tag: 'ul',
  attrs: null,
  map: [ 303, 305 ],
  nesting: 1,
  level: 0,
  children: null,
  content: '',
  markup: '-',
  info: '',
  meta: null,
  block: true,
  hidden: false
}
Token {
  type: 'list_item_open',
  tag: 'li',
  attrs: null,
  map: [ 303, 305 ],
  nesting: 1,
  level: 1,
  children: null,
  content: '',
  markup: '-',
  info: '',
  meta: null,
  block: true,
  hidden: false
}
Token {
  type: 'paragraph_open',
  tag: 'p',
  attrs: null,
  map: [ 303, 304 ],
  nesting: 1,
  level: 2,
  children: null,
  content: '',
  markup: '',
  info: '',
  meta: null,
  block: true,
  hidden: true
}
Token {
  type: 'inline',
  tag: '',
  attrs: null,
  map: [ 303, 304 ],
  nesting: 0,
  level: 3,
  children: [
    Token {
      type: 'text',
      tag: '',
      attrs: null,
      map: null,
      nesting: 0,
      level: 0,
      children: null,
      content: '如果需要管理实例，则可以通过 ',
      markup: '',
      info: '',
      meta: null,
      block: false,
      hidden: false
    },
    Token {
      type: 'code_inline',
      tag: 'code',
      attrs: null,
      map: null,
      nesting: 0,
      level: 0,
      children: null,
      content: 'opt/mysql-source-code/mysql/bin/mysqladmin',
      markup: '`',
      info: '',
      meta: null,
      block: false,
      hidden: false
    },
    Token {
      type: 'text',
      tag: '',
      attrs: null,
      map: null,
      nesting: 0,
      level: 0,
      children: null,
      content: ' 二进制文件来管理，比如需要关闭实例：',
      markup: '',
      info: '',
      meta: null,
      block: false,
      hidden: false
    }
  ],
  content: '如果需要管理实例，则可以通过 `opt/mysql-source-code/mysql/bin/mysqladmin` 二进制文件来管理，比如需要关闭实例：',
  markup: '',
  info: '',
  meta: null,
  block: true,
  hidden: false
}
Token {
  type: 'paragraph_close',
  tag: 'p',
  attrs: null,
  map: null,
  nesting: -1,
  level: 2,
  children: null,
  content: '',
  markup: '',
  info: '',
  meta: null,
  block: true,
  hidden: true
}
Token {
  type: 'list_item_close',
  tag: 'li',
  attrs: null,
  map: null,
  nesting: -1,
  level: 1,
  children: null,
  content: '',
  markup: '-',
  info: '',
  meta: null,
  block: true,
  hidden: false
}
Token {
  type: 'bullet_list_close',
  tag: 'ul',
  attrs: null,
  map: null,
  nesting: -1,
  level: 0,
  children: null,
  content: '',
  markup: '-',
  info: '',
  meta: null,
  block: true,
  hidden: false
}
Token {
  type: 'fence',
  tag: 'code',
  attrs: null,
  map: [ 305, 310 ],
  nesting: 0,
  level: 0,
  children: null,
  content: 'cd opt/mysql-source-code/mysql/bin\n\n./mysqladmin -u root shutdown\n',
  markup: '```',
  info: 'sh',
  meta: null,
  block: true,
  hidden: false
}
Token {
  type: 'heading_open',
  tag: 'h3',
  attrs: null,
  map: [ 311, 312 ],
  nesting: 1,
  level: 0,
  children: null,
  content: '',
  markup: '###',
  info: '',
  meta: null,
  block: true,
  hidden: false
}
Token {
  type: 'inline',
  tag: '',
  attrs: null,
  map: [ 311, 312 ],
  nesting: 0,
  level: 1,
  children: [
    Token {
      type: 'text',
      tag: '',
      attrs: null,
      map: null,
      nesting: 0,
      level: 0,
      children: null,
      content: '3.4 客户端连接',
      markup: '',
      info: '',
      meta: null,
      block: false,
      hidden: false
    }
  ],
  content: '3.4 客户端连接',
  markup: '',
  info: '',
  meta: null,
  block: true,
  hidden: false
}
Token {
  type: 'heading_close',
  tag: 'h3',
  attrs: null,
  map: null,
  nesting: -1,
  level: 0,
  children: null,
  content: '',
  markup: '###',
  info: '',
  meta: null,
  block: true,
  hidden: false
}
Token {
  type: 'bullet_list_open',
  tag: 'ul',
  attrs: null,
  map: [ 313, 317 ],
  nesting: 1,
  level: 0,
  children: null,
  content: '',
  markup: '-',
  info: '',
  meta: null,
  block: true,
  hidden: false
}
Token {
  type: 'list_item_open',
  tag: 'li',
  attrs: null,
  map: [ 313, 314 ],
  nesting: 1,
  level: 1,
  children: null,
  content: '',
  markup: '-',
  info: '',
  meta: null,
  block: true,
  hidden: false
}
Token {
  type: 'paragraph_open',
  tag: 'p',
  attrs: null,
  map: [ 313, 314 ],
  nesting: 1,
  level: 2,
  children: null,
  content: '',
  markup: '',
  info: '',
  meta: null,
  block: true,
  hidden: true
}
Token {
  type: 'inline',
  tag: '',
  attrs: null,
  map: [ 313, 314 ],
  nesting: 0,
  level: 3,
  children: [
    Token {
      type: 'text',
      tag: '',
      attrs: null,
      map: null,
      nesting: 0,
      level: 0,
      children: null,
      content: '推荐安装客户端工具：[GitHub - dbcli/mycli: A Terminal Client for MySQL with AutoCompletion and Syntax Highlighting.](https://github.com/dbcli/mycli)',
      markup: '',
      info: '',
      meta: null,
      block: false,
      hidden: false
    }
  ],
  content: '推荐安装客户端工具：[GitHub - dbcli/mycli: A Terminal Client for MySQL with AutoCompletion and Syntax Highlighting.](https://github.com/dbcli/mycli)',
  markup: '',
  info: '',
  meta: null,
  block: true,
  hidden: false
}
Token {
  type: 'paragraph_close',
  tag: 'p',
  attrs: null,
  map: null,
  nesting: -1,
  level: 2,
  children: null,
  content: '',
  markup: '',
  info: '',
  meta: null,
  block: true,
  hidden: true
}
Token {
  type: 'list_item_close',
  tag: 'li',
  attrs: null,
  map: null,
  nesting: -1,
  level: 1,
  children: null,
  content: '',
  markup: '-',
  info: '',
  meta: null,
  block: true,
  hidden: false
}
Token {
  type: 'list_item_open',
  tag: 'li',
  attrs: null,
  map: [ 314, 315 ],
  nesting: 1,
  level: 1,
  children: null,
  content: '',
  markup: '-',
  info: '',
  meta: null,
  block: true,
  hidden: false
}
Token {
  type: 'paragraph_open',
  tag: 'p',
  attrs: null,
  map: [ 314, 315 ],
  nesting: 1,
  level: 2,
  children: null,
  content: '',
  markup: '',
  info: '',
  meta: null,
  block: true,
  hidden: true
}
Token {
  type: 'inline',
  tag: '',
  attrs: null,
  map: [ 314, 315 ],
  nesting: 0,
  level: 3,
  children: [
    Token {
      type: 'code_inline',
      tag: 'code',
      attrs: null,
      map: null,
      nesting: 0,
      level: 0,
      children: null,
      content: 'mycli',
      markup: '`',
      info: '',
      meta: null,
      block: false,
      hidden: false
    },
    Token {
      type: 'text',
      tag: '',
      attrs: null,
      map: null,
      nesting: 0,
      level: 0,
      children: null,
      content: ' 工具带有补全和高亮，还支持格式化输出，相对来说手感较好。',
      markup: '',
      info: '',
      meta: null,
      block: false,
      hidden: false
    }
  ],
  content: '`mycli` 工具带有补全和高亮，还支持格式化输出，相对来说手感较好。',
  markup: '',
  info: '',
  meta: null,
  block: true,
  hidden: false
}
Token {
  type: 'paragraph_close',
  tag: 'p',
  attrs: null,
  map: null,
  nesting: -1,
  level: 2,
  children: null,
  content: '',
  markup: '',
  info: '',
  meta: null,
  block: true,
  hidden: true
}
Token {
  type: 'list_item_close',
  tag: 'li',
  attrs: null,
  map: null,
  nesting: -1,
  level: 1,
  children: null,
  content: '',
  markup: '-',
  info: '',
  meta: null,
  block: true,
  hidden: false
}
Token {
  type: 'list_item_open',
  tag: 'li',
  attrs: null,
  map: [ 315, 317 ],
  nesting: 1,
  level: 1,
  children: null,
  content: '',
  markup: '-',
  info: '',
  meta: null,
  block: true,
  hidden: false
}
Token {
  type: 'paragraph_open',
  tag: 'p',
  attrs: null,
  map: [ 315, 316 ],
  nesting: 1,
  level: 2,
  children: null,
  content: '',
  markup: '',
  info: '',
  meta: null,
  block: true,
  hidden: true
}
Token {
  type: 'inline',
  tag: '',
  attrs: null,
  map: [ 315, 316 ],
  nesting: 0,
  level: 3,
  children: [
    Token {
      type: 'text',
      tag: '',
      attrs: null,
      map: null,
      nesting: 0,
      level: 0,
      children: null,
      content: '启动 ',
      markup: '',
      info: '',
      meta: null,
      block: false,
      hidden: false
    },
    Token {
      type: 'code_inline',
      tag: 'code',
      attrs: null,
      map: null,
      nesting: 0,
      level: 0,
      children: null,
      content: 'mysqld',
      markup: '`',
      info: '',
      meta: null,
      block: false,
      hidden: false
    },
    Token {
      type: 'text',
      tag: '',
      attrs: null,
      map: null,
      nesting: 0,
      level: 0,
      children: null,
      content: ' 服务端后，执行如下命令即可连接',
      markup: '',
      info: '',
      meta: null,
      block: false,
      hidden: false
    }
  ],
  content: '启动 `mysqld` 服务端后，执行如下命令即可连接',
  markup: '',
  info: '',
  meta: null,
  block: true,
  hidden: false
}
Token {
  type: 'paragraph_close',
  tag: 'p',
  attrs: null,
  map: null,
  nesting: -1,
  level: 2,
  children: null,
  content: '',
  markup: '',
  info: '',
  meta: null,
  block: true,
  hidden: true
}
Token {
  type: 'list_item_close',
  tag: 'li',
  attrs: null,
  map: null,
  nesting: -1,
  level: 1,
  children: null,
  content: '',
  markup: '-',
  info: '',
  meta: null,
  block: true,
  hidden: false
}
Token {
  type: 'bullet_list_close',
  tag: 'ul',
  attrs: null,
  map: null,
  nesting: -1,
  level: 0,
  children: null,
  content: '',
  markup: '-',
  info: '',
  meta: null,
  block: true,
  hidden: false
}
Token {
  type: 'fence',
  tag: 'code',
  attrs: null,
  map: [ 317, 320 ],
  nesting: 0,
  level: 0,
  children: null,
  content: 'mycli -u root\n',
  markup: '```',
  info: 'sh',
  meta: null,
  block: true,
  hidden: false
}
Token {
  type: 'heading_open',
  tag: 'h3',
  attrs: null,
  map: [ 321, 322 ],
  nesting: 1,
  level: 0,
  children: null,
  content: '',
  markup: '###',
  info: '',
  meta: null,
  block: true,
  hidden: false
}
Token {
  type: 'inline',
  tag: '',
  attrs: null,
  map: [ 321, 322 ],
  nesting: 0,
  level: 1,
  children: [
    Token {
      type: 'text',
      tag: '',
      attrs: null,
      map: null,
      nesting: 0,
      level: 0,
      children: null,
      content: '3.4 修改密码',
      markup: '',
      info: '',
      meta: null,
      block: false,
      hidden: false
    }
  ],
  content: '3.4 修改密码',
  markup: '',
  info: '',
  meta: null,
  block: true,
  hidden: false
}
Token {
  type: 'heading_close',
  tag: 'h3',
  attrs: null,
  map: null,
  nesting: -1,
  level: 0,
  children: null,
  content: '',
  markup: '###',
  info: '',
  meta: null,
  block: true,
  hidden: false
}
Token {
  type: 'bullet_list_open',
  tag: 'ul',
  attrs: null,
  map: [ 323, 327 ],
  nesting: 1,
  level: 0,
  children: null,
  content: '',
  markup: '-',
  info: '',
  meta: null,
  block: true,
  hidden: false
}
Token {
  type: 'list_item_open',
  tag: 'li',
  attrs: null,
  map: [ 323, 324 ],
  nesting: 1,
  level: 1,
  children: null,
  content: '',
  markup: '-',
  info: '',
  meta: null,
  block: true,
  hidden: false
}
Token {
  type: 'paragraph_open',
  tag: 'p',
  attrs: null,
  map: [ 323, 324 ],
  nesting: 1,
  level: 2,
  children: null,
  content: '',
  markup: '',
  info: '',
  meta: null,
  block: true,
  hidden: true
}
Token {
  type: 'inline',
  tag: '',
  attrs: null,
  map: [ 323, 324 ],
  nesting: 0,
  level: 3,
  children: [
    Token {
      type: 'text',
      tag: '',
      attrs: null,
      map: null,
      nesting: 0,
      level: 0,
      children: null,
      content: '虽然此数据库只是调试使用，服务器也有简单的安全配置，但是，出于谨慎考虑，还是添加一个密码较好。',
      markup: '',
      info: '',
      meta: null,
      block: false,
      hidden: false
    }
  ],
  content: '虽然此数据库只是调试使用，服务器也有简单的安全配置，但是，出于谨慎考虑，还是添加一个密码较好。',
  markup: '',
  info: '',
  meta: null,
  block: true,
  hidden: false
}
Token {
  type: 'paragraph_close',
  tag: 'p',
  attrs: null,
  map: null,
  nesting: -1,
  level: 2,
  children: null,
  content: '',
  markup: '',
  info: '',
  meta: null,
  block: true,
  hidden: true
}
Token {
  type: 'list_item_close',
  tag: 'li',
  attrs: null,
  map: null,
  nesting: -1,
  level: 1,
  children: null,
  content: '',
  markup: '-',
  info: '',
  meta: null,
  block: true,
  hidden: false
}
Token {
  type: 'list_item_open',
  tag: 'li',
  attrs: null,
  map: [ 324, 325 ],
  nesting: 1,
  level: 1,
  children: null,
  content: '',
  markup: '-',
  info: '',
  meta: null,
  block: true,
  hidden: false
}
Token {
  type: 'paragraph_open',
  tag: 'p',
  attrs: null,
  map: [ 324, 325 ],
  nesting: 1,
  level: 2,
  children: null,
  content: '',
  markup: '',
  info: '',
  meta: null,
  block: true,
  hidden: true
}
Token {
  type: 'inline',
  tag: '',
  attrs: null,
  map: [ 324, 325 ],
  nesting: 0,
  level: 3,
  children: [
    Token {
      type: 'text',
      tag: '',
      attrs: null,
      map: null,
      nesting: 0,
      level: 0,
      children: null,
      content: '使用客户端连接之后，执行如下命令：',
      markup: '',
      info: '',
      meta: null,
      block: false,
      hidden: false
    }
  ],
  content: '使用客户端连接之后，执行如下命令：',
  markup: '',
  info: '',
  meta: null,
  block: true,
  hidden: false
}
Token {
  type: 'paragraph_close',
  tag: 'p',
  attrs: null,
  map: null,
  nesting: -1,
  level: 2,
  children: null,
  content: '',
  markup: '',
  info: '',
  meta: null,
  block: true,
  hidden: true
}
Token {
  type: 'list_item_close',
  tag: 'li',
  attrs: null,
  map: null,
  nesting: -1,
  level: 1,
  children: null,
  content: '',
  markup: '-',
  info: '',
  meta: null,
  block: true,
  hidden: false
}
Token {
  type: 'list_item_open',
  tag: 'li',
  attrs: null,
  map: [ 325, 327 ],
  nesting: 1,
  level: 1,
  children: null,
  content: '',
  markup: '-',
  info: '',
  meta: null,
  block: true,
  hidden: false
}
Token {
  type: 'paragraph_open',
  tag: 'p',
  attrs: null,
  map: [ 325, 326 ],
  nesting: 1,
  level: 2,
  children: null,
  content: '',
  markup: '',
  info: '',
  meta: null,
  block: true,
  hidden: true
}
Token {
  type: 'inline',
  tag: '',
  attrs: null,
  map: [ 325, 326 ],
  nesting: 0,
  level: 3,
  children: [
    Token {
      type: 'text',
      tag: '',
      attrs: null,
      map: null,
      nesting: 0,
      level: 0,
      children: null,
      content: '将 ',
      markup: '',
      info: '',
      meta: null,
      block: false,
      hidden: false
    },
    Token {
      type: 'code_inline',
      tag: 'code',
      attrs: null,
      map: null,
      nesting: 0,
      level: 0,
      children: null,
      content: '123456',
      markup: '`',
      info: '',
      meta: null,
      block: false,
      hidden: false
    },
    Token {
      type: 'text',
      tag: '',
      attrs: null,
      map: null,
      nesting: 0,
      level: 0,
      children: null,
      content: ' 改成实际的密码',
      markup: '',
      info: '',
      meta: null,
      block: false,
      hidden: false
    }
  ],
  content: '将 `123456` 改成实际的密码',
  markup: '',
  info: '',
  meta: null,
  block: true,
  hidden: false
}
Token {
  type: 'paragraph_close',
  tag: 'p',
  attrs: null,
  map: null,
  nesting: -1,
  level: 2,
  children: null,
  content: '',
  markup: '',
  info: '',
  meta: null,
  block: true,
  hidden: true
}
Token {
  type: 'list_item_close',
  tag: 'li',
  attrs: null,
  map: null,
  nesting: -1,
  level: 1,
  children: null,
  content: '',
  markup: '-',
  info: '',
  meta: null,
  block: true,
  hidden: false
}
Token {
  type: 'bullet_list_close',
  tag: 'ul',
  attrs: null,
  map: null,
  nesting: -1,
  level: 0,
  children: null,
  content: '',
  markup: '-',
  info: '',
  meta: null,
  block: true,
  hidden: false
}
Token {
  type: 'fence',
  tag: 'code',
  attrs: null,
  map: [ 327, 331 ],
  nesting: 0,
  level: 0,
  children: null,
  content: "mysql> ALTER USER 'root'@'localhost' IDENTIFIED BY '123456';\n" +
    'mysql> flush privileges;\n',
  markup: '```',
  info: 'sh',
  meta: null,
  block: true,
  hidden: false
}
Token {
  type: 'heading_open',
  tag: 'h3',
  attrs: null,
  map: [ 332, 333 ],
  nesting: 1,
  level: 0,
  children: null,
  content: '',
  markup: '###',
  info: '',
  meta: null,
  block: true,
  hidden: false
}
Token {
  type: 'inline',
  tag: '',
  attrs: null,
  map: [ 332, 333 ],
  nesting: 0,
  level: 1,
  children: [
    Token {
      type: 'text',
      tag: '',
      attrs: null,
      map: null,
      nesting: 0,
      level: 0,
      children: null,
      content: '3.5 说明',
      markup: '',
      info: '',
      meta: null,
      block: false,
      hidden: false
    }
  ],
  content: '3.5 说明',
  markup: '',
  info: '',
  meta: null,
  block: true,
  hidden: false
}
Token {
  type: 'heading_close',
  tag: 'h3',
  attrs: null,
  map: null,
  nesting: -1,
  level: 0,
  children: null,
  content: '',
  markup: '###',
  info: '',
  meta: null,
  block: true,
  hidden: false
}
Token {
  type: 'bullet_list_open',
  tag: 'ul',
  attrs: null,
  map: [ 334, 335 ],
  nesting: 1,
  level: 0,
  children: null,
  content: '',
  markup: '-',
  info: '',
  meta: null,
  block: true,
  hidden: false
}
Token {
  type: 'list_item_open',
  tag: 'li',
  attrs: null,
  map: [ 334, 335 ],
  nesting: 1,
  level: 1,
  children: null,
  content: '',
  markup: '-',
  info: '',
  meta: null,
  block: true,
  hidden: false
}
Token {
  type: 'paragraph_open',
  tag: 'p',
  attrs: null,
  map: [ 334, 335 ],
  nesting: 1,
  level: 2,
  children: null,
  content: '',
  markup: '',
  info: '',
  meta: null,
  block: true,
  hidden: true
}
Token {
  type: 'inline',
  tag: '',
  attrs: null,
  map: [ 334, 335 ],
  nesting: 0,
  level: 3,
  children: [
    Token {
      type: 'text',
      tag: '',
      attrs: null,
      map: null,
      nesting: 0,
      level: 0,
      children: null,
      content: '本文档并非生产环境下的部署，主要目的是为了探索 ',
      markup: '',
      info: '',
      meta: null,
      block: false,
      hidden: false
    },
    Token {
      type: 'code_inline',
      tag: 'code',
      attrs: null,
      map: null,
      nesting: 0,
      level: 0,
      children: null,
      content: 'mysql',
      markup: '`',
      info: '',
      meta: null,
      block: false,
      hidden: false
    },
    Token {
      type: 'text',
      tag: '',
      attrs: null,
      map: null,
      nesting: 0,
      level: 0,
      children: null,
      content: ' 源码，因此，未进行 ',
      markup: '',
      info: '',
      meta: null,
      block: false,
      hidden: false
    },
    Token {
      type: 'code_inline',
      tag: 'code',
      attrs: null,
      map: null,
      nesting: 0,
      level: 0,
      children: null,
      content: 'systemctl',
      markup: '`',
      info: '',
      meta: null,
      block: false,
      hidden: false
    },
    Token {
      type: 'text',
      tag: '',
      attrs: null,
      map: null,
      nesting: 0,
      level: 0,
      children: null,
      content: ' 等实际生产环境下的部署操作。',
      markup: '',
      info: '',
      meta: null,
      block: false,
      hidden: false
    }
  ],
  content: '本文档并非生产环境下的部署，主要目的是为了探索 `mysql` 源码，因此，未进行 `systemctl` 等实际生产环境下的部署操作。',
  markup: '',
  info: '',
  meta: null,
  block: true,
  hidden: false
}
Token {
  type: 'paragraph_close',
  tag: 'p',
  attrs: null,
  map: null,
  nesting: -1,
  level: 2,
  children: null,
  content: '',
  markup: '',
  info: '',
  meta: null,
  block: true,
  hidden: true
}
Token {
  type: 'list_item_close',
  tag: 'li',
  attrs: null,
  map: null,
  nesting: -1,
  level: 1,
  children: null,
  content: '',
  markup: '-',
  info: '',
  meta: null,
  block: true,
  hidden: false
}
Token {
  type: 'bullet_list_close',
  tag: 'ul',
  attrs: null,
  map: null,
  nesting: -1,
  level: 0,
  children: null,
  content: '',
  markup: '-',
  info: '',
  meta: null,
  block: true,
  hidden: false
}
Token {
  type: 'hr',
  tag: 'hr',
  attrs: null,
  map: [ 0, 1 ],
  nesting: 0,
  level: 0,
  children: null,
  content: '',
  markup: '---',
  info: '',
  meta: null,
  block: true,
  hidden: false
}
Token {
  type: 'paragraph_open',
  tag: 'p',
  attrs: null,
  map: [ 1, 4 ],
  nesting: 1,
  level: 0,
  children: null,
  content: '',
  markup: '',
  info: '',
  meta: null,
  block: true,
  hidden: false
}
Token {
  type: 'inline',
  tag: '',
  attrs: null,
  map: [ 1, 4 ],
  nesting: 0,
  level: 1,
  children: [
    Token {
      type: 'text',
      tag: '',
      attrs: null,
      map: null,
      nesting: 0,
      level: 0,
      children: null,
      content: 'date: 2021-06-30',
      markup: '',
      info: '',
      meta: null,
      block: false,
      hidden: false
    },
    Token {
      type: 'softbreak',
      tag: 'br',
      attrs: null,
      map: null,
      nesting: 0,
      level: 0,
      children: null,
      content: '',
      markup: '',
      info: '',
      meta: null,
      block: false,
      hidden: false
    },
    Token {
      type: 'text',
      tag: '',
      attrs: null,
      map: null,
      nesting: 0,
      level: 0,
      children: null,
      content: 'title: some demo',
      markup: '',
      info: '',
      meta: null,
      block: false,
      hidden: false
    },
    Token {
      type: 'softbreak',
      tag: 'br',
      attrs: null,
      map: null,
      nesting: 0,
      level: 0,
      children: null,
      content: '',
      markup: '',
      info: '',
      meta: null,
      block: false,
      hidden: false
    },
    Token {
      type: 'text',
      tag: '',
      attrs: null,
      map: null,
      nesting: 0,
      level: 0,
      children: null,
      content: 'tags:',
      markup: '',
      info: '',
      meta: null,
      block: false,
      hidden: false
    }
  ],
  content: 'date: 2021-06-30\ntitle: some demo\ntags:',
  markup: '',
  info: '',
  meta: null,
  block: true,
  hidden: false
}
Token {
  type: 'paragraph_close',
  tag: 'p',
  attrs: null,
  map: null,
  nesting: -1,
  level: 0,
  children: null,
  content: '',
  markup: '',
  info: '',
  meta: null,
  block: true,
  hidden: false
}
Token {
  type: 'bullet_list_open',
  tag: 'ul',
  attrs: null,
  map: [ 4, 7 ],
  nesting: 1,
  level: 0,
  children: null,
  content: '',
  markup: '-',
  info: '',
  meta: null,
  block: true,
  hidden: false
}
Token {
  type: 'list_item_open',
  tag: 'li',
  attrs: null,
  map: [ 4, 5 ],
  nesting: 1,
  level: 1,
  children: null,
  content: '',
  markup: '-',
  info: '',
  meta: null,
  block: true,
  hidden: false
}
Token {
  type: 'paragraph_open',
  tag: 'p',
  attrs: null,
  map: [ 4, 5 ],
  nesting: 1,
  level: 2,
  children: null,
  content: '',
  markup: '',
  info: '',
  meta: null,
  block: true,
  hidden: true
}
Token {
  type: 'inline',
  tag: '',
  attrs: null,
  map: [ 4, 5 ],
  nesting: 0,
  level: 3,
  children: [
    Token {
      type: 'text',
      tag: '',
      attrs: null,
      map: null,
      nesting: 0,
      level: 0,
      children: null,
      content: 'vitepress',
      markup: '',
      info: '',
      meta: null,
      block: false,
      hidden: false
    }
  ],
  content: 'vitepress',
  markup: '',
  info: '',
  meta: null,
  block: true,
  hidden: false
}
Token {
  type: 'paragraph_close',
  tag: 'p',
  attrs: null,
  map: null,
  nesting: -1,
  level: 2,
  children: null,
  content: '',
  markup: '',
  info: '',
  meta: null,
  block: true,
  hidden: true
}
Token {
  type: 'list_item_close',
  tag: 'li',
  attrs: null,
  map: null,
  nesting: -1,
  level: 1,
  children: null,
  content: '',
  markup: '-',
  info: '',
  meta: null,
  block: true,
  hidden: false
}
Token {
  type: 'list_item_open',
  tag: 'li',
  attrs: null,
  map: [ 5, 7 ],
  nesting: 1,
  level: 1,
  children: null,
  content: '',
  markup: '-',
  info: '',
  meta: null,
  block: true,
  hidden: false
}
Token {
  type: 'paragraph_open',
  tag: 'p',
  attrs: null,
  map: [ 5, 7 ],
  nesting: 1,
  level: 2,
  children: null,
  content: '',
  markup: '',
  info: '',
  meta: null,
  block: true,
  hidden: true
}
Token {
  type: 'inline',
  tag: '',
  attrs: null,
  map: [ 5, 7 ],
  nesting: 0,
  level: 3,
  children: [
    Token {
      type: 'text',
      tag: '',
      attrs: null,
      map: null,
      nesting: 0,
      level: 0,
      children: null,
      content: 'markdown',
      markup: '',
      info: '',
      meta: null,
      block: false,
      hidden: false
    },
    Token {
      type: 'softbreak',
      tag: 'br',
      attrs: null,
      map: null,
      nesting: 0,
      level: 0,
      children: null,
      content: '',
      markup: '',
      info: '',
      meta: null,
      block: false,
      hidden: false
    },
    Token {
      type: 'text',
      tag: '',
      attrs: null,
      map: null,
      nesting: 0,
      level: 0,
      children: null,
      content: 'description: this is the demo for vitepress',
      markup: '',
      info: '',
      meta: null,
      block: false,
      hidden: false
    }
  ],
  content: 'markdown\ndescription: this is the demo for vitepress',
  markup: '',
  info: '',
  meta: null,
  block: true,
  hidden: false
}
Token {
  type: 'paragraph_close',
  tag: 'p',
  attrs: null,
  map: null,
  nesting: -1,
  level: 2,
  children: null,
  content: '',
  markup: '',
  info: '',
  meta: null,
  block: true,
  hidden: true
}
Token {
  type: 'list_item_close',
  tag: 'li',
  attrs: null,
  map: null,
  nesting: -1,
  level: 1,
  children: null,
  content: '',
  markup: '-',
  info: '',
  meta: null,
  block: true,
  hidden: false
}
Token {
  type: 'bullet_list_close',
  tag: 'ul',
  attrs: null,
  map: null,
  nesting: -1,
  level: 0,
  children: null,
  content: '',
  markup: '-',
  info: '',
  meta: null,
  block: true,
  hidden: false
}
Token {
  type: 'hr',
  tag: 'hr',
  attrs: null,
  map: [ 7, 8 ],
  nesting: 0,
  level: 0,
  children: null,
  content: '',
  markup: '---',
  info: '',
  meta: null,
  block: true,
  hidden: false
}
Token {
  type: 'heading_open',
  tag: 'h1',
  attrs: null,
  map: [ 9, 10 ],
  nesting: 1,
  level: 0,
  children: null,
  content: '',
  markup: '#',
  info: '',
  meta: null,
  block: true,
  hidden: false
}
Token {
  type: 'inline',
  tag: '',
  attrs: null,
  map: [ 9, 10 ],
  nesting: 0,
  level: 1,
  children: [
    Token {
      type: 'text',
      tag: '',
      attrs: null,
      map: null,
      nesting: 0,
      level: 0,
      children: null,
      content: 'h1',
      markup: '',
      info: '',
      meta: null,
      block: false,
      hidden: false
    }
  ],
  content: 'h1',
  markup: '',
  info: '',
  meta: null,
  block: true,
  hidden: false
}
Token {
  type: 'heading_close',
  tag: 'h1',
  attrs: null,
  map: null,
  nesting: -1,
  level: 0,
  children: null,
  content: '',
  markup: '#',
  info: '',
  meta: null,
  block: true,
  hidden: false
}
Token {
  type: 'heading_open',
  tag: 'h3',
  attrs: null,
  map: [ 11, 12 ],
  nesting: 1,
  level: 0,
  children: null,
  content: '',
  markup: '###',
  info: '',
  meta: null,
  block: true,
  hidden: false
}
Token {
  type: 'inline',
  tag: '',
  attrs: null,
  map: [ 11, 12 ],
  nesting: 0,
  level: 1,
  children: [
    Token {
      type: 'text',
      tag: '',
      attrs: null,
      map: null,
      nesting: 0,
      level: 0,
      children: null,
      content: '3.5 说明',
      markup: '',
      info: '',
      meta: null,
      block: false,
      hidden: false
    }
  ],
  content: '3.5 说明',
  markup: '',
  info: '',
  meta: null,
  block: true,
  hidden: false
}
Token {
  type: 'heading_close',
  tag: 'h3',
  attrs: null,
  map: null,
  nesting: -1,
  level: 0,
  children: null,
  content: '',
  markup: '###',
  info: '',
  meta: null,
  block: true,
  hidden: false
}
Token {
  type: 'bullet_list_open',
  tag: 'ul',
  attrs: null,
  map: [ 13, 14 ],
  nesting: 1,
  level: 0,
  children: null,
  content: '',
  markup: '-',
  info: '',
  meta: null,
  block: true,
  hidden: false
}
Token {
  type: 'list_item_open',
  tag: 'li',
  attrs: null,
  map: [ 13, 14 ],
  nesting: 1,
  level: 1,
  children: null,
  content: '',
  markup: '-',
  info: '',
  meta: null,
  block: true,
  hidden: false
}
Token {
  type: 'paragraph_open',
  tag: 'p',
  attrs: null,
  map: [ 13, 14 ],
  nesting: 1,
  level: 2,
  children: null,
  content: '',
  markup: '',
  info: '',
  meta: null,
  block: true,
  hidden: true
}
Token {
  type: 'inline',
  tag: '',
  attrs: null,
  map: [ 13, 14 ],
  nesting: 0,
  level: 3,
  children: [
    Token {
      type: 'text',
      tag: '',
      attrs: null,
      map: null,
      nesting: 0,
      level: 0,
      children: null,
      content: '本文档并非生产环境下的部署，主要目的是为了探索 ',
      markup: '',
      info: '',
      meta: null,
      block: false,
      hidden: false
    },
    Token {
      type: 'code_inline',
      tag: 'code',
      attrs: null,
      map: null,
      nesting: 0,
      level: 0,
      children: null,
      content: 'mysql',
      markup: '`',
      info: '',
      meta: null,
      block: false,
      hidden: false
    },
    Token {
      type: 'text',
      tag: '',
      attrs: null,
      map: null,
      nesting: 0,
      level: 0,
      children: null,
      content: ' 源码，因此，未进行 ',
      markup: '',
      info: '',
      meta: null,
      block: false,
      hidden: false
    },
    Token {
      type: 'code_inline',
      tag: 'code',
      attrs: null,
      map: null,
      nesting: 0,
      level: 0,
      children: null,
      content: 'systemctl',
      markup: '`',
      info: '',
      meta: null,
      block: false,
      hidden: false
    },
    Token {
      type: 'text',
      tag: '',
      attrs: null,
      map: null,
      nesting: 0,
      level: 0,
      children: null,
      content: ' 等实际生产环境下的部署操作。',
      markup: '',
      info: '',
      meta: null,
      block: false,
      hidden: false
    }
  ],
  content: '本文档并非生产环境下的部署，主要目的是为了探索 `mysql` 源码，因此，未进行 `systemctl` 等实际生产环境下的部署操作。',
  markup: '',
  info: '',
  meta: null,
  block: true,
  hidden: false
}
Token {
  type: 'paragraph_close',
  tag: 'p',
  attrs: null,
  map: null,
  nesting: -1,
  level: 2,
  children: null,
  content: '',
  markup: '',
  info: '',
  meta: null,
  block: true,
  hidden: true
}
Token {
  type: 'list_item_close',
  tag: 'li',
  attrs: null,
  map: null,
  nesting: -1,
  level: 1,
  children: null,
  content: '',
  markup: '-',
  info: '',
  meta: null,
  block: true,
  hidden: false
}
Token {
  type: 'bullet_list_close',
  tag: 'ul',
  attrs: null,
  map: null,
  nesting: -1,
  level: 0,
  children: null,
  content: '',
  markup: '-',
  info: '',
  meta: null,
  block: true,
  hidden: false
}
Token {
  type: 'hr',
  tag: 'hr',
  attrs: null,
  map: [ 0, 1 ],
  nesting: 0,
  level: 0,
  children: null,
  content: '',
  markup: '---',
  info: '',
  meta: null,
  block: true,
  hidden: false
}
Token {
  type: 'paragraph_open',
  tag: 'p',
  attrs: null,
  map: [ 1, 4 ],
  nesting: 1,
  level: 0,
  children: null,
  content: '',
  markup: '',
  info: '',
  meta: null,
  block: true,
  hidden: false
}
Token {
  type: 'inline',
  tag: '',
  attrs: null,
  map: [ 1, 4 ],
  nesting: 0,
  level: 1,
  children: [
    Token {
      type: 'text',
      tag: '',
      attrs: null,
      map: null,
      nesting: 0,
      level: 0,
      children: null,
      content: 'date: 2021-06-30',
      markup: '',
      info: '',
      meta: null,
      block: false,
      hidden: false
    },
    Token {
      type: 'softbreak',
      tag: 'br',
      attrs: null,
      map: null,
      nesting: 0,
      level: 0,
      children: null,
      content: '',
      markup: '',
      info: '',
      meta: null,
      block: false,
      hidden: false
    },
    Token {
      type: 'text',
      tag: '',
      attrs: null,
      map: null,
      nesting: 0,
      level: 0,
      children: null,
      content: 'title: new-demo',
      markup: '',
      info: '',
      meta: null,
      block: false,
      hidden: false
    },
    Token {
      type: 'softbreak',
      tag: 'br',
      attrs: null,
      map: null,
      nesting: 0,
      level: 0,
      children: null,
      content: '',
      markup: '',
      info: '',
      meta: null,
      block: false,
      hidden: false
    },
    Token {
      type: 'text',
      tag: '',
      attrs: null,
      map: null,
      nesting: 0,
      level: 0,
      children: null,
      content: 'tags:',
      markup: '',
      info: '',
      meta: null,
      block: false,
      hidden: false
    }
  ],
  content: 'date: 2021-06-30\ntitle: new-demo\ntags:',
  markup: '',
  info: '',
  meta: null,
  block: true,
  hidden: false
}
Token {
  type: 'paragraph_close',
  tag: 'p',
  attrs: null,
  map: null,
  nesting: -1,
  level: 0,
  children: null,
  content: '',
  markup: '',
  info: '',
  meta: null,
  block: true,
  hidden: false
}
Token {
  type: 'bullet_list_open',
  tag: 'ul',
  attrs: null,
  map: [ 4, 9 ],
  nesting: 1,
  level: 0,
  children: null,
  content: '',
  markup: '-',
  info: '',
  meta: null,
  block: true,
  hidden: false
}
Token {
  type: 'list_item_open',
  tag: 'li',
  attrs: null,
  map: [ 4, 5 ],
  nesting: 1,
  level: 1,
  children: null,
  content: '',
  markup: '-',
  info: '',
  meta: null,
  block: true,
  hidden: false
}
Token {
  type: 'paragraph_open',
  tag: 'p',
  attrs: null,
  map: [ 4, 5 ],
  nesting: 1,
  level: 2,
  children: null,
  content: '',
  markup: '',
  info: '',
  meta: null,
  block: true,
  hidden: true
}
Token {
  type: 'inline',
  tag: '',
  attrs: null,
  map: [ 4, 5 ],
  nesting: 0,
  level: 3,
  children: [
    Token {
      type: 'text',
      tag: '',
      attrs: null,
      map: null,
      nesting: 0,
      level: 0,
      children: null,
      content: 'vitepress',
      markup: '',
      info: '',
      meta: null,
      block: false,
      hidden: false
    }
  ],
  content: 'vitepress',
  markup: '',
  info: '',
  meta: null,
  block: true,
  hidden: false
}
Token {
  type: 'paragraph_close',
  tag: 'p',
  attrs: null,
  map: null,
  nesting: -1,
  level: 2,
  children: null,
  content: '',
  markup: '',
  info: '',
  meta: null,
  block: true,
  hidden: true
}
Token {
  type: 'list_item_close',
  tag: 'li',
  attrs: null,
  map: null,
  nesting: -1,
  level: 1,
  children: null,
  content: '',
  markup: '-',
  info: '',
  meta: null,
  block: true,
  hidden: false
}
Token {
  type: 'list_item_open',
  tag: 'li',
  attrs: null,
  map: [ 5, 6 ],
  nesting: 1,
  level: 1,
  children: null,
  content: '',
  markup: '-',
  info: '',
  meta: null,
  block: true,
  hidden: false
}
Token {
  type: 'paragraph_open',
  tag: 'p',
  attrs: null,
  map: [ 5, 6 ],
  nesting: 1,
  level: 2,
  children: null,
  content: '',
  markup: '',
  info: '',
  meta: null,
  block: true,
  hidden: true
}
Token {
  type: 'inline',
  tag: '',
  attrs: null,
  map: [ 5, 6 ],
  nesting: 0,
  level: 3,
  children: [
    Token {
      type: 'text',
      tag: '',
      attrs: null,
      map: null,
      nesting: 0,
      level: 0,
      children: null,
      content: '22222',
      markup: '',
      info: '',
      meta: null,
      block: false,
      hidden: false
    }
  ],
  content: '22222',
  markup: '',
  info: '',
  meta: null,
  block: true,
  hidden: false
}
Token {
  type: 'paragraph_close',
  tag: 'p',
  attrs: null,
  map: null,
  nesting: -1,
  level: 2,
  children: null,
  content: '',
  markup: '',
  info: '',
  meta: null,
  block: true,
  hidden: true
}
Token {
  type: 'list_item_close',
  tag: 'li',
  attrs: null,
  map: null,
  nesting: -1,
  level: 1,
  children: null,
  content: '',
  markup: '-',
  info: '',
  meta: null,
  block: true,
  hidden: false
}
Token {
  type: 'list_item_open',
  tag: 'li',
  attrs: null,
  map: [ 6, 7 ],
  nesting: 1,
  level: 1,
  children: null,
  content: '',
  markup: '-',
  info: '',
  meta: null,
  block: true,
  hidden: false
}
Token {
  type: 'paragraph_open',
  tag: 'p',
  attrs: null,
  map: [ 6, 7 ],
  nesting: 1,
  level: 2,
  children: null,
  content: '',
  markup: '',
  info: '',
  meta: null,
  block: true,
  hidden: true
}
Token {
  type: 'inline',
  tag: '',
  attrs: null,
  map: [ 6, 7 ],
  nesting: 0,
  level: 3,
  children: [
    Token {
      type: 'text',
      tag: '',
      attrs: null,
      map: null,
      nesting: 0,
      level: 0,
      children: null,
      content: 'demo',
      markup: '',
      info: '',
      meta: null,
      block: false,
      hidden: false
    }
  ],
  content: 'demo',
  markup: '',
  info: '',
  meta: null,
  block: true,
  hidden: false
}
Token {
  type: 'paragraph_close',
  tag: 'p',
  attrs: null,
  map: null,
  nesting: -1,
  level: 2,
  children: null,
  content: '',
  markup: '',
  info: '',
  meta: null,
  block: true,
  hidden: true
}
Token {
  type: 'list_item_close',
  tag: 'li',
  attrs: null,
  map: null,
  nesting: -1,
  level: 1,
  children: null,
  content: '',
  markup: '-',
  info: '',
  meta: null,
  block: true,
  hidden: false
}
Token {
  type: 'list_item_open',
  tag: 'li',
  attrs: null,
  map: [ 7, 9 ],
  nesting: 1,
  level: 1,
  children: null,
  content: '',
  markup: '-',
  info: '',
  meta: null,
  block: true,
  hidden: false
}
Token {
  type: 'paragraph_open',
  tag: 'p',
  attrs: null,
  map: [ 7, 9 ],
  nesting: 1,
  level: 2,
  children: null,
  content: '',
  markup: '',
  info: '',
  meta: null,
  block: true,
  hidden: true
}
Token {
  type: 'inline',
  tag: '',
  attrs: null,
  map: [ 7, 9 ],
  nesting: 0,
  level: 3,
  children: [
    Token {
      type: 'text',
      tag: '',
      attrs: null,
      map: null,
      nesting: 0,
      level: 0,
      children: null,
      content: 'aaa',
      markup: '',
      info: '',
      meta: null,
      block: false,
      hidden: false
    },
    Token {
      type: 'softbreak',
      tag: 'br',
      attrs: null,
      map: null,
      nesting: 0,
      level: 0,
      children: null,
      content: '',
      markup: '',
      info: '',
      meta: null,
      block: false,
      hidden: false
    },
    Token {
      type: 'text',
      tag: '',
      attrs: null,
      map: null,
      nesting: 0,
      level: 0,
      children: null,
      content: 'description: this is the demo aaaa',
      markup: '',
      info: '',
      meta: null,
      block: false,
      hidden: false
    }
  ],
  content: 'aaa\ndescription: this is the demo aaaa',
  markup: '',
  info: '',
  meta: null,
  block: true,
  hidden: false
}
Token {
  type: 'paragraph_close',
  tag: 'p',
  attrs: null,
  map: null,
  nesting: -1,
  level: 2,
  children: null,
  content: '',
  markup: '',
  info: '',
  meta: null,
  block: true,
  hidden: true
}
Token {
  type: 'list_item_close',
  tag: 'li',
  attrs: null,
  map: null,
  nesting: -1,
  level: 1,
  children: null,
  content: '',
  markup: '-',
  info: '',
  meta: null,
  block: true,
  hidden: false
}
Token {
  type: 'bullet_list_close',
  tag: 'ul',
  attrs: null,
  map: null,
  nesting: -1,
  level: 0,
  children: null,
  content: '',
  markup: '-',
  info: '',
  meta: null,
  block: true,
  hidden: false
}
Token {
  type: 'hr',
  tag: 'hr',
  attrs: null,
  map: [ 9, 10 ],
  nesting: 0,
  level: 0,
  children: null,
  content: '',
  markup: '---',
  info: '',
  meta: null,
  block: true,
  hidden: false
}
Token {
  type: 'heading_open',
  tag: 'h1',
  attrs: null,
  map: [ 11, 12 ],
  nesting: 1,
  level: 0,
  children: null,
  content: '',
  markup: '#',
  info: '',
  meta: null,
  block: true,
  hidden: false
}
Token {
  type: 'inline',
  tag: '',
  attrs: null,
  map: [ 11, 12 ],
  nesting: 0,
  level: 1,
  children: [
    Token {
      type: 'text',
      tag: '',
      attrs: null,
      map: null,
      nesting: 0,
      level: 0,
      children: null,
      content: 'new-demo',
      markup: '',
      info: '',
      meta: null,
      block: false,
      hidden: false
    }
  ],
  content: 'new-demo',
  markup: '',
  info: '',
  meta: null,
  block: true,
  hidden: false
}
Token {
  type: 'heading_close',
  tag: 'h1',
  attrs: null,
  map: null,
  nesting: -1,
  level: 0,
  children: null,
  content: '',
  markup: '#',
  info: '',
  meta: null,
  block: true,
  hidden: false
}
Token {
  type: 'hr',
  tag: 'hr',
  attrs: null,
  map: [ 0, 1 ],
  nesting: 0,
  level: 0,
  children: null,
  content: '',
  markup: '---',
  info: '',
  meta: null,
  block: true,
  hidden: false
}
Token {
  type: 'paragraph_open',
  tag: 'p',
  attrs: null,
  map: [ 1, 4 ],
  nesting: 1,
  level: 0,
  children: null,
  content: '',
  markup: '',
  info: '',
  meta: null,
  block: true,
  hidden: false
}
Token {
  type: 'inline',
  tag: '',
  attrs: null,
  map: [ 1, 4 ],
  nesting: 0,
  level: 1,
  children: [
    Token {
      type: 'text',
      tag: '',
      attrs: null,
      map: null,
      nesting: 0,
      level: 0,
      children: null,
      content: 'date: 2021-06-30',
      markup: '',
      info: '',
      meta: null,
      block: false,
      hidden: false
    },
    Token {
      type: 'softbreak',
      tag: 'br',
      attrs: null,
      map: null,
      nesting: 0,
      level: 0,
      children: null,
      content: '',
      markup: '',
      info: '',
      meta: null,
      block: false,
      hidden: false
    },
    Token {
      type: 'text',
      tag: '',
      attrs: null,
      map: null,
      nesting: 0,
      level: 0,
      children: null,
      content: 'title: aa',
      markup: '',
      info: '',
      meta: null,
      block: false,
      hidden: false
    },
    Token {
      type: 'softbreak',
      tag: 'br',
      attrs: null,
      map: null,
      nesting: 0,
      level: 0,
      children: null,
      content: '',
      markup: '',
      info: '',
      meta: null,
      block: false,
      hidden: false
    },
    Token {
      type: 'text',
      tag: '',
      attrs: null,
      map: null,
      nesting: 0,
      level: 0,
      children: null,
      content: 'tags:',
      markup: '',
      info: '',
      meta: null,
      block: false,
      hidden: false
    }
  ],
  content: 'date: 2021-06-30\ntitle: aa\ntags:',
  markup: '',
  info: '',
  meta: null,
  block: true,
  hidden: false
}
Token {
  type: 'paragraph_close',
  tag: 'p',
  attrs: null,
  map: null,
  nesting: -1,
  level: 0,
  children: null,
  content: '',
  markup: '',
  info: '',
  meta: null,
  block: true,
  hidden: false
}
Token {
  type: 'bullet_list_open',
  tag: 'ul',
  attrs: null,
  map: [ 4, 9 ],
  nesting: 1,
  level: 0,
  children: null,
  content: '',
  markup: '-',
  info: '',
  meta: null,
  block: true,
  hidden: false
}
Token {
  type: 'list_item_open',
  tag: 'li',
  attrs: null,
  map: [ 4, 5 ],
  nesting: 1,
  level: 1,
  children: null,
  content: '',
  markup: '-',
  info: '',
  meta: null,
  block: true,
  hidden: false
}
Token {
  type: 'paragraph_open',
  tag: 'p',
  attrs: null,
  map: [ 4, 5 ],
  nesting: 1,
  level: 2,
  children: null,
  content: '',
  markup: '',
  info: '',
  meta: null,
  block: true,
  hidden: true
}
Token {
  type: 'inline',
  tag: '',
  attrs: null,
  map: [ 4, 5 ],
  nesting: 0,
  level: 3,
  children: [
    Token {
      type: 'text',
      tag: '',
      attrs: null,
      map: null,
      nesting: 0,
      level: 0,
      children: null,
      content: 'vitepress',
      markup: '',
      info: '',
      meta: null,
      block: false,
      hidden: false
    }
  ],
  content: 'vitepress',
  markup: '',
  info: '',
  meta: null,
  block: true,
  hidden: false
}
Token {
  type: 'paragraph_close',
  tag: 'p',
  attrs: null,
  map: null,
  nesting: -1,
  level: 2,
  children: null,
  content: '',
  markup: '',
  info: '',
  meta: null,
  block: true,
  hidden: true
}
Token {
  type: 'list_item_close',
  tag: 'li',
  attrs: null,
  map: null,
  nesting: -1,
  level: 1,
  children: null,
  content: '',
  markup: '-',
  info: '',
  meta: null,
  block: true,
  hidden: false
}
Token {
  type: 'list_item_open',
  tag: 'li',
  attrs: null,
  map: [ 5, 6 ],
  nesting: 1,
  level: 1,
  children: null,
  content: '',
  markup: '-',
  info: '',
  meta: null,
  block: true,
  hidden: false
}
Token {
  type: 'paragraph_open',
  tag: 'p',
  attrs: null,
  map: [ 5, 6 ],
  nesting: 1,
  level: 2,
  children: null,
  content: '',
  markup: '',
  info: '',
  meta: null,
  block: true,
  hidden: true
}
Token {
  type: 'inline',
  tag: '',
  attrs: null,
  map: [ 5, 6 ],
  nesting: 0,
  level: 3,
  children: [
    Token {
      type: 'text',
      tag: '',
      attrs: null,
      map: null,
      nesting: 0,
      level: 0,
      children: null,
      content: 'markdown',
      markup: '',
      info: '',
      meta: null,
      block: false,
      hidden: false
    }
  ],
  content: 'markdown',
  markup: '',
  info: '',
  meta: null,
  block: true,
  hidden: false
}
Token {
  type: 'paragraph_close',
  tag: 'p',
  attrs: null,
  map: null,
  nesting: -1,
  level: 2,
  children: null,
  content: '',
  markup: '',
  info: '',
  meta: null,
  block: true,
  hidden: true
}
Token {
  type: 'list_item_close',
  tag: 'li',
  attrs: null,
  map: null,
  nesting: -1,
  level: 1,
  children: null,
  content: '',
  markup: '-',
  info: '',
  meta: null,
  block: true,
  hidden: false
}
Token {
  type: 'list_item_open',
  tag: 'li',
  attrs: null,
  map: [ 6, 7 ],
  nesting: 1,
  level: 1,
  children: null,
  content: '',
  markup: '-',
  info: '',
  meta: null,
  block: true,
  hidden: false
}
Token {
  type: 'paragraph_open',
  tag: 'p',
  attrs: null,
  map: [ 6, 7 ],
  nesting: 1,
  level: 2,
  children: null,
  content: '',
  markup: '',
  info: '',
  meta: null,
  block: true,
  hidden: true
}
Token {
  type: 'inline',
  tag: '',
  attrs: null,
  map: [ 6, 7 ],
  nesting: 0,
  level: 3,
  children: [
    Token {
      type: 'text',
      tag: '',
      attrs: null,
      map: null,
      nesting: 0,
      level: 0,
      children: null,
      content: 'UpperCase',
      markup: '',
      info: '',
      meta: null,
      block: false,
      hidden: false
    }
  ],
  content: 'UpperCase',
  markup: '',
  info: '',
  meta: null,
  block: true,
  hidden: false
}
Token {
  type: 'paragraph_close',
  tag: 'p',
  attrs: null,
  map: null,
  nesting: -1,
  level: 2,
  children: null,
  content: '',
  markup: '',
  info: '',
  meta: null,
  block: true,
  hidden: true
}
Token {
  type: 'list_item_close',
  tag: 'li',
  attrs: null,
  map: null,
  nesting: -1,
  level: 1,
  children: null,
  content: '',
  markup: '-',
  info: '',
  meta: null,
  block: true,
  hidden: false
}
Token {
  type: 'list_item_open',
  tag: 'li',
  attrs: null,
  map: [ 7, 9 ],
  nesting: 1,
  level: 1,
  children: null,
  content: '',
  markup: '-',
  info: '',
  meta: null,
  block: true,
  hidden: false
}
Token {
  type: 'paragraph_open',
  tag: 'p',
  attrs: null,
  map: [ 7, 9 ],
  nesting: 1,
  level: 2,
  children: null,
  content: '',
  markup: '',
  info: '',
  meta: null,
  block: true,
  hidden: true
}
Token {
  type: 'inline',
  tag: '',
  attrs: null,
  map: [ 7, 9 ],
  nesting: 0,
  level: 3,
  children: [
    Token {
      type: 'text',
      tag: '',
      attrs: null,
      map: null,
      nesting: 0,
      level: 0,
      children: null,
      content: '中文',
      markup: '',
      info: '',
      meta: null,
      block: false,
      hidden: false
    },
    Token {
      type: 'softbreak',
      tag: 'br',
      attrs: null,
      map: null,
      nesting: 0,
      level: 0,
      children: null,
      content: '',
      markup: '',
      info: '',
      meta: null,
      block: false,
      hidden: false
    },
    Token {
      type: 'text',
      tag: '',
      attrs: null,
      map: null,
      nesting: 0,
      level: 0,
      children: null,
      content: 'description: this is the demo for vitepress',
      markup: '',
      info: '',
      meta: null,
      block: false,
      hidden: false
    }
  ],
  content: '中文\ndescription: this is the demo for vitepress',
  markup: '',
  info: '',
  meta: null,
  block: true,
  hidden: false
}
Token {
  type: 'paragraph_close',
  tag: 'p',
  attrs: null,
  map: null,
  nesting: -1,
  level: 2,
  children: null,
  content: '',
  markup: '',
  info: '',
  meta: null,
  block: true,
  hidden: true
}
Token {
  type: 'list_item_close',
  tag: 'li',
  attrs: null,
  map: null,
  nesting: -1,
  level: 1,
  children: null,
  content: '',
  markup: '-',
  info: '',
  meta: null,
  block: true,
  hidden: false
}
Token {
  type: 'bullet_list_close',
  tag: 'ul',
  attrs: null,
  map: null,
  nesting: -1,
  level: 0,
  children: null,
  content: '',
  markup: '-',
  info: '',
  meta: null,
  block: true,
  hidden: false
}
Token {
  type: 'hr',
  tag: 'hr',
  attrs: null,
  map: [ 9, 10 ],
  nesting: 0,
  level: 0,
  children: null,
  content: '',
  markup: '---',
  info: '',
  meta: null,
  block: true,
  hidden: false
}
Token {
  type: 'heading_open',
  tag: 'h1',
  attrs: null,
  map: [ 11, 12 ],
  nesting: 1,
  level: 0,
  children: null,
  content: '',
  markup: '#',
  info: '',
  meta: null,
  block: true,
  hidden: false
}
Token {
  type: 'inline',
  tag: '',
  attrs: null,
  map: [ 11, 12 ],
  nesting: 0,
  level: 1,
  children: [
    Token {
      type: 'text',
      tag: '',
      attrs: null,
      map: null,
      nesting: 0,
      level: 0,
      children: null,
      content: 'aa',
      markup: '',
      info: '',
      meta: null,
      block: false,
      hidden: false
    }
  ],
  content: 'aa',
  markup: '',
  info: '',
  meta: null,
  block: true,
  hidden: false
}
Token {
  type: 'heading_close',
  tag: 'h1',
  attrs: null,
  map: null,
  nesting: -1,
  level: 0,
  children: null,
  content: '',
  markup: '#',
  info: '',
  meta: null,
  block: true,
  hidden: false
}
Token {
  type: 'heading_open',
  tag: 'h2',
  attrs: null,
  map: [ 13, 14 ],
  nesting: 1,
  level: 0,
  children: null,
  content: '',
  markup: '##',
  info: '',
  meta: null,
  block: true,
  hidden: false
}
Token {
  type: 'inline',
  tag: '',
  attrs: null,
  map: [ 13, 14 ],
  nesting: 0,
  level: 1,
  children: [
    Token {
      type: 'text',
      tag: '',
      attrs: null,
      map: null,
      nesting: 0,
      level: 0,
      children: null,
      content: 'bb',
      markup: '',
      info: '',
      meta: null,
      block: false,
      hidden: false
    }
  ],
  content: 'bb',
  markup: '',
  info: '',
  meta: null,
  block: true,
  hidden: false
}
Token {
  type: 'heading_close',
  tag: 'h2',
  attrs: null,
  map: null,
  nesting: -1,
  level: 0,
  children: null,
  content: '',
  markup: '##',
  info: '',
  meta: null,
  block: true,
  hidden: false
}
Token {
  type: 'heading_open',
  tag: 'h3',
  attrs: null,
  map: [ 15, 16 ],
  nesting: 1,
  level: 0,
  children: null,
  content: '',
  markup: '###',
  info: '',
  meta: null,
  block: true,
  hidden: false
}
Token {
  type: 'inline',
  tag: '',
  attrs: null,
  map: [ 15, 16 ],
  nesting: 0,
  level: 1,
  children: [
    Token {
      type: 'text',
      tag: '',
      attrs: null,
      map: null,
      nesting: 0,
      level: 0,
      children: null,
      content: 'cc',
      markup: '',
      info: '',
      meta: null,
      block: false,
      hidden: false
    }
  ],
  content: 'cc',
  markup: '',
  info: '',
  meta: null,
  block: true,
  hidden: false
}
Token {
  type: 'heading_close',
  tag: 'h3',
  attrs: null,
  map: null,
  nesting: -1,
  level: 0,
  children: null,
  content: '',
  markup: '###',
  info: '',
  meta: null,
  block: true,
  hidden: false
}
Token {
  type: 'paragraph_open',
  tag: 'p',
  attrs: null,
  map: [ 17, 18 ],
  nesting: 1,
  level: 0,
  children: null,
  content: '',
  markup: '',
  info: '',
  meta: null,
  block: true,
  hidden: false
}
Token {
  type: 'inline',
  tag: '',
  attrs: null,
  map: [ 17, 18 ],
  nesting: 0,
  level: 1,
  children: [
    Token {
      type: 'text',
      tag: '',
      attrs: null,
      map: null,
      nesting: 0,
      level: 0,
      children: null,
      content: '1111111111111111111111111111 333333333333333 333333333333333333333333333 222222222222222222222222',
      markup: '',
      info: '',
      meta: null,
      block: false,
      hidden: false
    }
  ],
  content: '1111111111111111111111111111 333333333333333 333333333333333333333333333 222222222222222222222222',
  markup: '',
  info: '',
  meta: null,
  block: true,
  hidden: false
}
Token {
  type: 'paragraph_close',
  tag: 'p',
  attrs: null,
  map: null,
  nesting: -1,
  level: 0,
  children: null,
  content: '',
  markup: '',
  info: '',
  meta: null,
  block: true,
  hidden: false
}
Token {
  type: 'paragraph_open',
  tag: 'p',
  attrs: null,
  map: [ 19, 20 ],
  nesting: 1,
  level: 0,
  children: null,
  content: '',
  markup: '',
  info: '',
  meta: null,
  block: true,
  hidden: false
}
Token {
  type: 'inline',
  tag: '',
  attrs: null,
  map: [ 19, 20 ],
  nesting: 0,
  level: 1,
  children: [
    Token {
      type: 'em_open',
      tag: 'em',
      attrs: null,
      map: null,
      nesting: 1,
      level: 0,
      children: null,
      content: '',
      markup: '_',
      info: '',
      meta: null,
      block: false,
      hidden: false
    },
    Token {
      type: 'text',
      tag: '',
      attrs: null,
      map: null,
      nesting: 0,
      level: 1,
      children: null,
      content: 'test',
      markup: '',
      info: '',
      meta: null,
      block: false,
      hidden: false
    },
    Token {
      type: 'em_close',
      tag: 'em',
      attrs: null,
      map: null,
      nesting: -1,
      level: 0,
      children: null,
      content: '',
      markup: '_',
      info: '',
      meta: null,
      block: false,
      hidden: false
    }
  ],
  content: '_test_',
  markup: '',
  info: '',
  meta: null,
  block: true,
  hidden: false
}
Token {
  type: 'paragraph_close',
  tag: 'p',
  attrs: null,
  map: null,
  nesting: -1,
  level: 0,
  children: null,
  content: '',
  markup: '',
  info: '',
  meta: null,
  block: true,
  hidden: false
}
Token {
  type: 'paragraph_open',
  tag: 'p',
  attrs: null,
  map: [ 21, 22 ],
  nesting: 1,
  level: 0,
  children: null,
  content: '',
  markup: '',
  info: '',
  meta: null,
  block: true,
  hidden: false
}
Token {
  type: 'inline',
  tag: '',
  attrs: null,
  map: [ 21, 22 ],
  nesting: 0,
  level: 1,
  children: [
    Token {
      type: 'text',
      tag: '',
      attrs: null,
      map: null,
      nesting: 0,
      level: 0,
      children: null,
      content: '',
      markup: '',
      info: '',
      meta: null,
      block: false,
      hidden: false
    },
    Token {
      type: 'strong_open',
      tag: 'strong',
      attrs: null,
      map: null,
      nesting: 1,
      level: 0,
      children: null,
      content: '',
      markup: '**',
      info: '',
      meta: null,
      block: false,
      hidden: false
    },
    Token {
      type: 'text',
      tag: '',
      attrs: null,
      map: null,
      nesting: 0,
      level: 1,
      children: null,
      content: 'strong',
      markup: '',
      info: '',
      meta: null,
      block: false,
      hidden: false
    },
    Token {
      type: 'strong_close',
      tag: 'strong',
      attrs: null,
      map: null,
      nesting: -1,
      level: 0,
      children: null,
      content: '',
      markup: '**',
      info: '',
      meta: null,
      block: false,
      hidden: false
    },
    Token {
      type: 'text',
      tag: '',
      attrs: null,
      map: null,
      nesting: 0,
      level: 0,
      children: null,
      content: '',
      markup: '',
      info: '',
      meta: null,
      block: false,
      hidden: false
    }
  ],
  content: '**strong**',
  markup: '',
  info: '',
  meta: null,
  block: true,
  hidden: false
}
Token {
  type: 'paragraph_close',
  tag: 'p',
  attrs: null,
  map: null,
  nesting: -1,
  level: 0,
  children: null,
  content: '',
  markup: '',
  info: '',
  meta: null,
  block: true,
  hidden: false
}
Token {
  type: 'paragraph_open',
  tag: 'p',
  attrs: null,
  map: [ 23, 24 ],
  nesting: 1,
  level: 0,
  children: null,
  content: '',
  markup: '',
  info: '',
  meta: null,
  block: true,
  hidden: false
}
Token {
  type: 'inline',
  tag: '',
  attrs: null,
  map: [ 23, 24 ],
  nesting: 0,
  level: 1,
  children: [
    Token {
      type: 'text',
      tag: '',
      attrs: null,
      map: null,
      nesting: 0,
      level: 0,
      children: null,
      content: '',
      markup: '',
      info: '',
      meta: null,
      block: false,
      hidden: false
    },
    Token {
      type: 'strong_open',
      tag: 'strong',
      attrs: null,
      map: null,
      nesting: 1,
      level: 0,
      children: null,
      content: '',
      markup: '**',
      info: '',
      meta: null,
      block: false,
      hidden: false
    },
    Token {
      type: 'em_open',
      tag: 'em',
      attrs: null,
      map: null,
      nesting: 1,
      level: 1,
      children: null,
      content: '',
      markup: '_',
      info: '',
      meta: null,
      block: false,
      hidden: false
    },
    Token {
      type: 'text',
      tag: '',
      attrs: null,
      map: null,
      nesting: 0,
      level: 2,
      children: null,
      content: 'strong and italic',
      markup: '',
      info: '',
      meta: null,
      block: false,
      hidden: false
    },
    Token {
      type: 'em_close',
      tag: 'em',
      attrs: null,
      map: null,
      nesting: -1,
      level: 1,
      children: null,
      content: '',
      markup: '_',
      info: '',
      meta: null,
      block: false,
      hidden: false
    },
    Token {
      type: 'strong_close',
      tag: 'strong',
      attrs: null,
      map: null,
      nesting: -1,
      level: 0,
      children: null,
      content: '',
      markup: '**',
      info: '',
      meta: null,
      block: false,
      hidden: false
    },
    Token {
      type: 'text',
      tag: '',
      attrs: null,
      map: null,
      nesting: 0,
      level: 0,
      children: null,
      content: '',
      markup: '',
      info: '',
      meta: null,
      block: false,
      hidden: false
    }
  ],
  content: '**_strong and italic_**',
  markup: '',
  info: '',
  meta: null,
  block: true,
  hidden: false
}
Token {
  type: 'paragraph_close',
  tag: 'p',
  attrs: null,
  map: null,
  nesting: -1,
  level: 0,
  children: null,
  content: '',
  markup: '',
  info: '',
  meta: null,
  block: true,
  hidden: false
}
Token {
  type: 'paragraph_open',
  tag: 'p',
  attrs: null,
  map: [ 25, 26 ],
  nesting: 1,
  level: 0,
  children: null,
  content: '',
  markup: '',
  info: '',
  meta: null,
  block: true,
  hidden: false
}
Token {
  type: 'inline',
  tag: '',
  attrs: null,
  map: [ 25, 26 ],
  nesting: 0,
  level: 1,
  children: [
    Token {
      type: 'code_inline',
      tag: 'code',
      attrs: null,
      map: null,
      nesting: 0,
      level: 0,
      children: null,
      content: 'demo',
      markup: '`',
      info: '',
      meta: null,
      block: false,
      hidden: false
    }
  ],
  content: '`demo`',
  markup: '',
  info: '',
  meta: null,
  block: true,
  hidden: false
}
Token {
  type: 'paragraph_close',
  tag: 'p',
  attrs: null,
  map: null,
  nesting: -1,
  level: 0,
  children: null,
  content: '',
  markup: '',
  info: '',
  meta: null,
  block: true,
  hidden: false
}
Token {
  type: 'fence',
  tag: 'code',
  attrs: null,
  map: [ 27, 30 ],
  nesting: 0,
  level: 0,
  children: null,
  content: "console.log('hello world')\n",
  markup: '```',
  info: 'js',
  meta: null,
  block: true,
  hidden: false
}
Token {
  type: 'paragraph_open',
  tag: 'p',
  attrs: null,
  map: [ 31, 32 ],
  nesting: 1,
  level: 0,
  children: null,
  content: '',
  markup: '',
  info: '',
  meta: null,
  block: true,
  hidden: false
}
Token {
  type: 'inline',
  tag: '',
  attrs: null,
  map: [ 31, 32 ],
  nesting: 0,
  level: 1,
  children: [
    Token {
      type: 'text',
      tag: '',
      attrs: null,
      map: null,
      nesting: 0,
      level: 0,
      children: null,
      content: '![](https://img-20221128.oss-cn-shanghai.aliyuncs.com/img-2023-05/202411291706301.png)',
      markup: '',
      info: '',
      meta: null,
      block: false,
      hidden: false
    }
  ],
  content: '![](https://img-20221128.oss-cn-shanghai.aliyuncs.com/img-2023-05/202411291706301.png)',
  markup: '',
  info: '',
  meta: null,
  block: true,
  hidden: false
}
Token {
  type: 'paragraph_close',
  tag: 'p',
  attrs: null,
  map: null,
  nesting: -1,
  level: 0,
  children: null,
  content: '',
  markup: '',
  info: '',
  meta: null,
  block: true,
  hidden: false
}
Token {
  type: 'paragraph_open',
  tag: 'p',
  attrs: null,
  map: [ 33, 34 ],
  nesting: 1,
  level: 0,
  children: null,
  content: '',
  markup: '',
  info: '',
  meta: null,
  block: true,
  hidden: false
}
Token {
  type: 'inline',
  tag: '',
  attrs: null,
  map: [ 33, 34 ],
  nesting: 0,
  level: 1,
  children: [
    Token {
      type: 'text',
      tag: '',
      attrs: null,
      map: null,
      nesting: 0,
      level: 0,
      children: null,
      content: '-222222222',
      markup: '',
      info: '',
      meta: null,
      block: false,
      hidden: false
    }
  ],
  content: '-222222222',
  markup: '',
  info: '',
  meta: null,
  block: true,
  hidden: false
}
Token {
  type: 'paragraph_close',
  tag: 'p',
  attrs: null,
  map: null,
  nesting: -1,
  level: 0,
  children: null,
  content: '',
  markup: '',
  info: '',
  meta: null,
  block: true,
  hidden: false
}
Token {
  type: 'bullet_list_open',
  tag: 'ul',
  attrs: null,
  map: [ 35, 38 ],
  nesting: 1,
  level: 0,
  children: null,
  content: '',
  markup: '-',
  info: '',
  meta: null,
  block: true,
  hidden: false
}
Token {
  type: 'list_item_open',
  tag: 'li',
  attrs: null,
  map: [ 35, 36 ],
  nesting: 1,
  level: 1,
  children: null,
  content: '',
  markup: '-',
  info: '',
  meta: null,
  block: true,
  hidden: false
}
Token {
  type: 'paragraph_open',
  tag: 'p',
  attrs: null,
  map: [ 35, 36 ],
  nesting: 1,
  level: 2,
  children: null,
  content: '',
  markup: '',
  info: '',
  meta: null,
  block: true,
  hidden: true
}
Token {
  type: 'inline',
  tag: '',
  attrs: null,
  map: [ 35, 36 ],
  nesting: 0,
  level: 3,
  children: [
    Token {
      type: 'text',
      tag: '',
      attrs: null,
      map: null,
      nesting: 0,
      level: 0,
      children: null,
      content: '[[111]]',
      markup: '',
      info: '',
      meta: null,
      block: false,
      hidden: false
    }
  ],
  content: '[[111]]',
  markup: '',
  info: '',
  meta: null,
  block: true,
  hidden: false
}
Token {
  type: 'paragraph_close',
  tag: 'p',
  attrs: null,
  map: null,
  nesting: -1,
  level: 2,
  children: null,
  content: '',
  markup: '',
  info: '',
  meta: null,
  block: true,
  hidden: true
}
Token {
  type: 'list_item_close',
  tag: 'li',
  attrs: null,
  map: null,
  nesting: -1,
  level: 1,
  children: null,
  content: '',
  markup: '-',
  info: '',
  meta: null,
  block: true,
  hidden: false
}
Token {
  type: 'list_item_open',
  tag: 'li',
  attrs: null,
  map: [ 36, 37 ],
  nesting: 1,
  level: 1,
  children: null,
  content: '',
  markup: '-',
  info: '',
  meta: null,
  block: true,
  hidden: false
}
Token {
  type: 'paragraph_open',
  tag: 'p',
  attrs: null,
  map: [ 36, 37 ],
  nesting: 1,
  level: 2,
  children: null,
  content: '',
  markup: '',
  info: '',
  meta: null,
  block: true,
  hidden: true
}
Token {
  type: 'inline',
  tag: '',
  attrs: null,
  map: [ 36, 37 ],
  nesting: 0,
  level: 3,
  children: [
    Token {
      type: 'text',
      tag: '',
      attrs: null,
      map: null,
      nesting: 0,
      level: 0,
      children: null,
      content: '[[demos/aaa]]',
      markup: '',
      info: '',
      meta: null,
      block: false,
      hidden: false
    }
  ],
  content: '[[demos/aaa]]',
  markup: '',
  info: '',
  meta: null,
  block: true,
  hidden: false
}
Token {
  type: 'paragraph_close',
  tag: 'p',
  attrs: null,
  map: null,
  nesting: -1,
  level: 2,
  children: null,
  content: '',
  markup: '',
  info: '',
  meta: null,
  block: true,
  hidden: true
}
Token {
  type: 'list_item_close',
  tag: 'li',
  attrs: null,
  map: null,
  nesting: -1,
  level: 1,
  children: null,
  content: '',
  markup: '-',
  info: '',
  meta: null,
  block: true,
  hidden: false
}
Token {
  type: 'list_item_open',
  tag: 'li',
  attrs: null,
  map: [ 37, 38 ],
  nesting: 1,
  level: 1,
  children: null,
  content: '',
  markup: '-',
  info: '',
  meta: null,
  block: true,
  hidden: false
}
Token {
  type: 'paragraph_open',
  tag: 'p',
  attrs: null,
  map: [ 37, 38 ],
  nesting: 1,
  level: 2,
  children: null,
  content: '',
  markup: '',
  info: '',
  meta: null,
  block: true,
  hidden: true
}
Token {
  type: 'inline',
  tag: '',
  attrs: null,
  map: [ 37, 38 ],
  nesting: 0,
  level: 3,
  children: [
    Token {
      type: 'link_open',
      tag: 'a',
      attrs: [Array],
      map: null,
      nesting: 1,
      level: 0,
      children: null,
      content: '',
      markup: '',
      info: '',
      meta: null,
      block: false,
      hidden: false
    },
    Token {
      type: 'text',
      tag: '',
      attrs: null,
      map: null,
      nesting: 0,
      level: 1,
      children: null,
      content: 'test',
      markup: '',
      info: '',
      meta: null,
      block: false,
      hidden: false
    },
    Token {
      type: 'link_close',
      tag: 'a',
      attrs: null,
      map: null,
      nesting: -1,
      level: 0,
      children: null,
      content: '',
      markup: '',
      info: '',
      meta: null,
      block: false,
      hidden: false
    }
  ],
  content: '[test](./111.md)',
  markup: '',
  info: '',
  meta: null,
  block: true,
  hidden: false
}
Token {
  type: 'paragraph_close',
  tag: 'p',
  attrs: null,
  map: null,
  nesting: -1,
  level: 2,
  children: null,
  content: '',
  markup: '',
  info: '',
  meta: null,
  block: true,
  hidden: true
}
Token {
  type: 'list_item_close',
  tag: 'li',
  attrs: null,
  map: null,
  nesting: -1,
  level: 1,
  children: null,
  content: '',
  markup: '-',
  info: '',
  meta: null,
  block: true,
  hidden: false
}
Token {
  type: 'bullet_list_close',
  tag: 'ul',
  attrs: null,
  map: null,
  nesting: -1,
  level: 0,
  children: null,
  content: '',
  markup: '-',
  info: '',
  meta: null,
  block: true,
  hidden: false
}
Token {
  type: 'hr',
  tag: 'hr',
  attrs: null,
  map: [ 0, 1 ],
  nesting: 0,
  level: 0,
  children: null,
  content: '',
  markup: '---',
  info: '',
  meta: null,
  block: true,
  hidden: false
}
Token {
  type: 'heading_open',
  tag: 'h2',
  attrs: null,
  map: [ 1, 7 ],
  nesting: 1,
  level: 0,
  children: null,
  content: '',
  markup: '-',
  info: '',
  meta: null,
  block: true,
  hidden: false
}
Token {
  type: 'inline',
  tag: '',
  attrs: null,
  map: [ 1, 6 ],
  nesting: 0,
  level: 1,
  children: [
    Token {
      type: 'text',
      tag: '',
      attrs: null,
      map: null,
      nesting: 0,
      level: 0,
      children: null,
      content: 'page: true',
      markup: '',
      info: '',
      meta: null,
      block: false,
      hidden: false
    },
    Token {
      type: 'softbreak',
      tag: 'br',
      attrs: null,
      map: null,
      nesting: 0,
      level: 0,
      children: null,
      content: '',
      markup: '',
      info: '',
      meta: null,
      block: false,
      hidden: false
    },
    Token {
      type: 'text',
      tag: '',
      attrs: null,
      map: null,
      nesting: 0,
      level: 0,
      children: null,
      content: 'title: Collections',
      markup: '',
      info: '',
      meta: null,
      block: false,
      hidden: false
    },
    Token {
      type: 'softbreak',
      tag: 'br',
      attrs: null,
      map: null,
      nesting: 0,
      level: 0,
      children: null,
      content: '',
      markup: '',
      info: '',
      meta: null,
      block: false,
      hidden: false
    },
    Token {
      type: 'text',
      tag: '',
      attrs: null,
      map: null,
      nesting: 0,
      level: 0,
      children: null,
      content: 'description: Tags',
      markup: '',
      info: '',
      meta: null,
      block: false,
      hidden: false
    },
    Token {
      type: 'softbreak',
      tag: 'br',
      attrs: null,
      map: null,
      nesting: 0,
      level: 0,
      children: null,
      content: '',
      markup: '',
      info: '',
      meta: null,
      block: false,
      hidden: false
    },
    Token {
      type: 'text',
      tag: '',
      attrs: null,
      map: null,
      nesting: 0,
      level: 0,
      children: null,
      content: 'aside: false',
      markup: '',
      info: '',
      meta: null,
      block: false,
      hidden: false
    },
    Token {
      type: 'softbreak',
      tag: 'br',
      attrs: null,
      map: null,
      nesting: 0,
      level: 0,
      children: null,
      content: '',
      markup: '',
      info: '',
      meta: null,
      block: false,
      hidden: false
    },
    Token {
      type: 'text',
      tag: '',
      attrs: null,
      map: null,
      nesting: 0,
      level: 0,
      children: null,
      content: 'date: 2020-09-01',
      markup: '',
      info: '',
      meta: null,
      block: false,
      hidden: false
    }
  ],
  content: 'page: true\n' +
    'title: Collections\n' +
    'description: Tags\n' +
    'aside: false\n' +
    'date: 2020-09-01',
  markup: '',
  info: '',
  meta: null,
  block: true,
  hidden: false
}
Token {
  type: 'heading_close',
  tag: 'h2',
  attrs: null,
  map: null,
  nesting: -1,
  level: 0,
  children: null,
  content: '',
  markup: '-',
  info: '',
  meta: null,
  block: true,
  hidden: false
}
Token {
  type: 'paragraph_open',
  tag: 'p',
  attrs: null,
  map: [ 8, 9 ],
  nesting: 1,
  level: 0,
  children: null,
  content: '',
  markup: '',
  info: '',
  meta: null,
  block: true,
  hidden: false
}
Token {
  type: 'inline',
  tag: '',
  attrs: null,
  map: [ 8, 9 ],
  nesting: 0,
  level: 1,
  children: [
    Token {
      type: 'text',
      tag: '',
      attrs: null,
      map: null,
      nesting: 0,
      level: 0,
      children: null,
      content: '<Collections/>',
      markup: '',
      info: '',
      meta: null,
      block: false,
      hidden: false
    }
  ],
  content: '<Collections/>',
  markup: '',
  info: '',
  meta: null,
  block: true,
  hidden: false
}
Token {
  type: 'paragraph_close',
  tag: 'p',
  attrs: null,
  map: null,
  nesting: -1,
  level: 0,
  children: null,
  content: '',
  markup: '',
  info: '',
  meta: null,
  block: true,
  hidden: false
}
Token {
  type: 'hr',
  tag: 'hr',
  attrs: null,
  map: [ 0, 1 ],
  nesting: 0,
  level: 0,
  children: null,
  content: '',
  markup: '---',
  info: '',
  meta: null,
  block: true,
  hidden: false
}
Token {
  type: 'heading_open',
  tag: 'h2',
  attrs: null,
  map: [ 1, 3 ],
  nesting: 1,
  level: 0,
  children: null,
  content: '',
  markup: '-',
  info: '',
  meta: null,
  block: true,
  hidden: false
}
Token {
  type: 'inline',
  tag: '',
  attrs: null,
  map: [ 1, 2 ],
  nesting: 0,
  level: 1,
  children: [
    Token {
      type: 'text',
      tag: '',
      attrs: null,
      map: null,
      nesting: 0,
      level: 0,
      children: null,
      content: 'layout: home',
      markup: '',
      info: '',
      meta: null,
      block: false,
      hidden: false
    }
  ],
  content: 'layout: home',
  markup: '',
  info: '',
  meta: null,
  block: true,
  hidden: false
}
Token {
  type: 'heading_close',
  tag: 'h2',
  attrs: null,
  map: null,
  nesting: -1,
  level: 0,
  children: null,
  content: '',
  markup: '-',
  info: '',
  meta: null,
  block: true,
  hidden: false
}
Token {
  type: 'paragraph_open',
  tag: 'p',
  attrs: null,
  map: [ 4, 5 ],
  nesting: 1,
  level: 0,
  children: null,
  content: '',
  markup: '',
  info: '',
  meta: null,
  block: true,
  hidden: false
}
Token {
  type: 'inline',
  tag: '',
  attrs: null,
  map: [ 4, 5 ],
  nesting: 0,
  level: 1,
  children: [
    Token {
      type: 'text',
      tag: '',
      attrs: null,
      map: null,
      nesting: 0,
      level: 0,
      children: null,
      content: '<Homepage />',
      markup: '',
      info: '',
      meta: null,
      block: false,
      hidden: false
    }
  ],
  content: '<Homepage />',
  markup: '',
  info: '',
  meta: null,
  block: true,
  hidden: false
}
Token {
  type: 'paragraph_close',
  tag: 'p',
  attrs: null,
  map: null,
  nesting: -1,
  level: 0,
  children: null,
  content: '',
  markup: '',
  info: '',
  meta: null,
  block: true,
  hidden: false
}
Token {
  type: 'hr',
  tag: 'hr',
  attrs: null,
  map: [ 0, 1 ],
  nesting: 0,
  level: 0,
  children: null,
  content: '',
  markup: '---',
  info: '',
  meta: null,
  block: true,
  hidden: false
}
Token {
  type: 'heading_open',
  tag: 'h2',
  attrs: null,
  map: [ 1, 6 ],
  nesting: 1,
  level: 0,
  children: null,
  content: '',
  markup: '-',
  info: '',
  meta: null,
  block: true,
  hidden: false
}
Token {
  type: 'inline',
  tag: '',
  attrs: null,
  map: [ 1, 5 ],
  nesting: 0,
  level: 1,
  children: [
    Token {
      type: 'text',
      tag: '',
      attrs: null,
      map: null,
      nesting: 0,
      level: 0,
      children: null,
      content: 'title: home',
      markup: '',
      info: '',
      meta: null,
      block: false,
      hidden: false
    },
    Token {
      type: 'softbreak',
      tag: 'br',
      attrs: null,
      map: null,
      nesting: 0,
      level: 0,
      children: null,
      content: '',
      markup: '',
      info: '',
      meta: null,
      block: false,
      hidden: false
    },
    Token {
      type: 'text',
      tag: '',
      attrs: null,
      map: null,
      nesting: 0,
      level: 0,
      children: null,
      content: 'aside: false',
      markup: '',
      info: '',
      meta: null,
      block: false,
      hidden: false
    },
    Token {
      type: 'softbreak',
      tag: 'br',
      attrs: null,
      map: null,
      nesting: 0,
      level: 0,
      children: null,
      content: '',
      markup: '',
      info: '',
      meta: null,
      block: false,
      hidden: false
    },
    Token {
      type: 'text',
      tag: '',
      attrs: null,
      map: null,
      nesting: 0,
      level: 0,
      children: null,
      content: 'sidebar: false',
      markup: '',
      info: '',
      meta: null,
      block: false,
      hidden: false
    },
    Token {
      type: 'softbreak',
      tag: 'br',
      attrs: null,
      map: null,
      nesting: 0,
      level: 0,
      children: null,
      content: '',
      markup: '',
      info: '',
      meta: null,
      block: false,
      hidden: false
    },
    Token {
      type: 'text',
      tag: '',
      attrs: null,
      map: null,
      nesting: 0,
      level: 0,
      children: null,
      content: 'layout: page',
      markup: '',
      info: '',
      meta: null,
      block: false,
      hidden: false
    }
  ],
  content: 'title: home\naside: false\nsidebar: false\nlayout: page',
  markup: '',
  info: '',
  meta: null,
  block: true,
  hidden: false
}
Token {
  type: 'heading_close',
  tag: 'h2',
  attrs: null,
  map: null,
  nesting: -1,
  level: 0,
  children: null,
  content: '',
  markup: '-',
  info: '',
  meta: null,
  block: true,
  hidden: false
}
Token {
  type: 'paragraph_open',
  tag: 'p',
  attrs: null,
  map: [ 6, 13 ],
  nesting: 1,
  level: 0,
  children: null,
  content: '',
  markup: '',
  info: '',
  meta: null,
  block: true,
  hidden: false
}
Token {
  type: 'inline',
  tag: '',
  attrs: null,
  map: [ 6, 13 ],
  nesting: 0,
  level: 1,
  children: [
    Token {
      type: 'text',
      tag: '',
      attrs: null,
      map: null,
      nesting: 0,
      level: 0,
      children: null,
      content: '<script setup>',
      markup: '',
      info: '',
      meta: null,
      block: false,
      hidden: false
    },
    Token {
      type: 'softbreak',
      tag: 'br',
      attrs: null,
      map: null,
      nesting: 0,
      level: 0,
      children: null,
      content: '',
      markup: '',
      info: '',
      meta: null,
      block: false,
      hidden: false
    },
    Token {
      type: 'text',
      tag: '',
      attrs: null,
      map: null,
      nesting: 0,
      level: 0,
      children: null,
      content: 'import BlogContainer from "../../.vitepress/theme/components/page/BlogContainer.vue";',
      markup: '',
      info: '',
      meta: null,
      block: false,
      hidden: false
    },
    Token {
      type: 'softbreak',
      tag: 'br',
      attrs: null,
      map: null,
      nesting: 0,
      level: 0,
      children: null,
      content: '',
      markup: '',
      info: '',
      meta: null,
      block: false,
      hidden: false
    },
    Token {
      type: 'text',
      tag: '',
      attrs: null,
      map: null,
      nesting: 0,
      level: 0,
      children: null,
      content: 'import { useData } from "vitepress";',
      markup: '',
      info: '',
      meta: null,
      block: false,
      hidden: false
    },
    Token {
      type: 'softbreak',
      tag: 'br',
      attrs: null,
      map: null,
      nesting: 0,
      level: 0,
      children: null,
      content: '',
      markup: '',
      info: '',
      meta: null,
      block: false,
      hidden: false
    },
    Token {
      type: 'text',
      tag: '',
      attrs: null,
      map: null,
      nesting: 0,
      level: 0,
      children: null,
      content: 'const { theme } = useData();',
      markup: '',
      info: '',
      meta: null,
      block: false,
      hidden: false
    },
    Token {
      type: 'softbreak',
      tag: 'br',
      attrs: null,
      map: null,
      nesting: 0,
      level: 0,
      children: null,
      content: '',
      markup: '',
      info: '',
      meta: null,
      block: false,
      hidden: false
    },
    Token {
      type: 'text',
      tag: '',
      attrs: null,
      map: null,
      nesting: 0,
      level: 0,
      children: null,
      content: 'const posts = theme.value.posts.slice(0,10)',
      markup: '',
      info: '',
      meta: null,
      block: false,
      hidden: false
    },
    Token {
      type: 'softbreak',
      tag: 'br',
      attrs: null,
      map: null,
      nesting: 0,
      level: 0,
      children: null,
      content: '',
      markup: '',
      info: '',
      meta: null,
      block: false,
      hidden: false
    },
    Token {
      type: 'text',
      tag: '',
      attrs: null,
      map: null,
      nesting: 0,
      level: 0,
      children: null,
      content: '</script>',
      markup: '',
      info: '',
      meta: null,
      block: false,
      hidden: false
    },
    Token {
      type: 'softbreak',
      tag: 'br',
      attrs: null,
      map: null,
      nesting: 0,
      level: 0,
      children: null,
      content: '',
      markup: '',
      info: '',
      meta: null,
      block: false,
      hidden: false
    },
    Token {
      type: 'text',
      tag: '',
      attrs: null,
      map: null,
      nesting: 0,
      level: 0,
      children: null,
      content: '<BlogContainer :posts="posts" :pageCurrent="1" :pagesNum="1" />',
      markup: '',
      info: '',
      meta: null,
      block: false,
      hidden: false
    }
  ],
  content: '<script setup>\n' +
    'import BlogContainer from "../../.vitepress/theme/components/page/BlogContainer.vue";\n' +
    'import { useData } from "vitepress";\n' +
    'const { theme } = useData();\n' +
    'const posts = theme.value.posts.slice(0,10)\n' +
    '</script>\n' +
    '<BlogContainer :posts="posts" :pageCurrent="1" :pagesNum="1" />',
  markup: '',
  info: '',
  meta: null,
  block: true,
  hidden: false
}
Token {
  type: 'paragraph_close',
  tag: 'p',
  attrs: null,
  map: null,
  nesting: -1,
  level: 0,
  children: null,
  content: '',
  markup: '',
  info: '',
  meta: null,
  block: true,
  hidden: false
}
Token {
  type: 'hr',
  tag: 'hr',
  attrs: null,
  map: [ 0, 1 ],
  nesting: 0,
  level: 0,
  children: null,
  content: '',
  markup: '---',
  info: '',
  meta: null,
  block: true,
  hidden: false
}
Token {
  type: 'heading_open',
  tag: 'h2',
  attrs: null,
  map: [ 1, 7 ],
  nesting: 1,
  level: 0,
  children: null,
  content: '',
  markup: '-',
  info: '',
  meta: null,
  block: true,
  hidden: false
}
Token {
  type: 'inline',
  tag: '',
  attrs: null,
  map: [ 1, 6 ],
  nesting: 0,
  level: 1,
  children: [
    Token {
      type: 'text',
      tag: '',
      attrs: null,
      map: null,
      nesting: 0,
      level: 0,
      children: null,
      content: 'layout: page',
      markup: '',
      info: '',
      meta: null,
      block: false,
      hidden: false
    },
    Token {
      type: 'softbreak',
      tag: 'br',
      attrs: null,
      map: null,
      nesting: 0,
      level: 0,
      children: null,
      content: '',
      markup: '',
      info: '',
      meta: null,
      block: false,
      hidden: false
    },
    Token {
      type: 'text',
      tag: '',
      attrs: null,
      map: null,
      nesting: 0,
      level: 0,
      children: null,
      content: 'title: Tags',
      markup: '',
      info: '',
      meta: null,
      block: false,
      hidden: false
    },
    Token {
      type: 'softbreak',
      tag: 'br',
      attrs: null,
      map: null,
      nesting: 0,
      level: 0,
      children: null,
      content: '',
      markup: '',
      info: '',
      meta: null,
      block: false,
      hidden: false
    },
    Token {
      type: 'text',
      tag: '',
      attrs: null,
      map: null,
      nesting: 0,
      level: 0,
      children: null,
      content: 'description: Tags',
      markup: '',
      info: '',
      meta: null,
      block: false,
      hidden: false
    },
    Token {
      type: 'softbreak',
      tag: 'br',
      attrs: null,
      map: null,
      nesting: 0,
      level: 0,
      children: null,
      content: '',
      markup: '',
      info: '',
      meta: null,
      block: false,
      hidden: false
    },
    Token {
      type: 'text',
      tag: '',
      attrs: null,
      map: null,
      nesting: 0,
      level: 0,
      children: null,
      content: 'sidebar: false',
      markup: '',
      info: '',
      meta: null,
      block: false,
      hidden: false
    },
    Token {
      type: 'softbreak',
      tag: 'br',
      attrs: null,
      map: null,
      nesting: 0,
      level: 0,
      children: null,
      content: '',
      markup: '',
      info: '',
      meta: null,
      block: false,
      hidden: false
    },
    Token {
      type: 'text',
      tag: '',
      attrs: null,
      map: null,
      nesting: 0,
      level: 0,
      children: null,
      content: 'aside: false',
      markup: '',
      info: '',
      meta: null,
      block: false,
      hidden: false
    }
  ],
  content: 'layout: page\ntitle: Tags\ndescription: Tags\nsidebar: false\naside: false',
  markup: '',
  info: '',
  meta: null,
  block: true,
  hidden: false
}
Token {
  type: 'heading_close',
  tag: 'h2',
  attrs: null,
  map: null,
  nesting: -1,
  level: 0,
  children: null,
  content: '',
  markup: '-',
  info: '',
  meta: null,
  block: true,
  hidden: false
}
Token {
  type: 'paragraph_open',
  tag: 'p',
  attrs: null,
  map: [ 8, 9 ],
  nesting: 1,
  level: 0,
  children: null,
  content: '',
  markup: '',
  info: '',
  meta: null,
  block: true,
  hidden: false
}
Token {
  type: 'inline',
  tag: '',
  attrs: null,
  map: [ 8, 9 ],
  nesting: 0,
  level: 1,
  children: [
    Token {
      type: 'text',
      tag: '',
      attrs: null,
      map: null,
      nesting: 0,
      level: 0,
      children: null,
      content: '<Tags/>',
      markup: '',
      info: '',
      meta: null,
      block: false,
      hidden: false
    }
  ],
  content: '<Tags/>',
  markup: '',
  info: '',
  meta: null,
  block: true,
  hidden: false
}
Token {
  type: 'paragraph_close',
  tag: 'p',
  attrs: null,
  map: null,
  nesting: -1,
  level: 0,
  children: null,
  content: '',
  markup: '',
  info: '',
  meta: null,
  block: true,
  hidden: false
}
Token {
  type: 'hr',
  tag: 'hr',
  attrs: null,
  map: [ 0, 1 ],
  nesting: 0,
  level: 0,
  children: null,
  content: '',
  markup: '---',
  info: '',
  meta: null,
  block: true,
  hidden: false
}
Token {
  type: 'heading_open',
  tag: 'h2',
  attrs: null,
  map: [ 1, 7 ],
  nesting: 1,
  level: 0,
  children: null,
  content: '',
  markup: '-',
  info: '',
  meta: null,
  block: true,
  hidden: false
}
Token {
  type: 'inline',
  tag: '',
  attrs: null,
  map: [ 1, 6 ],
  nesting: 0,
  level: 1,
  children: [
    Token {
      type: 'text',
      tag: '',
      attrs: null,
      map: null,
      nesting: 0,
      level: 0,
      children: null,
      content: 'layout: page',
      markup: '',
      info: '',
      meta: null,
      block: false,
      hidden: false
    },
    Token {
      type: 'softbreak',
      tag: 'br',
      attrs: null,
      map: null,
      nesting: 0,
      level: 0,
      children: null,
      content: '',
      markup: '',
      info: '',
      meta: null,
      block: false,
      hidden: false
    },
    Token {
      type: 'text',
      tag: '',
      attrs: null,
      map: null,
      nesting: 0,
      level: 0,
      children: null,
      content: 'title: Timeline',
      markup: '',
      info: '',
      meta: null,
      block: false,
      hidden: false
    },
    Token {
      type: 'softbreak',
      tag: 'br',
      attrs: null,
      map: null,
      nesting: 0,
      level: 0,
      children: null,
      content: '',
      markup: '',
      info: '',
      meta: null,
      block: false,
      hidden: false
    },
    Token {
      type: 'text',
      tag: '',
      attrs: null,
      map: null,
      nesting: 0,
      level: 0,
      children: null,
      content: 'description: Timeline',
      markup: '',
      info: '',
      meta: null,
      block: false,
      hidden: false
    },
    Token {
      type: 'softbreak',
      tag: 'br',
      attrs: null,
      map: null,
      nesting: 0,
      level: 0,
      children: null,
      content: '',
      markup: '',
      info: '',
      meta: null,
      block: false,
      hidden: false
    },
    Token {
      type: 'text',
      tag: '',
      attrs: null,
      map: null,
      nesting: 0,
      level: 0,
      children: null,
      content: 'sidebar: false',
      markup: '',
      info: '',
      meta: null,
      block: false,
      hidden: false
    },
    Token {
      type: 'softbreak',
      tag: 'br',
      attrs: null,
      map: null,
      nesting: 0,
      level: 0,
      children: null,
      content: '',
      markup: '',
      info: '',
      meta: null,
      block: false,
      hidden: false
    },
    Token {
      type: 'text',
      tag: '',
      attrs: null,
      map: null,
      nesting: 0,
      level: 0,
      children: null,
      content: 'aside: false',
      markup: '',
      info: '',
      meta: null,
      block: false,
      hidden: false
    }
  ],
  content: 'layout: page\n' +
    'title: Timeline\n' +
    'description: Timeline\n' +
    'sidebar: false\n' +
    'aside: false',
  markup: '',
  info: '',
  meta: null,
  block: true,
  hidden: false
}
Token {
  type: 'heading_close',
  tag: 'h2',
  attrs: null,
  map: null,
  nesting: -1,
  level: 0,
  children: null,
  content: '',
  markup: '-',
  info: '',
  meta: null,
  block: true,
  hidden: false
}
Token {
  type: 'paragraph_open',
  tag: 'p',
  attrs: null,
  map: [ 8, 9 ],
  nesting: 1,
  level: 0,
  children: null,
  content: '',
  markup: '',
  info: '',
  meta: null,
  block: true,
  hidden: false
}
Token {
  type: 'inline',
  tag: '',
  attrs: null,
  map: [ 8, 9 ],
  nesting: 0,
  level: 1,
  children: [
    Token {
      type: 'text',
      tag: '',
      attrs: null,
      map: null,
      nesting: 0,
      level: 0,
      children: null,
      content: '<Timeline/>',
      markup: '',
      info: '',
      meta: null,
      block: false,
      hidden: false
    }
  ],
  content: '<Timeline/>',
  markup: '',
  info: '',
  meta: null,
  block: true,
  hidden: false
}
Token {
  type: 'paragraph_close',
  tag: 'p',
  attrs: null,
  map: null,
  nesting: -1,
  level: 0,
  children: null,
  content: '',
  markup: '',
  info: '',
  meta: null,
  block: true,
  hidden: false
}

  vitepress v1.5.0

  ➜  Local:   http://localhost:5000/
  ➜  Network: http://10.177.73.149:5000/
  ➜  Network: http://172.16.9.1:5000/
  ➜  Network: http://172.16.2.1:5000/
  ➜  Network: http://172.16.4.1:5000/
  ➜  Network: http://192.168.112.1:5000/
  ➜  Network: http://172.22.0.1:5000/
  ➜  Network: http://192.168.96.1:5000/
  ➜  Network: http://172.16.7.1:5000/
  ➜  Network: http://192.168.16.1:5000/
  ➜  Network: http://172.30.0.1:5000/
  ➜  Network: http://172.28.0.1:5000/
  ➜  Network: http://172.27.0.1:5000/
  ➜  Network: http://192.168.224.1:5000/
  ➜  Network: http://172.31.0.1:5000/
  ➜  Network: http://172.16.11.1:5000/
  ➜  Network: http://172.29.0.1:5000/
  ➜  Network: http://172.20.0.1:5000/
  ➜  Network: http://172.16.1.1:5000/
  ➜  Network: http://192.168.128.1:5000/
  ➜  Network: http://172.16.8.1:5000/
  ➜  Network: http://172.25.0.1:5000/
  ➜  Network: http://192.168.176.1:5000/
  ➜  Network: http://192.168.240.1:5000/
  ➜  Network: http://172.16.6.1:5000/
  ➜  Network: http://172.21.0.1:5000/
  ➜  Network: http://192.168.160.1:5000/
  ➜  Network: http://172.16.5.1:5000/
  ➜  Network: http://192.168.144.1:5000/
  ➜  Network: http://192.168.64.1:5000/
  ➜  Network: http://172.16.13.1:5000/
  ➜  Network: http://172.16.0.1:5000/
  ➜  Network: http://172.23.5.8:5000/
  ➜  Network: http://172.16.15.1:5000/
  ➜  Network: http://172.16.10.1:5000/
  ➜  Network: http://172.16.12.1:5000/
  ➜  Network: http://172.16.3.1:5000/
  ➜  Network: http://198.18.0.1:5000/
  ➜  press h to show help
5:09:14 PM [vitepress] .vitepress/plugins/analyze.ts changed, restarting server...

Token {
  type: 'hr',
  tag: 'hr',
  attrs: null,
  map: [ 0, 1 ],
  nesting: 0,
  level: 0,
  children: null,
  content: '',
  markup: '---',
  info: '',
  meta: null,
  block: true,
  hidden: false
}
Token {
  type: 'heading_open',
  tag: 'h2',
  attrs: null,
  map: [ 1, 6 ],
  nesting: 1,
  level: 0,
  children: null,
  content: '',
  markup: '-',
  info: '',
  meta: null,
  block: true,
  hidden: false
}
Token {
  type: 'inline',
  tag: '',
  attrs: null,
  map: [ 1, 5 ],
  nesting: 0,
  level: 1,
  children: [
    Token {
      type: 'text',
      tag: '',
      attrs: null,
      map: null,
      nesting: 0,
      level: 0,
      children: null,
      content: 'title: home',
      markup: '',
      info: '',
      meta: null,
      block: false,
      hidden: false
    },
    Token {
      type: 'softbreak',
      tag: 'br',
      attrs: null,
      map: null,
      nesting: 0,
      level: 0,
      children: null,
      content: '',
      markup: '',
      info: '',
      meta: null,
      block: false,
      hidden: false
    },
    Token {
      type: 'text',
      tag: '',
      attrs: null,
      map: null,
      nesting: 0,
      level: 0,
      children: null,
      content: 'aside: false',
      markup: '',
      info: '',
      meta: null,
      block: false,
      hidden: false
    },
    Token {
      type: 'softbreak',
      tag: 'br',
      attrs: null,
      map: null,
      nesting: 0,
      level: 0,
      children: null,
      content: '',
      markup: '',
      info: '',
      meta: null,
      block: false,
      hidden: false
    },
    Token {
      type: 'text',
      tag: '',
      attrs: null,
      map: null,
      nesting: 0,
      level: 0,
      children: null,
      content: 'sidebar: false',
      markup: '',
      info: '',
      meta: null,
      block: false,
      hidden: false
    },
    Token {
      type: 'softbreak',
      tag: 'br',
      attrs: null,
      map: null,
      nesting: 0,
      level: 0,
      children: null,
      content: '',
      markup: '',
      info: '',
      meta: null,
      block: false,
      hidden: false
    },
    Token {
      type: 'text',
      tag: '',
      attrs: null,
      map: null,
      nesting: 0,
      level: 0,
      children: null,
      content: 'layout: page',
      markup: '',
      info: '',
      meta: null,
      block: false,
      hidden: false
    }
  ],
  content: 'title: home\naside: false\nsidebar: false\nlayout: page',
  markup: '',
  info: '',
  meta: null,
  block: true,
  hidden: false
}
Token {
  type: 'heading_close',
  tag: 'h2',
  attrs: null,
  map: null,
  nesting: -1,
  level: 0,
  children: null,
  content: '',
  markup: '-',
  info: '',
  meta: null,
  block: true,
  hidden: false
}
Token {
  type: 'paragraph_open',
  tag: 'p',
  attrs: null,
  map: [ 6, 13 ],
  nesting: 1,
  level: 0,
  children: null,
  content: '',
  markup: '',
  info: '',
  meta: null,
  block: true,
  hidden: false
}
Token {
  type: 'inline',
  tag: '',
  attrs: null,
  map: [ 6, 13 ],
  nesting: 0,
  level: 1,
  children: [
    Token {
      type: 'text',
      tag: '',
      attrs: null,
      map: null,
      nesting: 0,
      level: 0,
      children: null,
      content: '<script setup>',
      markup: '',
      info: '',
      meta: null,
      block: false,
      hidden: false
    },
    Token {
      type: 'softbreak',
      tag: 'br',
      attrs: null,
      map: null,
      nesting: 0,
      level: 0,
      children: null,
      content: '',
      markup: '',
      info: '',
      meta: null,
      block: false,
      hidden: false
    },
    Token {
      type: 'text',
      tag: '',
      attrs: null,
      map: null,
      nesting: 0,
      level: 0,
      children: null,
      content: 'import BlogContainer from "../../.vitepress/theme/components/page/BlogContainer.vue";',
      markup: '',
      info: '',
      meta: null,
      block: false,
      hidden: false
    },
    Token {
      type: 'softbreak',
      tag: 'br',
      attrs: null,
      map: null,
      nesting: 0,
      level: 0,
      children: null,
      content: '',
      markup: '',
      info: '',
      meta: null,
      block: false,
      hidden: false
    },
    Token {
      type: 'text',
      tag: '',
      attrs: null,
      map: null,
      nesting: 0,
      level: 0,
      children: null,
      content: 'import { useData } from "vitepress";',
      markup: '',
      info: '',
      meta: null,
      block: false,
      hidden: false
    },
    Token {
      type: 'softbreak',
      tag: 'br',
      attrs: null,
      map: null,
      nesting: 0,
      level: 0,
      children: null,
      content: '',
      markup: '',
      info: '',
      meta: null,
      block: false,
      hidden: false
    },
    Token {
      type: 'text',
      tag: '',
      attrs: null,
      map: null,
      nesting: 0,
      level: 0,
      children: null,
      content: 'const { theme } = useData();',
      markup: '',
      info: '',
      meta: null,
      block: false,
      hidden: false
    },
    Token {
      type: 'softbreak',
      tag: 'br',
      attrs: null,
      map: null,
      nesting: 0,
      level: 0,
      children: null,
      content: '',
      markup: '',
      info: '',
      meta: null,
      block: false,
      hidden: false
    },
    Token {
      type: 'text',
      tag: '',
      attrs: null,
      map: null,
      nesting: 0,
      level: 0,
      children: null,
      content: 'const posts = theme.value.posts.slice(0,10)',
      markup: '',
      info: '',
      meta: null,
      block: false,
      hidden: false
    },
    Token {
      type: 'softbreak',
      tag: 'br',
      attrs: null,
      map: null,
      nesting: 0,
      level: 0,
      children: null,
      content: '',
      markup: '',
      info: '',
      meta: null,
      block: false,
      hidden: false
    },
    Token {
      type: 'text',
      tag: '',
      attrs: null,
      map: null,
      nesting: 0,
      level: 0,
      children: null,
      content: '</script>',
      markup: '',
      info: '',
      meta: null,
      block: false,
      hidden: false
    },
    Token {
      type: 'softbreak',
      tag: 'br',
      attrs: null,
      map: null,
      nesting: 0,
      level: 0,
      children: null,
      content: '',
      markup: '',
      info: '',
      meta: null,
      block: false,
      hidden: false
    },
    Token {
      type: 'text',
      tag: '',
      attrs: null,
      map: null,
      nesting: 0,
      level: 0,
      children: null,
      content: '<BlogContainer :posts="posts" :pageCurrent="1" :pagesNum="1" />',
      markup: '',
      info: '',
      meta: null,
      block: false,
      hidden: false
    }
  ],
  content: '<script setup>\n' +
    'import BlogContainer from "../../.vitepress/theme/components/page/BlogContainer.vue";\n' +
    'import { useData } from "vitepress";\n' +
    'const { theme } = useData();\n' +
    'const posts = theme.value.posts.slice(0,10)\n' +
    '</script>\n' +
    '<BlogContainer :posts="posts" :pageCurrent="1" :pagesNum="1" />',
  markup: '',
  info: '',
  meta: null,
  block: true,
  hidden: false
}
Token {
  type: 'paragraph_close',
  tag: 'p',
  attrs: null,
  map: null,
  nesting: -1,
  level: 0,
  children: null,
  content: '',
  markup: '',
  info: '',
  meta: null,
  block: true,
  hidden: false
}
Token {
  type: 'hr',
  tag: 'hr',
  attrs: null,
  map: [ 0, 1 ],
  nesting: 0,
  level: 0,
  children: null,
  content: '',
  markup: '---',
  info: '',
  meta: null,
  block: true,
  hidden: false
}
Token {
  type: 'heading_open',
  tag: 'h2',
  attrs: null,
  map: [ 1, 6 ],
  nesting: 1,
  level: 0,
  children: null,
  content: '',
  markup: '-',
  info: '',
  meta: null,
  block: true,
  hidden: false
}
Token {
  type: 'inline',
  tag: '',
  attrs: null,
  map: [ 1, 5 ],
  nesting: 0,
  level: 1,
  children: [
    Token {
      type: 'text',
      tag: '',
      attrs: null,
      map: null,
      nesting: 0,
      level: 0,
      children: null,
      content: 'title: home',
      markup: '',
      info: '',
      meta: null,
      block: false,
      hidden: false
    },
    Token {
      type: 'softbreak',
      tag: 'br',
      attrs: null,
      map: null,
      nesting: 0,
      level: 0,
      children: null,
      content: '',
      markup: '',
      info: '',
      meta: null,
      block: false,
      hidden: false
    },
    Token {
      type: 'text',
      tag: '',
      attrs: null,
      map: null,
      nesting: 0,
      level: 0,
      children: null,
      content: 'aside: false',
      markup: '',
      info: '',
      meta: null,
      block: false,
      hidden: false
    },
    Token {
      type: 'softbreak',
      tag: 'br',
      attrs: null,
      map: null,
      nesting: 0,
      level: 0,
      children: null,
      content: '',
      markup: '',
      info: '',
      meta: null,
      block: false,
      hidden: false
    },
    Token {
      type: 'text',
      tag: '',
      attrs: null,
      map: null,
      nesting: 0,
      level: 0,
      children: null,
      content: 'sidebar: false',
      markup: '',
      info: '',
      meta: null,
      block: false,
      hidden: false
    },
    Token {
      type: 'softbreak',
      tag: 'br',
      attrs: null,
      map: null,
      nesting: 0,
      level: 0,
      children: null,
      content: '',
      markup: '',
      info: '',
      meta: null,
      block: false,
      hidden: false
    },
    Token {
      type: 'text',
      tag: '',
      attrs: null,
      map: null,
      nesting: 0,
      level: 0,
      children: null,
      content: 'layout: page',
      markup: '',
      info: '',
      meta: null,
      block: false,
      hidden: false
    }
  ],
  content: 'title: home\naside: false\nsidebar: false\nlayout: page',
  markup: '',
  info: '',
  meta: null,
  block: true,
  hidden: false
}
Token {
  type: 'heading_close',
  tag: 'h2',
  attrs: null,
  map: null,
  nesting: -1,
  level: 0,
  children: null,
  content: '',
  markup: '-',
  info: '',
  meta: null,
  block: true,
  hidden: false
}
Token {
  type: 'paragraph_open',
  tag: 'p',
  attrs: null,
  map: [ 6, 13 ],
  nesting: 1,
  level: 0,
  children: null,
  content: '',
  markup: '',
  info: '',
  meta: null,
  block: true,
  hidden: false
}
Token {
  type: 'inline',
  tag: '',
  attrs: null,
  map: [ 6, 13 ],
  nesting: 0,
  level: 1,
  children: [
    Token {
      type: 'text',
      tag: '',
      attrs: null,
      map: null,
      nesting: 0,
      level: 0,
      children: null,
      content: '<script setup>',
      markup: '',
      info: '',
      meta: null,
      block: false,
      hidden: false
    },
    Token {
      type: 'softbreak',
      tag: 'br',
      attrs: null,
      map: null,
      nesting: 0,
      level: 0,
      children: null,
      content: '',
      markup: '',
      info: '',
      meta: null,
      block: false,
      hidden: false
    },
    Token {
      type: 'text',
      tag: '',
      attrs: null,
      map: null,
      nesting: 0,
      level: 0,
      children: null,
      content: 'import BlogContainer from "../../.vitepress/theme/components/page/BlogContainer.vue";',
      markup: '',
      info: '',
      meta: null,
      block: false,
      hidden: false
    },
    Token {
      type: 'softbreak',
      tag: 'br',
      attrs: null,
      map: null,
      nesting: 0,
      level: 0,
      children: null,
      content: '',
      markup: '',
      info: '',
      meta: null,
      block: false,
      hidden: false
    },
    Token {
      type: 'text',
      tag: '',
      attrs: null,
      map: null,
      nesting: 0,
      level: 0,
      children: null,
      content: 'import { useData } from "vitepress";',
      markup: '',
      info: '',
      meta: null,
      block: false,
      hidden: false
    },
    Token {
      type: 'softbreak',
      tag: 'br',
      attrs: null,
      map: null,
      nesting: 0,
      level: 0,
      children: null,
      content: '',
      markup: '',
      info: '',
      meta: null,
      block: false,
      hidden: false
    },
    Token {
      type: 'text',
      tag: '',
      attrs: null,
      map: null,
      nesting: 0,
      level: 0,
      children: null,
      content: 'const { theme } = useData();',
      markup: '',
      info: '',
      meta: null,
      block: false,
      hidden: false
    },
    Token {
      type: 'softbreak',
      tag: 'br',
      attrs: null,
      map: null,
      nesting: 0,
      level: 0,
      children: null,
      content: '',
      markup: '',
      info: '',
      meta: null,
      block: false,
      hidden: false
    },
    Token {
      type: 'text',
      tag: '',
      attrs: null,
      map: null,
      nesting: 0,
      level: 0,
      children: null,
      content: 'const posts = theme.value.posts.slice(0,10)',
      markup: '',
      info: '',
      meta: null,
      block: false,
      hidden: false
    },
    Token {
      type: 'softbreak',
      tag: 'br',
      attrs: null,
      map: null,
      nesting: 0,
      level: 0,
      children: null,
      content: '',
      markup: '',
      info: '',
      meta: null,
      block: false,
      hidden: false
    },
    Token {
      type: 'text',
      tag: '',
      attrs: null,
      map: null,
      nesting: 0,
      level: 0,
      children: null,
      content: '</script>',
      markup: '',
      info: '',
      meta: null,
      block: false,
      hidden: false
    },
    Token {
      type: 'softbreak',
      tag: 'br',
      attrs: null,
      map: null,
      nesting: 0,
      level: 0,
      children: null,
      content: '',
      markup: '',
      info: '',
      meta: null,
      block: false,
      hidden: false
    },
    Token {
      type: 'text',
      tag: '',
      attrs: null,
      map: null,
      nesting: 0,
      level: 0,
      children: null,
      content: '<BlogContainer :posts="posts" :pageCurrent="1" :pagesNum="1" />',
      markup: '',
      info: '',
      meta: null,
      block: false,
      hidden: false
    }
  ],
  content: '<script setup>\n' +
    'import BlogContainer from "../../.vitepress/theme/components/page/BlogContainer.vue";\n' +
    'import { useData } from "vitepress";\n' +
    'const { theme } = useData();\n' +
    'const posts = theme.value.posts.slice(0,10)\n' +
    '</script>\n' +
    '<BlogContainer :posts="posts" :pageCurrent="1" :pagesNum="1" />',
  markup: '',
  info: '',
  meta: null,
  block: true,
  hidden: false
}
Token {
  type: 'paragraph_close',
  tag: 'p',
  attrs: null,
  map: null,
  nesting: -1,
  level: 0,
  children: null,
  content: '',
  markup: '',
  info: '',
  meta: null,
  block: true,
  hidden: false
}
Token {
  type: 'hr',
  tag: 'hr',
  attrs: null,
  map: [ 0, 1 ],
  nesting: 0,
  level: 0,
  children: null,
  content: '',
  markup: '---',
  info: '',
  meta: null,
  block: true,
  hidden: false
}
Token {
  type: 'heading_open',
  tag: 'h2',
  attrs: null,
  map: [ 1, 6 ],
  nesting: 1,
  level: 0,
  children: null,
  content: '',
  markup: '-',
  info: '',
  meta: null,
  block: true,
  hidden: false
}
Token {
  type: 'inline',
  tag: '',
  attrs: null,
  map: [ 1, 5 ],
  nesting: 0,
  level: 1,
  children: [
    Token {
      type: 'text',
      tag: '',
      attrs: null,
      map: null,
      nesting: 0,
      level: 0,
      children: null,
      content: 'title: About',
      markup: '',
      info: '',
      meta: null,
      block: false,
      hidden: false
    },
    Token {
      type: 'softbreak',
      tag: 'br',
      attrs: null,
      map: null,
      nesting: 0,
      level: 0,
      children: null,
      content: '',
      markup: '',
      info: '',
      meta: null,
      block: false,
      hidden: false
    },
    Token {
      type: 'text',
      tag: '',
      attrs: null,
      map: null,
      nesting: 0,
      level: 0,
      children: null,
      content: 'description: About me test',
      markup: '',
      info: '',
      meta: null,
      block: false,
      hidden: false
    },
    Token {
      type: 'softbreak',
      tag: 'br',
      attrs: null,
      map: null,
      nesting: 0,
      level: 0,
      children: null,
      content: '',
      markup: '',
      info: '',
      meta: null,
      block: false,
      hidden: false
    },
    Token {
      type: 'text',
      tag: '',
      attrs: null,
      map: null,
      nesting: 0,
      level: 0,
      children: null,
      content: 'sidebar: false',
      markup: '',
      info: '',
      meta: null,
      block: false,
      hidden: false
    },
    Token {
      type: 'softbreak',
      tag: 'br',
      attrs: null,
      map: null,
      nesting: 0,
      level: 0,
      children: null,
      content: '',
      markup: '',
      info: '',
      meta: null,
      block: false,
      hidden: false
    },
    Token {
      type: 'text',
      tag: '',
      attrs: null,
      map: null,
      nesting: 0,
      level: 0,
      children: null,
      content: 'aside: false',
      markup: '',
      info: '',
      meta: null,
      block: false,
      hidden: false
    }
  ],
  content: 'title: About\ndescription: About me test\nsidebar: false\naside: false',
  markup: '',
  info: '',
  meta: null,
  block: true,
  hidden: false
}
Token {
  type: 'heading_close',
  tag: 'h2',
  attrs: null,
  map: null,
  nesting: -1,
  level: 0,
  children: null,
  content: '',
  markup: '-',
  info: '',
  meta: null,
  block: true,
  hidden: false
}
Token {
  type: 'heading_open',
  tag: 'h2',
  attrs: null,
  map: [ 7, 8 ],
  nesting: 1,
  level: 0,
  children: null,
  content: '',
  markup: '##',
  info: '',
  meta: null,
  block: true,
  hidden: false
}
Token {
  type: 'inline',
  tag: '',
  attrs: null,
  map: [ 7, 8 ],
  nesting: 0,
  level: 1,
  children: [
    Token {
      type: 'text',
      tag: '',
      attrs: null,
      map: null,
      nesting: 0,
      level: 0,
      children: null,
      content: 'About this site',
      markup: '',
      info: '',
      meta: null,
      block: false,
      hidden: false
    }
  ],
  content: 'About this site',
  markup: '',
  info: '',
  meta: null,
  block: true,
  hidden: false
}
Token {
  type: 'heading_close',
  tag: 'h2',
  attrs: null,
  map: null,
  nesting: -1,
  level: 0,
  children: null,
  content: '',
  markup: '##',
  info: '',
  meta: null,
  block: true,
  hidden: false
}
Token {
  type: 'bullet_list_open',
  tag: 'ul',
  attrs: null,
  map: [ 9, 12 ],
  nesting: 1,
  level: 0,
  children: null,
  content: '',
  markup: '-',
  info: '',
  meta: null,
  block: true,
  hidden: false
}
Token {
  type: 'list_item_open',
  tag: 'li',
  attrs: null,
  map: [ 9, 10 ],
  nesting: 1,
  level: 1,
  children: null,
  content: '',
  markup: '-',
  info: '',
  meta: null,
  block: true,
  hidden: false
}
Token {
  type: 'paragraph_open',
  tag: 'p',
  attrs: null,
  map: [ 9, 10 ],
  nesting: 1,
  level: 2,
  children: null,
  content: '',
  markup: '',
  info: '',
  meta: null,
  block: true,
  hidden: true
}
Token {
  type: 'inline',
  tag: '',
  attrs: null,
  map: [ 9, 10 ],
  nesting: 0,
  level: 3,
  children: [
    Token {
      type: 'text',
      tag: '',
      attrs: null,
      map: null,
      nesting: 0,
      level: 0,
      children: null,
      content: '本站点基于 `` 搭建，用以记录一些学习笔记和技术分享。',
      markup: '',
      info: '',
      meta: null,
      block: false,
      hidden: false
    }
  ],
  content: '本站点基于 `` 搭建，用以记录一些学习笔记和技术分享。',
  markup: '',
  info: '',
  meta: null,
  block: true,
  hidden: false
}
Token {
  type: 'paragraph_close',
  tag: 'p',
  attrs: null,
  map: null,
  nesting: -1,
  level: 2,
  children: null,
  content: '',
  markup: '',
  info: '',
  meta: null,
  block: true,
  hidden: true
}
Token {
  type: 'list_item_close',
  tag: 'li',
  attrs: null,
  map: null,
  nesting: -1,
  level: 1,
  children: null,
  content: '',
  markup: '-',
  info: '',
  meta: null,
  block: true,
  hidden: false
}
Token {
  type: 'list_item_open',
  tag: 'li',
  attrs: null,
  map: [ 10, 12 ],
  nesting: 1,
  level: 1,
  children: null,
  content: '',
  markup: '-',
  info: '',
  meta: null,
  block: true,
  hidden: false
}
Token {
  type: 'paragraph_open',
  tag: 'p',
  attrs: null,
  map: [ 10, 11 ],
  nesting: 1,
  level: 2,
  children: null,
  content: '',
  markup: '',
  info: '',
  meta: null,
  block: true,
  hidden: true
}
Token {
  type: 'inline',
  tag: '',
  attrs: null,
  map: [ 10, 11 ],
  nesting: 0,
  level: 3,
  children: [
    Token {
      type: 'text',
      tag: '',
      attrs: null,
      map: null,
      nesting: 0,
      level: 0,
      children: null,
      content: '欢迎 ',
      markup: '',
      info: '',
      meta: null,
      block: false,
      hidden: false
    },
    Token {
      type: 'code_inline',
      tag: 'code',
      attrs: null,
      map: null,
      nesting: 0,
      level: 0,
      children: null,
      content: 'star',
      markup: '`',
      info: '',
      meta: null,
      block: false,
      hidden: false
    },
    Token {
      type: 'text',
      tag: '',
      attrs: null,
      map: null,
      nesting: 0,
      level: 0,
      children: null,
      content: ' 和 ',
      markup: '',
      info: '',
      meta: null,
      block: false,
      hidden: false
    },
    Token {
      type: 'code_inline',
      tag: 'code',
      attrs: null,
      map: null,
      nesting: 0,
      level: 0,
      children: null,
      content: 'fork',
      markup: '`',
      info: '',
      meta: null,
      block: false,
      hidden: false
    },
    Token {
      type: 'text',
      tag: '',
      attrs: null,
      map: null,
      nesting: 0,
      level: 0,
      children: null,
      content: ' 本项目，也欢迎提出 ',
      markup: '',
      info: '',
      meta: null,
      block: false,
      hidden: false
    },
    Token {
      type: 'code_inline',
      tag: 'code',
      attrs: null,
      map: null,
      nesting: 0,
      level: 0,
      children: null,
      content: 'issue',
      markup: '`',
      info: '',
      meta: null,
      block: false,
      hidden: false
    },
    Token {
      type: 'text',
      tag: '',
      attrs: null,
      map: null,
      nesting: 0,
      level: 0,
      children: null,
      content: ' 和 ',
      markup: '',
      info: '',
      meta: null,
      block: false,
      hidden: false
    },
    Token {
      type: 'code_inline',
      tag: 'code',
      attrs: null,
      map: null,
      nesting: 0,
      level: 0,
      children: null,
      content: 'pr',
      markup: '`',
      info: '',
      meta: null,
      block: false,
      hidden: false
    },
    Token {
      type: 'text',
      tag: '',
      attrs: null,
      map: null,
      nesting: 0,
      level: 0,
      children: null,
      content: '。',
      markup: '',
      info: '',
      meta: null,
      block: false,
      hidden: false
    }
  ],
  content: '欢迎 `star` 和 `fork` 本项目，也欢迎提出 `issue` 和 `pr`。',
  markup: '',
  info: '',
  meta: null,
  block: true,
  hidden: false
}
Token {
  type: 'paragraph_close',
  tag: 'p',
  attrs: null,
  map: null,
  nesting: -1,
  level: 2,
  children: null,
  content: '',
  markup: '',
  info: '',
  meta: null,
  block: true,
  hidden: true
}
Token {
  type: 'list_item_close',
  tag: 'li',
  attrs: null,
  map: null,
  nesting: -1,
  level: 1,
  children: null,
  content: '',
  markup: '-',
  info: '',
  meta: null,
  block: true,
  hidden: false
}
Token {
  type: 'bullet_list_close',
  tag: 'ul',
  attrs: null,
  map: null,
  nesting: -1,
  level: 0,
  children: null,
  content: '',
  markup: '-',
  info: '',
  meta: null,
  block: true,
  hidden: false
}
Token {
  type: 'heading_open',
  tag: 'h2',
  attrs: null,
  map: [ 12, 13 ],
  nesting: 1,
  level: 0,
  children: null,
  content: '',
  markup: '##',
  info: '',
  meta: null,
  block: true,
  hidden: false
}
Token {
  type: 'inline',
  tag: '',
  attrs: null,
  map: [ 12, 13 ],
  nesting: 0,
  level: 1,
  children: [
    Token {
      type: 'text',
      tag: '',
      attrs: null,
      map: null,
      nesting: 0,
      level: 0,
      children: null,
      content: 'About me',
      markup: '',
      info: '',
      meta: null,
      block: false,
      hidden: false
    }
  ],
  content: 'About me',
  markup: '',
  info: '',
  meta: null,
  block: true,
  hidden: false
}
Token {
  type: 'heading_close',
  tag: 'h2',
  attrs: null,
  map: null,
  nesting: -1,
  level: 0,
  children: null,
  content: '',
  markup: '##',
  info: '',
  meta: null,
  block: true,
  hidden: false
}
Token {
  type: 'hr',
  tag: 'hr',
  attrs: null,
  map: [ 14, 15 ],
  nesting: 0,
  level: 0,
  children: null,
  content: '',
  markup: '---',
  info: '',
  meta: null,
  block: true,
  hidden: false
}
Token {
  type: 'bullet_list_open',
  tag: 'ul',
  attrs: null,
  map: [ 16, 21 ],
  nesting: 1,
  level: 0,
  children: null,
  content: '',
  markup: '-',
  info: '',
  meta: null,
  block: true,
  hidden: false
}
Token {
  type: 'list_item_open',
  tag: 'li',
  attrs: null,
  map: [ 16, 17 ],
  nesting: 1,
  level: 1,
  children: null,
  content: '',
  markup: '-',
  info: '',
  meta: null,
  block: true,
  hidden: false
}
Token {
  type: 'paragraph_open',
  tag: 'p',
  attrs: null,
  map: [ 16, 17 ],
  nesting: 1,
  level: 2,
  children: null,
  content: '',
  markup: '',
  info: '',
  meta: null,
  block: true,
  hidden: true
}
Token {
  type: 'inline',
  tag: '',
  attrs: null,
  map: [ 16, 17 ],
  nesting: 0,
  level: 3,
  children: [
    Token {
      type: 'text',
      tag: '',
      attrs: null,
      map: null,
      nesting: 0,
      level: 0,
      children: null,
      content: "👋 Hi, I'm [ your name ]",
      markup: '',
      info: '',
      meta: null,
      block: false,
      hidden: false
    }
  ],
  content: "👋 Hi, I'm [ your name ]",
  markup: '',
  info: '',
  meta: null,
  block: true,
  hidden: false
}
Token {
  type: 'paragraph_close',
  tag: 'p',
  attrs: null,
  map: null,
  nesting: -1,
  level: 2,
  children: null,
  content: '',
  markup: '',
  info: '',
  meta: null,
  block: true,
  hidden: true
}
Token {
  type: 'list_item_close',
  tag: 'li',
  attrs: null,
  map: null,
  nesting: -1,
  level: 1,
  children: null,
  content: '',
  markup: '-',
  info: '',
  meta: null,
  block: true,
  hidden: false
}
Token {
  type: 'list_item_open',
  tag: 'li',
  attrs: null,
  map: [ 17, 18 ],
  nesting: 1,
  level: 1,
  children: null,
  content: '',
  markup: '-',
  info: '',
  meta: null,
  block: true,
  hidden: false
}
Token {
  type: 'paragraph_open',
  tag: 'p',
  attrs: null,
  map: [ 17, 18 ],
  nesting: 1,
  level: 2,
  children: null,
  content: '',
  markup: '',
  info: '',
  meta: null,
  block: true,
  hidden: true
}
Token {
  type: 'inline',
  tag: '',
  attrs: null,
  map: [ 17, 18 ],
  nesting: 0,
  level: 3,
  children: [
    Token {
      type: 'text',
      tag: '',
      attrs: null,
      map: null,
      nesting: 0,
      level: 0,
      children: null,
      content: "🚀️ I'm currently working as [ your position ]",
      markup: '',
      info: '',
      meta: null,
      block: false,
      hidden: false
    }
  ],
  content: "🚀️ I'm currently working as [ your position ]",
  markup: '',
  info: '',
  meta: null,
  block: true,
  hidden: false
}
Token {
  type: 'paragraph_close',
  tag: 'p',
  attrs: null,
  map: null,
  nesting: -1,
  level: 2,
  children: null,
  content: '',
  markup: '',
  info: '',
  meta: null,
  block: true,
  hidden: true
}
Token {
  type: 'list_item_close',
  tag: 'li',
  attrs: null,
  map: null,
  nesting: -1,
  level: 1,
  children: null,
  content: '',
  markup: '-',
  info: '',
  meta: null,
  block: true,
  hidden: false
}
Token {
  type: 'list_item_open',
  tag: 'li',
  attrs: null,
  map: [ 18, 19 ],
  nesting: 1,
  level: 1,
  children: null,
  content: '',
  markup: '-',
  info: '',
  meta: null,
  block: true,
  hidden: false
}
Token {
  type: 'paragraph_open',
  tag: 'p',
  attrs: null,
  map: [ 18, 19 ],
  nesting: 1,
  level: 2,
  children: null,
  content: '',
  markup: '',
  info: '',
  meta: null,
  block: true,
  hidden: true
}
Token {
  type: 'inline',
  tag: '',
  attrs: null,
  map: [ 18, 19 ],
  nesting: 0,
  level: 3,
  children: [
    Token {
      type: 'text',
      tag: '',
      attrs: null,
      map: null,
      nesting: 0,
      level: 0,
      children: null,
      content: '📮️ How to reach me: [your Github](https://github.com)',
      markup: '',
      info: '',
      meta: null,
      block: false,
      hidden: false
    }
  ],
  content: '📮️ How to reach me: [your Github](https://github.com)',
  markup: '',
  info: '',
  meta: null,
  block: true,
  hidden: false
}
Token {
  type: 'paragraph_close',
  tag: 'p',
  attrs: null,
  map: null,
  nesting: -1,
  level: 2,
  children: null,
  content: '',
  markup: '',
  info: '',
  meta: null,
  block: true,
  hidden: true
}
Token {
  type: 'list_item_close',
  tag: 'li',
  attrs: null,
  map: null,
  nesting: -1,
  level: 1,
  children: null,
  content: '',
  markup: '-',
  info: '',
  meta: null,
  block: true,
  hidden: false
}
Token {
  type: 'list_item_open',
  tag: 'li',
  attrs: null,
  map: [ 19, 21 ],
  nesting: 1,
  level: 1,
  children: null,
  content: '',
  markup: '-',
  info: '',
  meta: null,
  block: true,
  hidden: false
}
Token {
  type: 'paragraph_open',
  tag: 'p',
  attrs: null,
  map: [ 19, 20 ],
  nesting: 1,
  level: 2,
  children: null,
  content: '',
  markup: '',
  info: '',
  meta: null,
  block: true,
  hidden: true
}
Token {
  type: 'inline',
  tag: '',
  attrs: null,
  map: [ 19, 20 ],
  nesting: 0,
  level: 3,
  children: [
    Token {
      type: 'text',
      tag: '',
      attrs: null,
      map: null,
      nesting: 0,
      level: 0,
      children: null,
      content: '📖 My motto: [ your motto ]',
      markup: '',
      info: '',
      meta: null,
      block: false,
      hidden: false
    }
  ],
  content: '📖 My motto: [ your motto ]',
  markup: '',
  info: '',
  meta: null,
  block: true,
  hidden: false
}
Token {
  type: 'paragraph_close',
  tag: 'p',
  attrs: null,
  map: null,
  nesting: -1,
  level: 2,
  children: null,
  content: '',
  markup: '',
  info: '',
  meta: null,
  block: true,
  hidden: true
}
Token {
  type: 'list_item_close',
  tag: 'li',
  attrs: null,
  map: null,
  nesting: -1,
  level: 1,
  children: null,
  content: '',
  markup: '-',
  info: '',
  meta: null,
  block: true,
  hidden: false
}
Token {
  type: 'bullet_list_close',
  tag: 'ul',
  attrs: null,
  map: null,
  nesting: -1,
  level: 0,
  children: null,
  content: '',
  markup: '-',
  info: '',
  meta: null,
  block: true,
  hidden: false
}
Token {
  type: 'hr',
  tag: 'hr',
  attrs: null,
  map: [ 21, 22 ],
  nesting: 0,
  level: 0,
  children: null,
  content: '',
  markup: '---',
  info: '',
  meta: null,
  block: true,
  hidden: false
}
Token {
  type: 'blockquote_open',
  tag: 'blockquote',
  attrs: null,
  map: [ 23, 24 ],
  nesting: 1,
  level: 0,
  children: null,
  content: '',
  markup: '>',
  info: '',
  meta: null,
  block: true,
  hidden: false
}
Token {
  type: 'paragraph_open',
  tag: 'p',
  attrs: null,
  map: [ 23, 24 ],
  nesting: 1,
  level: 1,
  children: null,
  content: '',
  markup: '',
  info: '',
  meta: null,
  block: true,
  hidden: false
}
Token {
  type: 'inline',
  tag: '',
  attrs: null,
  map: [ 23, 24 ],
  nesting: 0,
  level: 2,
  children: [
    Token {
      type: 'text',
      tag: '',
      attrs: null,
      map: null,
      nesting: 0,
      level: 0,
      children: null,
      content: '[!tip] 在以下内容当中，挑选您熟悉的 ',
      markup: '',
      info: '',
      meta: null,
      block: false,
      hidden: false
    },
    Token {
      type: 'code_inline',
      tag: 'code',
      attrs: null,
      map: null,
      nesting: 0,
      level: 0,
      children: null,
      content: 'icon',
      markup: '`',
      info: '',
      meta: null,
      block: false,
      hidden: false
    },
    Token {
      type: 'text',
      tag: '',
      attrs: null,
      map: null,
      nesting: 0,
      level: 0,
      children: null,
      content: ' 进行展示',
      markup: '',
      info: '',
      meta: null,
      block: false,
      hidden: false
    }
  ],
  content: '[!tip] 在以下内容当中，挑选您熟悉的 `icon` 进行展示',
  markup: '',
  info: '',
  meta: null,
  block: true,
  hidden: false
}
Token {
  type: 'paragraph_close',
  tag: 'p',
  attrs: null,
  map: null,
  nesting: -1,
  level: 1,
  children: null,
  content: '',
  markup: '',
  info: '',
  meta: null,
  block: true,
  hidden: false
}
Token {
  type: 'blockquote_close',
  tag: 'blockquote',
  attrs: null,
  map: null,
  nesting: -1,
  level: 0,
  children: null,
  content: '',
  markup: '>',
  info: '',
  meta: null,
  block: true,
  hidden: false
}
Token {
  type: 'heading_open',
  tag: 'h3',
  attrs: null,
  map: [ 25, 26 ],
  nesting: 1,
  level: 0,
  children: null,
  content: '',
  markup: '###',
  info: '',
  meta: null,
  block: true,
  hidden: false
}
Token {
  type: 'inline',
  tag: '',
  attrs: null,
  map: [ 25, 26 ],
  nesting: 0,
  level: 1,
  children: [
    Token {
      type: 'text',
      tag: '',
      attrs: null,
      map: null,
      nesting: 0,
      level: 0,
      children: null,
      content: '后端',
      markup: '',
      info: '',
      meta: null,
      block: false,
      hidden: false
    }
  ],
  content: '后端',
  markup: '',
  info: '',
  meta: null,
  block: true,
  hidden: false
}
Token {
  type: 'heading_close',
  tag: 'h3',
  attrs: null,
  map: null,
  nesting: -1,
  level: 0,
  children: null,
  content: '',
  markup: '###',
  info: '',
  meta: null,
  block: true,
  hidden: false
}
Token {
  type: 'paragraph_open',
  tag: 'p',
  attrs: null,
  map: [ 27, 61 ],
  nesting: 1,
  level: 0,
  children: null,
  content: '',
  markup: '',
  info: '',
  meta: null,
  block: true,
  hidden: false
}
Token {
  type: 'inline',
  tag: '',
  attrs: null,
  map: [ 27, 61 ],
  nesting: 0,
  level: 1,
  children: [
    Token {
      type: 'text',
      tag: '',
      attrs: null,
      map: null,
      nesting: 0,
      level: 0,
      children: null,
      content: '<p>',
      markup: '',
      info: '',
      meta: null,
      block: false,
      hidden: false
    },
    Token {
      type: 'softbreak',
      tag: 'br',
      attrs: null,
      map: null,
      nesting: 0,
      level: 0,
      children: null,
      content: '',
      markup: '',
      info: '',
      meta: null,
      block: false,
      hidden: false
    },
    Token {
      type: 'text',
      tag: '',
      attrs: null,
      map: null,
      nesting: 0,
      level: 0,
      children: null,
      content: '<img src="https://img.shields.io/badge/-Go-DCDCDC?logo=Go&logoColor=00ADD8" alt="Go" style="display: inline-block;" /> ',
      markup: '&nbsp;',
      info: 'entity',
      meta: null,
      block: false,
      hidden: false
    },
    Token {
      type: 'softbreak',
      tag: 'br',
      attrs: null,
      map: null,
      nesting: 0,
      level: 0,
      children: null,
      content: '',
      markup: '',
      info: '',
      meta: null,
      block: false,
      hidden: false
    },
    Token {
      type: 'text',
      tag: '',
      attrs: null,
      map: null,
      nesting: 0,
      level: 0,
      children: null,
      content: '<img src="https://img.shields.io/badge/-MySQL-4479A1?logo=MySQL&logoColor=FFF" alt="MySQL" style="display: inline-block;" /> ',
      markup: '&nbsp;',
      info: 'entity',
      meta: null,
      block: false,
      hidden: false
    },
    Token {
      type: 'softbreak',
      tag: 'br',
      attrs: null,
      map: null,
      nesting: 0,
      level: 0,
      children: null,
      content: '',
      markup: '',
      info: '',
      meta: null,
      block: false,
      hidden: false
    },
    Token {
      type: 'text',
      tag: '',
      attrs: null,
      map: null,
      nesting: 0,
      level: 0,
      children: null,
      content: '<img src="https://img.shields.io/badge/-Redis-DC382D?logo=Redis&logoColor=FFF" alt="Redis" style="display: inline-block;" /> ',
      markup: '&nbsp;',
      info: 'entity',
      meta: null,
      block: false,
      hidden: false
    },
    Token {
      type: 'softbreak',
      tag: 'br',
      attrs: null,
      map: null,
      nesting: 0,
      level: 0,
      children: null,
      content: '',
      markup: '',
      info: '',
      meta: null,
      block: false,
      hidden: false
    },
    Token {
      type: 'text',
      tag: '',
      attrs: null,
      map: null,
      nesting: 0,
      level: 0,
      children: null,
      content: '<img src="https://img.shields.io/badge/-MongoDB-47A248?logo=MongoDB&logoColor=FFF" alt="MongoDB" style="display: inline-block;" /> ',
      markup: '&nbsp;',
      info: 'entity',
      meta: null,
      block: false,
      hidden: false
    },
    Token {
      type: 'softbreak',
      tag: 'br',
      attrs: null,
      map: null,
      nesting: 0,
      level: 0,
      children: null,
      content: '',
      markup: '',
      info: '',
      meta: null,
      block: false,
      hidden: false
    },
    Token {
      type: 'text',
      tag: '',
      attrs: null,
      map: null,
      nesting: 0,
      level: 0,
      children: null,
      content: '<img src="https://img.shields.io/badge/-ElasticSearch-005571?logo=ElasticSearch&logoColor=FFF" alt="ElasticSearch" style="display: inline-block;" /> ',
      markup: '&nbsp;',
      info: 'entity',
      meta: null,
      block: false,
      hidden: false
    },
    Token {
      type: 'softbreak',
      tag: 'br',
      attrs: null,
      map: null,
      nesting: 0,
      level: 0,
      children: null,
      content: '',
      markup: '',
      info: '',
      meta: null,
      block: false,
      hidden: false
    },
    Token {
      type: 'text',
      tag: '',
      attrs: null,
      map: null,
      nesting: 0,
      level: 0,
      children: null,
      content: '<img src="https://img.shields.io/badge/-Logstash-A9A9A9?logo=Logstash&logoColor=005571" alt="Logstash" style="display: inline-block;" /> ',
      markup: '&nbsp;',
      info: 'entity',
      meta: null,
      block: false,
      hidden: false
    },
    Token {
      type: 'softbreak',
      tag: 'br',
      attrs: null,
      map: null,
      nesting: 0,
      level: 0,
      children: null,
      content: '',
      markup: '',
      info: '',
      meta: null,
      block: false,
      hidden: false
    },
    Token {
      type: 'text',
      tag: '',
      attrs: null,
      map: null,
      nesting: 0,
      level: 0,
      children: null,
      content: '<img src="https://img.shields.io/badge/-Kibana-A9A9A9?logo=Kibana&logoColor=005571" alt="Kibana" style="display: inline-block;" /> ',
      markup: '&nbsp;',
      info: 'entity',
      meta: null,
      block: false,
      hidden: false
    },
    Token {
      type: 'softbreak',
      tag: 'br',
      attrs: null,
      map: null,
      nesting: 0,
      level: 0,
      children: null,
      content: '',
      markup: '',
      info: '',
      meta: null,
      block: false,
      hidden: false
    },
    Token {
      type: 'text',
      tag: '',
      attrs: null,
      map: null,
      nesting: 0,
      level: 0,
      children: null,
      content: '<img src="https://img.shields.io/badge/-JWT-000?logo=JSON-Web-Tokens&logoColor=FFF" alt="JWT" style="display: inline-block;" /> ',
      markup: '&nbsp;',
      info: 'entity',
      meta: null,
      block: false,
      hidden: false
    },
    Token {
      type: 'softbreak',
      tag: 'br',
      attrs: null,
      map: null,
      nesting: 0,
      level: 0,
      children: null,
      content: '',
      markup: '',
      info: '',
      meta: null,
      block: false,
      hidden: false
    },
    Token {
      type: 'text',
      tag: '',
      attrs: null,
      map: null,
      nesting: 0,
      level: 0,
      children: null,
      content: '<img src="https://img.shields.io/badge/-JSON-000?logo=JSON&logoColor=FFF" alt="JSON" style="display: inline-block;" /> ',
      markup: '&nbsp;',
      info: 'entity',
      meta: null,
      block: false,
      hidden: false
    },
    Token {
      type: 'softbreak',
      tag: 'br',
      attrs: null,
      map: null,
      nesting: 0,
      level: 0,
      children: null,
      content: '',
      markup: '',
      info: '',
      meta: null,
      block: false,
      hidden: false
    },
    Token {
      type: 'text',
      tag: '',
      attrs: null,
      map: null,
      nesting: 0,
      level: 0,
      children: null,
      content: '<img src="https://img.shields.io/badge/-Node.js-D3D3D3?logo=Node.js&logoColor=339933" alt="Node.js" style="display: inline-block;" /> ',
      markup: '&nbsp;',
      info: 'entity',
      meta: null,
      block: false,
      hidden: false
    },
    Token {
      type: 'softbreak',
      tag: 'br',
      attrs: null,
      map: null,
      nesting: 0,
      level: 0,
      children: null,
      content: '',
      markup: '',
      info: '',
      meta: null,
      block: false,
      hidden: false
    },
    Token {
      type: 'text',
      tag: '',
      attrs: null,
      map: null,
      nesting: 0,
      level: 0,
      children: null,
      content: '<img src="https://img.shields.io/badge/-Python-A9A9A9?logo=Python&logoColor=3776AB" alt="Python" style="display: inline-block;" /> ',
      markup: '&nbsp;',
      info: 'entity',
      meta: null,
      block: false,
      hidden: false
    },
    Token {
      type: 'softbreak',
      tag: 'br',
      attrs: null,
      map: null,
      nesting: 0,
      level: 0,
      children: null,
      content: '',
      markup: '',
      info: '',
      meta: null,
      block: false,
      hidden: false
    },
    Token {
      type: 'text',
      tag: '',
      attrs: null,
      map: null,
      nesting: 0,
      level: 0,
      children: null,
      content: '<img src="https://img.shields.io/badge/-Spring-6DB33F?logo=Spring&logoColor=FFF" alt="Spring" style="display: inline-block;" /> ',
      markup: '&nbsp;',
      info: 'entity',
      meta: null,
      block: false,
      hidden: false
    },
    Token {
      type: 'softbreak',
      tag: 'br',
      attrs: null,
      map: null,
      nesting: 0,
      level: 0,
      children: null,
      content: '',
      markup: '',
      info: '',
      meta: null,
      block: false,
      hidden: false
    },
    Token {
      type: 'text',
      tag: '',
      attrs: null,
      map: null,
      nesting: 0,
      level: 0,
      children: null,
      content: '<img src="https://img.shields.io/badge/-Spring%20Boot-6DB33F?logo=Spring-Boot&logoColor=FFF" alt="Spring Boot" style="display: inline-block;" /> ',
      markup: '&nbsp;',
      info: 'entity',
      meta: null,
      block: false,
      hidden: false
    },
    Token {
      type: 'softbreak',
      tag: 'br',
      attrs: null,
      map: null,
      nesting: 0,
      level: 0,
      children: null,
      content: '',
      markup: '',
      info: '',
      meta: null,
      block: false,
      hidden: false
    },
    Token {
      type: 'text',
      tag: '',
      attrs: null,
      map: null,
      nesting: 0,
      level: 0,
      children: null,
      content: '<img src="https://img.shields.io/badge/-MariaDB-A9A9A9?logo=MariaDB&logoColor=003545" alt="MariaDB" style="display: inline-block;" /> ',
      markup: '&nbsp;',
      info: 'entity',
      meta: null,
      block: false,
      hidden: false
    },
    Token {
      type: 'softbreak',
      tag: 'br',
      attrs: null,
      map: null,
      nesting: 0,
      level: 0,
      children: null,
      content: '',
      markup: '',
      info: '',
      meta: null,
      block: false,
      hidden: false
    },
    Token {
      type: 'text',
      tag: '',
      attrs: null,
      map: null,
      nesting: 0,
      level: 0,
      children: null,
      content: '<img src="https://img.shields.io/badge/-PostgreSQL-C0C0C0?logo=PostgreSQL&logoColor=4169E1" alt="PostgreSQL" style="display: inline-block;" /> ',
      markup: '&nbsp;',
      info: 'entity',
      meta: null,
      block: false,
      hidden: false
    },
    Token {
      type: 'softbreak',
      tag: 'br',
      attrs: null,
      map: null,
      nesting: 0,
      level: 0,
      children: null,
      content: '',
      markup: '',
      info: '',
      meta: null,
      block: false,
      hidden: false
    },
    Token {
      type: 'text',
      tag: '',
      attrs: null,
      map: null,
      nesting: 0,
      level: 0,
      children: null,
      content: '<img src="https://img.shields.io/badge/-Oracle-C0C0C0?logo=Oracle&logoColor=F80000" alt="Oracle" style="display: inline-block;" /> ',
      markup: '&nbsp;',
      info: 'entity',
      meta: null,
      block: false,
      hidden: false
    },
    Token {
      type: 'softbreak',
      tag: 'br',
      attrs: null,
      map: null,
      nesting: 0,
      level: 0,
      children: null,
      content: '',
      markup: '',
      info: '',
      meta: null,
      block: false,
      hidden: false
    },
    Token {
      type: 'text',
      tag: '',
      attrs: null,
      map: null,
      nesting: 0,
      level: 0,
      children: null,
      content: '<img src="https://img.shields.io/badge/-Microsoft%20SQL%20Server-D3D3D3?logo=Microsoft-SQL-Server&logoColor=CC2927" alt="Microsoft SQL Server" style="display: inline-block;" /> ',
      markup: '&nbsp;',
      info: 'entity',
      meta: null,
      block: false,
      hidden: false
    },
    Token {
      type: 'softbreak',
      tag: 'br',
      attrs: null,
      map: null,
      nesting: 0,
      level: 0,
      children: null,
      content: '',
      markup: '',
      info: '',
      meta: null,
      block: false,
      hidden: false
    },
    Token {
      type: 'text',
      tag: '',
      attrs: null,
      map: null,
      nesting: 0,
      level: 0,
      children: null,
      content: '<img src="https://img.shields.io/badge/-RabbitMQ-FF6600?logo=RabbitMQ&logoColor=FFF" alt="RabbitMQ" style="display: inline-block;" /> ',
      markup: '&nbsp;',
      info: 'entity',
      meta: null,
      block: false,
      hidden: false
    },
    Token {
      type: 'softbreak',
      tag: 'br',
      attrs: null,
      map: null,
      nesting: 0,
      level: 0,
      children: null,
      content: '',
      markup: '',
      info: '',
      meta: null,
      block: false,
      hidden: false
    },
    Token {
      type: 'text',
      tag: '',
      attrs: null,
      map: null,
      nesting: 0,
      level: 0,
      children: null,
      content: '<img src="https://img.shields.io/badge/-Solr-D9411E?logo=Apache-Solr&logoColor=FFF" alt="Solr" style="display: inline-block;" /> ',
      markup: '&nbsp;',
      info: 'entity',
      meta: null,
      block: false,
      hidden: false
    },
    Token {
      type: 'softbreak',
      tag: 'br',
      attrs: null,
      map: null,
      nesting: 0,
      level: 0,
      children: null,
      content: '',
      markup: '',
      info: '',
      meta: null,
      block: false,
      hidden: false
    },
    Token {
      type: 'text',
      tag: '',
      attrs: null,
      map: null,
      nesting: 0,
      level: 0,
      children: null,
      content: '<img src="https://img.shields.io/badge/-Kafka-C0C0C0?logo=Apache-Kafka&logoColor=231F20" alt="Kafka" style="display: inline-block;" /> ',
      markup: '&nbsp;',
      info: 'entity',
      meta: null,
      block: false,
      hidden: false
    },
    Token {
      type: 'softbreak',
      tag: 'br',
      attrs: null,
      map: null,
      nesting: 0,
      level: 0,
      children: null,
      content: '',
      markup: '',
      info: '',
      meta: null,
      block: false,
      hidden: false
    },
    Token {
      type: 'text',
      tag: '',
      attrs: null,
      map: null,
      nesting: 0,
      level: 0,
      children: null,
      content: '<img src="https://img.shields.io/badge/-Consul-F24C53?logo=Consul&logoColor=FFF" alt="Consul" style="display: inline-block;" /> ',
      markup: '&nbsp;',
      info: 'entity',
      meta: null,
      block: false,
      hidden: false
    },
    Token {
      type: 'softbreak',
      tag: 'br',
      attrs: null,
      map: null,
      nesting: 0,
      level: 0,
      children: null,
      content: '',
      markup: '',
      info: '',
      meta: null,
      block: false,
      hidden: false
    },
    Token {
      type: 'text',
      tag: '',
      attrs: null,
      map: null,
      nesting: 0,
      level: 0,
      children: null,
      content: '<img src="https://img.shields.io/badge/-Tomcat-F8DC75?logo=Apache-Tomcat&logoColor=000" alt="Tomcat" style="display: inline-block;" /> ',
      markup: '&nbsp;',
      info: 'entity',
      meta: null,
      block: false,
      hidden: false
    },
    Token {
      type: 'softbreak',
      tag: 'br',
      attrs: null,
      map: null,
      nesting: 0,
      level: 0,
      children: null,
      content: '',
      markup: '',
      info: '',
      meta: null,
      block: false,
      hidden: false
    },
    Token {
      type: 'text',
      tag: '',
      attrs: null,
      map: null,
      nesting: 0,
      level: 0,
      children: null,
      content: '<img src="https://img.shields.io/badge/-JUnit5-25A162?logo=JUnit5&logoColor=FFF" alt="JUnit5" style="display: inline-block;" /> ',
      markup: '&nbsp;',
      info: 'entity',
      meta: null,
      block: false,
      hidden: false
    },
    Token {
      type: 'softbreak',
      tag: 'br',
      attrs: null,
      map: null,
      nesting: 0,
      level: 0,
      children: null,
      content: '',
      markup: '',
      info: '',
      meta: null,
      block: false,
      hidden: false
    },
    Token {
      type: 'text',
      tag: '',
      attrs: null,
      map: null,
      nesting: 0,
      level: 0,
      children: null,
      content: '<img src="https://img.shields.io/badge/-Liquibase-2962FF?logo=Liquibase&logoColor=FFF" alt="Liquibase" style="display: inline-block;" /> ',
      markup: '&nbsp;',
      info: 'entity',
      meta: null,
      block: false,
      hidden: false
    },
    Token {
      type: 'softbreak',
      tag: 'br',
      attrs: null,
      map: null,
      nesting: 0,
      level: 0,
      children: null,
      content: '',
      markup: '',
      info: '',
      meta: null,
      block: false,
      hidden: false
    },
    Token {
      type: 'text',
      tag: '',
      attrs: null,
      map: null,
      nesting: 0,
      level: 0,
      children: null,
      content: '<img src="https://img.shields.io/badge/-Maven-C71A36?logo=Apache-Maven&logoColor=FFF" alt="Maven" style="display: inline-block;" /> ',
      markup: '&nbsp;',
      info: 'entity',
      meta: null,
      block: false,
      hidden: false
    },
    Token {
      type: 'softbreak',
      tag: 'br',
      attrs: null,
      map: null,
      nesting: 0,
      level: 0,
      children: null,
      content: '',
      markup: '',
      info: '',
      meta: null,
      block: false,
      hidden: false
    },
    Token {
      type: 'text',
      tag: '',
      attrs: null,
      map: null,
      nesting: 0,
      level: 0,
      children: null,
      content: '<img src="https://img.shields.io/badge/-Gradle-D3D3D3?logo=Gradle&logoColor=02303A" alt="Gradle" style="display: inline-block;" /> ',
      markup: '&nbsp;',
      info: 'entity',
      meta: null,
      block: false,
      hidden: false
    },
    Token {
      type: 'softbreak',
      tag: 'br',
      attrs: null,
      map: null,
      nesting: 0,
      level: 0,
      children: null,
      content: '',
      markup: '',
      info: '',
      meta: null,
      block: false,
      hidden: false
    },
    Token {
      type: 'text',
      tag: '',
      attrs: null,
      map: null,
      nesting: 0,
      level: 0,
      children: null,
      content: '<img src="https://img.shields.io/badge/-Spring%20Security-6DB33F?logo=Spring-Security&logoColor=FFF" alt="Spring Security" style="display: inline-block;" /> ',
      markup: '&nbsp;',
      info: 'entity',
      meta: null,
      block: false,
      hidden: false
    },
    Token {
      type: 'softbreak',
      tag: 'br',
      attrs: null,
      map: null,
      nesting: 0,
      level: 0,
      children: null,
      content: '',
      markup: '',
      info: '',
      meta: null,
      block: false,
      hidden: false
    },
    Token {
      type: 'text',
      tag: '',
      attrs: null,
      map: null,
      nesting: 0,
      level: 0,
      children: null,
      content: '<img src="https://img.shields.io/badge/-Hibernate-59666C?logo=Hibernate&logoColor=FFF" alt="Hibernate" style="display: inline-block;" /> ',
      markup: '&nbsp;',
      info: 'entity',
      meta: null,
      block: false,
      hidden: false
    },
    Token {
      type: 'softbreak',
      tag: 'br',
      attrs: null,
      map: null,
      nesting: 0,
      level: 0,
      children: null,
      content: '',
      markup: '',
      info: '',
      meta: null,
      block: false,
      hidden: false
    },
    Token {
      type: 'text',
      tag: '',
      attrs: null,
      map: null,
      nesting: 0,
      level: 0,
      children: null,
      content: '<img src="https://img.shields.io/badge/-Java-F78C40?logo=OpenJDK&logoColor=FFF" alt="Java" style="display: inline-block;" /> ',
      markup: '&nbsp;',
      info: 'entity',
      meta: null,
      block: false,
      hidden: false
    },
    Token {
      type: 'softbreak',
      tag: 'br',
      attrs: null,
      map: null,
      nesting: 0,
      level: 0,
      children: null,
      content: '',
      markup: '',
      info: '',
      meta: null,
      block: false,
      hidden: false
    },
    Token {
      type: 'text',
      tag: '',
      attrs: null,
      map: null,
      nesting: 0,
      level: 0,
      children: null,
      content: '<img src="https://img.shields.io/badge/-Android-C0C0C0?logo=Android&logoColor=3DDC84" alt="Android" style="display: inline-block;" /> ',
      markup: '&nbsp;',
      info: 'entity',
      meta: null,
      block: false,
      hidden: false
    },
    Token {
      type: 'softbreak',
      tag: 'br',
      attrs: null,
      map: null,
      nesting: 0,
      level: 0,
      children: null,
      content: '',
      markup: '',
      info: '',
      meta: null,
      block: false,
      hidden: false
    },
    Token {
      type: 'text',
      tag: '',
      attrs: null,
      map: null,
      nesting: 0,
      level: 0,
      children: null,
      content: '<img src="https://img.shields.io/badge/-GraphQL-FFF?logo=GraphQL&logoColor=E10098" alt="GraphQL" style="display: inline-block;" /> ',
      markup: '&nbsp;',
      info: 'entity',
      meta: null,
      block: false,
      hidden: false
    },
    Token {
      type: 'softbreak',
      tag: 'br',
      attrs: null,
      map: null,
      nesting: 0,
      level: 0,
      children: null,
      content: '',
      markup: '',
      info: '',
      meta: null,
      block: false,
      hidden: false
    },
    Token {
      type: 'text',
      tag: '',
      attrs: null,
      map: null,
      nesting: 0,
      level: 0,
      children: null,
      content: '<img src="https://img.shields.io/badge/-Node.js-D3D3D3?logo=Node.js&logoColor=339933" alt="Node.js" style="display: inline-block;" /> ',
      markup: '&nbsp;',
      info: 'entity',
      meta: null,
      block: false,
      hidden: false
    },
    Token {
      type: 'softbreak',
      tag: 'br',
      attrs: null,
      map: null,
      nesting: 0,
      level: 0,
      children: null,
      content: '',
      markup: '',
      info: '',
      meta: null,
      block: false,
      hidden: false
    },
    Token {
      type: 'text',
      tag: '',
      attrs: null,
      map: null,
      nesting: 0,
      level: 0,
      children: null,
      content: '</p>',
      markup: '',
      info: '',
      meta: null,
      block: false,
      hidden: false
    }
  ],
  content: '<p>\n' +
    '  <img src="https://img.shields.io/badge/-Go-DCDCDC?logo=Go&logoColor=00ADD8" alt="Go" style="display: inline-block;" />&nbsp;\n' +
    '  <img src="https://img.shields.io/badge/-MySQL-4479A1?logo=MySQL&logoColor=FFF" alt="MySQL" style="display: inline-block;" />&nbsp;\n' +
    '  <img src="https://img.shields.io/badge/-Redis-DC382D?logo=Redis&logoColor=FFF" alt="Redis" style="display: inline-block;" />&nbsp;\n' +
    '  <img src="https://img.shields.io/badge/-MongoDB-47A248?logo=MongoDB&logoColor=FFF" alt="MongoDB" style="display: inline-block;" />&nbsp;\n' +
    '  <img src="https://img.shields.io/badge/-ElasticSearch-005571?logo=ElasticSearch&logoColor=FFF" alt="ElasticSearch" style="display: inline-block;" />&nbsp;\n' +
    '  <img src="https://img.shields.io/badge/-Logstash-A9A9A9?logo=Logstash&logoColor=005571" alt="Logstash" style="display: inline-block;" />&nbsp;\n' +
    '  <img src="https://img.shields.io/badge/-Kibana-A9A9A9?logo=Kibana&logoColor=005571" alt="Kibana" style="display: inline-block;" />&nbsp;\n' +
    '  <img src="https://img.shields.io/badge/-JWT-000?logo=JSON-Web-Tokens&logoColor=FFF" alt="JWT" style="display: inline-block;" />&nbsp;\n' +
    '  <img src="https://img.shields.io/badge/-JSON-000?logo=JSON&logoColor=FFF" alt="JSON" style="display: inline-block;" />&nbsp;\n' +
    '  <img src="https://img.shields.io/badge/-Node.js-D3D3D3?logo=Node.js&logoColor=339933" alt="Node.js" style="display: inline-block;" />&nbsp;\n' +
    '  <img src="https://img.shields.io/badge/-Python-A9A9A9?logo=Python&logoColor=3776AB" alt="Python" style="display: inline-block;" />&nbsp;\n' +
    '    <img src="https://img.shields.io/badge/-Spring-6DB33F?logo=Spring&logoColor=FFF" alt="Spring" style="display: inline-block;" />&nbsp;\n' +
    '  <img src="https://img.shields.io/badge/-Spring%20Boot-6DB33F?logo=Spring-Boot&logoColor=FFF" alt="Spring Boot" style="display: inline-block;" />&nbsp;\n' +
    '  <img src="https://img.shields.io/badge/-MariaDB-A9A9A9?logo=MariaDB&logoColor=003545" alt="MariaDB" style="display: inline-block;" />&nbsp;\n' +
    '  <img src="https://img.shields.io/badge/-PostgreSQL-C0C0C0?logo=PostgreSQL&logoColor=4169E1" alt="PostgreSQL" style="display: inline-block;" />&nbsp;\n' +
    '  <img src="https://img.shields.io/badge/-Oracle-C0C0C0?logo=Oracle&logoColor=F80000" alt="Oracle" style="display: inline-block;" />&nbsp;\n' +
    '  <img src="https://img.shields.io/badge/-Microsoft%20SQL%20Server-D3D3D3?logo=Microsoft-SQL-Server&logoColor=CC2927" alt="Microsoft SQL Server" style="display: inline-block;" />&nbsp;\n' +
    '  <img src="https://img.shields.io/badge/-RabbitMQ-FF6600?logo=RabbitMQ&logoColor=FFF" alt="RabbitMQ" style="display: inline-block;" />&nbsp;\n' +
    '  <img src="https://img.shields.io/badge/-Solr-D9411E?logo=Apache-Solr&logoColor=FFF" alt="Solr" style="display: inline-block;" />&nbsp;\n' +
    '  <img src="https://img.shields.io/badge/-Kafka-C0C0C0?logo=Apache-Kafka&logoColor=231F20" alt="Kafka" style="display: inline-block;" />&nbsp;\n' +
    '  <img src="https://img.shields.io/badge/-Consul-F24C53?logo=Consul&logoColor=FFF" alt="Consul" style="display: inline-block;" />&nbsp;\n' +
    '  <img src="https://img.shields.io/badge/-Tomcat-F8DC75?logo=Apache-Tomcat&logoColor=000" alt="Tomcat" style="display: inline-block;" />&nbsp;\n' +
    '  <img src="https://img.shields.io/badge/-JUnit5-25A162?logo=JUnit5&logoColor=FFF" alt="JUnit5" style="display: inline-block;" />&nbsp;\n' +
    '  <img src="https://img.shields.io/badge/-Liquibase-2962FF?logo=Liquibase&logoColor=FFF" alt="Liquibase" style="display: inline-block;" />&nbsp;\n' +
    '  <img src="https://img.shields.io/badge/-Maven-C71A36?logo=Apache-Maven&logoColor=FFF" alt="Maven" style="display: inline-block;" />&nbsp;\n' +
    '  <img src="https://img.shields.io/badge/-Gradle-D3D3D3?logo=Gradle&logoColor=02303A" alt="Gradle" style="display: inline-block;" />&nbsp;\n' +
    '  <img src="https://img.shields.io/badge/-Spring%20Security-6DB33F?logo=Spring-Security&logoColor=FFF" alt="Spring Security" style="display: inline-block;" />&nbsp;\n' +
    '  <img src="https://img.shields.io/badge/-Hibernate-59666C?logo=Hibernate&logoColor=FFF" alt="Hibernate" style="display: inline-block;" />&nbsp;\n' +
    '  <img src="https://img.shields.io/badge/-Java-F78C40?logo=OpenJDK&logoColor=FFF" alt="Java" style="display: inline-block;" />&nbsp;\n' +
    '  <img src="https://img.shields.io/badge/-Android-C0C0C0?logo=Android&logoColor=3DDC84" alt="Android" style="display: inline-block;" />&nbsp;\n' +
    '  <img src="https://img.shields.io/badge/-GraphQL-FFF?logo=GraphQL&logoColor=E10098" alt="GraphQL" style="display: inline-block;" />&nbsp;\n' +
    '  <img src="https://img.shields.io/badge/-Node.js-D3D3D3?logo=Node.js&logoColor=339933" alt="Node.js" style="display: inline-block;" />&nbsp;\n' +
    '</p>',
  markup: '',
  info: '',
  meta: null,
  block: true,
  hidden: false
}
Token {
  type: 'paragraph_close',
  tag: 'p',
  attrs: null,
  map: null,
  nesting: -1,
  level: 0,
  children: null,
  content: '',
  markup: '',
  info: '',
  meta: null,
  block: true,
  hidden: false
}
Token {
  type: 'heading_open',
  tag: 'h3',
  attrs: null,
  map: [ 62, 63 ],
  nesting: 1,
  level: 0,
  children: null,
  content: '',
  markup: '###',
  info: '',
  meta: null,
  block: true,
  hidden: false
}
Token {
  type: 'inline',
  tag: '',
  attrs: null,
  map: [ 62, 63 ],
  nesting: 0,
  level: 1,
  children: [
    Token {
      type: 'text',
      tag: '',
      attrs: null,
      map: null,
      nesting: 0,
      level: 0,
      children: null,
      content: '前端',
      markup: '',
      info: '',
      meta: null,
      block: false,
      hidden: false
    }
  ],
  content: '前端',
  markup: '',
  info: '',
  meta: null,
  block: true,
  hidden: false
}
Token {
  type: 'heading_close',
  tag: 'h3',
  attrs: null,
  map: null,
  nesting: -1,
  level: 0,
  children: null,
  content: '',
  markup: '###',
  info: '',
  meta: null,
  block: true,
  hidden: false
}
Token {
  type: 'paragraph_open',
  tag: 'p',
  attrs: null,
  map: [ 64, 82 ],
  nesting: 1,
  level: 0,
  children: null,
  content: '',
  markup: '',
  info: '',
  meta: null,
  block: true,
  hidden: false
}
Token {
  type: 'inline',
  tag: '',
  attrs: null,
  map: [ 64, 82 ],
  nesting: 0,
  level: 1,
  children: [
    Token {
      type: 'text',
      tag: '',
      attrs: null,
      map: null,
      nesting: 0,
      level: 0,
      children: null,
      content: '<p>',
      markup: '',
      info: '',
      meta: null,
      block: false,
      hidden: false
    },
    Token {
      type: 'softbreak',
      tag: 'br',
      attrs: null,
      map: null,
      nesting: 0,
      level: 0,
      children: null,
      content: '',
      markup: '',
      info: '',
      meta: null,
      block: false,
      hidden: false
    },
    Token {
      type: 'text',
      tag: '',
      attrs: null,
      map: null,
      nesting: 0,
      level: 0,
      children: null,
      content: '<img src="https://img.shields.io/badge/-JavaScript-A9A9A9?logo=JavaScript&logoColor=F7DF1E" alt="JavaScript" style="display: inline-block;" /> ',
      markup: '&nbsp;',
      info: 'entity',
      meta: null,
      block: false,
      hidden: false
    },
    Token {
      type: 'softbreak',
      tag: 'br',
      attrs: null,
      map: null,
      nesting: 0,
      level: 0,
      children: null,
      content: '',
      markup: '',
      info: '',
      meta: null,
      block: false,
      hidden: false
    },
    Token {
      type: 'text',
      tag: '',
      attrs: null,
      map: null,
      nesting: 0,
      level: 0,
      children: null,
      content: '<img src="https://img.shields.io/badge/-TypeScript-C0C0C0?logo=TypeScript&logoColor=3178C6" alt="TypeScript" style="display: inline-block;" /> ',
      markup: '&nbsp;',
      info: 'entity',
      meta: null,
      block: false,
      hidden: false
    },
    Token {
      type: 'softbreak',
      tag: 'br',
      attrs: null,
      map: null,
      nesting: 0,
      level: 0,
      children: null,
      content: '',
      markup: '',
      info: '',
      meta: null,
      block: false,
      hidden: false
    },
    Token {
      type: 'text',
      tag: '',
      attrs: null,
      map: null,
      nesting: 0,
      level: 0,
      children: null,
      content: '<img src="https://img.shields.io/badge/-Vue3-C0C0C0?logo=Vue.js&logoColor=4FC08D" alt="Vue3" style="display: inline-block;" /> ',
      markup: '&nbsp;',
      info: 'entity',
      meta: null,
      block: false,
      hidden: false
    },
    Token {
      type: 'softbreak',
      tag: 'br',
      attrs: null,
      map: null,
      nesting: 0,
      level: 0,
      children: null,
      content: '',
      markup: '',
      info: '',
      meta: null,
      block: false,
      hidden: false
    },
    Token {
      type: 'text',
      tag: '',
      attrs: null,
      map: null,
      nesting: 0,
      level: 0,
      children: null,
      content: '<img src="https://img.shields.io/badge/-Vite-D3D3D3?logo=Vite&logoColor=646CFF" alt="Vite" style="display: inline-block;" /> ',
      markup: '&nbsp;',
      info: 'entity',
      meta: null,
      block: false,
      hidden: false
    },
    Token {
      type: 'softbreak',
      tag: 'br',
      attrs: null,
      map: null,
      nesting: 0,
      level: 0,
      children: null,
      content: '',
      markup: '',
      info: '',
      meta: null,
      block: false,
      hidden: false
    },
    Token {
      type: 'text',
      tag: '',
      attrs: null,
      map: null,
      nesting: 0,
      level: 0,
      children: null,
      content: '<img src="https://img.shields.io/badge/-Webpack-D3D3D3?logo=Webpack&logoColor=8DD6F9" alt="Webpack" style="display: inline-block;" /> ',
      markup: '&nbsp;',
      info: 'entity',
      meta: null,
      block: false,
      hidden: false
    },
    Token {
      type: 'softbreak',
      tag: 'br',
      attrs: null,
      map: null,
      nesting: 0,
      level: 0,
      children: null,
      content: '',
      markup: '',
      info: '',
      meta: null,
      block: false,
      hidden: false
    },
    Token {
      type: 'text',
      tag: '',
      attrs: null,
      map: null,
      nesting: 0,
      level: 0,
      children: null,
      content: '<img src="https://img.shields.io/badge/-NPM-C0C0C0?logo=npm&logoColor=CB3837" alt="NPM" style="display: inline-block;" /> ',
      markup: '&nbsp;',
      info: 'entity',
      meta: null,
      block: false,
      hidden: false
    },
    Token {
      type: 'softbreak',
      tag: 'br',
      attrs: null,
      map: null,
      nesting: 0,
      level: 0,
      children: null,
      content: '',
      markup: '',
      info: '',
      meta: null,
      block: false,
      hidden: false
    },
    Token {
      type: 'text',
      tag: '',
      attrs: null,
      map: null,
      nesting: 0,
      level: 0,
      children: null,
      content: '<img src="https://img.shields.io/badge/-Axios-C0C0C0?logo=Axios&logoColor=5A29E4" alt="Axios" style="display: inline-block;" /> ',
      markup: '&nbsp;',
      info: 'entity',
      meta: null,
      block: false,
      hidden: false
    },
    Token {
      type: 'softbreak',
      tag: 'br',
      attrs: null,
      map: null,
      nesting: 0,
      level: 0,
      children: null,
      content: '',
      markup: '',
      info: '',
      meta: null,
      block: false,
      hidden: false
    },
    Token {
      type: 'text',
      tag: '',
      attrs: null,
      map: null,
      nesting: 0,
      level: 0,
      children: null,
      content: '<img src="https://img.shields.io/badge/-ESLint-C0C0C0?logo=ESLint&logoColor=4B32C3" alt="ESLint" style="display: inline-block;" /> ',
      markup: '&nbsp;',
      info: 'entity',
      meta: null,
      block: false,
      hidden: false
    },
    Token {
      type: 'softbreak',
      tag: 'br',
      attrs: null,
      map: null,
      nesting: 0,
      level: 0,
      children: null,
      content: '',
      markup: '',
      info: '',
      meta: null,
      block: false,
      hidden: false
    },
    Token {
      type: 'text',
      tag: '',
      attrs: null,
      map: null,
      nesting: 0,
      level: 0,
      children: null,
      content: '<img src="https://img.shields.io/badge/-ECharts-C0C0C0?logo=Apache-ECharts&logoColor=AA344D" alt="ECharts" style="display: inline-block;" /> ',
      markup: '&nbsp;',
      info: 'entity',
      meta: null,
      block: false,
      hidden: false
    },
    Token {
      type: 'softbreak',
      tag: 'br',
      attrs: null,
      map: null,
      nesting: 0,
      level: 0,
      children: null,
      content: '',
      markup: '',
      info: '',
      meta: null,
      block: false,
      hidden: false
    },
    Token {
      type: 'text',
      tag: '',
      attrs: null,
      map: null,
      nesting: 0,
      level: 0,
      children: null,
      content: '<img src="https://img.shields.io/badge/-HTML5-A9A9A9?logo=HTML5&logoColor=E34F26" alt="HTML5" style="display: inline-block;" /> ',
      markup: '&nbsp;',
      info: 'entity',
      meta: null,
      block: false,
      hidden: false
    },
    Token {
      type: 'softbreak',
      tag: 'br',
      attrs: null,
      map: null,
      nesting: 0,
      level: 0,
      children: null,
      content: '',
      markup: '',
      info: '',
      meta: null,
      block: false,
      hidden: false
    },
    Token {
      type: 'text',
      tag: '',
      attrs: null,
      map: null,
      nesting: 0,
      level: 0,
      children: null,
      content: '<img src="https://img.shields.io/badge/-CSS3-A9A9A9?logo=CSS3&logoColor=1572B6" alt="CSS3" style="display: inline-block;" /> ',
      markup: '&nbsp;',
      info: 'entity',
      meta: null,
      block: false,
      hidden: false
    },
    Token {
      type: 'softbreak',
      tag: 'br',
      attrs: null,
      map: null,
      nesting: 0,
      level: 0,
      children: null,
      content: '',
      markup: '',
      info: '',
      meta: null,
      block: false,
      hidden: false
    },
    Token {
      type: 'text',
      tag: '',
      attrs: null,
      map: null,
      nesting: 0,
      level: 0,
      children: null,
      content: '<img src="https://img.shields.io/badge/-Less-D3D3D3?logo=Less&logoColor=1D365D" alt="Less" style="display: inline-block;" /> ',
      markup: '&nbsp;',
      info: 'entity',
      meta: null,
      block: false,
      hidden: false
    },
    Token {
      type: 'softbreak',
      tag: 'br',
      attrs: null,
      map: null,
      nesting: 0,
      level: 0,
      children: null,
      content: '',
      markup: '',
      info: '',
      meta: null,
      block: false,
      hidden: false
    },
    Token {
      type: 'text',
      tag: '',
      attrs: null,
      map: null,
      nesting: 0,
      level: 0,
      children: null,
      content: '<img src="https://img.shields.io/badge/-Tailwind%20CSS-FFF?logo=Tailwind-CSS&logoColor=06B6D4" alt="Tailwind CSS" style="display: inline-block;" /> ',
      markup: '&nbsp;',
      info: 'entity',
      meta: null,
      block: false,
      hidden: false
    },
    Token {
      type: 'softbreak',
      tag: 'br',
      attrs: null,
      map: null,
      nesting: 0,
      level: 0,
      children: null,
      content: '',
      markup: '',
      info: '',
      meta: null,
      block: false,
      hidden: false
    },
    Token {
      type: 'text',
      tag: '',
      attrs: null,
      map: null,
      nesting: 0,
      level: 0,
      children: null,
      content: '<img src="https://img.shields.io/badge/-Ant%20Design-C0C0C0?logo=Ant-Design&logoColor=0170FE" alt="Ant Design" style="display: inline-block;" /> ',
      markup: '&nbsp;',
      info: 'entity',
      meta: null,
      block: false,
      hidden: false
    },
    Token {
      type: 'softbreak',
      tag: 'br',
      attrs: null,
      map: null,
      nesting: 0,
      level: 0,
      children: null,
      content: '',
      markup: '',
      info: '',
      meta: null,
      block: false,
      hidden: false
    },
    Token {
      type: 'text',
      tag: '',
      attrs: null,
      map: null,
      nesting: 0,
      level: 0,
      children: null,
      content: '<img src="https://img.shields.io/badge/-jQuery-0769AD?logo=jQuery&logoColor=FFF" alt="jQuery" style="display: inline-block;" /> ',
      markup: '&nbsp;',
      info: 'entity',
      meta: null,
      block: false,
      hidden: false
    },
    Token {
      type: 'softbreak',
      tag: 'br',
      attrs: null,
      map: null,
      nesting: 0,
      level: 0,
      children: null,
      content: '',
      markup: '',
      info: '',
      meta: null,
      block: false,
      hidden: false
    },
    Token {
      type: 'text',
      tag: '',
      attrs: null,
      map: null,
      nesting: 0,
      level: 0,
      children: null,
      content: '<img src="https://img.shields.io/badge/-Bootstrap-7952B3?logo=Bootstrap&logoColor=FFF" alt="BootStrap" style="display: inline-block;" /> ',
      markup: '&nbsp;',
      info: 'entity',
      meta: null,
      block: false,
      hidden: false
    },
    Token {
      type: 'softbreak',
      tag: 'br',
      attrs: null,
      map: null,
      nesting: 0,
      level: 0,
      children: null,
      content: '',
      markup: '',
      info: '',
      meta: null,
      block: false,
      hidden: false
    },
    Token {
      type: 'text',
      tag: '',
      attrs: null,
      map: null,
      nesting: 0,
      level: 0,
      children: null,
      content: '</p>',
      markup: '',
      info: '',
      meta: null,
      block: false,
      hidden: false
    }
  ],
  content: '<p>\n' +
    '  <img src="https://img.shields.io/badge/-JavaScript-A9A9A9?logo=JavaScript&logoColor=F7DF1E" alt="JavaScript" style="display: inline-block;" />&nbsp;\n' +
    '  <img src="https://img.shields.io/badge/-TypeScript-C0C0C0?logo=TypeScript&logoColor=3178C6" alt="TypeScript" style="display: inline-block;" />&nbsp;\n' +
    '  <img src="https://img.shields.io/badge/-Vue3-C0C0C0?logo=Vue.js&logoColor=4FC08D" alt="Vue3" style="display: inline-block;" />&nbsp;\n' +
    '  <img src="https://img.shields.io/badge/-Vite-D3D3D3?logo=Vite&logoColor=646CFF" alt="Vite" style="display: inline-block;" />&nbsp;\n' +
    '  <img src="https://img.shields.io/badge/-Webpack-D3D3D3?logo=Webpack&logoColor=8DD6F9" alt="Webpack" style="display: inline-block;" />&nbsp;\n' +
    '  <img src="https://img.shields.io/badge/-NPM-C0C0C0?logo=npm&logoColor=CB3837" alt="NPM" style="display: inline-block;" />&nbsp;\n' +
    '  <img src="https://img.shields.io/badge/-Axios-C0C0C0?logo=Axios&logoColor=5A29E4" alt="Axios" style="display: inline-block;" />&nbsp;\n' +
    '  <img src="https://img.shields.io/badge/-ESLint-C0C0C0?logo=ESLint&logoColor=4B32C3" alt="ESLint" style="display: inline-block;" />&nbsp;\n' +
    '  <img src="https://img.shields.io/badge/-ECharts-C0C0C0?logo=Apache-ECharts&logoColor=AA344D" alt="ECharts" style="display: inline-block;" />&nbsp;\n' +
    '  <img src="https://img.shields.io/badge/-HTML5-A9A9A9?logo=HTML5&logoColor=E34F26" alt="HTML5" style="display: inline-block;" />&nbsp;\n' +
    '  <img src="https://img.shields.io/badge/-CSS3-A9A9A9?logo=CSS3&logoColor=1572B6" alt="CSS3" style="display: inline-block;" />&nbsp;\n' +
    '  <img src="https://img.shields.io/badge/-Less-D3D3D3?logo=Less&logoColor=1D365D" alt="Less" style="display: inline-block;" />&nbsp;\n' +
    '  <img src="https://img.shields.io/badge/-Tailwind%20CSS-FFF?logo=Tailwind-CSS&logoColor=06B6D4" alt="Tailwind CSS" style="display: inline-block;" />&nbsp;\n' +
    '  <img src="https://img.shields.io/badge/-Ant%20Design-C0C0C0?logo=Ant-Design&logoColor=0170FE" alt="Ant Design" style="display: inline-block;" />&nbsp;\n' +
    '  <img src="https://img.shields.io/badge/-jQuery-0769AD?logo=jQuery&logoColor=FFF" alt="jQuery" style="display: inline-block;" />&nbsp;\n' +
    '  <img src="https://img.shields.io/badge/-Bootstrap-7952B3?logo=Bootstrap&logoColor=FFF" alt="BootStrap" style="display: inline-block;" />&nbsp;\n' +
    '</p>',
  markup: '',
  info: '',
  meta: null,
  block: true,
  hidden: false
}
Token {
  type: 'paragraph_close',
  tag: 'p',
  attrs: null,
  map: null,
  nesting: -1,
  level: 0,
  children: null,
  content: '',
  markup: '',
  info: '',
  meta: null,
  block: true,
  hidden: false
}
Token {
  type: 'heading_open',
  tag: 'h3',
  attrs: null,
  map: [ 83, 84 ],
  nesting: 1,
  level: 0,
  children: null,
  content: '',
  markup: '###',
  info: '',
  meta: null,
  block: true,
  hidden: false
}
Token {
  type: 'inline',
  tag: '',
  attrs: null,
  map: [ 83, 84 ],
  nesting: 0,
  level: 1,
  children: [
    Token {
      type: 'text',
      tag: '',
      attrs: null,
      map: null,
      nesting: 0,
      level: 0,
      children: null,
      content: '运维',
      markup: '',
      info: '',
      meta: null,
      block: false,
      hidden: false
    }
  ],
  content: '运维',
  markup: '',
  info: '',
  meta: null,
  block: true,
  hidden: false
}
Token {
  type: 'heading_close',
  tag: 'h3',
  attrs: null,
  map: null,
  nesting: -1,
  level: 0,
  children: null,
  content: '',
  markup: '###',
  info: '',
  meta: null,
  block: true,
  hidden: false
}
Token {
  type: 'paragraph_open',
  tag: 'p',
  attrs: null,
  map: [ 85, 100 ],
  nesting: 1,
  level: 0,
  children: null,
  content: '',
  markup: '',
  info: '',
  meta: null,
  block: true,
  hidden: false
}
Token {
  type: 'inline',
  tag: '',
  attrs: null,
  map: [ 85, 100 ],
  nesting: 0,
  level: 1,
  children: [
    Token {
      type: 'text',
      tag: '',
      attrs: null,
      map: null,
      nesting: 0,
      level: 0,
      children: null,
      content: '<p>',
      markup: '',
      info: '',
      meta: null,
      block: false,
      hidden: false
    },
    Token {
      type: 'softbreak',
      tag: 'br',
      attrs: null,
      map: null,
      nesting: 0,
      level: 0,
      children: null,
      content: '',
      markup: '',
      info: '',
      meta: null,
      block: false,
      hidden: false
    },
    Token {
      type: 'text',
      tag: '',
      attrs: null,
      map: null,
      nesting: 0,
      level: 0,
      children: null,
      content: '<img src="https://img.shields.io/badge/-Git-F05032?logo=Git&logoColor=FFF" alt="Git" style="display: inline-block;" /> ',
      markup: '&nbsp;',
      info: 'entity',
      meta: null,
      block: false,
      hidden: false
    },
    Token {
      type: 'softbreak',
      tag: 'br',
      attrs: null,
      map: null,
      nesting: 0,
      level: 0,
      children: null,
      content: '',
      markup: '',
      info: '',
      meta: null,
      block: false,
      hidden: false
    },
    Token {
      type: 'text',
      tag: '',
      attrs: null,
      map: null,
      nesting: 0,
      level: 0,
      children: null,
      content: '<img src="https://img.shields.io/badge/-GitHub-181717?logo=GitHub&logoColor=FFF" alt="GitHub" style="display: inline-block;" /> ',
      markup: '&nbsp;',
      info: 'entity',
      meta: null,
      block: false,
      hidden: false
    },
    Token {
      type: 'softbreak',
      tag: 'br',
      attrs: null,
      map: null,
      nesting: 0,
      level: 0,
      children: null,
      content: '',
      markup: '',
      info: '',
      meta: null,
      block: false,
      hidden: false
    },
    Token {
      type: 'text',
      tag: '',
      attrs: null,
      map: null,
      nesting: 0,
      level: 0,
      children: null,
      content: '<img src="https://img.shields.io/badge/-GitHub%20Actions-2088FF?logo=GitHub-Actions&logoColor=FFF" alt="GitHub Actions" style="display: inline-block;" /> ',
      markup: '&nbsp;',
      info: 'entity',
      meta: null,
      block: false,
      hidden: false
    },
    Token {
      type: 'softbreak',
      tag: 'br',
      attrs: null,
      map: null,
      nesting: 0,
      level: 0,
      children: null,
      content: '',
      markup: '',
      info: '',
      meta: null,
      block: false,
      hidden: false
    },
    Token {
      type: 'text',
      tag: '',
      attrs: null,
      map: null,
      nesting: 0,
      level: 0,
      children: null,
      content: '<img src="https://img.shields.io/badge/-Docker-2496ED?logo=Docker&logoColor=FFF" alt="Docker" style="display: inline-block;" /> ',
      markup: '&nbsp;',
      info: 'entity',
      meta: null,
      block: false,
      hidden: false
    },
    Token {
      type: 'softbreak',
      tag: 'br',
      attrs: null,
      map: null,
      nesting: 0,
      level: 0,
      children: null,
      content: '',
      markup: '',
      info: '',
      meta: null,
      block: false,
      hidden: false
    },
    Token {
      type: 'text',
      tag: '',
      attrs: null,
      map: null,
      nesting: 0,
      level: 0,
      children: null,
      content: '<img src="https://img.shields.io/badge/-Kubernetes-326CE5?logo=Kubernetes&logoColor=FFF" alt="Kubernetes" style="display: inline-block;" /> ',
      markup: '&nbsp;',
      info: 'entity',
      meta: null,
      block: false,
      hidden: false
    },
    Token {
      type: 'softbreak',
      tag: 'br',
      attrs: null,
      map: null,
      nesting: 0,
      level: 0,
      children: null,
      content: '',
      markup: '',
      info: '',
      meta: null,
      block: false,
      hidden: false
    },
    Token {
      type: 'text',
      tag: '',
      attrs: null,
      map: null,
      nesting: 0,
      level: 0,
      children: null,
      content: '<img alt="bash" src="https://img.shields.io/badge/bash-blue?logo=gnubash" style="display:inline-block"/> ',
      markup: '&nbsp;',
      info: 'entity',
      meta: null,
      block: false,
      hidden: false
    },
    Token {
      type: 'softbreak',
      tag: 'br',
      attrs: null,
      map: null,
      nesting: 0,
      level: 0,
      children: null,
      content: '',
      markup: '',
      info: '',
      meta: null,
      block: false,
      hidden: false
    },
    Token {
      type: 'text',
      tag: '',
      attrs: null,
      map: null,
      nesting: 0,
      level: 0,
      children: null,
      content: '<img alt="debian" src="https://img.shields.io/badge/debian-red?logo=debian&logoColor=white" style="display:inline-block"/> ',
      markup: '&nbsp;',
      info: 'entity',
      meta: null,
      block: false,
      hidden: false
    },
    Token {
      type: 'softbreak',
      tag: 'br',
      attrs: null,
      map: null,
      nesting: 0,
      level: 0,
      children: null,
      content: '',
      markup: '',
      info: '',
      meta: null,
      block: false,
      hidden: false
    },
    Token {
      type: 'text',
      tag: '',
      attrs: null,
      map: null,
      nesting: 0,
      level: 0,
      children: null,
      content: '<img src="https://img.shields.io/badge/-CentOS-262577?logo=CentOS&logoColor=FFF" alt="CentOS" style="display: inline-block;" /> ',
      markup: '&nbsp;',
      info: 'entity',
      meta: null,
      block: false,
      hidden: false
    },
    Token {
      type: 'softbreak',
      tag: 'br',
      attrs: null,
      map: null,
      nesting: 0,
      level: 0,
      children: null,
      content: '',
      markup: '',
      info: '',
      meta: null,
      block: false,
      hidden: false
    },
    Token {
      type: 'text',
      tag: '',
      attrs: null,
      map: null,
      nesting: 0,
      level: 0,
      children: null,
      content: '<img src="https://img.shields.io/badge/-Nginx-009639?logo=Nginx&logoColor=FFF" alt="Nginx" style="display: inline-block;" /> ',
      markup: '&nbsp;',
      info: 'entity',
      meta: null,
      block: false,
      hidden: false
    },
    Token {
      type: 'softbreak',
      tag: 'br',
      attrs: null,
      map: null,
      nesting: 0,
      level: 0,
      children: null,
      content: '',
      markup: '',
      info: '',
      meta: null,
      block: false,
      hidden: false
    },
    Token {
      type: 'text',
      tag: '',
      attrs: null,
      map: null,
      nesting: 0,
      level: 0,
      children: null,
      content: '<img src="https://img.shields.io/badge/-VMware-607078?logo=VMware&logoColor=FFF" alt="VMware" style="display: inline-block;" /> ',
      markup: '&nbsp;',
      info: 'entity',
      meta: null,
      block: false,
      hidden: false
    },
    Token {
      type: 'softbreak',
      tag: 'br',
      attrs: null,
      map: null,
      nesting: 0,
      level: 0,
      children: null,
      content: '',
      markup: '',
      info: '',
      meta: null,
      block: false,
      hidden: false
    },
    Token {
      type: 'text',
      tag: '',
      attrs: null,
      map: null,
      nesting: 0,
      level: 0,
      children: null,
      content: '<img src="https://img.shields.io/badge/-Prometheus-C0C0C0?logo=Prometheus&logoColor=E6522C" alt="Prometheus" style="display: inline-block;" /> ',
      markup: '&nbsp;',
      info: 'entity',
      meta: null,
      block: false,
      hidden: false
    },
    Token {
      type: 'softbreak',
      tag: 'br',
      attrs: null,
      map: null,
      nesting: 0,
      level: 0,
      children: null,
      content: '',
      markup: '',
      info: '',
      meta: null,
      block: false,
      hidden: false
    },
    Token {
      type: 'text',
      tag: '',
      attrs: null,
      map: null,
      nesting: 0,
      level: 0,
      children: null,
      content: '<img src="https://img.shields.io/badge/-Grafana-DCDCDC?logo=Grafana&logoColor=F46800" alt="Grafana" style="display: inline-block;" /> ',
      markup: '&nbsp;',
      info: 'entity',
      meta: null,
      block: false,
      hidden: false
    },
    Token {
      type: 'softbreak',
      tag: 'br',
      attrs: null,
      map: null,
      nesting: 0,
      level: 0,
      children: null,
      content: '',
      markup: '',
      info: '',
      meta: null,
      block: false,
      hidden: false
    },
    Token {
      type: 'text',
      tag: '',
      attrs: null,
      map: null,
      nesting: 0,
      level: 0,
      children: null,
      content: '<img src="https://img.shields.io/badge/-Ansible-FFF?logo=Ansible&logoColor=EE0000" alt="Ansible" style="display: inline-block;" /> ',
      markup: '&nbsp;',
      info: 'entity',
      meta: null,
      block: false,
      hidden: false
    },
    Token {
      type: 'softbreak',
      tag: 'br',
      attrs: null,
      map: null,
      nesting: 0,
      level: 0,
      children: null,
      content: '',
      markup: '',
      info: '',
      meta: null,
      block: false,
      hidden: false
    },
    Token {
      type: 'text',
      tag: '',
      attrs: null,
      map: null,
      nesting: 0,
      level: 0,
      children: null,
      content: '<img src="https://img.shields.io/badge/-Lua-FFF?&logo=Lua&logoColor=2C2D72" alt="Lua" style="display: inline-block;" /> ',
      markup: '&nbsp;',
      info: 'entity',
      meta: null,
      block: false,
      hidden: false
    }
  ],
  content: '<p>\n' +
    '  <img src="https://img.shields.io/badge/-Git-F05032?logo=Git&logoColor=FFF" alt="Git" style="display: inline-block;" />&nbsp;\n' +
    '  <img src="https://img.shields.io/badge/-GitHub-181717?logo=GitHub&logoColor=FFF" alt="GitHub" style="display: inline-block;" />&nbsp;\n' +
    '  <img src="https://img.shields.io/badge/-GitHub%20Actions-2088FF?logo=GitHub-Actions&logoColor=FFF" alt="GitHub Actions" style="display: inline-block;" />&nbsp;\n' +
    '  <img src="https://img.shields.io/badge/-Docker-2496ED?logo=Docker&logoColor=FFF" alt="Docker" style="display: inline-block;" />&nbsp;\n' +
    '  <img src="https://img.shields.io/badge/-Kubernetes-326CE5?logo=Kubernetes&logoColor=FFF" alt="Kubernetes" style="display: inline-block;" />&nbsp;\n' +
    '  <img alt="bash" src="https://img.shields.io/badge/bash-blue?logo=gnubash" style="display:inline-block"/>&nbsp;\n' +
    '  <img alt="debian" src="https://img.shields.io/badge/debian-red?logo=debian&logoColor=white" style="display:inline-block"/>&nbsp;\n' +
    '  <img src="https://img.shields.io/badge/-CentOS-262577?logo=CentOS&logoColor=FFF" alt="CentOS" style="display: inline-block;" />&nbsp;\n' +
    '  <img src="https://img.shields.io/badge/-Nginx-009639?logo=Nginx&logoColor=FFF" alt="Nginx" style="display: inline-block;" />&nbsp;\n' +
    '  <img src="https://img.shields.io/badge/-VMware-607078?logo=VMware&logoColor=FFF" alt="VMware" style="display: inline-block;" />&nbsp;\n' +
    '  <img src="https://img.shields.io/badge/-Prometheus-C0C0C0?logo=Prometheus&logoColor=E6522C" alt="Prometheus" style="display: inline-block;" />&nbsp;\n' +
    '  <img src="https://img.shields.io/badge/-Grafana-DCDCDC?logo=Grafana&logoColor=F46800" alt="Grafana" style="display: inline-block;" />&nbsp;\n' +
    '  <img src="https://img.shields.io/badge/-Ansible-FFF?logo=Ansible&logoColor=EE0000" alt="Ansible" style="display: inline-block;" />&nbsp;\n' +
    '  <img src="https://img.shields.io/badge/-Lua-FFF?&logo=Lua&logoColor=2C2D72" alt="Lua" style="display: inline-block;" />&nbsp;',
  markup: '',
  info: '',
  meta: null,
  block: true,
  hidden: false
}
Token {
  type: 'paragraph_close',
  tag: 'p',
  attrs: null,
  map: null,
  nesting: -1,
  level: 0,
  children: null,
  content: '',
  markup: '',
  info: '',
  meta: null,
  block: true,
  hidden: false
}
Token {
  type: 'paragraph_open',
  tag: 'p',
  attrs: null,
  map: [ 101, 102 ],
  nesting: 1,
  level: 0,
  children: null,
  content: '',
  markup: '',
  info: '',
  meta: null,
  block: true,
  hidden: false
}
Token {
  type: 'inline',
  tag: '',
  attrs: null,
  map: [ 101, 102 ],
  nesting: 0,
  level: 1,
  children: [
    Token {
      type: 'text',
      tag: '',
      attrs: null,
      map: null,
      nesting: 0,
      level: 0,
      children: null,
      content: '</p>',
      markup: '',
      info: '',
      meta: null,
      block: false,
      hidden: false
    }
  ],
  content: '</p>',
  markup: '',
  info: '',
  meta: null,
  block: true,
  hidden: false
}
Token {
  type: 'paragraph_close',
  tag: 'p',
  attrs: null,
  map: null,
  nesting: -1,
  level: 0,
  children: null,
  content: '',
  markup: '',
  info: '',
  meta: null,
  block: true,
  hidden: false
}
Token {
  type: 'heading_open',
  tag: 'h3',
  attrs: null,
  map: [ 103, 104 ],
  nesting: 1,
  level: 0,
  children: null,
  content: '',
  markup: '###',
  info: '',
  meta: null,
  block: true,
  hidden: false
}
Token {
  type: 'inline',
  tag: '',
  attrs: null,
  map: [ 103, 104 ],
  nesting: 0,
  level: 1,
  children: [
    Token {
      type: 'text',
      tag: '',
      attrs: null,
      map: null,
      nesting: 0,
      level: 0,
      children: null,
      content: '开发工具',
      markup: '',
      info: '',
      meta: null,
      block: false,
      hidden: false
    }
  ],
  content: '开发工具',
  markup: '',
  info: '',
  meta: null,
  block: true,
  hidden: false
}
Token {
  type: 'heading_close',
  tag: 'h3',
  attrs: null,
  map: null,
  nesting: -1,
  level: 0,
  children: null,
  content: '',
  markup: '###',
  info: '',
  meta: null,
  block: true,
  hidden: false
}
Token {
  type: 'paragraph_open',
  tag: 'p',
  attrs: null,
  map: [ 105, 114 ],
  nesting: 1,
  level: 0,
  children: null,
  content: '',
  markup: '',
  info: '',
  meta: null,
  block: true,
  hidden: false
}
Token {
  type: 'inline',
  tag: '',
  attrs: null,
  map: [ 105, 114 ],
  nesting: 0,
  level: 1,
  children: [
    Token {
      type: 'text',
      tag: '',
      attrs: null,
      map: null,
      nesting: 0,
      level: 0,
      children: null,
      content: '<p>',
      markup: '',
      info: '',
      meta: null,
      block: false,
      hidden: false
    },
    Token {
      type: 'softbreak',
      tag: 'br',
      attrs: null,
      map: null,
      nesting: 0,
      level: 0,
      children: null,
      content: '',
      markup: '',
      info: '',
      meta: null,
      block: false,
      hidden: false
    },
    Token {
      type: 'text',
      tag: '',
      attrs: null,
      map: null,
      nesting: 0,
      level: 0,
      children: null,
      content: '<img src="https://img.shields.io/badge/nvovim-blue?logo=vim&logoColor=white " alt="Neovim" style="display: inline-block;" /> ',
      markup: '&nbsp;',
      info: 'entity',
      meta: null,
      block: false,
      hidden: false
    },
    Token {
      type: 'softbreak',
      tag: 'br',
      attrs: null,
      map: null,
      nesting: 0,
      level: 0,
      children: null,
      content: '',
      markup: '',
      info: '',
      meta: null,
      block: false,
      hidden: false
    },
    Token {
      type: 'text',
      tag: '',
      attrs: null,
      map: null,
      nesting: 0,
      level: 0,
      children: null,
      content: '<img src="https://img.shields.io/badge/-VSCode-C0C0C0?logo=Visual-Studio-Code&logoColor=007ACC" alt="VSCode" style="display: inline-block;" /> ',
      markup: '&nbsp;',
      info: 'entity',
      meta: null,
      block: false,
      hidden: false
    },
    Token {
      type: 'softbreak',
      tag: 'br',
      attrs: null,
      map: null,
      nesting: 0,
      level: 0,
      children: null,
      content: '',
      markup: '',
      info: '',
      meta: null,
      block: false,
      hidden: false
    },
    Token {
      type: 'text',
      tag: '',
      attrs: null,
      map: null,
      nesting: 0,
      level: 0,
      children: null,
      content: '<img src="https://img.shields.io/badge/-Intellij%20IDEA-000?logo=Intellij-IDEA&logoColor=FFF" alt="Intellij IDEA" style="display: inline-block;" /> ',
      markup: '&nbsp;',
      info: 'entity',
      meta: null,
      block: false,
      hidden: false
    },
    Token {
      type: 'softbreak',
      tag: 'br',
      attrs: null,
      map: null,
      nesting: 0,
      level: 0,
      children: null,
      content: '',
      markup: '',
      info: '',
      meta: null,
      block: false,
      hidden: false
    },
    Token {
      type: 'text',
      tag: '',
      attrs: null,
      map: null,
      nesting: 0,
      level: 0,
      children: null,
      content: '<img src="https://img.shields.io/badge/-Eclipse-2C2255?logo=Eclipse&logoColor=FFF" alt="Eclipse" style="display: inline-block;" /> ',
      markup: '&nbsp;',
      info: 'entity',
      meta: null,
      block: false,
      hidden: false
    },
    Token {
      type: 'softbreak',
      tag: 'br',
      attrs: null,
      map: null,
      nesting: 0,
      level: 0,
      children: null,
      content: '',
      markup: '',
      info: '',
      meta: null,
      block: false,
      hidden: false
    },
    Token {
      type: 'text',
      tag: '',
      attrs: null,
      map: null,
      nesting: 0,
      level: 0,
      children: null,
      content: '<img src="https://img.shields.io/badge/-WebStorm-000?logo=WebStorm&logoColor=FFF" alt="WebStorm" style="display: inline-block;" /> ',
      markup: '&nbsp;',
      info: 'entity',
      meta: null,
      block: false,
      hidden: false
    },
    Token {
      type: 'softbreak',
      tag: 'br',
      attrs: null,
      map: null,
      nesting: 0,
      level: 0,
      children: null,
      content: '',
      markup: '',
      info: '',
      meta: null,
      block: false,
      hidden: false
    },
    Token {
      type: 'text',
      tag: '',
      attrs: null,
      map: null,
      nesting: 0,
      level: 0,
      children: null,
      content: '<img src="https://img.shields.io/badge/-PyCharm-C0C0C0?logo=PyCharm&logoColor=000" alt="PyCharm" style="display: inline-block;" /> ',
      markup: '&nbsp;',
      info: 'entity',
      meta: null,
      block: false,
      hidden: false
    },
    Token {
      type: 'softbreak',
      tag: 'br',
      attrs: null,
      map: null,
      nesting: 0,
      level: 0,
      children: null,
      content: '',
      markup: '',
      info: '',
      meta: null,
      block: false,
      hidden: false
    },
    Token {
      type: 'text',
      tag: '',
      attrs: null,
      map: null,
      nesting: 0,
      level: 0,
      children: null,
      content: '<img src="https://img.shields.io/badge/-Android%20Studio-C0C0C0?logo=Android-Studio&logoColor=3DDC84" alt="Android Studio" style="display: inline-block;" /> ',
      markup: '&nbsp;',
      info: 'entity',
      meta: null,
      block: false,
      hidden: false
    },
    Token {
      type: 'softbreak',
      tag: 'br',
      attrs: null,
      map: null,
      nesting: 0,
      level: 0,
      children: null,
      content: '',
      markup: '',
      info: '',
      meta: null,
      block: false,
      hidden: false
    },
    Token {
      type: 'text',
      tag: '',
      attrs: null,
      map: null,
      nesting: 0,
      level: 0,
      children: null,
      content: '</p>',
      markup: '',
      info: '',
      meta: null,
      block: false,
      hidden: false
    }
  ],
  content: '<p>\n' +
    '  <img src="https://img.shields.io/badge/nvovim-blue?logo=vim&logoColor=white " alt="Neovim" style="display: inline-block;" />&nbsp;\n' +
    '  <img src="https://img.shields.io/badge/-VSCode-C0C0C0?logo=Visual-Studio-Code&logoColor=007ACC" alt="VSCode" style="display: inline-block;" />&nbsp;\n' +
    '   <img src="https://img.shields.io/badge/-Intellij%20IDEA-000?logo=Intellij-IDEA&logoColor=FFF" alt="Intellij IDEA" style="display: inline-block;" />&nbsp;\n' +
    '  <img src="https://img.shields.io/badge/-Eclipse-2C2255?logo=Eclipse&logoColor=FFF" alt="Eclipse" style="display: inline-block;" />&nbsp;\n' +
    '  <img src="https://img.shields.io/badge/-WebStorm-000?logo=WebStorm&logoColor=FFF" alt="WebStorm" style="display: inline-block;" />&nbsp;\n' +
    '  <img src="https://img.shields.io/badge/-PyCharm-C0C0C0?logo=PyCharm&logoColor=000" alt="PyCharm" style="display: inline-block;" />&nbsp;\n' +
    '  <img src="https://img.shields.io/badge/-Android%20Studio-C0C0C0?logo=Android-Studio&logoColor=3DDC84" alt="Android Studio" style="display: inline-block;" />&nbsp;\n' +
    '</p>',
  markup: '',
  info: '',
  meta: null,
  block: true,
  hidden: false
}
Token {
  type: 'paragraph_close',
  tag: 'p',
  attrs: null,
  map: null,
  nesting: -1,
  level: 0,
  children: null,
  content: '',
  markup: '',
  info: '',
  meta: null,
  block: true,
  hidden: false
}
Token {
  type: 'hr',
  tag: 'hr',
  attrs: null,
  map: [ 0, 1 ],
  nesting: 0,
  level: 0,
  children: null,
  content: '',
  markup: '---',
  info: '',
  meta: null,
  block: true,
  hidden: false
}
Token {
  type: 'paragraph_open',
  tag: 'p',
  attrs: null,
  map: [ 1, 4 ],
  nesting: 1,
  level: 0,
  children: null,
  content: '',
  markup: '',
  info: '',
  meta: null,
  block: true,
  hidden: false
}
Token {
  type: 'inline',
  tag: '',
  attrs: null,
  map: [ 1, 4 ],
  nesting: 0,
  level: 1,
  children: [
    Token {
      type: 'text',
      tag: '',
      attrs: null,
      map: null,
      nesting: 0,
      level: 0,
      children: null,
      content: 'date: 2021-06-30',
      markup: '',
      info: '',
      meta: null,
      block: false,
      hidden: false
    },
    Token {
      type: 'softbreak',
      tag: 'br',
      attrs: null,
      map: null,
      nesting: 0,
      level: 0,
      children: null,
      content: '',
      markup: '',
      info: '',
      meta: null,
      block: false,
      hidden: false
    },
    Token {
      type: 'text',
      tag: '',
      attrs: null,
      map: null,
      nesting: 0,
      level: 0,
      children: null,
      content: 'title: aa',
      markup: '',
      info: '',
      meta: null,
      block: false,
      hidden: false
    },
    Token {
      type: 'softbreak',
      tag: 'br',
      attrs: null,
      map: null,
      nesting: 0,
      level: 0,
      children: null,
      content: '',
      markup: '',
      info: '',
      meta: null,
      block: false,
      hidden: false
    },
    Token {
      type: 'text',
      tag: '',
      attrs: null,
      map: null,
      nesting: 0,
      level: 0,
      children: null,
      content: 'tags:',
      markup: '',
      info: '',
      meta: null,
      block: false,
      hidden: false
    }
  ],
  content: 'date: 2021-06-30\ntitle: aa\ntags:',
  markup: '',
  info: '',
  meta: null,
  block: true,
  hidden: false
}
Token {
  type: 'paragraph_close',
  tag: 'p',
  attrs: null,
  map: null,
  nesting: -1,
  level: 0,
  children: null,
  content: '',
  markup: '',
  info: '',
  meta: null,
  block: true,
  hidden: false
}
Token {
  type: 'bullet_list_open',
  tag: 'ul',
  attrs: null,
  map: [ 4, 7 ],
  nesting: 1,
  level: 0,
  children: null,
  content: '',
  markup: '-',
  info: '',
  meta: null,
  block: true,
  hidden: false
}
Token {
  type: 'list_item_open',
  tag: 'li',
  attrs: null,
  map: [ 4, 5 ],
  nesting: 1,
  level: 1,
  children: null,
  content: '',
  markup: '-',
  info: '',
  meta: null,
  block: true,
  hidden: false
}
Token {
  type: 'paragraph_open',
  tag: 'p',
  attrs: null,
  map: [ 4, 5 ],
  nesting: 1,
  level: 2,
  children: null,
  content: '',
  markup: '',
  info: '',
  meta: null,
  block: true,
  hidden: true
}
Token {
  type: 'inline',
  tag: '',
  attrs: null,
  map: [ 4, 5 ],
  nesting: 0,
  level: 3,
  children: [
    Token {
      type: 'text',
      tag: '',
      attrs: null,
      map: null,
      nesting: 0,
      level: 0,
      children: null,
      content: 'vitepress',
      markup: '',
      info: '',
      meta: null,
      block: false,
      hidden: false
    }
  ],
  content: 'vitepress',
  markup: '',
  info: '',
  meta: null,
  block: true,
  hidden: false
}
Token {
  type: 'paragraph_close',
  tag: 'p',
  attrs: null,
  map: null,
  nesting: -1,
  level: 2,
  children: null,
  content: '',
  markup: '',
  info: '',
  meta: null,
  block: true,
  hidden: true
}
Token {
  type: 'list_item_close',
  tag: 'li',
  attrs: null,
  map: null,
  nesting: -1,
  level: 1,
  children: null,
  content: '',
  markup: '-',
  info: '',
  meta: null,
  block: true,
  hidden: false
}
Token {
  type: 'list_item_open',
  tag: 'li',
  attrs: null,
  map: [ 5, 7 ],
  nesting: 1,
  level: 1,
  children: null,
  content: '',
  markup: '-',
  info: '',
  meta: null,
  block: true,
  hidden: false
}
Token {
  type: 'paragraph_open',
  tag: 'p',
  attrs: null,
  map: [ 5, 7 ],
  nesting: 1,
  level: 2,
  children: null,
  content: '',
  markup: '',
  info: '',
  meta: null,
  block: true,
  hidden: true
}
Token {
  type: 'inline',
  tag: '',
  attrs: null,
  map: [ 5, 7 ],
  nesting: 0,
  level: 3,
  children: [
    Token {
      type: 'text',
      tag: '',
      attrs: null,
      map: null,
      nesting: 0,
      level: 0,
      children: null,
      content: '22222',
      markup: '',
      info: '',
      meta: null,
      block: false,
      hidden: false
    },
    Token {
      type: 'softbreak',
      tag: 'br',
      attrs: null,
      map: null,
      nesting: 0,
      level: 0,
      children: null,
      content: '',
      markup: '',
      info: '',
      meta: null,
      block: false,
      hidden: false
    },
    Token {
      type: 'text',
      tag: '',
      attrs: null,
      map: null,
      nesting: 0,
      level: 0,
      children: null,
      content: 'description: this is the demo',
      markup: '',
      info: '',
      meta: null,
      block: false,
      hidden: false
    }
  ],
  content: '22222\ndescription: this is the demo',
  markup: '',
  info: '',
  meta: null,
  block: true,
  hidden: false
}
Token {
  type: 'paragraph_close',
  tag: 'p',
  attrs: null,
  map: null,
  nesting: -1,
  level: 2,
  children: null,
  content: '',
  markup: '',
  info: '',
  meta: null,
  block: true,
  hidden: true
}
Token {
  type: 'list_item_close',
  tag: 'li',
  attrs: null,
  map: null,
  nesting: -1,
  level: 1,
  children: null,
  content: '',
  markup: '-',
  info: '',
  meta: null,
  block: true,
  hidden: false
}
Token {
  type: 'bullet_list_close',
  tag: 'ul',
  attrs: null,
  map: null,
  nesting: -1,
  level: 0,
  children: null,
  content: '',
  markup: '-',
  info: '',
  meta: null,
  block: true,
  hidden: false
}
Token {
  type: 'hr',
  tag: 'hr',
  attrs: null,
  map: [ 7, 8 ],
  nesting: 0,
  level: 0,
  children: null,
  content: '',
  markup: '---',
  info: '',
  meta: null,
  block: true,
  hidden: false
}
Token {
  type: 'heading_open',
  tag: 'h1',
  attrs: null,
  map: [ 9, 10 ],
  nesting: 1,
  level: 0,
  children: null,
  content: '',
  markup: '#',
  info: '',
  meta: null,
  block: true,
  hidden: false
}
Token {
  type: 'inline',
  tag: '',
  attrs: null,
  map: [ 9, 10 ],
  nesting: 0,
  level: 1,
  children: [
    Token {
      type: 'text',
      tag: '',
      attrs: null,
      map: null,
      nesting: 0,
      level: 0,
      children: null,
      content: '数据库-MySQL 源码编译',
      markup: '',
      info: '',
      meta: null,
      block: false,
      hidden: false
    }
  ],
  content: '数据库-MySQL 源码编译',
  markup: '',
  info: '',
  meta: null,
  block: true,
  hidden: false
}
Token {
  type: 'heading_close',
  tag: 'h1',
  attrs: null,
  map: null,
  nesting: -1,
  level: 0,
  children: null,
  content: '',
  markup: '#',
  info: '',
  meta: null,
  block: true,
  hidden: false
}
Token {
  type: 'blockquote_open',
  tag: 'blockquote',
  attrs: null,
  map: [ 11, 14 ],
  nesting: 1,
  level: 0,
  children: null,
  content: '',
  markup: '>',
  info: '',
  meta: null,
  block: true,
  hidden: false
}
Token {
  type: 'paragraph_open',
  tag: 'p',
  attrs: null,
  map: [ 11, 12 ],
  nesting: 1,
  level: 1,
  children: null,
  content: '',
  markup: '',
  info: '',
  meta: null,
  block: true,
  hidden: false
}
Token {
  type: 'inline',
  tag: '',
  attrs: null,
  map: [ 11, 12 ],
  nesting: 0,
  level: 2,
  children: [
    Token {
      type: 'text',
      tag: '',
      attrs: null,
      map: null,
      nesting: 0,
      level: 0,
      children: null,
      content: '[!TIP]',
      markup: '',
      info: '',
      meta: null,
      block: false,
      hidden: false
    }
  ],
  content: '[!TIP]',
  markup: '',
  info: '',
  meta: null,
  block: true,
  hidden: false
}
Token {
  type: 'paragraph_close',
  tag: 'p',
  attrs: null,
  map: null,
  nesting: -1,
  level: 1,
  children: null,
  content: '',
  markup: '',
  info: '',
  meta: null,
  block: true,
  hidden: false
}
Token {
  type: 'bullet_list_open',
  tag: 'ul',
  attrs: null,
  map: [ 13, 14 ],
  nesting: 1,
  level: 1,
  children: null,
  content: '',
  markup: '-',
  info: '',
  meta: null,
  block: true,
  hidden: false
}
Token {
  type: 'list_item_open',
  tag: 'li',
  attrs: null,
  map: [ 13, 14 ],
  nesting: 1,
  level: 2,
  children: null,
  content: '',
  markup: '-',
  info: '',
  meta: null,
  block: true,
  hidden: false
}
Token {
  type: 'paragraph_open',
  tag: 'p',
  attrs: null,
  map: [ 13, 14 ],
  nesting: 1,
  level: 3,
  children: null,
  content: '',
  markup: '',
  info: '',
  meta: null,
  block: true,
  hidden: true
}
Token {
  type: 'inline',
  tag: '',
  attrs: null,
  map: [ 13, 14 ],
  nesting: 0,
  level: 4,
  children: [
    Token {
      type: 'text',
      tag: '',
      attrs: null,
      map: null,
      nesting: 0,
      level: 0,
      children: null,
      content: "推荐阅读： [在Debian 11中源码编译mysql 8.0.30 | Bruce's Blog](https://www.xiebruce.top/1811.html)",
      markup: '',
      info: '',
      meta: null,
      block: false,
      hidden: false
    }
  ],
  content: "推荐阅读： [在Debian 11中源码编译mysql 8.0.30 | Bruce's Blog](https://www.xiebruce.top/1811.html)",
  markup: '',
  info: '',
  meta: null,
  block: true,
  hidden: false
}
Token {
  type: 'paragraph_close',
  tag: 'p',
  attrs: null,
  map: null,
  nesting: -1,
  level: 3,
  children: null,
  content: '',
  markup: '',
  info: '',
  meta: null,
  block: true,
  hidden: true
}
Token {
  type: 'list_item_close',
  tag: 'li',
  attrs: null,
  map: null,
  nesting: -1,
  level: 2,
  children: null,
  content: '',
  markup: '-',
  info: '',
  meta: null,
  block: true,
  hidden: false
}
Token {
  type: 'bullet_list_close',
  tag: 'ul',
  attrs: null,
  map: null,
  nesting: -1,
  level: 1,
  children: null,
  content: '',
  markup: '-',
  info: '',
  meta: null,
  block: true,
  hidden: false
}
Token {
  type: 'blockquote_close',
  tag: 'blockquote',
  attrs: null,
  map: null,
  nesting: -1,
  level: 0,
  children: null,
  content: '',
  markup: '>',
  info: '',
  meta: null,
  block: true,
  hidden: false
}
Token {
  type: 'heading_open',
  tag: 'h2',
  attrs: null,
  map: [ 15, 16 ],
  nesting: 1,
  level: 0,
  children: null,
  content: '',
  markup: '##',
  info: '',
  meta: null,
  block: true,
  hidden: false
}
Token {
  type: 'inline',
  tag: '',
  attrs: null,
  map: [ 15, 16 ],
  nesting: 0,
  level: 1,
  children: [
    Token {
      type: 'text',
      tag: '',
      attrs: null,
      map: null,
      nesting: 0,
      level: 0,
      children: null,
      content: '1. 前置说明',
      markup: '',
      info: '',
      meta: null,
      block: false,
      hidden: false
    }
  ],
  content: '1. 前置说明',
  markup: '',
  info: '',
  meta: null,
  block: true,
  hidden: false
}
Token {
  type: 'heading_close',
  tag: 'h2',
  attrs: null,
  map: null,
  nesting: -1,
  level: 0,
  children: null,
  content: '',
  markup: '##',
  info: '',
  meta: null,
  block: true,
  hidden: false
}
Token {
  type: 'bullet_list_open',
  tag: 'ul',
  attrs: null,
  map: [ 17, 24 ],
  nesting: 1,
  level: 0,
  children: null,
  content: '',
  markup: '-',
  info: '',
  meta: null,
  block: true,
  hidden: false
}
Token {
  type: 'list_item_open',
  tag: 'li',
  attrs: null,
  map: [ 17, 18 ],
  nesting: 1,
  level: 1,
  children: null,
  content: '',
  markup: '-',
  info: '',
  meta: null,
  block: true,
  hidden: false
}
Token {
  type: 'paragraph_open',
  tag: 'p',
  attrs: null,
  map: [ 17, 18 ],
  nesting: 1,
  level: 2,
  children: null,
  content: '',
  markup: '',
  info: '',
  meta: null,
  block: true,
  hidden: true
}
Token {
  type: 'inline',
  tag: '',
  attrs: null,
  map: [ 17, 18 ],
  nesting: 0,
  level: 3,
  children: [
    Token {
      type: 'text',
      tag: '',
      attrs: null,
      map: null,
      nesting: 0,
      level: 0,
      children: null,
      content: '操作系统：',
      markup: '',
      info: '',
      meta: null,
      block: false,
      hidden: false
    },
    Token {
      type: 'code_inline',
      tag: 'code',
      attrs: null,
      map: null,
      nesting: 0,
      level: 0,
      children: null,
      content: 'Debian 12.2',
      markup: '`',
      info: '',
      meta: null,
      block: false,
      hidden: false
    }
  ],
  content: '操作系统：`Debian 12.2`',
  markup: '',
  info: '',
  meta: null,
  block: true,
  hidden: false
}
Token {
  type: 'paragraph_close',
  tag: 'p',
  attrs: null,
  map: null,
  nesting: -1,
  level: 2,
  children: null,
  content: '',
  markup: '',
  info: '',
  meta: null,
  block: true,
  hidden: true
}
Token {
  type: 'list_item_close',
  tag: 'li',
  attrs: null,
  map: null,
  nesting: -1,
  level: 1,
  children: null,
  content: '',
  markup: '-',
  info: '',
  meta: null,
  block: true,
  hidden: false
}
Token {
  type: 'list_item_open',
  tag: 'li',
  attrs: null,
  map: [ 18, 22 ],
  nesting: 1,
  level: 1,
  children: null,
  content: '',
  markup: '-',
  info: '',
  meta: null,
  block: true,
  hidden: false
}
Token {
  type: 'paragraph_open',
  tag: 'p',
  attrs: null,
  map: [ 18, 19 ],
  nesting: 1,
  level: 2,
  children: null,
  content: '',
  markup: '',
  info: '',
  meta: null,
  block: true,
  hidden: true
}
Token {
  type: 'inline',
  tag: '',
  attrs: null,
  map: [ 18, 19 ],
  nesting: 0,
  level: 3,
  children: [
    Token {
      type: 'text',
      tag: '',
      attrs: null,
      map: null,
      nesting: 0,
      level: 0,
      children: null,
      content: '硬件：',
      markup: '',
      info: '',
      meta: null,
      block: false,
      hidden: false
    }
  ],
  content: '硬件：',
  markup: '',
  info: '',
  meta: null,
  block: true,
  hidden: false
}
Token {
  type: 'paragraph_close',
  tag: 'p',
  attrs: null,
  map: null,
  nesting: -1,
  level: 2,
  children: null,
  content: '',
  markup: '',
  info: '',
  meta: null,
  block: true,
  hidden: true
}
Token {
  type: 'bullet_list_open',
  tag: 'ul',
  attrs: null,
  map: [ 19, 22 ],
  nesting: 1,
  level: 2,
  children: null,
  content: '',
  markup: '-',
  info: '',
  meta: null,
  block: true,
  hidden: false
}
Token {
  type: 'list_item_open',
  tag: 'li',
  attrs: null,
  map: [ 19, 20 ],
  nesting: 1,
  level: 3,
  children: null,
  content: '',
  markup: '-',
  info: '',
  meta: null,
  block: true,
  hidden: false
}
Token {
  type: 'paragraph_open',
  tag: 'p',
  attrs: null,
  map: [ 19, 20 ],
  nesting: 1,
  level: 4,
  children: null,
  content: '',
  markup: '',
  info: '',
  meta: null,
  block: true,
  hidden: true
}
Token {
  type: 'inline',
  tag: '',
  attrs: null,
  map: [ 19, 20 ],
  nesting: 0,
  level: 5,
  children: [
    Token {
      type: 'text',
      tag: '',
      attrs: null,
      map: null,
      nesting: 0,
      level: 0,
      children: null,
      content: 'CPU：',
      markup: '',
      info: '',
      meta: null,
      block: false,
      hidden: false
    },
    Token {
      type: 'code_inline',
      tag: 'code',
      attrs: null,
      map: null,
      nesting: 0,
      level: 0,
      children: null,
      content: 'AMD APEC 7302',
      markup: '`',
      info: '',
      meta: null,
      block: false,
      hidden: false
    },
    Token {
      type: 'text',
      tag: '',
      attrs: null,
      map: null,
      nesting: 0,
      level: 0,
      children: null,
      content: ' * 2',
      markup: '',
      info: '',
      meta: null,
      block: false,
      hidden: false
    }
  ],
  content: 'CPU：`AMD APEC 7302` \\* 2',
  markup: '',
  info: '',
  meta: null,
  block: true,
  hidden: false
}
Token {
  type: 'paragraph_close',
  tag: 'p',
  attrs: null,
  map: null,
  nesting: -1,
  level: 4,
  children: null,
  content: '',
  markup: '',
  info: '',
  meta: null,
  block: true,
  hidden: true
}
Token {
  type: 'list_item_close',
  tag: 'li',
  attrs: null,
  map: null,
  nesting: -1,
  level: 3,
  children: null,
  content: '',
  markup: '-',
  info: '',
  meta: null,
  block: true,
  hidden: false
}
Token {
  type: 'list_item_open',
  tag: 'li',
  attrs: null,
  map: [ 20, 21 ],
  nesting: 1,
  level: 3,
  children: null,
  content: '',
  markup: '-',
  info: '',
  meta: null,
  block: true,
  hidden: false
}
Token {
  type: 'paragraph_open',
  tag: 'p',
  attrs: null,
  map: [ 20, 21 ],
  nesting: 1,
  level: 4,
  children: null,
  content: '',
  markup: '',
  info: '',
  meta: null,
  block: true,
  hidden: true
}
Token {
  type: 'inline',
  tag: '',
  attrs: null,
  map: [ 20, 21 ],
  nesting: 0,
  level: 5,
  children: [
    Token {
      type: 'text',
      tag: '',
      attrs: null,
      map: null,
      nesting: 0,
      level: 0,
      children: null,
      content: '固态：长江存储 ',
      markup: '',
      info: '',
      meta: null,
      block: false,
      hidden: false
    },
    Token {
      type: 'code_inline',
      tag: 'code',
      attrs: null,
      map: null,
      nesting: 0,
      level: 0,
      children: null,
      content: 'pcie 4.0',
      markup: '`',
      info: '',
      meta: null,
      block: false,
      hidden: false
    },
    Token {
      type: 'text',
      tag: '',
      attrs: null,
      map: null,
      nesting: 0,
      level: 0,
      children: null,
      content: '，容量为 ',
      markup: '',
      info: '',
      meta: null,
      block: false,
      hidden: false
    },
    Token {
      type: 'code_inline',
      tag: 'code',
      attrs: null,
      map: null,
      nesting: 0,
      level: 0,
      children: null,
      content: '2TiB',
      markup: '`',
      info: '',
      meta: null,
      block: false,
      hidden: false
    }
  ],
  content: '固态：长江存储 `pcie 4.0`，容量为 `2TiB`',
  markup: '',
  info: '',
  meta: null,
  block: true,
  hidden: false
}
Token {
  type: 'paragraph_close',
  tag: 'p',
  attrs: null,
  map: null,
  nesting: -1,
  level: 4,
  children: null,
  content: '',
  markup: '',
  info: '',
  meta: null,
  block: true,
  hidden: true
}
Token {
  type: 'list_item_close',
  tag: 'li',
  attrs: null,
  map: null,
  nesting: -1,
  level: 3,
  children: null,
  content: '',
  markup: '-',
  info: '',
  meta: null,
  block: true,
  hidden: false
}
Token {
  type: 'list_item_open',
  tag: 'li',
  attrs: null,
  map: [ 21, 22 ],
  nesting: 1,
  level: 3,
  children: null,
  content: '',
  markup: '-',
  info: '',
  meta: null,
  block: true,
  hidden: false
}
Token {
  type: 'paragraph_open',
  tag: 'p',
  attrs: null,
  map: [ 21, 22 ],
  nesting: 1,
  level: 4,
  children: null,
  content: '',
  markup: '',
  info: '',
  meta: null,
  block: true,
  hidden: true
}
Token {
  type: 'inline',
  tag: '',
  attrs: null,
  map: [ 21, 22 ],
  nesting: 0,
  level: 5,
  children: [
    Token {
      type: 'text',
      tag: '',
      attrs: null,
      map: null,
      nesting: 0,
      level: 0,
      children: null,
      content: '内存：',
      markup: '',
      info: '',
      meta: null,
      block: false,
      hidden: false
    },
    Token {
      type: 'code_inline',
      tag: 'code',
      attrs: null,
      map: null,
      nesting: 0,
      level: 0,
      children: null,
      content: '128GiB DDR3 ECC',
      markup: '`',
      info: '',
      meta: null,
      block: false,
      hidden: false
    },
    Token {
      type: 'text',
      tag: '',
      attrs: null,
      map: null,
      nesting: 0,
      level: 0,
      children: null,
      content: ' 内存',
      markup: '',
      info: '',
      meta: null,
      block: false,
      hidden: false
    }
  ],
  content: '内存：`128GiB DDR3 ECC` 内存',
  markup: '',
  info: '',
  meta: null,
  block: true,
  hidden: false
}
Token {
  type: 'paragraph_close',
  tag: 'p',
  attrs: null,
  map: null,
  nesting: -1,
  level: 4,
  children: null,
  content: '',
  markup: '',
  info: '',
  meta: null,
  block: true,
  hidden: true
}
Token {
  type: 'list_item_close',
  tag: 'li',
  attrs: null,
  map: null,
  nesting: -1,
  level: 3,
  children: null,
  content: '',
  markup: '-',
  info: '',
  meta: null,
  block: true,
  hidden: false
}
Token {
  type: 'bullet_list_close',
  tag: 'ul',
  attrs: null,
  map: null,
  nesting: -1,
  level: 2,
  children: null,
  content: '',
  markup: '-',
  info: '',
  meta: null,
  block: true,
  hidden: false
}
Token {
  type: 'list_item_close',
  tag: 'li',
  attrs: null,
  map: null,
  nesting: -1,
  level: 1,
  children: null,
  content: '',
  markup: '-',
  info: '',
  meta: null,
  block: true,
  hidden: false
}
Token {
  type: 'list_item_open',
  tag: 'li',
  attrs: null,
  map: [ 22, 24 ],
  nesting: 1,
  level: 1,
  children: null,
  content: '',
  markup: '-',
  info: '',
  meta: null,
  block: true,
  hidden: false
}
Token {
  type: 'paragraph_open',
  tag: 'p',
  attrs: null,
  map: [ 22, 23 ],
  nesting: 1,
  level: 2,
  children: null,
  content: '',
  markup: '',
  info: '',
  meta: null,
  block: true,
  hidden: true
}
Token {
  type: 'inline',
  tag: '',
  attrs: null,
  map: [ 22, 23 ],
  nesting: 0,
  level: 3,
  children: [
    Token {
      type: 'code_inline',
      tag: 'code',
      attrs: null,
      map: null,
      nesting: 0,
      level: 0,
      children: null,
      content: 'Mysql',
      markup: '`',
      info: '',
      meta: null,
      block: false,
      hidden: false
    },
    Token {
      type: 'text',
      tag: '',
      attrs: null,
      map: null,
      nesting: 0,
      level: 0,
      children: null,
      content: ' 版本为 ',
      markup: '',
      info: '',
      meta: null,
      block: false,
      hidden: false
    },
    Token {
      type: 'code_inline',
      tag: 'code',
      attrs: null,
      map: null,
      nesting: 0,
      level: 0,
      children: null,
      content: '9.0.0',
      markup: '`',
      info: '',
      meta: null,
      block: false,
      hidden: false
    }
  ],
  content: '`Mysql` 版本为 `9.0.0`',
  markup: '',
  info: '',
  meta: null,
  block: true,
  hidden: false
}
Token {
  type: 'paragraph_close',
  tag: 'p',
  attrs: null,
  map: null,
  nesting: -1,
  level: 2,
  children: null,
  content: '',
  markup: '',
  info: '',
  meta: null,
  block: true,
  hidden: true
}
Token {
  type: 'list_item_close',
  tag: 'li',
  attrs: null,
  map: null,
  nesting: -1,
  level: 1,
  children: null,
  content: '',
  markup: '-',
  info: '',
  meta: null,
  block: true,
  hidden: false
}
Token {
  type: 'bullet_list_close',
  tag: 'ul',
  attrs: null,
  map: null,
  nesting: -1,
  level: 0,
  children: null,
  content: '',
  markup: '-',
  info: '',
  meta: null,
  block: true,
  hidden: false
}
Token {
  type: 'hr',
  tag: 'hr',
  attrs: null,
  map: [ 24, 25 ],
  nesting: 0,
  level: 0,
  children: null,
  content: '',
  markup: '---',
  info: '',
  meta: null,
  block: true,
  hidden: false
}
Token {
  type: 'bullet_list_open',
  tag: 'ul',
  attrs: null,
  map: [ 26, 29 ],
  nesting: 1,
  level: 0,
  children: null,
  content: '',
  markup: '-',
  info: '',
  meta: null,
  block: true,
  hidden: false
}
Token {
  type: 'list_item_open',
  tag: 'li',
  attrs: null,
  map: [ 26, 27 ],
  nesting: 1,
  level: 1,
  children: null,
  content: '',
  markup: '-',
  info: '',
  meta: null,
  block: true,
  hidden: false
}
Token {
  type: 'paragraph_open',
  tag: 'p',
  attrs: null,
  map: [ 26, 27 ],
  nesting: 1,
  level: 2,
  children: null,
  content: '',
  markup: '',
  info: '',
  meta: null,
  block: true,
  hidden: true
}
Token {
  type: 'inline',
  tag: '',
  attrs: null,
  map: [ 26, 27 ],
  nesting: 0,
  level: 3,
  children: [
    Token {
      type: 'text',
      tag: '',
      attrs: null,
      map: null,
      nesting: 0,
      level: 0,
      children: null,
      content: '',
      markup: '',
      info: '',
      meta: null,
      block: false,
      hidden: false
    },
    Token {
      type: 'strong_open',
      tag: 'strong',
      attrs: null,
      map: null,
      nesting: 1,
      level: 0,
      children: null,
      content: '',
      markup: '**',
      info: '',
      meta: null,
      block: false,
      hidden: false
    },
    Token {
      type: 'text',
      tag: '',
      attrs: null,
      map: null,
      nesting: 0,
      level: 1,
      children: null,
      content: '此文档的目的在于编译、调试 ',
      markup: '',
      info: '',
      meta: null,
      block: false,
      hidden: false
    },
    Token {
      type: 'code_inline',
      tag: 'code',
      attrs: null,
      map: null,
      nesting: 0,
      level: 1,
      children: null,
      content: 'mysql',
      markup: '`',
      info: '',
      meta: null,
      block: false,
      hidden: false
    },
    Token {
      type: 'text',
      tag: '',
      attrs: null,
      map: null,
      nesting: 0,
      level: 1,
      children: null,
      content: ' 源码，并非部署可用服务',
      markup: '',
      info: '',
      meta: null,
      block: false,
      hidden: false
    },
    Token {
      type: 'strong_close',
      tag: 'strong',
      attrs: null,
      map: null,
      nesting: -1,
      level: 0,
      children: null,
      content: '',
      markup: '**',
      info: '',
      meta: null,
      block: false,
      hidden: false
    },
    Token {
      type: 'text',
      tag: '',
      attrs: null,
      map: null,
      nesting: 0,
      level: 0,
      children: null,
      content: '',
      markup: '',
      info: '',
      meta: null,
      block: false,
      hidden: false
    }
  ],
  content: '**此文档的目的在于编译、调试 `mysql` 源码，并非部署可用服务**',
  markup: '',
  info: '',
  meta: null,
  block: true,
  hidden: false
}
Token {
  type: 'paragraph_close',
  tag: 'p',
  attrs: null,
  map: null,
  nesting: -1,
  level: 2,
  children: null,
  content: '',
  markup: '',
  info: '',
  meta: null,
  block: true,
  hidden: true
}
Token {
  type: 'list_item_close',
  tag: 'li',
  attrs: null,
  map: null,
  nesting: -1,
  level: 1,
  children: null,
  content: '',
  markup: '-',
  info: '',
  meta: null,
  block: true,
  hidden: false
}
Token {
  type: 'list_item_open',
  tag: 'li',
  attrs: null,
  map: [ 27, 29 ],
  nesting: 1,
  level: 1,
  children: null,
  content: '',
  markup: '-',
  info: '',
  meta: null,
  block: true,
  hidden: false
}
Token {
  type: 'paragraph_open',
  tag: 'p',
  attrs: null,
  map: [ 27, 28 ],
  nesting: 1,
  level: 2,
  children: null,
  content: '',
  markup: '',
  info: '',
  meta: null,
  block: true,
  hidden: true
}
Token {
  type: 'inline',
  tag: '',
  attrs: null,
  map: [ 27, 28 ],
  nesting: 0,
  level: 3,
  children: [
    Token {
      type: 'text',
      tag: '',
      attrs: null,
      map: null,
      nesting: 0,
      level: 0,
      children: null,
      content: '整体安装过程平滑，没有明显的依赖缺失、冲突等。',
      markup: '',
      info: '',
      meta: null,
      block: false,
      hidden: false
    }
  ],
  content: '整体安装过程平滑，没有明显的依赖缺失、冲突等。',
  markup: '',
  info: '',
  meta: null,
  block: true,
  hidden: false
}
Token {
  type: 'paragraph_close',
  tag: 'p',
  attrs: null,
  map: null,
  nesting: -1,
  level: 2,
  children: null,
  content: '',
  markup: '',
  info: '',
  meta: null,
  block: true,
  hidden: true
}
Token {
  type: 'list_item_close',
  tag: 'li',
  attrs: null,
  map: null,
  nesting: -1,
  level: 1,
  children: null,
  content: '',
  markup: '-',
  info: '',
  meta: null,
  block: true,
  hidden: false
}
Token {
  type: 'bullet_list_close',
  tag: 'ul',
  attrs: null,
  map: null,
  nesting: -1,
  level: 0,
  children: null,
  content: '',
  markup: '-',
  info: '',
  meta: null,
  block: true,
  hidden: false
}
Token {
  type: 'heading_open',
  tag: 'h2',
  attrs: null,
  map: [ 29, 30 ],
  nesting: 1,
  level: 0,
  children: null,
  content: '',
  markup: '##',
  info: '',
  meta: null,
  block: true,
  hidden: false
}
Token {
  type: 'inline',
  tag: '',
  attrs: null,
  map: [ 29, 30 ],
  nesting: 0,
  level: 1,
  children: [
    Token {
      type: 'text',
      tag: '',
      attrs: null,
      map: null,
      nesting: 0,
      level: 0,
      children: null,
      content: '2. 构建流程',
      markup: '',
      info: '',
      meta: null,
      block: false,
      hidden: false
    }
  ],
  content: '2. 构建流程',
  markup: '',
  info: '',
  meta: null,
  block: true,
  hidden: false
}
Token {
  type: 'heading_close',
  tag: 'h2',
  attrs: null,
  map: null,
  nesting: -1,
  level: 0,
  children: null,
  content: '',
  markup: '##',
  info: '',
  meta: null,
  block: true,
  hidden: false
}
Token {
  type: 'heading_open',
  tag: 'h3',
  attrs: null,
  map: [ 31, 32 ],
  nesting: 1,
  level: 0,
  children: null,
  content: '',
  markup: '###',
  info: '',
  meta: null,
  block: true,
  hidden: false
}
Token {
  type: 'inline',
  tag: '',
  attrs: null,
  map: [ 31, 32 ],
  nesting: 0,
  level: 1,
  children: [
    Token {
      type: 'text',
      tag: '',
      attrs: null,
      map: null,
      nesting: 0,
      level: 0,
      children: null,
      content: '2.1 ',
      markup: '',
      info: '',
      meta: null,
      block: false,
      hidden: false
    },
    Token {
      type: 'code_inline',
      tag: 'code',
      attrs: null,
      map: null,
      nesting: 0,
      level: 0,
      children: null,
      content: 'git clone',
      markup: '`',
      info: '',
      meta: null,
      block: false,
      hidden: false
    }
  ],
  content: '2.1 `git clone`',
  markup: '',
  info: '',
  meta: null,
  block: true,
  hidden: false
}
Token {
  type: 'heading_close',
  tag: 'h3',
  attrs: null,
  map: null,
  nesting: -1,
  level: 0,
  children: null,
  content: '',
  markup: '###',
  info: '',
  meta: null,
  block: true,
  hidden: false
}
Token {
  type: 'fence',
  tag: 'code',
  attrs: null,
  map: [ 33, 40 ],
  nesting: 0,
  level: 0,
  children: null,
  content: '# clone\n' +
    'git clone git@github.com:mysql/mysql-server.git\n' +
    '\n' +
    '# cd to dir\n' +
    'cd mysql-server\n',
  markup: '```',
  info: 'sh',
  meta: null,
  block: true,
  hidden: false
}
Token {
  type: 'bullet_list_open',
  tag: 'ul',
  attrs: null,
  map: [ 41, 43 ],
  nesting: 1,
  level: 0,
  children: null,
  content: '',
  markup: '-',
  info: '',
  meta: null,
  block: true,
  hidden: false
}
Token {
  type: 'list_item_open',
  tag: 'li',
  attrs: null,
  map: [ 41, 43 ],
  nesting: 1,
  level: 1,
  children: null,
  content: '',
  markup: '-',
  info: '',
  meta: null,
  block: true,
  hidden: false
}
Token {
  type: 'paragraph_open',
  tag: 'p',
  attrs: null,
  map: [ 41, 42 ],
  nesting: 1,
  level: 2,
  children: null,
  content: '',
  markup: '',
  info: '',
  meta: null,
  block: true,
  hidden: true
}
Token {
  type: 'inline',
  tag: '',
  attrs: null,
  map: [ 41, 42 ],
  nesting: 0,
  level: 3,
  children: [
    Token {
      type: 'text',
      tag: '',
      attrs: null,
      map: null,
      nesting: 0,
      level: 0,
      children: null,
      content: '查看当前版本：',
      markup: '',
      info: '',
      meta: null,
      block: false,
      hidden: false
    }
  ],
  content: '查看当前版本：',
  markup: '',
  info: '',
  meta: null,
  block: true,
  hidden: false
}
Token {
  type: 'paragraph_close',
  tag: 'p',
  attrs: null,
  map: null,
  nesting: -1,
  level: 2,
  children: null,
  content: '',
  markup: '',
  info: '',
  meta: null,
  block: true,
  hidden: true
}
Token {
  type: 'list_item_close',
  tag: 'li',
  attrs: null,
  map: null,
  nesting: -1,
  level: 1,
  children: null,
  content: '',
  markup: '-',
  info: '',
  meta: null,
  block: true,
  hidden: false
}
Token {
  type: 'bullet_list_close',
  tag: 'ul',
  attrs: null,
  map: null,
  nesting: -1,
  level: 0,
  children: null,
  content: '',
  markup: '-',
  info: '',
  meta: null,
  block: true,
  hidden: false
}
Token {
  type: 'fence',
  tag: 'code',
  attrs: null,
  map: [ 43, 51 ],
  nesting: 0,
  level: 0,
  children: null,
  content: '# cat ./MYSQL_VERSION\n' +
    'MYSQL_VERSION_MAJOR=9\n' +
    'MYSQL_VERSION_MINOR=0\n' +
    'MYSQL_VERSION_PATCH=0\n' +
    'MYSQL_VERSION_EXTRA=\n' +
    'MYSQL_VERSION_MATURITY="INNOVATION"\n',
  markup: '```',
  info: 'sh',
  meta: null,
  block: true,
  hidden: false
}
Token {
  type: 'heading_open',
  tag: 'h3',
  attrs: null,
  map: [ 52, 53 ],
  nesting: 1,
  level: 0,
  children: null,
  content: '',
  markup: '###',
  info: '',
  meta: null,
  block: true,
  hidden: false
}
Token {
  type: 'inline',
  tag: '',
  attrs: null,
  map: [ 52, 53 ],
  nesting: 0,
  level: 1,
  children: [
    Token {
      type: 'text',
      tag: '',
      attrs: null,
      map: null,
      nesting: 0,
      level: 0,
      children: null,
      content: '2.2 安装必要依赖',
      markup: '',
      info: '',
      meta: null,
      block: false,
      hidden: false
    }
  ],
  content: '2.2 安装必要依赖',
  markup: '',
  info: '',
  meta: null,
  block: true,
  hidden: false
}
Token {
  type: 'heading_close',
  tag: 'h3',
  attrs: null,
  map: null,
  nesting: -1,
  level: 0,
  children: null,
  content: '',
  markup: '###',
  info: '',
  meta: null,
  block: true,
  hidden: false
}
Token {
  type: 'bullet_list_open',
  tag: 'ul',
  attrs: null,
  map: [ 54, 56 ],
  nesting: 1,
  level: 0,
  children: null,
  content: '',
  markup: '-',
  info: '',
  meta: null,
  block: true,
  hidden: false
}
Token {
  type: 'list_item_open',
  tag: 'li',
  attrs: null,
  map: [ 54, 56 ],
  nesting: 1,
  level: 1,
  children: null,
  content: '',
  markup: '-',
  info: '',
  meta: null,
  block: true,
  hidden: false
}
Token {
  type: 'paragraph_open',
  tag: 'p',
  attrs: null,
  map: [ 54, 55 ],
  nesting: 1,
  level: 2,
  children: null,
  content: '',
  markup: '',
  info: '',
  meta: null,
  block: true,
  hidden: true
}
Token {
  type: 'inline',
  tag: '',
  attrs: null,
  map: [ 54, 55 ],
  nesting: 0,
  level: 3,
  children: [
    Token {
      type: 'text',
      tag: '',
      attrs: null,
      map: null,
      nesting: 0,
      level: 0,
      children: null,
      content: '升级 ',
      markup: '',
      info: '',
      meta: null,
      block: false,
      hidden: false
    },
    Token {
      type: 'code_inline',
      tag: 'code',
      attrs: null,
      map: null,
      nesting: 0,
      level: 0,
      children: null,
      content: 'apt',
      markup: '`',
      info: '',
      meta: null,
      block: false,
      hidden: false
    },
    Token {
      type: 'text',
      tag: '',
      attrs: null,
      map: null,
      nesting: 0,
      level: 0,
      children: null,
      content: ' 包，并安装必要依赖',
      markup: '',
      info: '',
      meta: null,
      block: false,
      hidden: false
    }
  ],
  content: '升级 `apt` 包，并安装必要依赖',
  markup: '',
  info: '',
  meta: null,
  block: true,
  hidden: false
}
Token {
  type: 'paragraph_close',
  tag: 'p',
  attrs: null,
  map: null,
  nesting: -1,
  level: 2,
  children: null,
  content: '',
  markup: '',
  info: '',
  meta: null,
  block: true,
  hidden: true
}
Token {
  type: 'list_item_close',
  tag: 'li',
  attrs: null,
  map: null,
  nesting: -1,
  level: 1,
  children: null,
  content: '',
  markup: '-',
  info: '',
  meta: null,
  block: true,
  hidden: false
}
Token {
  type: 'bullet_list_close',
  tag: 'ul',
  attrs: null,
  map: null,
  nesting: -1,
  level: 0,
  children: null,
  content: '',
  markup: '-',
  info: '',
  meta: null,
  block: true,
  hidden: false
}
Token {
  type: 'fence',
  tag: 'code',
  attrs: null,
  map: [ 56, 62 ],
  nesting: 0,
  level: 0,
  children: null,
  content: 'sudo apt update\n' +
    '&& sudo apt install -y gcc g++ cmake pkg-config \\\n' +
    '   libssl1.1 libssl-dev \\\n' +
    '   libncurses5-dev libncursesw5-dev\n',
  markup: '```',
  info: 'sh',
  meta: null,
  block: true,
  hidden: false
}
Token {
  type: 'heading_open',
  tag: 'h3',
  attrs: null,
  map: [ 63, 64 ],
  nesting: 1,
  level: 0,
  children: null,
  content: '',
  markup: '###',
  info: '',
  meta: null,
  block: true,
  hidden: false
}
Token {
  type: 'inline',
  tag: '',
  attrs: null,
  map: [ 63, 64 ],
  nesting: 0,
  level: 1,
  children: [
    Token {
      type: 'text',
      tag: '',
      attrs: null,
      map: null,
      nesting: 0,
      level: 0,
      children: null,
      content: '2.3 编写 ',
      markup: '',
      info: '',
      meta: null,
      block: false,
      hidden: false
    },
    Token {
      type: 'code_inline',
      tag: 'code',
      attrs: null,
      map: null,
      nesting: 0,
      level: 0,
      children: null,
      content: 'cmake',
      markup: '`',
      info: '',
      meta: null,
      block: false,
      hidden: false
    },
    Token {
      type: 'text',
      tag: '',
      attrs: null,
      map: null,
      nesting: 0,
      level: 0,
      children: null,
      content: ' 脚本',
      markup: '',
      info: '',
      meta: null,
      block: false,
      hidden: false
    }
  ],
  content: '2.3 编写 `cmake` 脚本',
  markup: '',
  info: '',
  meta: null,
  block: true,
  hidden: false
}
Token {
  type: 'heading_close',
  tag: 'h3',
  attrs: null,
  map: null,
  nesting: -1,
  level: 0,
  children: null,
  content: '',
  markup: '###',
  info: '',
  meta: null,
  block: true,
  hidden: false
}
Token {
  type: 'bullet_list_open',
  tag: 'ul',
  attrs: null,
  map: [ 65, 67 ],
  nesting: 1,
  level: 0,
  children: null,
  content: '',
  markup: '-',
  info: '',
  meta: null,
  block: true,
  hidden: false
}
Token {
  type: 'list_item_open',
  tag: 'li',
  attrs: null,
  map: [ 65, 67 ],
  nesting: 1,
  level: 1,
  children: null,
  content: '',
  markup: '-',
  info: '',
  meta: null,
  block: true,
  hidden: false
}
Token {
  type: 'paragraph_open',
  tag: 'p',
  attrs: null,
  map: [ 65, 66 ],
  nesting: 1,
  level: 2,
  children: null,
  content: '',
  markup: '',
  info: '',
  meta: null,
  block: true,
  hidden: true
}
Token {
  type: 'inline',
  tag: '',
  attrs: null,
  map: [ 65, 66 ],
  nesting: 0,
  level: 3,
  children: [
    Token {
      type: 'text',
      tag: '',
      attrs: null,
      map: null,
      nesting: 0,
      level: 0,
      children: null,
      content: '首先，在项目一级目录下，创建 ',
      markup: '',
      info: '',
      meta: null,
      block: false,
      hidden: false
    },
    Token {
      type: 'code_inline',
      tag: 'code',
      attrs: null,
      map: null,
      nesting: 0,
      level: 0,
      children: null,
      content: 'build',
      markup: '`',
      info: '',
      meta: null,
      block: false,
      hidden: false
    },
    Token {
      type: 'text',
      tag: '',
      attrs: null,
      map: null,
      nesting: 0,
      level: 0,
      children: null,
      content: ' 目录',
      markup: '',
      info: '',
      meta: null,
      block: false,
      hidden: false
    }
  ],
  content: '首先，在项目一级目录下，创建 `build` 目录',
  markup: '',
  info: '',
  meta: null,
  block: true,
  hidden: false
}
Token {
  type: 'paragraph_close',
  tag: 'p',
  attrs: null,
  map: null,
  nesting: -1,
  level: 2,
  children: null,
  content: '',
  markup: '',
  info: '',
  meta: null,
  block: true,
  hidden: true
}
Token {
  type: 'list_item_close',
  tag: 'li',
  attrs: null,
  map: null,
  nesting: -1,
  level: 1,
  children: null,
  content: '',
  markup: '-',
  info: '',
  meta: null,
  block: true,
  hidden: false
}
Token {
  type: 'bullet_list_close',
  tag: 'ul',
  attrs: null,
  map: null,
  nesting: -1,
  level: 0,
  children: null,
  content: '',
  markup: '-',
  info: '',
  meta: null,
  block: true,
  hidden: false
}
Token {
  type: 'fence',
  tag: 'code',
  attrs: null,
  map: [ 67, 72 ],
  nesting: 0,
  level: 0,
  children: null,
  content: '# mkdir\n\nmkdir build && cd build\n',
  markup: '```',
  info: 'sh',
  meta: null,
  block: true,
  hidden: false
}
Token {
  type: 'bullet_list_open',
  tag: 'ul',
  attrs: null,
  map: [ 73, 75 ],
  nesting: 1,
  level: 0,
  children: null,
  content: '',
  markup: '-',
  info: '',
  meta: null,
  block: true,
  hidden: false
}
Token {
  type: 'list_item_open',
  tag: 'li',
  attrs: null,
  map: [ 73, 75 ],
  nesting: 1,
  level: 1,
  children: null,
  content: '',
  markup: '-',
  info: '',
  meta: null,
  block: true,
  hidden: false
}
Token {
  type: 'paragraph_open',
  tag: 'p',
  attrs: null,
  map: [ 73, 74 ],
  nesting: 1,
  level: 2,
  children: null,
  content: '',
  markup: '',
  info: '',
  meta: null,
  block: true,
  hidden: true
}
Token {
  type: 'inline',
  tag: '',
  attrs: null,
  map: [ 73, 74 ],
  nesting: 0,
  level: 3,
  children: [
    Token {
      type: 'text',
      tag: '',
      attrs: null,
      map: null,
      nesting: 0,
      level: 0,
      children: null,
      content: '在 ',
      markup: '',
      info: '',
      meta: null,
      block: false,
      hidden: false
    },
    Token {
      type: 'code_inline',
      tag: 'code',
      attrs: null,
      map: null,
      nesting: 0,
      level: 0,
      children: null,
      content: 'build',
      markup: '`',
      info: '',
      meta: null,
      block: false,
      hidden: false
    },
    Token {
      type: 'text',
      tag: '',
      attrs: null,
      map: null,
      nesting: 0,
      level: 0,
      children: null,
      content: ' 目录下，创建 ',
      markup: '',
      info: '',
      meta: null,
      block: false,
      hidden: false
    },
    Token {
      type: 'code_inline',
      tag: 'code',
      attrs: null,
      map: null,
      nesting: 0,
      level: 0,
      children: null,
      content: 'cmake_up.sh',
      markup: '`',
      info: '',
      meta: null,
      block: false,
      hidden: false
    },
    Token {
      type: 'text',
      tag: '',
      attrs: null,
      map: null,
      nesting: 0,
      level: 0,
      children: null,
      content: ' 脚本，用以便捷启动 ',
      markup: '',
      info: '',
      meta: null,
      block: false,
      hidden: false
    },
    Token {
      type: 'code_inline',
      tag: 'code',
      attrs: null,
      map: null,
      nesting: 0,
      level: 0,
      children: null,
      content: 'cmake',
      markup: '`',
      info: '',
      meta: null,
      block: false,
      hidden: false
    }
  ],
  content: '在 `build` 目录下，创建 `cmake_up.sh` 脚本，用以便捷启动 `cmake`',
  markup: '',
  info: '',
  meta: null,
  block: true,
  hidden: false
}
Token {
  type: 'paragraph_close',
  tag: 'p',
  attrs: null,
  map: null,
  nesting: -1,
  level: 2,
  children: null,
  content: '',
  markup: '',
  info: '',
  meta: null,
  block: true,
  hidden: true
}
Token {
  type: 'list_item_close',
  tag: 'li',
  attrs: null,
  map: null,
  nesting: -1,
  level: 1,
  children: null,
  content: '',
  markup: '-',
  info: '',
  meta: null,
  block: true,
  hidden: false
}
Token {
  type: 'bullet_list_close',
  tag: 'ul',
  attrs: null,
  map: null,
  nesting: -1,
  level: 0,
  children: null,
  content: '',
  markup: '-',
  info: '',
  meta: null,
  block: true,
  hidden: false
}
Token {
  type: 'fence',
  tag: 'code',
  attrs: null,
  map: [ 75, 140 ],
  nesting: 0,
  level: 0,
  children: null,
  content: '\n' +
    '# @/build/cmake_up.sh\n' +
    '#!/bin/bash\n' +
    '\n' +
    'function cmake_mysql_up {\n' +
    '\t# #指定mysql的安装路径\n' +
    '\t# -DCMAKE_INSTALL_PREFIX=/usr/local/mysql\n' +
    '\n' +
    '\t# #指定mysql进程监听套接字文件（数据库连接文件）的存储路径\n' +
    '\t# -DMYSQL_UNIX_ADDR=/usr/local/mysql/mysql.sock\n' +
    '\n' +
    '\t# #指定配置文件的存储路径\n' +
    '\t# -DSYSCONFDIR=/etc\n' +
    '\n' +
    '\t# #指定进程文件的存储路径\n' +
    '\t# -DSYSTEMD_PID_DIR=/usr/local/mysql\n' +
    '\n' +
    '\t# #指定默认使用的字符集编码，如utf8\n' +
    '\t# -DDEFAULT_CHARSET=utf8\n' +
    '\n' +
    '\t# #指定默认使用的字符集校对规则\n' +
    '\t# -DDEFAULT_COLLATION=utf8_general_ci\n' +
    '\n' +
    '\t# #安装INNOBASE存储引擎\n' +
    '\t# -DWITH_INNOBASE_STORAGE_ENGINE=1\n' +
    '\n' +
    '\t# #安装ARCHIVE存储引擎\n' +
    '\t# -DWITH_ARCHIVE_STORAGE_ENGINE=1\n' +
    '\n' +
    '\t# #安装BLACKHOLE存储引擎\n' +
    '\t# -DWITH_BLACKHOLE_STORAGE_ENGINE=1\n' +
    '\n' +
    '\t# #安装FEDERATED存储引擎\n' +
    '\t# -DWITH_PERFSCHEMA_STORAGE_ENGINE=1\n' +
    '\n' +
    '\t# #指定数据库文件的存储路径\n' +
    '\t# -DMYSQL_DATADIR=/usr/local/mysql/data\n' +
    '\n' +
    '\t# #指定boost的路径，\n' +
    '\t# -DWITH_BOOST=boost\n' +
    '\n' +
    '\t# #生成便于systemctl管理的文件\n' +
    '\t# -DWITH_SYSTEMD=1\n' +
    '\n' +
    '\tsudo cmake .. -DCMAKE_INSTALL_PREFIX=/opt/mysql-source-code/mysql \\\n' +
    '\t\t-DSYSTEMD_PID_DIR=/opt/mysql-source-code/mysql \\\n' +
    '\t\t-DMYSQL_DATADIR=/opt/mysql-source-code/mysql-data \\\n' +
    '\t\t-DWITH_INNOBASE_STORAGE_ENGINE=1 \\\n' +
    '\t\t-DWITH_DEBUG=1 \\\n' +
    '\t\t-DSYSCONFDIR=/opt/mysql-source-code/mysql-config \\\n' +
    '\t\t-DMYSQL_TCP_PORT=3316 \\\n' +
    '\t\t-DWITH_BOOST=/opt/mysql-source-code/boost \\\n' +
    '\t\t-DCMAKE_CXX_COMPILER=/usr/bin/g++ \\\n' +
    '\t\t-DFORCE_INSOURCE_BUILD=0 \\\n' +
    '\t\t-DDOWNLOAD_BOOST=1 \\\n' +
    '\t\t-DHAVE_DTRACE=1 \\\n' +
    '\t\t-DMYSQL_UNIX_ADDR=/opt/mysql-source-code/mysql/mysql.sock \\\n' +
    '\t\t-DWITH_SYSTEMD=0 \\\n' +
    '\t\t-DDEFAULT_CHARSET=utf8 \\\n' +
    '\t\t-DDEFAULT_COLLATION=utf8_general_ci\n' +
    '}\n' +
    '\n' +
    'cmake_mysql_up\n',
  markup: '```',
  info: 'sh',
  meta: null,
  block: true,
  hidden: false
}
Token {
  type: 'bullet_list_open',
  tag: 'ul',
  attrs: null,
  map: [ 141, 143 ],
  nesting: 1,
  level: 0,
  children: null,
  content: '',
  markup: '-',
  info: '',
  meta: null,
  block: true,
  hidden: false
}
Token {
  type: 'list_item_open',
  tag: 'li',
  attrs: null,
  map: [ 141, 143 ],
  nesting: 1,
  level: 1,
  children: null,
  content: '',
  markup: '-',
  info: '',
  meta: null,
  block: true,
  hidden: false
}
Token {
  type: 'paragraph_open',
  tag: 'p',
  attrs: null,
  map: [ 141, 142 ],
  nesting: 1,
  level: 2,
  children: null,
  content: '',
  markup: '',
  info: '',
  meta: null,
  block: true,
  hidden: true
}
Token {
  type: 'inline',
  tag: '',
  attrs: null,
  map: [ 141, 142 ],
  nesting: 0,
  level: 3,
  children: [
    Token {
      type: 'text',
      tag: '',
      attrs: null,
      map: null,
      nesting: 0,
      level: 0,
      children: null,
      content: '该脚本的目的，在于',
      markup: '',
      info: '',
      meta: null,
      block: false,
      hidden: false
    },
    Token {
      type: 'strong_open',
      tag: 'strong',
      attrs: null,
      map: null,
      nesting: 1,
      level: 0,
      children: null,
      content: '',
      markup: '**',
      info: '',
      meta: null,
      block: false,
      hidden: false
    },
    Token {
      type: 'text',
      tag: '',
      attrs: null,
      map: null,
      nesting: 0,
      level: 1,
      children: null,
      content: '有记录地',
      markup: '',
      info: '',
      meta: null,
      block: false,
      hidden: false
    },
    Token {
      type: 'strong_close',
      tag: 'strong',
      attrs: null,
      map: null,
      nesting: -1,
      level: 0,
      children: null,
      content: '',
      markup: '**',
      info: '',
      meta: null,
      block: false,
      hidden: false
    },
    Token {
      type: 'text',
      tag: '',
      attrs: null,
      map: null,
      nesting: 0,
      level: 0,
      children: null,
      content: '启动 ',
      markup: '',
      info: '',
      meta: null,
      block: false,
      hidden: false
    },
    Token {
      type: 'code_inline',
      tag: 'code',
      attrs: null,
      map: null,
      nesting: 0,
      level: 0,
      children: null,
      content: 'cmake',
      markup: '`',
      info: '',
      meta: null,
      block: false,
      hidden: false
    }
  ],
  content: '该脚本的目的，在于**有记录地**启动 `cmake`',
  markup: '',
  info: '',
  meta: null,
  block: true,
  hidden: false
}
Token {
  type: 'paragraph_close',
  tag: 'p',
  attrs: null,
  map: null,
  nesting: -1,
  level: 2,
  children: null,
  content: '',
  markup: '',
  info: '',
  meta: null,
  block: true,
  hidden: true
}
Token {
  type: 'list_item_close',
  tag: 'li',
  attrs: null,
  map: null,
  nesting: -1,
  level: 1,
  children: null,
  content: '',
  markup: '-',
  info: '',
  meta: null,
  block: true,
  hidden: false
}
Token {
  type: 'bullet_list_close',
  tag: 'ul',
  attrs: null,
  map: null,
  nesting: -1,
  level: 0,
  children: null,
  content: '',
  markup: '-',
  info: '',
  meta: null,
  block: true,
  hidden: false
}
Token {
  type: 'heading_open',
  tag: 'h3',
  attrs: null,
  map: [ 143, 144 ],
  nesting: 1,
  level: 0,
  children: null,
  content: '',
  markup: '###',
  info: '',
  meta: null,
  block: true,
  hidden: false
}
Token {
  type: 'inline',
  tag: '',
  attrs: null,
  map: [ 143, 144 ],
  nesting: 0,
  level: 1,
  children: [
    Token {
      type: 'text',
      tag: '',
      attrs: null,
      map: null,
      nesting: 0,
      level: 0,
      children: null,
      content: '2.4 通过 ',
      markup: '',
      info: '',
      meta: null,
      block: false,
      hidden: false
    },
    Token {
      type: 'code_inline',
      tag: 'code',
      attrs: null,
      map: null,
      nesting: 0,
      level: 0,
      children: null,
      content: 'cmake',
      markup: '`',
      info: '',
      meta: null,
      block: false,
      hidden: false
    },
    Token {
      type: 'text',
      tag: '',
      attrs: null,
      map: null,
      nesting: 0,
      level: 0,
      children: null,
      content: ' 构建 ',
      markup: '',
      info: '',
      meta: null,
      block: false,
      hidden: false
    },
    Token {
      type: 'code_inline',
      tag: 'code',
      attrs: null,
      map: null,
      nesting: 0,
      level: 0,
      children: null,
      content: 'makefile',
      markup: '`',
      info: '',
      meta: null,
      block: false,
      hidden: false
    }
  ],
  content: '2.4 通过 `cmake` 构建 `makefile`',
  markup: '',
  info: '',
  meta: null,
  block: true,
  hidden: false
}
Token {
  type: 'heading_close',
  tag: 'h3',
  attrs: null,
  map: null,
  nesting: -1,
  level: 0,
  children: null,
  content: '',
  markup: '###',
  info: '',
  meta: null,
  block: true,
  hidden: false
}
Token {
  type: 'bullet_list_open',
  tag: 'ul',
  attrs: null,
  map: [ 145, 147 ],
  nesting: 1,
  level: 0,
  children: null,
  content: '',
  markup: '-',
  info: '',
  meta: null,
  block: true,
  hidden: false
}
Token {
  type: 'list_item_open',
  tag: 'li',
  attrs: null,
  map: [ 145, 147 ],
  nesting: 1,
  level: 1,
  children: null,
  content: '',
  markup: '-',
  info: '',
  meta: null,
  block: true,
  hidden: false
}
Token {
  type: 'paragraph_open',
  tag: 'p',
  attrs: null,
  map: [ 145, 146 ],
  nesting: 1,
  level: 2,
  children: null,
  content: '',
  markup: '',
  info: '',
  meta: null,
  block: true,
  hidden: true
}
Token {
  type: 'inline',
  tag: '',
  attrs: null,
  map: [ 145, 146 ],
  nesting: 0,
  level: 3,
  children: [
    Token {
      type: 'text',
      tag: '',
      attrs: null,
      map: null,
      nesting: 0,
      level: 0,
      children: null,
      content: '执行 ',
      markup: '',
      info: '',
      meta: null,
      block: false,
      hidden: false
    },
    Token {
      type: 'code_inline',
      tag: 'code',
      attrs: null,
      map: null,
      nesting: 0,
      level: 0,
      children: null,
      content: 'build/cmake_up.sh',
      markup: '`',
      info: '',
      meta: null,
      block: false,
      hidden: false
    },
    Token {
      type: 'text',
      tag: '',
      attrs: null,
      map: null,
      nesting: 0,
      level: 0,
      children: null,
      content: ' 即可',
      markup: '',
      info: '',
      meta: null,
      block: false,
      hidden: false
    }
  ],
  content: '执行 `build/cmake_up.sh` 即可',
  markup: '',
  info: '',
  meta: null,
  block: true,
  hidden: false
}
Token {
  type: 'paragraph_close',
  tag: 'p',
  attrs: null,
  map: null,
  nesting: -1,
  level: 2,
  children: null,
  content: '',
  markup: '',
  info: '',
  meta: null,
  block: true,
  hidden: true
}
Token {
  type: 'list_item_close',
  tag: 'li',
  attrs: null,
  map: null,
  nesting: -1,
  level: 1,
  children: null,
  content: '',
  markup: '-',
  info: '',
  meta: null,
  block: true,
  hidden: false
}
Token {
  type: 'bullet_list_close',
  tag: 'ul',
  attrs: null,
  map: null,
  nesting: -1,
  level: 0,
  children: null,
  content: '',
  markup: '-',
  info: '',
  meta: null,
  block: true,
  hidden: false
}
Token {
  type: 'fence',
  tag: 'code',
  attrs: null,
  map: [ 147, 150 ],
  nesting: 0,
  level: 0,
  children: null,
  content: 'sudo bash ./cmake_up.sh\n',
  markup: '```',
  info: 'sh',
  meta: null,
  block: true,
  hidden: false
}
Token {
  type: 'bullet_list_open',
  tag: 'ul',
  attrs: null,
  map: [ 151, 154 ],
  nesting: 1,
  level: 0,
  children: null,
  content: '',
  markup: '-',
  info: '',
  meta: null,
  block: true,
  hidden: false
}
Token {
  type: 'list_item_open',
  tag: 'li',
  attrs: null,
  map: [ 151, 152 ],
  nesting: 1,
  level: 1,
  children: null,
  content: '',
  markup: '-',
  info: '',
  meta: null,
  block: true,
  hidden: false
}
Token {
  type: 'paragraph_open',
  tag: 'p',
  attrs: null,
  map: [ 151, 152 ],
  nesting: 1,
  level: 2,
  children: null,
  content: '',
  markup: '',
  info: '',
  meta: null,
  block: true,
  hidden: true
}
Token {
  type: 'inline',
  tag: '',
  attrs: null,
  map: [ 151, 152 ],
  nesting: 0,
  level: 3,
  children: [
    Token {
      type: 'text',
      tag: '',
      attrs: null,
      map: null,
      nesting: 0,
      level: 0,
      children: null,
      content: '这一步目的在于，构建出必要的 ',
      markup: '',
      info: '',
      meta: null,
      block: false,
      hidden: false
    },
    Token {
      type: 'code_inline',
      tag: 'code',
      attrs: null,
      map: null,
      nesting: 0,
      level: 0,
      children: null,
      content: 'makefile',
      markup: '`',
      info: '',
      meta: null,
      block: false,
      hidden: false
    },
    Token {
      type: 'text',
      tag: '',
      attrs: null,
      map: null,
      nesting: 0,
      level: 0,
      children: null,
      content: '，只是起到中间桥梁的作用，并非真正执行编译。',
      markup: '',
      info: '',
      meta: null,
      block: false,
      hidden: false
    }
  ],
  content: '这一步目的在于，构建出必要的 `makefile`，只是起到中间桥梁的作用，并非真正执行编译。',
  markup: '',
  info: '',
  meta: null,
  block: true,
  hidden: false
}
Token {
  type: 'paragraph_close',
  tag: 'p',
  attrs: null,
  map: null,
  nesting: -1,
  level: 2,
  children: null,
  content: '',
  markup: '',
  info: '',
  meta: null,
  block: true,
  hidden: true
}
Token {
  type: 'list_item_close',
  tag: 'li',
  attrs: null,
  map: null,
  nesting: -1,
  level: 1,
  children: null,
  content: '',
  markup: '-',
  info: '',
  meta: null,
  block: true,
  hidden: false
}
Token {
  type: 'list_item_open',
  tag: 'li',
  attrs: null,
  map: [ 152, 154 ],
  nesting: 1,
  level: 1,
  children: null,
  content: '',
  markup: '-',
  info: '',
  meta: null,
  block: true,
  hidden: false
}
Token {
  type: 'paragraph_open',
  tag: 'p',
  attrs: null,
  map: [ 152, 153 ],
  nesting: 1,
  level: 2,
  children: null,
  content: '',
  markup: '',
  info: '',
  meta: null,
  block: true,
  hidden: true
}
Token {
  type: 'inline',
  tag: '',
  attrs: null,
  map: [ 152, 153 ],
  nesting: 0,
  level: 3,
  children: [
    Token {
      type: 'text',
      tag: '',
      attrs: null,
      map: null,
      nesting: 0,
      level: 0,
      children: null,
      content: '此步骤耗时大约 1 分钟左右。',
      markup: '',
      info: '',
      meta: null,
      block: false,
      hidden: false
    }
  ],
  content: '此步骤耗时大约 1 分钟左右。',
  markup: '',
  info: '',
  meta: null,
  block: true,
  hidden: false
}
Token {
  type: 'paragraph_close',
  tag: 'p',
  attrs: null,
  map: null,
  nesting: -1,
  level: 2,
  children: null,
  content: '',
  markup: '',
  info: '',
  meta: null,
  block: true,
  hidden: true
}
Token {
  type: 'list_item_close',
  tag: 'li',
  attrs: null,
  map: null,
  nesting: -1,
  level: 1,
  children: null,
  content: '',
  markup: '-',
  info: '',
  meta: null,
  block: true,
  hidden: false
}
Token {
  type: 'bullet_list_close',
  tag: 'ul',
  attrs: null,
  map: null,
  nesting: -1,
  level: 0,
  children: null,
  content: '',
  markup: '-',
  info: '',
  meta: null,
  block: true,
  hidden: false
}
Token {
  type: 'heading_open',
  tag: 'h3',
  attrs: null,
  map: [ 154, 155 ],
  nesting: 1,
  level: 0,
  children: null,
  content: '',
  markup: '###',
  info: '',
  meta: null,
  block: true,
  hidden: false
}
Token {
  type: 'inline',
  tag: '',
  attrs: null,
  map: [ 154, 155 ],
  nesting: 0,
  level: 1,
  children: [
    Token {
      type: 'text',
      tag: '',
      attrs: null,
      map: null,
      nesting: 0,
      level: 0,
      children: null,
      content: '2.5 通过 ',
      markup: '',
      info: '',
      meta: null,
      block: false,
      hidden: false
    },
    Token {
      type: 'code_inline',
      tag: 'code',
      attrs: null,
      map: null,
      nesting: 0,
      level: 0,
      children: null,
      content: 'makefile',
      markup: '`',
      info: '',
      meta: null,
      block: false,
      hidden: false
    },
    Token {
      type: 'text',
      tag: '',
      attrs: null,
      map: null,
      nesting: 0,
      level: 0,
      children: null,
      content: ' 构建二进制文件',
      markup: '',
      info: '',
      meta: null,
      block: false,
      hidden: false
    }
  ],
  content: '2.5 通过 `makefile` 构建二进制文件',
  markup: '',
  info: '',
  meta: null,
  block: true,
  hidden: false
}
Token {
  type: 'heading_close',
  tag: 'h3',
  attrs: null,
  map: null,
  nesting: -1,
  level: 0,
  children: null,
  content: '',
  markup: '###',
  info: '',
  meta: null,
  block: true,
  hidden: false
}
Token {
  type: 'bullet_list_open',
  tag: 'ul',
  attrs: null,
  map: [ 156, 158 ],
  nesting: 1,
  level: 0,
  children: null,
  content: '',
  markup: '-',
  info: '',
  meta: null,
  block: true,
  hidden: false
}
Token {
  type: 'list_item_open',
  tag: 'li',
  attrs: null,
  map: [ 156, 158 ],
  nesting: 1,
  level: 1,
  children: null,
  content: '',
  markup: '-',
  info: '',
  meta: null,
  block: true,
  hidden: false
}
Token {
  type: 'paragraph_open',
  tag: 'p',
  attrs: null,
  map: [ 156, 157 ],
  nesting: 1,
  level: 2,
  children: null,
  content: '',
  markup: '',
  info: '',
  meta: null,
  block: true,
  hidden: true
}
Token {
  type: 'inline',
  tag: '',
  attrs: null,
  map: [ 156, 157 ],
  nesting: 0,
  level: 3,
  children: [
    Token {
      type: 'text',
      tag: '',
      attrs: null,
      map: null,
      nesting: 0,
      level: 0,
      children: null,
      content: '现在，可以看到 ',
      markup: '',
      info: '',
      meta: null,
      block: false,
      hidden: false
    },
    Token {
      type: 'code_inline',
      tag: 'code',
      attrs: null,
      map: null,
      nesting: 0,
      level: 0,
      children: null,
      content: 'build',
      markup: '`',
      info: '',
      meta: null,
      block: false,
      hidden: false
    },
    Token {
      type: 'text',
      tag: '',
      attrs: null,
      map: null,
      nesting: 0,
      level: 0,
      children: null,
      content: ' 目录下已经有了一系列文件。',
      markup: '',
      info: '',
      meta: null,
      block: false,
      hidden: false
    }
  ],
  content: '现在，可以看到 `build` 目录下已经有了一系列文件。',
  markup: '',
  info: '',
  meta: null,
  block: true,
  hidden: false
}
Token {
  type: 'paragraph_close',
  tag: 'p',
  attrs: null,
  map: null,
  nesting: -1,
  level: 2,
  children: null,
  content: '',
  markup: '',
  info: '',
  meta: null,
  block: true,
  hidden: true
}
Token {
  type: 'list_item_close',
  tag: 'li',
  attrs: null,
  map: null,
  nesting: -1,
  level: 1,
  children: null,
  content: '',
  markup: '-',
  info: '',
  meta: null,
  block: true,
  hidden: false
}
Token {
  type: 'bullet_list_close',
  tag: 'ul',
  attrs: null,
  map: null,
  nesting: -1,
  level: 0,
  children: null,
  content: '',
  markup: '-',
  info: '',
  meta: null,
  block: true,
  hidden: false
}
Token {
  type: 'fence',
  tag: 'code',
  attrs: null,
  map: [ 158, 217 ],
  nesting: 0,
  level: 0,
  children: null,
  content: '#  pwd && tree . -L 1\n' +
    '# /home/albert/remote-codespace/from-github/db/mysql-server/build\n' +
    '.\n' +
    '├── abi_check.out\n' +
    '├── archive_output_directory\n' +
    '├── bin -> ./runtime_output_directory\n' +
    '├── client\n' +
    '├── CMakeCache.txt\n' +
    '├── CMakeFiles\n' +
    '├── cmake_install.cmake\n' +
    '├── cmake_up.sh\n' +
    '├── components\n' +
    '├── CPackConfig.cmake\n' +
    '├── CPackSourceConfig.cmake\n' +
    '├── CTestTestfile.cmake\n' +
    '├── DartConfiguration.tcl\n' +
    '├── debian\n' +
    '├── Docs\n' +
    '├── extra\n' +
    '├── icudt73l.lnk\n' +
    '├── include\n' +
    '├── info_macros.cmake\n' +
    '├── install_manifest.txt\n' +
    '├── lib -> ./library_output_directory\n' +
    '├── libchangestreams\n' +
    '├── libgmock.a\n' +
    '├── libgmock_main.a\n' +
    '├── libgtest.a\n' +
    '├── libgtest_main.a\n' +
    '├── libmysql\n' +
    '├── library_output_directory\n' +
    '├── libs\n' +
    '├── libservices\n' +
    '├── make_dist.cmake\n' +
    '├── Makefile   # 此文件就是编译依赖的真正管理者\n' +
    '├── man\n' +
    '├── mysql-test\n' +
    '├── mysys\n' +
    '├── packaging\n' +
    '├── plugin\n' +
    '├── plugin_output_directory\n' +
    '├── router\n' +
    '├── runtime_output_directory\n' +
    '├── scripts\n' +
    '├── server_unittest_library_dummy.c\n' +
    '├── share\n' +
    '├── sql\n' +
    '├── sql-common\n' +
    '├── storage\n' +
    '├── strings\n' +
    '├── support-files\n' +
    '├── testclients\n' +
    '├── Testing\n' +
    '├── unittest\n' +
    '├── utilities\n' +
    '├── VERSION.dep\n' +
    '└── vio\n',
  markup: '```',
  info: 'sh',
  meta: null,
  block: true,
  hidden: false
}
Token {
  type: 'bullet_list_open',
  tag: 'ul',
  attrs: null,
  map: [ 218, 221 ],
  nesting: 1,
  level: 0,
  children: null,
  content: '',
  markup: '-',
  info: '',
  meta: null,
  block: true,
  hidden: false
}
Token {
  type: 'list_item_open',
  tag: 'li',
  attrs: null,
  map: [ 218, 219 ],
  nesting: 1,
  level: 1,
  children: null,
  content: '',
  markup: '-',
  info: '',
  meta: null,
  block: true,
  hidden: false
}
Token {
  type: 'paragraph_open',
  tag: 'p',
  attrs: null,
  map: [ 218, 219 ],
  nesting: 1,
  level: 2,
  children: null,
  content: '',
  markup: '',
  info: '',
  meta: null,
  block: true,
  hidden: true
}
Token {
  type: 'inline',
  tag: '',
  attrs: null,
  map: [ 218, 219 ],
  nesting: 0,
  level: 3,
  children: [
    Token {
      type: 'text',
      tag: '',
      attrs: null,
      map: null,
      nesting: 0,
      level: 0,
      children: null,
      content: '可以看到，已经出现了 ',
      markup: '',
      info: '',
      meta: null,
      block: false,
      hidden: false
    },
    Token {
      type: 'code_inline',
      tag: 'code',
      attrs: null,
      map: null,
      nesting: 0,
      level: 0,
      children: null,
      content: 'makefile',
      markup: '`',
      info: '',
      meta: null,
      block: false,
      hidden: false
    },
    Token {
      type: 'text',
      tag: '',
      attrs: null,
      map: null,
      nesting: 0,
      level: 0,
      children: null,
      content: ', 此文件就是编译依赖的真正管理者。',
      markup: '',
      info: '',
      meta: null,
      block: false,
      hidden: false
    }
  ],
  content: '可以看到，已经出现了 `makefile`, 此文件就是编译依赖的真正管理者。',
  markup: '',
  info: '',
  meta: null,
  block: true,
  hidden: false
}
Token {
  type: 'paragraph_close',
  tag: 'p',
  attrs: null,
  map: null,
  nesting: -1,
  level: 2,
  children: null,
  content: '',
  markup: '',
  info: '',
  meta: null,
  block: true,
  hidden: true
}
Token {
  type: 'list_item_close',
  tag: 'li',
  attrs: null,
  map: null,
  nesting: -1,
  level: 1,
  children: null,
  content: '',
  markup: '-',
  info: '',
  meta: null,
  block: true,
  hidden: false
}
Token {
  type: 'list_item_open',
  tag: 'li',
  attrs: null,
  map: [ 219, 221 ],
  nesting: 1,
  level: 1,
  children: null,
  content: '',
  markup: '-',
  info: '',
  meta: null,
  block: true,
  hidden: false
}
Token {
  type: 'paragraph_open',
  tag: 'p',
  attrs: null,
  map: [ 219, 220 ],
  nesting: 1,
  level: 2,
  children: null,
  content: '',
  markup: '',
  info: '',
  meta: null,
  block: true,
  hidden: true
}
Token {
  type: 'inline',
  tag: '',
  attrs: null,
  map: [ 219, 220 ],
  nesting: 0,
  level: 3,
  children: [
    Token {
      type: 'text',
      tag: '',
      attrs: null,
      map: null,
      nesting: 0,
      level: 0,
      children: null,
      content: '执行编译命令，使用 ',
      markup: '',
      info: '',
      meta: null,
      block: false,
      hidden: false
    },
    Token {
      type: 'code_inline',
      tag: 'code',
      attrs: null,
      map: null,
      nesting: 0,
      level: 0,
      children: null,
      content: '48',
      markup: '`',
      info: '',
      meta: null,
      block: false,
      hidden: false
    },
    Token {
      type: 'text',
      tag: '',
      attrs: null,
      map: null,
      nesting: 0,
      level: 0,
      children: null,
      content: ' 个线程来编译，总耗时大约 ',
      markup: '',
      info: '',
      meta: null,
      block: false,
      hidden: false
    },
    Token {
      type: 'code_inline',
      tag: 'code',
      attrs: null,
      map: null,
      nesting: 0,
      level: 0,
      children: null,
      content: '4',
      markup: '`',
      info: '',
      meta: null,
      block: false,
      hidden: false
    },
    Token {
      type: 'text',
      tag: '',
      attrs: null,
      map: null,
      nesting: 0,
      level: 0,
      children: null,
      content: ' 分钟左右。',
      markup: '',
      info: '',
      meta: null,
      block: false,
      hidden: false
    }
  ],
  content: '执行编译命令，使用 `48` 个线程来编译，总耗时大约 `4` 分钟左右。',
  markup: '',
  info: '',
  meta: null,
  block: true,
  hidden: false
}
Token {
  type: 'paragraph_close',
  tag: 'p',
  attrs: null,
  map: null,
  nesting: -1,
  level: 2,
  children: null,
  content: '',
  markup: '',
  info: '',
  meta: null,
  block: true,
  hidden: true
}
Token {
  type: 'list_item_close',
  tag: 'li',
  attrs: null,
  map: null,
  nesting: -1,
  level: 1,
  children: null,
  content: '',
  markup: '-',
  info: '',
  meta: null,
  block: true,
  hidden: false
}
Token {
  type: 'bullet_list_close',
  tag: 'ul',
  attrs: null,
  map: null,
  nesting: -1,
  level: 0,
  children: null,
  content: '',
  markup: '-',
  info: '',
  meta: null,
  block: true,
  hidden: false
}
Token {
  type: 'fence',
  tag: 'code',
  attrs: null,
  map: [ 221, 224 ],
  nesting: 0,
  level: 0,
  children: null,
  content: 'suod make install -j 48\n',
  markup: '```',
  info: 'sh',
  meta: null,
  block: true,
  hidden: false
}
Token {
  type: 'bullet_list_open',
  tag: 'ul',
  attrs: null,
  map: [ 225, 227 ],
  nesting: 1,
  level: 0,
  children: null,
  content: '',
  markup: '-',
  info: '',
  meta: null,
  block: true,
  hidden: false
}
Token {
  type: 'list_item_open',
  tag: 'li',
  attrs: null,
  map: [ 225, 227 ],
  nesting: 1,
  level: 1,
  children: null,
  content: '',
  markup: '-',
  info: '',
  meta: null,
  block: true,
  hidden: false
}
Token {
  type: 'paragraph_open',
  tag: 'p',
  attrs: null,
  map: [ 225, 226 ],
  nesting: 1,
  level: 2,
  children: null,
  content: '',
  markup: '',
  info: '',
  meta: null,
  block: true,
  hidden: true
}
Token {
  type: 'inline',
  tag: '',
  attrs: null,
  map: [ 225, 226 ],
  nesting: 0,
  level: 3,
  children: [
    Token {
      type: 'text',
      tag: '',
      attrs: null,
      map: null,
      nesting: 0,
      level: 0,
      children: null,
      content: '执行成功，在 ',
      markup: '',
      info: '',
      meta: null,
      block: false,
      hidden: false
    },
    Token {
      type: 'code_inline',
      tag: 'code',
      attrs: null,
      map: null,
      nesting: 0,
      level: 0,
      children: null,
      content: '/opt/mysql-source-code/',
      markup: '`',
      info: '',
      meta: null,
      block: false,
      hidden: false
    },
    Token {
      type: 'text',
      tag: '',
      attrs: null,
      map: null,
      nesting: 0,
      level: 0,
      children: null,
      content: ' 目录下创建目录，至如下状态：',
      markup: '',
      info: '',
      meta: null,
      block: false,
      hidden: false
    }
  ],
  content: '执行成功，在 `/opt/mysql-source-code/` 目录下创建目录，至如下状态：',
  markup: '',
  info: '',
  meta: null,
  block: true,
  hidden: false
}
Token {
  type: 'paragraph_close',
  tag: 'p',
  attrs: null,
  map: null,
  nesting: -1,
  level: 2,
  children: null,
  content: '',
  markup: '',
  info: '',
  meta: null,
  block: true,
  hidden: true
}
Token {
  type: 'list_item_close',
  tag: 'li',
  attrs: null,
  map: null,
  nesting: -1,
  level: 1,
  children: null,
  content: '',
  markup: '-',
  info: '',
  meta: null,
  block: true,
  hidden: false
}
Token {
  type: 'bullet_list_close',
  tag: 'ul',
  attrs: null,
  map: null,
  nesting: -1,
  level: 0,
  children: null,
  content: '',
  markup: '-',
  info: '',
  meta: null,
  block: true,
  hidden: false
}
Token {
  type: 'fence',
  tag: 'code',
  attrs: null,
  map: [ 227, 239 ],
  nesting: 0,
  level: 0,
  children: null,
  content: '# pwd:/opt/mysql-source-code\n' +
    '# tree . -L 1\n' +
    '.\n' +
    '├── mysql\n' +
    '├── mysql-config\n' +
    '├── mysql-data\n' +
    '├── mysql-log\n' +
    '├── mysql-pid\n' +
    '├── mysql-socket\n' +
    '└── tmp\n',
  markup: '```',
  info: 'sh',
  meta: null,
  block: true,
  hidden: false
}
Token {
  type: 'bullet_list_open',
  tag: 'ul',
  attrs: null,
  map: [ 240, 242 ],
  nesting: 1,
  level: 0,
  children: null,
  content: '',
  markup: '-',
  info: '',
  meta: null,
  block: true,
  hidden: false
}
Token {
  type: 'list_item_open',
  tag: 'li',
  attrs: null,
  map: [ 240, 242 ],
  nesting: 1,
  level: 1,
  children: null,
  content: '',
  markup: '-',
  info: '',
  meta: null,
  block: true,
  hidden: false
}
Token {
  type: 'paragraph_open',
  tag: 'p',
  attrs: null,
  map: [ 240, 241 ],
  nesting: 1,
  level: 2,
  children: null,
  content: '',
  markup: '',
  info: '',
  meta: null,
  block: true,
  hidden: true
}
Token {
  type: 'inline',
  tag: '',
  attrs: null,
  map: [ 240, 241 ],
  nesting: 0,
  level: 3,
  children: [
    Token {
      type: 'text',
      tag: '',
      attrs: null,
      map: null,
      nesting: 0,
      level: 0,
      children: null,
      content: '基本的思想，运行态所需要的一切文件，都放置在 ',
      markup: '',
      info: '',
      meta: null,
      block: false,
      hidden: false
    },
    Token {
      type: 'code_inline',
      tag: 'code',
      attrs: null,
      map: null,
      nesting: 0,
      level: 0,
      children: null,
      content: '/opt/mysql-source-code',
      markup: '`',
      info: '',
      meta: null,
      block: false,
      hidden: false
    },
    Token {
      type: 'text',
      tag: '',
      attrs: null,
      map: null,
      nesting: 0,
      level: 0,
      children: null,
      content: ' 目录下。',
      markup: '',
      info: '',
      meta: null,
      block: false,
      hidden: false
    }
  ],
  content: '基本的思想，运行态所需要的一切文件，都放置在 `/opt/mysql-source-code` 目录下。',
  markup: '',
  info: '',
  meta: null,
  block: true,
  hidden: false
}
Token {
  type: 'paragraph_close',
  tag: 'p',
  attrs: null,
  map: null,
  nesting: -1,
  level: 2,
  children: null,
  content: '',
  markup: '',
  info: '',
  meta: null,
  block: true,
  hidden: true
}
Token {
  type: 'list_item_close',
  tag: 'li',
  attrs: null,
  map: null,
  nesting: -1,
  level: 1,
  children: null,
  content: '',
  markup: '-',
  info: '',
  meta: null,
  block: true,
  hidden: false
}
Token {
  type: 'bullet_list_close',
  tag: 'ul',
  attrs: null,
  map: null,
  nesting: -1,
  level: 0,
  children: null,
  content: '',
  markup: '-',
  info: '',
  meta: null,
  block: true,
  hidden: false
}
Token {
  type: 'heading_open',
  tag: 'h2',
  attrs: null,
  map: [ 242, 243 ],
  nesting: 1,
  level: 0,
  children: null,
  content: '',
  markup: '##',
  info: '',
  meta: null,
  block: true,
  hidden: false
}
Token {
  type: 'inline',
  tag: '',
  attrs: null,
  map: [ 242, 243 ],
  nesting: 0,
  level: 1,
  children: [
    Token {
      type: 'text',
      tag: '',
      attrs: null,
      map: null,
      nesting: 0,
      level: 0,
      children: null,
      content: '3. 启动流程',
      markup: '',
      info: '',
      meta: null,
      block: false,
      hidden: false
    }
  ],
  content: '3. 启动流程',
  markup: '',
  info: '',
  meta: null,
  block: true,
  hidden: false
}
Token {
  type: 'heading_close',
  tag: 'h2',
  attrs: null,
  map: null,
  nesting: -1,
  level: 0,
  children: null,
  content: '',
  markup: '##',
  info: '',
  meta: null,
  block: true,
  hidden: false
}
Token {
  type: 'heading_open',
  tag: 'h3',
  attrs: null,
  map: [ 244, 245 ],
  nesting: 1,
  level: 0,
  children: null,
  content: '',
  markup: '###',
  info: '',
  meta: null,
  block: true,
  hidden: false
}
Token {
  type: 'inline',
  tag: '',
  attrs: null,
  map: [ 244, 245 ],
  nesting: 0,
  level: 1,
  children: [
    Token {
      type: 'text',
      tag: '',
      attrs: null,
      map: null,
      nesting: 0,
      level: 0,
      children: null,
      content: '3.1 创建配置文件',
      markup: '',
      info: '',
      meta: null,
      block: false,
      hidden: false
    }
  ],
  content: '3.1 创建配置文件',
  markup: '',
  info: '',
  meta: null,
  block: true,
  hidden: false
}
Token {
  type: 'heading_close',
  tag: 'h3',
  attrs: null,
  map: null,
  nesting: -1,
  level: 0,
  children: null,
  content: '',
  markup: '###',
  info: '',
  meta: null,
  block: true,
  hidden: false
}
Token {
  type: 'bullet_list_open',
  tag: 'ul',
  attrs: null,
  map: [ 246, 248 ],
  nesting: 1,
  level: 0,
  children: null,
  content: '',
  markup: '-',
  info: '',
  meta: null,
  block: true,
  hidden: false
}
Token {
  type: 'list_item_open',
  tag: 'li',
  attrs: null,
  map: [ 246, 248 ],
  nesting: 1,
  level: 1,
  children: null,
  content: '',
  markup: '-',
  info: '',
  meta: null,
  block: true,
  hidden: false
}
Token {
  type: 'paragraph_open',
  tag: 'p',
  attrs: null,
  map: [ 246, 247 ],
  nesting: 1,
  level: 2,
  children: null,
  content: '',
  markup: '',
  info: '',
  meta: null,
  block: true,
  hidden: true
}
Token {
  type: 'inline',
  tag: '',
  attrs: null,
  map: [ 246, 247 ],
  nesting: 0,
  level: 3,
  children: [
    Token {
      type: 'text',
      tag: '',
      attrs: null,
      map: null,
      nesting: 0,
      level: 0,
      children: null,
      content: '创建 ',
      markup: '',
      info: '',
      meta: null,
      block: false,
      hidden: false
    },
    Token {
      type: 'code_inline',
      tag: 'code',
      attrs: null,
      map: null,
      nesting: 0,
      level: 0,
      children: null,
      content: '/opt/mysql-source-code/mysql-config/my.cnf',
      markup: '`',
      info: '',
      meta: null,
      block: false,
      hidden: false
    },
    Token {
      type: 'text',
      tag: '',
      attrs: null,
      map: null,
      nesting: 0,
      level: 0,
      children: null,
      content: '，并编辑：',
      markup: '',
      info: '',
      meta: null,
      block: false,
      hidden: false
    }
  ],
  content: '创建 `/opt/mysql-source-code/mysql-config/my.cnf`，并编辑：',
  markup: '',
  info: '',
  meta: null,
  block: true,
  hidden: false
}
Token {
  type: 'paragraph_close',
  tag: 'p',
  attrs: null,
  map: null,
  nesting: -1,
  level: 2,
  children: null,
  content: '',
  markup: '',
  info: '',
  meta: null,
  block: true,
  hidden: true
}
Token {
  type: 'list_item_close',
  tag: 'li',
  attrs: null,
  map: null,
  nesting: -1,
  level: 1,
  children: null,
  content: '',
  markup: '-',
  info: '',
  meta: null,
  block: true,
  hidden: false
}
Token {
  type: 'bullet_list_close',
  tag: 'ul',
  attrs: null,
  map: null,
  nesting: -1,
  level: 0,
  children: null,
  content: '',
  markup: '-',
  info: '',
  meta: null,
  block: true,
  hidden: false
}
Token {
  type: 'fence',
  tag: 'code',
  attrs: null,
  map: [ 248, 271 ],
  nesting: 0,
  level: 0,
  children: null,
  content: '[client]\n' +
    'port = 3306\n' +
    'socket = /opt/mysql-source-code/mysql-socket/mysql.sock\n' +
    'default-character-set=utf8mb4\n' +
    '\n' +
    '[mysql]\n' +
    'default-character-set=utf8mb4\n' +
    '\n' +
    '[mysqld]\n' +
    'bind-address = 0.0.0.0\n' +
    'user = root\n' +
    'port = 3306\n' +
    'basedir = /opt/mysql-source-code/\n' +
    'datadir = /opt/mysql-source-code/mysql-data\n' +
    'tmpdir = /opt/mysql-source-code/tmp\n' +
    'pid-file = /opt/mysql-source-code/mysql-pid/mysqld.pid\n' +
    'log-error = /opt/mysql-source-code/mysql-log/error.log\n' +
    'socket = /opt/mysql-source-code/mysql-socket/mysql.sock\n' +
    'default-storage-engine = innodb\n' +
    'character-set-server=utf8mb4\n' +
    'collation-server=utf8mb4_general_ci\n',
  markup: '```',
  info: 'ini',
  meta: null,
  block: true,
  hidden: false
}
Token {
  type: 'bullet_list_open',
  tag: 'ul',
  attrs: null,
  map: [ 272, 274 ],
  nesting: 1,
  level: 0,
  children: null,
  content: '',
  markup: '-',
  info: '',
  meta: null,
  block: true,
  hidden: false
}
Token {
  type: 'list_item_open',
  tag: 'li',
  attrs: null,
  map: [ 272, 274 ],
  nesting: 1,
  level: 1,
  children: null,
  content: '',
  markup: '-',
  info: '',
  meta: null,
  block: true,
  hidden: false
}
Token {
  type: 'paragraph_open',
  tag: 'p',
  attrs: null,
  map: [ 272, 273 ],
  nesting: 1,
  level: 2,
  children: null,
  content: '',
  markup: '',
  info: '',
  meta: null,
  block: true,
  hidden: true
}
Token {
  type: 'inline',
  tag: '',
  attrs: null,
  map: [ 272, 273 ],
  nesting: 0,
  level: 3,
  children: [
    Token {
      type: 'text',
      tag: '',
      attrs: null,
      map: null,
      nesting: 0,
      level: 0,
      children: null,
      content: '注意：',
      markup: '',
      info: '',
      meta: null,
      block: false,
      hidden: false
    },
    Token {
      type: 'code_inline',
      tag: 'code',
      attrs: null,
      map: null,
      nesting: 0,
      level: 0,
      children: null,
      content: 'client',
      markup: '`',
      info: '',
      meta: null,
      block: false,
      hidden: false
    },
    Token {
      type: 'text',
      tag: '',
      attrs: null,
      map: null,
      nesting: 0,
      level: 0,
      children: null,
      content: ' 和 ',
      markup: '',
      info: '',
      meta: null,
      block: false,
      hidden: false
    },
    Token {
      type: 'code_inline',
      tag: 'code',
      attrs: null,
      map: null,
      nesting: 0,
      level: 0,
      children: null,
      content: 'mysqld',
      markup: '`',
      info: '',
      meta: null,
      block: false,
      hidden: false
    },
    Token {
      type: 'text',
      tag: '',
      attrs: null,
      map: null,
      nesting: 0,
      level: 0,
      children: null,
      content: ' 的读写 ',
      markup: '',
      info: '',
      meta: null,
      block: false,
      hidden: false
    },
    Token {
      type: 'code_inline',
      tag: 'code',
      attrs: null,
      map: null,
      nesting: 0,
      level: 0,
      children: null,
      content: 'socket',
      markup: '`',
      info: '',
      meta: null,
      block: false,
      hidden: false
    },
    Token {
      type: 'text',
      tag: '',
      attrs: null,
      map: null,
      nesting: 0,
      level: 0,
      children: null,
      content: ' 目录需要一致',
      markup: '',
      info: '',
      meta: null,
      block: false,
      hidden: false
    }
  ],
  content: '注意：`client` 和 `mysqld` 的读写 `socket` 目录需要一致',
  markup: '',
  info: '',
  meta: null,
  block: true,
  hidden: false
}
Token {
  type: 'paragraph_close',
  tag: 'p',
  attrs: null,
  map: null,
  nesting: -1,
  level: 2,
  children: null,
  content: '',
  markup: '',
  info: '',
  meta: null,
  block: true,
  hidden: true
}
Token {
  type: 'list_item_close',
  tag: 'li',
  attrs: null,
  map: null,
  nesting: -1,
  level: 1,
  children: null,
  content: '',
  markup: '-',
  info: '',
  meta: null,
  block: true,
  hidden: false
}
Token {
  type: 'bullet_list_close',
  tag: 'ul',
  attrs: null,
  map: null,
  nesting: -1,
  level: 0,
  children: null,
  content: '',
  markup: '-',
  info: '',
  meta: null,
  block: true,
  hidden: false
}
Token {
  type: 'heading_open',
  tag: 'h3',
  attrs: null,
  map: [ 274, 275 ],
  nesting: 1,
  level: 0,
  children: null,
  content: '',
  markup: '###',
  info: '',
  meta: null,
  block: true,
  hidden: false
}
Token {
  type: 'inline',
  tag: '',
  attrs: null,
  map: [ 274, 275 ],
  nesting: 0,
  level: 1,
  children: [
    Token {
      type: 'text',
      tag: '',
      attrs: null,
      map: null,
      nesting: 0,
      level: 0,
      children: null,
      content: '3.2 ',
      markup: '',
      info: '',
      meta: null,
      block: false,
      hidden: false
    },
    Token {
      type: 'code_inline',
      tag: 'code',
      attrs: null,
      map: null,
      nesting: 0,
      level: 0,
      children: null,
      content: 'init',
      markup: '`',
      info: '',
      meta: null,
      block: false,
      hidden: false
    },
    Token {
      type: 'text',
      tag: '',
      attrs: null,
      map: null,
      nesting: 0,
      level: 0,
      children: null,
      content: ' 初始配置',
      markup: '',
      info: '',
      meta: null,
      block: false,
      hidden: false
    }
  ],
  content: '3.2 `init` 初始配置',
  markup: '',
  info: '',
  meta: null,
  block: true,
  hidden: false
}
Token {
  type: 'heading_close',
  tag: 'h3',
  attrs: null,
  map: null,
  nesting: -1,
  level: 0,
  children: null,
  content: '',
  markup: '###',
  info: '',
  meta: null,
  block: true,
  hidden: false
}
Token {
  type: 'bullet_list_open',
  tag: 'ul',
  attrs: null,
  map: [ 276, 278 ],
  nesting: 1,
  level: 0,
  children: null,
  content: '',
  markup: '-',
  info: '',
  meta: null,
  block: true,
  hidden: false
}
Token {
  type: 'list_item_open',
  tag: 'li',
  attrs: null,
  map: [ 276, 278 ],
  nesting: 1,
  level: 1,
  children: null,
  content: '',
  markup: '-',
  info: '',
  meta: null,
  block: true,
  hidden: false
}
Token {
  type: 'paragraph_open',
  tag: 'p',
  attrs: null,
  map: [ 276, 277 ],
  nesting: 1,
  level: 2,
  children: null,
  content: '',
  markup: '',
  info: '',
  meta: null,
  block: true,
  hidden: true
}
Token {
  type: 'inline',
  tag: '',
  attrs: null,
  map: [ 276, 277 ],
  nesting: 0,
  level: 3,
  children: [
    Token {
      type: 'text',
      tag: '',
      attrs: null,
      map: null,
      nesting: 0,
      level: 0,
      children: null,
      content: '执行如下命令，启动 ',
      markup: '',
      info: '',
      meta: null,
      block: false,
      hidden: false
    },
    Token {
      type: 'code_inline',
      tag: 'code',
      attrs: null,
      map: null,
      nesting: 0,
      level: 0,
      children: null,
      content: 'mysqld',
      markup: '`',
      info: '',
      meta: null,
      block: false,
      hidden: false
    },
    Token {
      type: 'text',
      tag: '',
      attrs: null,
      map: null,
      nesting: 0,
      level: 0,
      children: null,
      content: ' 服务端。',
      markup: '',
      info: '',
      meta: null,
      block: false,
      hidden: false
    }
  ],
  content: '执行如下命令，启动 `mysqld` 服务端。',
  markup: '',
  info: '',
  meta: null,
  block: true,
  hidden: false
}
Token {
  type: 'paragraph_close',
  tag: 'p',
  attrs: null,
  map: null,
  nesting: -1,
  level: 2,
  children: null,
  content: '',
  markup: '',
  info: '',
  meta: null,
  block: true,
  hidden: true
}
Token {
  type: 'list_item_close',
  tag: 'li',
  attrs: null,
  map: null,
  nesting: -1,
  level: 1,
  children: null,
  content: '',
  markup: '-',
  info: '',
  meta: null,
  block: true,
  hidden: false
}
Token {
  type: 'bullet_list_close',
  tag: 'ul',
  attrs: null,
  map: null,
  nesting: -1,
  level: 0,
  children: null,
  content: '',
  markup: '-',
  info: '',
  meta: null,
  block: true,
  hidden: false
}
Token {
  type: 'fence',
  tag: 'code',
  attrs: null,
  map: [ 278, 286 ],
  nesting: 0,
  level: 0,
  children: null,
  content: 'cd opt/mysql-source-code/mysql/bin\n' +
    '\n' +
    '# init\n' +
    'sudo ./mysqld --defaults-file=/opt/mysql-source-code/mysql-config/my.cnf \\\n' +
    '  --initialize-insecure \\\n' +
    '  --user=root\n',
  markup: '```',
  info: 'sh',
  meta: null,
  block: true,
  hidden: false
}
Token {
  type: 'bullet_list_open',
  tag: 'ul',
  attrs: null,
  map: [ 287, 290 ],
  nesting: 1,
  level: 0,
  children: null,
  content: '',
  markup: '-',
  info: '',
  meta: null,
  block: true,
  hidden: false
}
Token {
  type: 'list_item_open',
  tag: 'li',
  attrs: null,
  map: [ 287, 288 ],
  nesting: 1,
  level: 1,
  children: null,
  content: '',
  markup: '-',
  info: '',
  meta: null,
  block: true,
  hidden: false
}
Token {
  type: 'paragraph_open',
  tag: 'p',
  attrs: null,
  map: [ 287, 288 ],
  nesting: 1,
  level: 2,
  children: null,
  content: '',
  markup: '',
  info: '',
  meta: null,
  block: true,
  hidden: true
}
Token {
  type: 'inline',
  tag: '',
  attrs: null,
  map: [ 287, 288 ],
  nesting: 0,
  level: 3,
  children: [
    Token {
      type: 'text',
      tag: '',
      attrs: null,
      map: null,
      nesting: 0,
      level: 0,
      children: null,
      content: '此处直接使用 ',
      markup: '',
      info: '',
      meta: null,
      block: false,
      hidden: false
    },
    Token {
      type: 'code_inline',
      tag: 'code',
      attrs: null,
      map: null,
      nesting: 0,
      level: 0,
      children: null,
      content: '--initialize-insecure',
      markup: '`',
      info: '',
      meta: null,
      block: false,
      hidden: false
    },
    Token {
      type: 'text',
      tag: '',
      attrs: null,
      map: null,
      nesting: 0,
      level: 0,
      children: null,
      content: '，非安全模式启动，后面把密码改掉即可。',
      markup: '',
      info: '',
      meta: null,
      block: false,
      hidden: false
    }
  ],
  content: '此处直接使用 `--initialize-insecure`，非安全模式启动，后面把密码改掉即可。',
  markup: '',
  info: '',
  meta: null,
  block: true,
  hidden: false
}
Token {
  type: 'paragraph_close',
  tag: 'p',
  attrs: null,
  map: null,
  nesting: -1,
  level: 2,
  children: null,
  content: '',
  markup: '',
  info: '',
  meta: null,
  block: true,
  hidden: true
}
Token {
  type: 'list_item_close',
  tag: 'li',
  attrs: null,
  map: null,
  nesting: -1,
  level: 1,
  children: null,
  content: '',
  markup: '-',
  info: '',
  meta: null,
  block: true,
  hidden: false
}
Token {
  type: 'list_item_open',
  tag: 'li',
  attrs: null,
  map: [ 288, 290 ],
  nesting: 1,
  level: 1,
  children: null,
  content: '',
  markup: '-',
  info: '',
  meta: null,
  block: true,
  hidden: false
}
Token {
  type: 'paragraph_open',
  tag: 'p',
  attrs: null,
  map: [ 288, 289 ],
  nesting: 1,
  level: 2,
  children: null,
  content: '',
  markup: '',
  info: '',
  meta: null,
  block: true,
  hidden: true
}
Token {
  type: 'inline',
  tag: '',
  attrs: null,
  map: [ 288, 289 ],
  nesting: 0,
  level: 3,
  children: [
    Token {
      type: 'text',
      tag: '',
      attrs: null,
      map: null,
      nesting: 0,
      level: 0,
      children: null,
      content: '初始化成功之后，即可在 ',
      markup: '',
      info: '',
      meta: null,
      block: false,
      hidden: false
    },
    Token {
      type: 'code_inline',
      tag: 'code',
      attrs: null,
      map: null,
      nesting: 0,
      level: 0,
      children: null,
      content: 'opt/mysql-source-code/mysql-data',
      markup: '`',
      info: '',
      meta: null,
      block: false,
      hidden: false
    },
    Token {
      type: 'text',
      tag: '',
      attrs: null,
      map: null,
      nesting: 0,
      level: 0,
      children: null,
      content: ' 下看到有写入的文件。',
      markup: '',
      info: '',
      meta: null,
      block: false,
      hidden: false
    }
  ],
  content: '初始化成功之后，即可在 `opt/mysql-source-code/mysql-data` 下看到有写入的文件。',
  markup: '',
  info: '',
  meta: null,
  block: true,
  hidden: false
}
Token {
  type: 'paragraph_close',
  tag: 'p',
  attrs: null,
  map: null,
  nesting: -1,
  level: 2,
  children: null,
  content: '',
  markup: '',
  info: '',
  meta: null,
  block: true,
  hidden: true
}
Token {
  type: 'list_item_close',
  tag: 'li',
  attrs: null,
  map: null,
  nesting: -1,
  level: 1,
  children: null,
  content: '',
  markup: '-',
  info: '',
  meta: null,
  block: true,
  hidden: false
}
Token {
  type: 'bullet_list_close',
  tag: 'ul',
  attrs: null,
  map: null,
  nesting: -1,
  level: 0,
  children: null,
  content: '',
  markup: '-',
  info: '',
  meta: null,
  block: true,
  hidden: false
}
Token {
  type: 'heading_open',
  tag: 'h3',
  attrs: null,
  map: [ 290, 291 ],
  nesting: 1,
  level: 0,
  children: null,
  content: '',
  markup: '###',
  info: '',
  meta: null,
  block: true,
  hidden: false
}
Token {
  type: 'inline',
  tag: '',
  attrs: null,
  map: [ 290, 291 ],
  nesting: 0,
  level: 1,
  children: [
    Token {
      type: 'text',
      tag: '',
      attrs: null,
      map: null,
      nesting: 0,
      level: 0,
      children: null,
      content: '3.3 启动和关闭',
      markup: '',
      info: '',
      meta: null,
      block: false,
      hidden: false
    }
  ],
  content: '3.3 启动和关闭',
  markup: '',
  info: '',
  meta: null,
  block: true,
  hidden: false
}
Token {
  type: 'heading_close',
  tag: 'h3',
  attrs: null,
  map: null,
  nesting: -1,
  level: 0,
  children: null,
  content: '',
  markup: '###',
  info: '',
  meta: null,
  block: true,
  hidden: false
}
Token {
  type: 'bullet_list_open',
  tag: 'ul',
  attrs: null,
  map: [ 292, 295 ],
  nesting: 1,
  level: 0,
  children: null,
  content: '',
  markup: '-',
  info: '',
  meta: null,
  block: true,
  hidden: false
}
Token {
  type: 'list_item_open',
  tag: 'li',
  attrs: null,
  map: [ 292, 293 ],
  nesting: 1,
  level: 1,
  children: null,
  content: '',
  markup: '-',
  info: '',
  meta: null,
  block: true,
  hidden: false
}
Token {
  type: 'paragraph_open',
  tag: 'p',
  attrs: null,
  map: [ 292, 293 ],
  nesting: 1,
  level: 2,
  children: null,
  content: '',
  markup: '',
  info: '',
  meta: null,
  block: true,
  hidden: true
}
Token {
  type: 'inline',
  tag: '',
  attrs: null,
  map: [ 292, 293 ],
  nesting: 0,
  level: 3,
  children: [
    Token {
      type: 'text',
      tag: '',
      attrs: null,
      map: null,
      nesting: 0,
      level: 0,
      children: null,
      content: '在 ',
      markup: '',
      info: '',
      meta: null,
      block: false,
      hidden: false
    },
    Token {
      type: 'code_inline',
      tag: 'code',
      attrs: null,
      map: null,
      nesting: 0,
      level: 0,
      children: null,
      content: '/opt/mysql-source-code/mysql/bin',
      markup: '`',
      info: '',
      meta: null,
      block: false,
      hidden: false
    },
    Token {
      type: 'text',
      tag: '',
      attrs: null,
      map: null,
      nesting: 0,
      level: 0,
      children: null,
      content: ' 目录下，可以同时看到 ',
      markup: '',
      info: '',
      meta: null,
      block: false,
      hidden: false
    },
    Token {
      type: 'code_inline',
      tag: 'code',
      attrs: null,
      map: null,
      nesting: 0,
      level: 0,
      children: null,
      content: 'mysqld',
      markup: '`',
      info: '',
      meta: null,
      block: false,
      hidden: false
    },
    Token {
      type: 'text',
      tag: '',
      attrs: null,
      map: null,
      nesting: 0,
      level: 0,
      children: null,
      content: ' 和 ',
      markup: '',
      info: '',
      meta: null,
      block: false,
      hidden: false
    },
    Token {
      type: 'code_inline',
      tag: 'code',
      attrs: null,
      map: null,
      nesting: 0,
      level: 0,
      children: null,
      content: 'mysqld_safe',
      markup: '`',
      info: '',
      meta: null,
      block: false,
      hidden: false
    },
    Token {
      type: 'text',
      tag: '',
      attrs: null,
      map: null,
      nesting: 0,
      level: 0,
      children: null,
      content: ' 两个文件。实际上，',
      markup: '',
      info: '',
      meta: null,
      block: false,
      hidden: false
    },
    Token {
      type: 'code_inline',
      tag: 'code',
      attrs: null,
      map: null,
      nesting: 0,
      level: 0,
      children: null,
      content: 'mysqld_safe',
      markup: '`',
      info: '',
      meta: null,
      block: false,
      hidden: false
    },
    Token {
      type: 'text',
      tag: '',
      attrs: null,
      map: null,
      nesting: 0,
      level: 0,
      children: null,
      content: ' 是 ',
      markup: '',
      info: '',
      meta: null,
      block: false,
      hidden: false
    },
    Token {
      type: 'code_inline',
      tag: 'code',
      attrs: null,
      map: null,
      nesting: 0,
      level: 0,
      children: null,
      content: 'shell',
      markup: '`',
      info: '',
      meta: null,
      block: false,
      hidden: false
    },
    Token {
      type: 'text',
      tag: '',
      attrs: null,
      map: null,
      nesting: 0,
      level: 0,
      children: null,
      content: ' 脚本，是用来启动 ',
      markup: '',
      info: '',
      meta: null,
      block: false,
      hidden: false
    },
    Token {
      type: 'code_inline',
      tag: 'code',
      attrs: null,
      map: null,
      nesting: 0,
      level: 0,
      children: null,
      content: 'mysqld',
      markup: '`',
      info: '',
      meta: null,
      block: false,
      hidden: false
    },
    Token {
      type: 'text',
      tag: '',
      attrs: null,
      map: null,
      nesting: 0,
      level: 0,
      children: null,
      content: ' 的，有重启等等功能，通过 ',
      markup: '',
      info: '',
      meta: null,
      block: false,
      hidden: false
    },
    Token {
      type: 'code_inline',
      tag: 'code',
      attrs: null,
      map: null,
      nesting: 0,
      level: 0,
      children: null,
      content: 'mysqld_safe',
      markup: '`',
      info: '',
      meta: null,
      block: false,
      hidden: false
    },
    Token {
      type: 'text',
      tag: '',
      attrs: null,
      map: null,
      nesting: 0,
      level: 0,
      children: null,
      content: ' 启动相对来说更好一些。',
      markup: '',
      info: '',
      meta: null,
      block: false,
      hidden: false
    }
  ],
  content: '在 `/opt/mysql-source-code/mysql/bin` 目录下，可以同时看到 `mysqld` 和 `mysqld_safe` 两个文件。实际上，`mysqld_safe` 是 `shell` 脚本，是用来启动 `mysqld` 的，有重启等等功能，通过 `mysqld_safe` 启动相对来说更好一些。',
  markup: '',
  info: '',
  meta: null,
  block: true,
  hidden: false
}
Token {
  type: 'paragraph_close',
  tag: 'p',
  attrs: null,
  map: null,
  nesting: -1,
  level: 2,
  children: null,
  content: '',
  markup: '',
  info: '',
  meta: null,
  block: true,
  hidden: true
}
Token {
  type: 'list_item_close',
  tag: 'li',
  attrs: null,
  map: null,
  nesting: -1,
  level: 1,
  children: null,
  content: '',
  markup: '-',
  info: '',
  meta: null,
  block: true,
  hidden: false
}
Token {
  type: 'list_item_open',
  tag: 'li',
  attrs: null,
  map: [ 293, 295 ],
  nesting: 1,
  level: 1,
  children: null,
  content: '',
  markup: '-',
  info: '',
  meta: null,
  block: true,
  hidden: false
}
Token {
  type: 'paragraph_open',
  tag: 'p',
  attrs: null,
  map: [ 293, 294 ],
  nesting: 1,
  level: 2,
  children: null,
  content: '',
  markup: '',
  info: '',
  meta: null,
  block: true,
  hidden: true
}
Token {
  type: 'inline',
  tag: '',
  attrs: null,
  map: [ 293, 294 ],
  nesting: 0,
  level: 3,
  children: [
    Token {
      type: 'text',
      tag: '',
      attrs: null,
      map: null,
      nesting: 0,
      level: 0,
      children: null,
      content: '通过 ',
      markup: '',
      info: '',
      meta: null,
      block: false,
      hidden: false
    },
    Token {
      type: 'code_inline',
      tag: 'code',
      attrs: null,
      map: null,
      nesting: 0,
      level: 0,
      children: null,
      content: 'mysqld_safe',
      markup: '`',
      info: '',
      meta: null,
      block: false,
      hidden: false
    },
    Token {
      type: 'text',
      tag: '',
      attrs: null,
      map: null,
      nesting: 0,
      level: 0,
      children: null,
      content: ' 启动，执行如下命令：',
      markup: '',
      info: '',
      meta: null,
      block: false,
      hidden: false
    }
  ],
  content: '通过 `mysqld_safe` 启动，执行如下命令：',
  markup: '',
  info: '',
  meta: null,
  block: true,
  hidden: false
}
Token {
  type: 'paragraph_close',
  tag: 'p',
  attrs: null,
  map: null,
  nesting: -1,
  level: 2,
  children: null,
  content: '',
  markup: '',
  info: '',
  meta: null,
  block: true,
  hidden: true
}
Token {
  type: 'list_item_close',
  tag: 'li',
  attrs: null,
  map: null,
  nesting: -1,
  level: 1,
  children: null,
  content: '',
  markup: '-',
  info: '',
  meta: null,
  block: true,
  hidden: false
}
Token {
  type: 'bullet_list_close',
  tag: 'ul',
  attrs: null,
  map: null,
  nesting: -1,
  level: 0,
  children: null,
  content: '',
  markup: '-',
  info: '',
  meta: null,
  block: true,
  hidden: false
}
Token {
  type: 'fence',
  tag: 'code',
  attrs: null,
  map: [ 295, 298 ],
  nesting: 0,
  level: 0,
  children: null,
  content: 'sudo ./mysqld_safe &\n',
  markup: '```',
  info: 'sh',
  meta: null,
  block: true,
  hidden: false
}
Token {
  type: 'bullet_list_open',
  tag: 'ul',
  attrs: null,
  map: [ 299, 301 ],
  nesting: 1,
  level: 0,
  children: null,
  content: '',
  markup: '-',
  info: '',
  meta: null,
  block: true,
  hidden: false
}
Token {
  type: 'list_item_open',
  tag: 'li',
  attrs: null,
  map: [ 299, 301 ],
  nesting: 1,
  level: 1,
  children: null,
  content: '',
  markup: '-',
  info: '',
  meta: null,
  block: true,
  hidden: false
}
Token {
  type: 'paragraph_open',
  tag: 'p',
  attrs: null,
  map: [ 299, 300 ],
  nesting: 1,
  level: 2,
  children: null,
  content: '',
  markup: '',
  info: '',
  meta: null,
  block: true,
  hidden: true
}
Token {
  type: 'inline',
  tag: '',
  attrs: null,
  map: [ 299, 300 ],
  nesting: 0,
  level: 3,
  children: [
    Token {
      type: 'text',
      tag: '',
      attrs: null,
      map: null,
      nesting: 0,
      level: 0,
      children: null,
      content: '可将实例放到后台运行，不会阻塞当前 ',
      markup: '',
      info: '',
      meta: null,
      block: false,
      hidden: false
    },
    Token {
      type: 'code_inline',
      tag: 'code',
      attrs: null,
      map: null,
      nesting: 0,
      level: 0,
      children: null,
      content: 'shell',
      markup: '`',
      info: '',
      meta: null,
      block: false,
      hidden: false
    },
    Token {
      type: 'text',
      tag: '',
      attrs: null,
      map: null,
      nesting: 0,
      level: 0,
      children: null,
      content: ' 会话。',
      markup: '',
      info: '',
      meta: null,
      block: false,
      hidden: false
    }
  ],
  content: '可将实例放到后台运行，不会阻塞当前 `shell` 会话。',
  markup: '',
  info: '',
  meta: null,
  block: true,
  hidden: false
}
Token {
  type: 'paragraph_close',
  tag: 'p',
  attrs: null,
  map: null,
  nesting: -1,
  level: 2,
  children: null,
  content: '',
  markup: '',
  info: '',
  meta: null,
  block: true,
  hidden: true
}
Token {
  type: 'list_item_close',
  tag: 'li',
  attrs: null,
  map: null,
  nesting: -1,
  level: 1,
  children: null,
  content: '',
  markup: '-',
  info: '',
  meta: null,
  block: true,
  hidden: false
}
Token {
  type: 'bullet_list_close',
  tag: 'ul',
  attrs: null,
  map: null,
  nesting: -1,
  level: 0,
  children: null,
  content: '',
  markup: '-',
  info: '',
  meta: null,
  block: true,
  hidden: false
}
Token {
  type: 'hr',
  tag: 'hr',
  attrs: null,
  map: [ 301, 302 ],
  nesting: 0,
  level: 0,
  children: null,
  content: '',
  markup: '---',
  info: '',
  meta: null,
  block: true,
  hidden: false
}
Token {
  type: 'bullet_list_open',
  tag: 'ul',
  attrs: null,
  map: [ 303, 305 ],
  nesting: 1,
  level: 0,
  children: null,
  content: '',
  markup: '-',
  info: '',
  meta: null,
  block: true,
  hidden: false
}
Token {
  type: 'list_item_open',
  tag: 'li',
  attrs: null,
  map: [ 303, 305 ],
  nesting: 1,
  level: 1,
  children: null,
  content: '',
  markup: '-',
  info: '',
  meta: null,
  block: true,
  hidden: false
}
Token {
  type: 'paragraph_open',
  tag: 'p',
  attrs: null,
  map: [ 303, 304 ],
  nesting: 1,
  level: 2,
  children: null,
  content: '',
  markup: '',
  info: '',
  meta: null,
  block: true,
  hidden: true
}
Token {
  type: 'inline',
  tag: '',
  attrs: null,
  map: [ 303, 304 ],
  nesting: 0,
  level: 3,
  children: [
    Token {
      type: 'text',
      tag: '',
      attrs: null,
      map: null,
      nesting: 0,
      level: 0,
      children: null,
      content: '如果需要管理实例，则可以通过 ',
      markup: '',
      info: '',
      meta: null,
      block: false,
      hidden: false
    },
    Token {
      type: 'code_inline',
      tag: 'code',
      attrs: null,
      map: null,
      nesting: 0,
      level: 0,
      children: null,
      content: 'opt/mysql-source-code/mysql/bin/mysqladmin',
      markup: '`',
      info: '',
      meta: null,
      block: false,
      hidden: false
    },
    Token {
      type: 'text',
      tag: '',
      attrs: null,
      map: null,
      nesting: 0,
      level: 0,
      children: null,
      content: ' 二进制文件来管理，比如需要关闭实例：',
      markup: '',
      info: '',
      meta: null,
      block: false,
      hidden: false
    }
  ],
  content: '如果需要管理实例，则可以通过 `opt/mysql-source-code/mysql/bin/mysqladmin` 二进制文件来管理，比如需要关闭实例：',
  markup: '',
  info: '',
  meta: null,
  block: true,
  hidden: false
}
Token {
  type: 'paragraph_close',
  tag: 'p',
  attrs: null,
  map: null,
  nesting: -1,
  level: 2,
  children: null,
  content: '',
  markup: '',
  info: '',
  meta: null,
  block: true,
  hidden: true
}
Token {
  type: 'list_item_close',
  tag: 'li',
  attrs: null,
  map: null,
  nesting: -1,
  level: 1,
  children: null,
  content: '',
  markup: '-',
  info: '',
  meta: null,
  block: true,
  hidden: false
}
Token {
  type: 'bullet_list_close',
  tag: 'ul',
  attrs: null,
  map: null,
  nesting: -1,
  level: 0,
  children: null,
  content: '',
  markup: '-',
  info: '',
  meta: null,
  block: true,
  hidden: false
}
Token {
  type: 'fence',
  tag: 'code',
  attrs: null,
  map: [ 305, 310 ],
  nesting: 0,
  level: 0,
  children: null,
  content: 'cd opt/mysql-source-code/mysql/bin\n\n./mysqladmin -u root shutdown\n',
  markup: '```',
  info: 'sh',
  meta: null,
  block: true,
  hidden: false
}
Token {
  type: 'heading_open',
  tag: 'h3',
  attrs: null,
  map: [ 311, 312 ],
  nesting: 1,
  level: 0,
  children: null,
  content: '',
  markup: '###',
  info: '',
  meta: null,
  block: true,
  hidden: false
}
Token {
  type: 'inline',
  tag: '',
  attrs: null,
  map: [ 311, 312 ],
  nesting: 0,
  level: 1,
  children: [
    Token {
      type: 'text',
      tag: '',
      attrs: null,
      map: null,
      nesting: 0,
      level: 0,
      children: null,
      content: '3.4 客户端连接',
      markup: '',
      info: '',
      meta: null,
      block: false,
      hidden: false
    }
  ],
  content: '3.4 客户端连接',
  markup: '',
  info: '',
  meta: null,
  block: true,
  hidden: false
}
Token {
  type: 'heading_close',
  tag: 'h3',
  attrs: null,
  map: null,
  nesting: -1,
  level: 0,
  children: null,
  content: '',
  markup: '###',
  info: '',
  meta: null,
  block: true,
  hidden: false
}
Token {
  type: 'bullet_list_open',
  tag: 'ul',
  attrs: null,
  map: [ 313, 317 ],
  nesting: 1,
  level: 0,
  children: null,
  content: '',
  markup: '-',
  info: '',
  meta: null,
  block: true,
  hidden: false
}
Token {
  type: 'list_item_open',
  tag: 'li',
  attrs: null,
  map: [ 313, 314 ],
  nesting: 1,
  level: 1,
  children: null,
  content: '',
  markup: '-',
  info: '',
  meta: null,
  block: true,
  hidden: false
}
Token {
  type: 'paragraph_open',
  tag: 'p',
  attrs: null,
  map: [ 313, 314 ],
  nesting: 1,
  level: 2,
  children: null,
  content: '',
  markup: '',
  info: '',
  meta: null,
  block: true,
  hidden: true
}
Token {
  type: 'inline',
  tag: '',
  attrs: null,
  map: [ 313, 314 ],
  nesting: 0,
  level: 3,
  children: [
    Token {
      type: 'text',
      tag: '',
      attrs: null,
      map: null,
      nesting: 0,
      level: 0,
      children: null,
      content: '推荐安装客户端工具：[GitHub - dbcli/mycli: A Terminal Client for MySQL with AutoCompletion and Syntax Highlighting.](https://github.com/dbcli/mycli)',
      markup: '',
      info: '',
      meta: null,
      block: false,
      hidden: false
    }
  ],
  content: '推荐安装客户端工具：[GitHub - dbcli/mycli: A Terminal Client for MySQL with AutoCompletion and Syntax Highlighting.](https://github.com/dbcli/mycli)',
  markup: '',
  info: '',
  meta: null,
  block: true,
  hidden: false
}
Token {
  type: 'paragraph_close',
  tag: 'p',
  attrs: null,
  map: null,
  nesting: -1,
  level: 2,
  children: null,
  content: '',
  markup: '',
  info: '',
  meta: null,
  block: true,
  hidden: true
}
Token {
  type: 'list_item_close',
  tag: 'li',
  attrs: null,
  map: null,
  nesting: -1,
  level: 1,
  children: null,
  content: '',
  markup: '-',
  info: '',
  meta: null,
  block: true,
  hidden: false
}
Token {
  type: 'list_item_open',
  tag: 'li',
  attrs: null,
  map: [ 314, 315 ],
  nesting: 1,
  level: 1,
  children: null,
  content: '',
  markup: '-',
  info: '',
  meta: null,
  block: true,
  hidden: false
}
Token {
  type: 'paragraph_open',
  tag: 'p',
  attrs: null,
  map: [ 314, 315 ],
  nesting: 1,
  level: 2,
  children: null,
  content: '',
  markup: '',
  info: '',
  meta: null,
  block: true,
  hidden: true
}
Token {
  type: 'inline',
  tag: '',
  attrs: null,
  map: [ 314, 315 ],
  nesting: 0,
  level: 3,
  children: [
    Token {
      type: 'code_inline',
      tag: 'code',
      attrs: null,
      map: null,
      nesting: 0,
      level: 0,
      children: null,
      content: 'mycli',
      markup: '`',
      info: '',
      meta: null,
      block: false,
      hidden: false
    },
    Token {
      type: 'text',
      tag: '',
      attrs: null,
      map: null,
      nesting: 0,
      level: 0,
      children: null,
      content: ' 工具带有补全和高亮，还支持格式化输出，相对来说手感较好。',
      markup: '',
      info: '',
      meta: null,
      block: false,
      hidden: false
    }
  ],
  content: '`mycli` 工具带有补全和高亮，还支持格式化输出，相对来说手感较好。',
  markup: '',
  info: '',
  meta: null,
  block: true,
  hidden: false
}
Token {
  type: 'paragraph_close',
  tag: 'p',
  attrs: null,
  map: null,
  nesting: -1,
  level: 2,
  children: null,
  content: '',
  markup: '',
  info: '',
  meta: null,
  block: true,
  hidden: true
}
Token {
  type: 'list_item_close',
  tag: 'li',
  attrs: null,
  map: null,
  nesting: -1,
  level: 1,
  children: null,
  content: '',
  markup: '-',
  info: '',
  meta: null,
  block: true,
  hidden: false
}
Token {
  type: 'list_item_open',
  tag: 'li',
  attrs: null,
  map: [ 315, 317 ],
  nesting: 1,
  level: 1,
  children: null,
  content: '',
  markup: '-',
  info: '',
  meta: null,
  block: true,
  hidden: false
}
Token {
  type: 'paragraph_open',
  tag: 'p',
  attrs: null,
  map: [ 315, 316 ],
  nesting: 1,
  level: 2,
  children: null,
  content: '',
  markup: '',
  info: '',
  meta: null,
  block: true,
  hidden: true
}
Token {
  type: 'inline',
  tag: '',
  attrs: null,
  map: [ 315, 316 ],
  nesting: 0,
  level: 3,
  children: [
    Token {
      type: 'text',
      tag: '',
      attrs: null,
      map: null,
      nesting: 0,
      level: 0,
      children: null,
      content: '启动 ',
      markup: '',
      info: '',
      meta: null,
      block: false,
      hidden: false
    },
    Token {
      type: 'code_inline',
      tag: 'code',
      attrs: null,
      map: null,
      nesting: 0,
      level: 0,
      children: null,
      content: 'mysqld',
      markup: '`',
      info: '',
      meta: null,
      block: false,
      hidden: false
    },
    Token {
      type: 'text',
      tag: '',
      attrs: null,
      map: null,
      nesting: 0,
      level: 0,
      children: null,
      content: ' 服务端后，执行如下命令即可连接',
      markup: '',
      info: '',
      meta: null,
      block: false,
      hidden: false
    }
  ],
  content: '启动 `mysqld` 服务端后，执行如下命令即可连接',
  markup: '',
  info: '',
  meta: null,
  block: true,
  hidden: false
}
Token {
  type: 'paragraph_close',
  tag: 'p',
  attrs: null,
  map: null,
  nesting: -1,
  level: 2,
  children: null,
  content: '',
  markup: '',
  info: '',
  meta: null,
  block: true,
  hidden: true
}
Token {
  type: 'list_item_close',
  tag: 'li',
  attrs: null,
  map: null,
  nesting: -1,
  level: 1,
  children: null,
  content: '',
  markup: '-',
  info: '',
  meta: null,
  block: true,
  hidden: false
}
Token {
  type: 'bullet_list_close',
  tag: 'ul',
  attrs: null,
  map: null,
  nesting: -1,
  level: 0,
  children: null,
  content: '',
  markup: '-',
  info: '',
  meta: null,
  block: true,
  hidden: false
}
Token {
  type: 'fence',
  tag: 'code',
  attrs: null,
  map: [ 317, 320 ],
  nesting: 0,
  level: 0,
  children: null,
  content: 'mycli -u root\n',
  markup: '```',
  info: 'sh',
  meta: null,
  block: true,
  hidden: false
}
Token {
  type: 'heading_open',
  tag: 'h3',
  attrs: null,
  map: [ 321, 322 ],
  nesting: 1,
  level: 0,
  children: null,
  content: '',
  markup: '###',
  info: '',
  meta: null,
  block: true,
  hidden: false
}
Token {
  type: 'inline',
  tag: '',
  attrs: null,
  map: [ 321, 322 ],
  nesting: 0,
  level: 1,
  children: [
    Token {
      type: 'text',
      tag: '',
      attrs: null,
      map: null,
      nesting: 0,
      level: 0,
      children: null,
      content: '3.4 修改密码',
      markup: '',
      info: '',
      meta: null,
      block: false,
      hidden: false
    }
  ],
  content: '3.4 修改密码',
  markup: '',
  info: '',
  meta: null,
  block: true,
  hidden: false
}
Token {
  type: 'heading_close',
  tag: 'h3',
  attrs: null,
  map: null,
  nesting: -1,
  level: 0,
  children: null,
  content: '',
  markup: '###',
  info: '',
  meta: null,
  block: true,
  hidden: false
}
Token {
  type: 'bullet_list_open',
  tag: 'ul',
  attrs: null,
  map: [ 323, 327 ],
  nesting: 1,
  level: 0,
  children: null,
  content: '',
  markup: '-',
  info: '',
  meta: null,
  block: true,
  hidden: false
}
Token {
  type: 'list_item_open',
  tag: 'li',
  attrs: null,
  map: [ 323, 324 ],
  nesting: 1,
  level: 1,
  children: null,
  content: '',
  markup: '-',
  info: '',
  meta: null,
  block: true,
  hidden: false
}
Token {
  type: 'paragraph_open',
  tag: 'p',
  attrs: null,
  map: [ 323, 324 ],
  nesting: 1,
  level: 2,
  children: null,
  content: '',
  markup: '',
  info: '',
  meta: null,
  block: true,
  hidden: true
}
Token {
  type: 'inline',
  tag: '',
  attrs: null,
  map: [ 323, 324 ],
  nesting: 0,
  level: 3,
  children: [
    Token {
      type: 'text',
      tag: '',
      attrs: null,
      map: null,
      nesting: 0,
      level: 0,
      children: null,
      content: '虽然此数据库只是调试使用，服务器也有简单的安全配置，但是，出于谨慎考虑，还是添加一个密码较好。',
      markup: '',
      info: '',
      meta: null,
      block: false,
      hidden: false
    }
  ],
  content: '虽然此数据库只是调试使用，服务器也有简单的安全配置，但是，出于谨慎考虑，还是添加一个密码较好。',
  markup: '',
  info: '',
  meta: null,
  block: true,
  hidden: false
}
Token {
  type: 'paragraph_close',
  tag: 'p',
  attrs: null,
  map: null,
  nesting: -1,
  level: 2,
  children: null,
  content: '',
  markup: '',
  info: '',
  meta: null,
  block: true,
  hidden: true
}
Token {
  type: 'list_item_close',
  tag: 'li',
  attrs: null,
  map: null,
  nesting: -1,
  level: 1,
  children: null,
  content: '',
  markup: '-',
  info: '',
  meta: null,
  block: true,
  hidden: false
}
Token {
  type: 'list_item_open',
  tag: 'li',
  attrs: null,
  map: [ 324, 325 ],
  nesting: 1,
  level: 1,
  children: null,
  content: '',
  markup: '-',
  info: '',
  meta: null,
  block: true,
  hidden: false
}
Token {
  type: 'paragraph_open',
  tag: 'p',
  attrs: null,
  map: [ 324, 325 ],
  nesting: 1,
  level: 2,
  children: null,
  content: '',
  markup: '',
  info: '',
  meta: null,
  block: true,
  hidden: true
}
Token {
  type: 'inline',
  tag: '',
  attrs: null,
  map: [ 324, 325 ],
  nesting: 0,
  level: 3,
  children: [
    Token {
      type: 'text',
      tag: '',
      attrs: null,
      map: null,
      nesting: 0,
      level: 0,
      children: null,
      content: '使用客户端连接之后，执行如下命令：',
      markup: '',
      info: '',
      meta: null,
      block: false,
      hidden: false
    }
  ],
  content: '使用客户端连接之后，执行如下命令：',
  markup: '',
  info: '',
  meta: null,
  block: true,
  hidden: false
}
Token {
  type: 'paragraph_close',
  tag: 'p',
  attrs: null,
  map: null,
  nesting: -1,
  level: 2,
  children: null,
  content: '',
  markup: '',
  info: '',
  meta: null,
  block: true,
  hidden: true
}
Token {
  type: 'list_item_close',
  tag: 'li',
  attrs: null,
  map: null,
  nesting: -1,
  level: 1,
  children: null,
  content: '',
  markup: '-',
  info: '',
  meta: null,
  block: true,
  hidden: false
}
Token {
  type: 'list_item_open',
  tag: 'li',
  attrs: null,
  map: [ 325, 327 ],
  nesting: 1,
  level: 1,
  children: null,
  content: '',
  markup: '-',
  info: '',
  meta: null,
  block: true,
  hidden: false
}
Token {
  type: 'paragraph_open',
  tag: 'p',
  attrs: null,
  map: [ 325, 326 ],
  nesting: 1,
  level: 2,
  children: null,
  content: '',
  markup: '',
  info: '',
  meta: null,
  block: true,
  hidden: true
}
Token {
  type: 'inline',
  tag: '',
  attrs: null,
  map: [ 325, 326 ],
  nesting: 0,
  level: 3,
  children: [
    Token {
      type: 'text',
      tag: '',
      attrs: null,
      map: null,
      nesting: 0,
      level: 0,
      children: null,
      content: '将 ',
      markup: '',
      info: '',
      meta: null,
      block: false,
      hidden: false
    },
    Token {
      type: 'code_inline',
      tag: 'code',
      attrs: null,
      map: null,
      nesting: 0,
      level: 0,
      children: null,
      content: '123456',
      markup: '`',
      info: '',
      meta: null,
      block: false,
      hidden: false
    },
    Token {
      type: 'text',
      tag: '',
      attrs: null,
      map: null,
      nesting: 0,
      level: 0,
      children: null,
      content: ' 改成实际的密码',
      markup: '',
      info: '',
      meta: null,
      block: false,
      hidden: false
    }
  ],
  content: '将 `123456` 改成实际的密码',
  markup: '',
  info: '',
  meta: null,
  block: true,
  hidden: false
}
Token {
  type: 'paragraph_close',
  tag: 'p',
  attrs: null,
  map: null,
  nesting: -1,
  level: 2,
  children: null,
  content: '',
  markup: '',
  info: '',
  meta: null,
  block: true,
  hidden: true
}
Token {
  type: 'list_item_close',
  tag: 'li',
  attrs: null,
  map: null,
  nesting: -1,
  level: 1,
  children: null,
  content: '',
  markup: '-',
  info: '',
  meta: null,
  block: true,
  hidden: false
}
Token {
  type: 'bullet_list_close',
  tag: 'ul',
  attrs: null,
  map: null,
  nesting: -1,
  level: 0,
  children: null,
  content: '',
  markup: '-',
  info: '',
  meta: null,
  block: true,
  hidden: false
}
Token {
  type: 'fence',
  tag: 'code',
  attrs: null,
  map: [ 327, 331 ],
  nesting: 0,
  level: 0,
  children: null,
  content: "mysql> ALTER USER 'root'@'localhost' IDENTIFIED BY '123456';\n" +
    'mysql> flush privileges;\n',
  markup: '```',
  info: 'sh',
  meta: null,
  block: true,
  hidden: false
}
Token {
  type: 'heading_open',
  tag: 'h3',
  attrs: null,
  map: [ 332, 333 ],
  nesting: 1,
  level: 0,
  children: null,
  content: '',
  markup: '###',
  info: '',
  meta: null,
  block: true,
  hidden: false
}
Token {
  type: 'inline',
  tag: '',
  attrs: null,
  map: [ 332, 333 ],
  nesting: 0,
  level: 1,
  children: [
    Token {
      type: 'text',
      tag: '',
      attrs: null,
      map: null,
      nesting: 0,
      level: 0,
      children: null,
      content: '3.5 说明',
      markup: '',
      info: '',
      meta: null,
      block: false,
      hidden: false
    }
  ],
  content: '3.5 说明',
  markup: '',
  info: '',
  meta: null,
  block: true,
  hidden: false
}
Token {
  type: 'heading_close',
  tag: 'h3',
  attrs: null,
  map: null,
  nesting: -1,
  level: 0,
  children: null,
  content: '',
  markup: '###',
  info: '',
  meta: null,
  block: true,
  hidden: false
}
Token {
  type: 'bullet_list_open',
  tag: 'ul',
  attrs: null,
  map: [ 334, 335 ],
  nesting: 1,
  level: 0,
  children: null,
  content: '',
  markup: '-',
  info: '',
  meta: null,
  block: true,
  hidden: false
}
Token {
  type: 'list_item_open',
  tag: 'li',
  attrs: null,
  map: [ 334, 335 ],
  nesting: 1,
  level: 1,
  children: null,
  content: '',
  markup: '-',
  info: '',
  meta: null,
  block: true,
  hidden: false
}
Token {
  type: 'paragraph_open',
  tag: 'p',
  attrs: null,
  map: [ 334, 335 ],
  nesting: 1,
  level: 2,
  children: null,
  content: '',
  markup: '',
  info: '',
  meta: null,
  block: true,
  hidden: true
}
Token {
  type: 'inline',
  tag: '',
  attrs: null,
  map: [ 334, 335 ],
  nesting: 0,
  level: 3,
  children: [
    Token {
      type: 'text',
      tag: '',
      attrs: null,
      map: null,
      nesting: 0,
      level: 0,
      children: null,
      content: '本文档并非生产环境下的部署，主要目的是为了探索 ',
      markup: '',
      info: '',
      meta: null,
      block: false,
      hidden: false
    },
    Token {
      type: 'code_inline',
      tag: 'code',
      attrs: null,
      map: null,
      nesting: 0,
      level: 0,
      children: null,
      content: 'mysql',
      markup: '`',
      info: '',
      meta: null,
      block: false,
      hidden: false
    },
    Token {
      type: 'text',
      tag: '',
      attrs: null,
      map: null,
      nesting: 0,
      level: 0,
      children: null,
      content: ' 源码，因此，未进行 ',
      markup: '',
      info: '',
      meta: null,
      block: false,
      hidden: false
    },
    Token {
      type: 'code_inline',
      tag: 'code',
      attrs: null,
      map: null,
      nesting: 0,
      level: 0,
      children: null,
      content: 'systemctl',
      markup: '`',
      info: '',
      meta: null,
      block: false,
      hidden: false
    },
    Token {
      type: 'text',
      tag: '',
      attrs: null,
      map: null,
      nesting: 0,
      level: 0,
      children: null,
      content: ' 等实际生产环境下的部署操作。',
      markup: '',
      info: '',
      meta: null,
      block: false,
      hidden: false
    }
  ],
  content: '本文档并非生产环境下的部署，主要目的是为了探索 `mysql` 源码，因此，未进行 `systemctl` 等实际生产环境下的部署操作。',
  markup: '',
  info: '',
  meta: null,
  block: true,
  hidden: false
}
Token {
  type: 'paragraph_close',
  tag: 'p',
  attrs: null,
  map: null,
  nesting: -1,
  level: 2,
  children: null,
  content: '',
  markup: '',
  info: '',
  meta: null,
  block: true,
  hidden: true
}
Token {
  type: 'list_item_close',
  tag: 'li',
  attrs: null,
  map: null,
  nesting: -1,
  level: 1,
  children: null,
  content: '',
  markup: '-',
  info: '',
  meta: null,
  block: true,
  hidden: false
}
Token {
  type: 'bullet_list_close',
  tag: 'ul',
  attrs: null,
  map: null,
  nesting: -1,
  level: 0,
  children: null,
  content: '',
  markup: '-',
  info: '',
  meta: null,
  block: true,
  hidden: false
}
Token {
  type: 'hr',
  tag: 'hr',
  attrs: null,
  map: [ 0, 1 ],
  nesting: 0,
  level: 0,
  children: null,
  content: '',
  markup: '---',
  info: '',
  meta: null,
  block: true,
  hidden: false
}
Token {
  type: 'paragraph_open',
  tag: 'p',
  attrs: null,
  map: [ 1, 4 ],
  nesting: 1,
  level: 0,
  children: null,
  content: '',
  markup: '',
  info: '',
  meta: null,
  block: true,
  hidden: false
}
Token {
  type: 'inline',
  tag: '',
  attrs: null,
  map: [ 1, 4 ],
  nesting: 0,
  level: 1,
  children: [
    Token {
      type: 'text',
      tag: '',
      attrs: null,
      map: null,
      nesting: 0,
      level: 0,
      children: null,
      content: 'date: 2021-06-30',
      markup: '',
      info: '',
      meta: null,
      block: false,
      hidden: false
    },
    Token {
      type: 'softbreak',
      tag: 'br',
      attrs: null,
      map: null,
      nesting: 0,
      level: 0,
      children: null,
      content: '',
      markup: '',
      info: '',
      meta: null,
      block: false,
      hidden: false
    },
    Token {
      type: 'text',
      tag: '',
      attrs: null,
      map: null,
      nesting: 0,
      level: 0,
      children: null,
      content: 'title: some demo',
      markup: '',
      info: '',
      meta: null,
      block: false,
      hidden: false
    },
    Token {
      type: 'softbreak',
      tag: 'br',
      attrs: null,
      map: null,
      nesting: 0,
      level: 0,
      children: null,
      content: '',
      markup: '',
      info: '',
      meta: null,
      block: false,
      hidden: false
    },
    Token {
      type: 'text',
      tag: '',
      attrs: null,
      map: null,
      nesting: 0,
      level: 0,
      children: null,
      content: 'tags:',
      markup: '',
      info: '',
      meta: null,
      block: false,
      hidden: false
    }
  ],
  content: 'date: 2021-06-30\ntitle: some demo\ntags:',
  markup: '',
  info: '',
  meta: null,
  block: true,
  hidden: false
}
Token {
  type: 'paragraph_close',
  tag: 'p',
  attrs: null,
  map: null,
  nesting: -1,
  level: 0,
  children: null,
  content: '',
  markup: '',
  info: '',
  meta: null,
  block: true,
  hidden: false
}
Token {
  type: 'bullet_list_open',
  tag: 'ul',
  attrs: null,
  map: [ 4, 7 ],
  nesting: 1,
  level: 0,
  children: null,
  content: '',
  markup: '-',
  info: '',
  meta: null,
  block: true,
  hidden: false
}
Token {
  type: 'list_item_open',
  tag: 'li',
  attrs: null,
  map: [ 4, 5 ],
  nesting: 1,
  level: 1,
  children: null,
  content: '',
  markup: '-',
  info: '',
  meta: null,
  block: true,
  hidden: false
}
Token {
  type: 'paragraph_open',
  tag: 'p',
  attrs: null,
  map: [ 4, 5 ],
  nesting: 1,
  level: 2,
  children: null,
  content: '',
  markup: '',
  info: '',
  meta: null,
  block: true,
  hidden: true
}
Token {
  type: 'inline',
  tag: '',
  attrs: null,
  map: [ 4, 5 ],
  nesting: 0,
  level: 3,
  children: [
    Token {
      type: 'text',
      tag: '',
      attrs: null,
      map: null,
      nesting: 0,
      level: 0,
      children: null,
      content: 'vitepress',
      markup: '',
      info: '',
      meta: null,
      block: false,
      hidden: false
    }
  ],
  content: 'vitepress',
  markup: '',
  info: '',
  meta: null,
  block: true,
  hidden: false
}
Token {
  type: 'paragraph_close',
  tag: 'p',
  attrs: null,
  map: null,
  nesting: -1,
  level: 2,
  children: null,
  content: '',
  markup: '',
  info: '',
  meta: null,
  block: true,
  hidden: true
}
Token {
  type: 'list_item_close',
  tag: 'li',
  attrs: null,
  map: null,
  nesting: -1,
  level: 1,
  children: null,
  content: '',
  markup: '-',
  info: '',
  meta: null,
  block: true,
  hidden: false
}
Token {
  type: 'list_item_open',
  tag: 'li',
  attrs: null,
  map: [ 5, 7 ],
  nesting: 1,
  level: 1,
  children: null,
  content: '',
  markup: '-',
  info: '',
  meta: null,
  block: true,
  hidden: false
}
Token {
  type: 'paragraph_open',
  tag: 'p',
  attrs: null,
  map: [ 5, 7 ],
  nesting: 1,
  level: 2,
  children: null,
  content: '',
  markup: '',
  info: '',
  meta: null,
  block: true,
  hidden: true
}
Token {
  type: 'inline',
  tag: '',
  attrs: null,
  map: [ 5, 7 ],
  nesting: 0,
  level: 3,
  children: [
    Token {
      type: 'text',
      tag: '',
      attrs: null,
      map: null,
      nesting: 0,
      level: 0,
      children: null,
      content: 'markdown',
      markup: '',
      info: '',
      meta: null,
      block: false,
      hidden: false
    },
    Token {
      type: 'softbreak',
      tag: 'br',
      attrs: null,
      map: null,
      nesting: 0,
      level: 0,
      children: null,
      content: '',
      markup: '',
      info: '',
      meta: null,
      block: false,
      hidden: false
    },
    Token {
      type: 'text',
      tag: '',
      attrs: null,
      map: null,
      nesting: 0,
      level: 0,
      children: null,
      content: 'description: this is the demo for vitepress',
      markup: '',
      info: '',
      meta: null,
      block: false,
      hidden: false
    }
  ],
  content: 'markdown\ndescription: this is the demo for vitepress',
  markup: '',
  info: '',
  meta: null,
  block: true,
  hidden: false
}
Token {
  type: 'paragraph_close',
  tag: 'p',
  attrs: null,
  map: null,
  nesting: -1,
  level: 2,
  children: null,
  content: '',
  markup: '',
  info: '',
  meta: null,
  block: true,
  hidden: true
}
Token {
  type: 'list_item_close',
  tag: 'li',
  attrs: null,
  map: null,
  nesting: -1,
  level: 1,
  children: null,
  content: '',
  markup: '-',
  info: '',
  meta: null,
  block: true,
  hidden: false
}
Token {
  type: 'bullet_list_close',
  tag: 'ul',
  attrs: null,
  map: null,
  nesting: -1,
  level: 0,
  children: null,
  content: '',
  markup: '-',
  info: '',
  meta: null,
  block: true,
  hidden: false
}
Token {
  type: 'hr',
  tag: 'hr',
  attrs: null,
  map: [ 7, 8 ],
  nesting: 0,
  level: 0,
  children: null,
  content: '',
  markup: '---',
  info: '',
  meta: null,
  block: true,
  hidden: false
}
Token {
  type: 'heading_open',
  tag: 'h1',
  attrs: null,
  map: [ 9, 10 ],
  nesting: 1,
  level: 0,
  children: null,
  content: '',
  markup: '#',
  info: '',
  meta: null,
  block: true,
  hidden: false
}
Token {
  type: 'inline',
  tag: '',
  attrs: null,
  map: [ 9, 10 ],
  nesting: 0,
  level: 1,
  children: [
    Token {
      type: 'text',
      tag: '',
      attrs: null,
      map: null,
      nesting: 0,
      level: 0,
      children: null,
      content: 'h1',
      markup: '',
      info: '',
      meta: null,
      block: false,
      hidden: false
    }
  ],
  content: 'h1',
  markup: '',
  info: '',
  meta: null,
  block: true,
  hidden: false
}
Token {
  type: 'heading_close',
  tag: 'h1',
  attrs: null,
  map: null,
  nesting: -1,
  level: 0,
  children: null,
  content: '',
  markup: '#',
  info: '',
  meta: null,
  block: true,
  hidden: false
}
Token {
  type: 'heading_open',
  tag: 'h3',
  attrs: null,
  map: [ 11, 12 ],
  nesting: 1,
  level: 0,
  children: null,
  content: '',
  markup: '###',
  info: '',
  meta: null,
  block: true,
  hidden: false
}
Token {
  type: 'inline',
  tag: '',
  attrs: null,
  map: [ 11, 12 ],
  nesting: 0,
  level: 1,
  children: [
    Token {
      type: 'text',
      tag: '',
      attrs: null,
      map: null,
      nesting: 0,
      level: 0,
      children: null,
      content: '3.5 说明',
      markup: '',
      info: '',
      meta: null,
      block: false,
      hidden: false
    }
  ],
  content: '3.5 说明',
  markup: '',
  info: '',
  meta: null,
  block: true,
  hidden: false
}
Token {
  type: 'heading_close',
  tag: 'h3',
  attrs: null,
  map: null,
  nesting: -1,
  level: 0,
  children: null,
  content: '',
  markup: '###',
  info: '',
  meta: null,
  block: true,
  hidden: false
}
Token {
  type: 'bullet_list_open',
  tag: 'ul',
  attrs: null,
  map: [ 13, 14 ],
  nesting: 1,
  level: 0,
  children: null,
  content: '',
  markup: '-',
  info: '',
  meta: null,
  block: true,
  hidden: false
}
Token {
  type: 'list_item_open',
  tag: 'li',
  attrs: null,
  map: [ 13, 14 ],
  nesting: 1,
  level: 1,
  children: null,
  content: '',
  markup: '-',
  info: '',
  meta: null,
  block: true,
  hidden: false
}
Token {
  type: 'paragraph_open',
  tag: 'p',
  attrs: null,
  map: [ 13, 14 ],
  nesting: 1,
  level: 2,
  children: null,
  content: '',
  markup: '',
  info: '',
  meta: null,
  block: true,
  hidden: true
}
Token {
  type: 'inline',
  tag: '',
  attrs: null,
  map: [ 13, 14 ],
  nesting: 0,
  level: 3,
  children: [
    Token {
      type: 'text',
      tag: '',
      attrs: null,
      map: null,
      nesting: 0,
      level: 0,
      children: null,
      content: '本文档并非生产环境下的部署，主要目的是为了探索 ',
      markup: '',
      info: '',
      meta: null,
      block: false,
      hidden: false
    },
    Token {
      type: 'code_inline',
      tag: 'code',
      attrs: null,
      map: null,
      nesting: 0,
      level: 0,
      children: null,
      content: 'mysql',
      markup: '`',
      info: '',
      meta: null,
      block: false,
      hidden: false
    },
    Token {
      type: 'text',
      tag: '',
      attrs: null,
      map: null,
      nesting: 0,
      level: 0,
      children: null,
      content: ' 源码，因此，未进行 ',
      markup: '',
      info: '',
      meta: null,
      block: false,
      hidden: false
    },
    Token {
      type: 'code_inline',
      tag: 'code',
      attrs: null,
      map: null,
      nesting: 0,
      level: 0,
      children: null,
      content: 'systemctl',
      markup: '`',
      info: '',
      meta: null,
      block: false,
      hidden: false
    },
    Token {
      type: 'text',
      tag: '',
      attrs: null,
      map: null,
      nesting: 0,
      level: 0,
      children: null,
      content: ' 等实际生产环境下的部署操作。',
      markup: '',
      info: '',
      meta: null,
      block: false,
      hidden: false
    }
  ],
  content: '本文档并非生产环境下的部署，主要目的是为了探索 `mysql` 源码，因此，未进行 `systemctl` 等实际生产环境下的部署操作。',
  markup: '',
  info: '',
  meta: null,
  block: true,
  hidden: false
}
Token {
  type: 'paragraph_close',
  tag: 'p',
  attrs: null,
  map: null,
  nesting: -1,
  level: 2,
  children: null,
  content: '',
  markup: '',
  info: '',
  meta: null,
  block: true,
  hidden: true
}
Token {
  type: 'list_item_close',
  tag: 'li',
  attrs: null,
  map: null,
  nesting: -1,
  level: 1,
  children: null,
  content: '',
  markup: '-',
  info: '',
  meta: null,
  block: true,
  hidden: false
}
Token {
  type: 'bullet_list_close',
  tag: 'ul',
  attrs: null,
  map: null,
  nesting: -1,
  level: 0,
  children: null,
  content: '',
  markup: '-',
  info: '',
  meta: null,
  block: true,
  hidden: false
}
Token {
  type: 'hr',
  tag: 'hr',
  attrs: null,
  map: [ 0, 1 ],
  nesting: 0,
  level: 0,
  children: null,
  content: '',
  markup: '---',
  info: '',
  meta: null,
  block: true,
  hidden: false
}
Token {
  type: 'paragraph_open',
  tag: 'p',
  attrs: null,
  map: [ 1, 4 ],
  nesting: 1,
  level: 0,
  children: null,
  content: '',
  markup: '',
  info: '',
  meta: null,
  block: true,
  hidden: false
}
Token {
  type: 'inline',
  tag: '',
  attrs: null,
  map: [ 1, 4 ],
  nesting: 0,
  level: 1,
  children: [
    Token {
      type: 'text',
      tag: '',
      attrs: null,
      map: null,
      nesting: 0,
      level: 0,
      children: null,
      content: 'date: 2021-06-30',
      markup: '',
      info: '',
      meta: null,
      block: false,
      hidden: false
    },
    Token {
      type: 'softbreak',
      tag: 'br',
      attrs: null,
      map: null,
      nesting: 0,
      level: 0,
      children: null,
      content: '',
      markup: '',
      info: '',
      meta: null,
      block: false,
      hidden: false
    },
    Token {
      type: 'text',
      tag: '',
      attrs: null,
      map: null,
      nesting: 0,
      level: 0,
      children: null,
      content: 'title: new-demo',
      markup: '',
      info: '',
      meta: null,
      block: false,
      hidden: false
    },
    Token {
      type: 'softbreak',
      tag: 'br',
      attrs: null,
      map: null,
      nesting: 0,
      level: 0,
      children: null,
      content: '',
      markup: '',
      info: '',
      meta: null,
      block: false,
      hidden: false
    },
    Token {
      type: 'text',
      tag: '',
      attrs: null,
      map: null,
      nesting: 0,
      level: 0,
      children: null,
      content: 'tags:',
      markup: '',
      info: '',
      meta: null,
      block: false,
      hidden: false
    }
  ],
  content: 'date: 2021-06-30\ntitle: new-demo\ntags:',
  markup: '',
  info: '',
  meta: null,
  block: true,
  hidden: false
}
Token {
  type: 'paragraph_close',
  tag: 'p',
  attrs: null,
  map: null,
  nesting: -1,
  level: 0,
  children: null,
  content: '',
  markup: '',
  info: '',
  meta: null,
  block: true,
  hidden: false
}
Token {
  type: 'bullet_list_open',
  tag: 'ul',
  attrs: null,
  map: [ 4, 9 ],
  nesting: 1,
  level: 0,
  children: null,
  content: '',
  markup: '-',
  info: '',
  meta: null,
  block: true,
  hidden: false
}
Token {
  type: 'list_item_open',
  tag: 'li',
  attrs: null,
  map: [ 4, 5 ],
  nesting: 1,
  level: 1,
  children: null,
  content: '',
  markup: '-',
  info: '',
  meta: null,
  block: true,
  hidden: false
}
Token {
  type: 'paragraph_open',
  tag: 'p',
  attrs: null,
  map: [ 4, 5 ],
  nesting: 1,
  level: 2,
  children: null,
  content: '',
  markup: '',
  info: '',
  meta: null,
  block: true,
  hidden: true
}
Token {
  type: 'inline',
  tag: '',
  attrs: null,
  map: [ 4, 5 ],
  nesting: 0,
  level: 3,
  children: [
    Token {
      type: 'text',
      tag: '',
      attrs: null,
      map: null,
      nesting: 0,
      level: 0,
      children: null,
      content: 'vitepress',
      markup: '',
      info: '',
      meta: null,
      block: false,
      hidden: false
    }
  ],
  content: 'vitepress',
  markup: '',
  info: '',
  meta: null,
  block: true,
  hidden: false
}
Token {
  type: 'paragraph_close',
  tag: 'p',
  attrs: null,
  map: null,
  nesting: -1,
  level: 2,
  children: null,
  content: '',
  markup: '',
  info: '',
  meta: null,
  block: true,
  hidden: true
}
Token {
  type: 'list_item_close',
  tag: 'li',
  attrs: null,
  map: null,
  nesting: -1,
  level: 1,
  children: null,
  content: '',
  markup: '-',
  info: '',
  meta: null,
  block: true,
  hidden: false
}
Token {
  type: 'list_item_open',
  tag: 'li',
  attrs: null,
  map: [ 5, 6 ],
  nesting: 1,
  level: 1,
  children: null,
  content: '',
  markup: '-',
  info: '',
  meta: null,
  block: true,
  hidden: false
}
Token {
  type: 'paragraph_open',
  tag: 'p',
  attrs: null,
  map: [ 5, 6 ],
  nesting: 1,
  level: 2,
  children: null,
  content: '',
  markup: '',
  info: '',
  meta: null,
  block: true,
  hidden: true
}
Token {
  type: 'inline',
  tag: '',
  attrs: null,
  map: [ 5, 6 ],
  nesting: 0,
  level: 3,
  children: [
    Token {
      type: 'text',
      tag: '',
      attrs: null,
      map: null,
      nesting: 0,
      level: 0,
      children: null,
      content: '22222',
      markup: '',
      info: '',
      meta: null,
      block: false,
      hidden: false
    }
  ],
  content: '22222',
  markup: '',
  info: '',
  meta: null,
  block: true,
  hidden: false
}
Token {
  type: 'paragraph_close',
  tag: 'p',
  attrs: null,
  map: null,
  nesting: -1,
  level: 2,
  children: null,
  content: '',
  markup: '',
  info: '',
  meta: null,
  block: true,
  hidden: true
}
Token {
  type: 'list_item_close',
  tag: 'li',
  attrs: null,
  map: null,
  nesting: -1,
  level: 1,
  children: null,
  content: '',
  markup: '-',
  info: '',
  meta: null,
  block: true,
  hidden: false
}
Token {
  type: 'list_item_open',
  tag: 'li',
  attrs: null,
  map: [ 6, 7 ],
  nesting: 1,
  level: 1,
  children: null,
  content: '',
  markup: '-',
  info: '',
  meta: null,
  block: true,
  hidden: false
}
Token {
  type: 'paragraph_open',
  tag: 'p',
  attrs: null,
  map: [ 6, 7 ],
  nesting: 1,
  level: 2,
  children: null,
  content: '',
  markup: '',
  info: '',
  meta: null,
  block: true,
  hidden: true
}
Token {
  type: 'inline',
  tag: '',
  attrs: null,
  map: [ 6, 7 ],
  nesting: 0,
  level: 3,
  children: [
    Token {
      type: 'text',
      tag: '',
      attrs: null,
      map: null,
      nesting: 0,
      level: 0,
      children: null,
      content: 'demo',
      markup: '',
      info: '',
      meta: null,
      block: false,
      hidden: false
    }
  ],
  content: 'demo',
  markup: '',
  info: '',
  meta: null,
  block: true,
  hidden: false
}
Token {
  type: 'paragraph_close',
  tag: 'p',
  attrs: null,
  map: null,
  nesting: -1,
  level: 2,
  children: null,
  content: '',
  markup: '',
  info: '',
  meta: null,
  block: true,
  hidden: true
}
Token {
  type: 'list_item_close',
  tag: 'li',
  attrs: null,
  map: null,
  nesting: -1,
  level: 1,
  children: null,
  content: '',
  markup: '-',
  info: '',
  meta: null,
  block: true,
  hidden: false
}
Token {
  type: 'list_item_open',
  tag: 'li',
  attrs: null,
  map: [ 7, 9 ],
  nesting: 1,
  level: 1,
  children: null,
  content: '',
  markup: '-',
  info: '',
  meta: null,
  block: true,
  hidden: false
}
Token {
  type: 'paragraph_open',
  tag: 'p',
  attrs: null,
  map: [ 7, 9 ],
  nesting: 1,
  level: 2,
  children: null,
  content: '',
  markup: '',
  info: '',
  meta: null,
  block: true,
  hidden: true
}
Token {
  type: 'inline',
  tag: '',
  attrs: null,
  map: [ 7, 9 ],
  nesting: 0,
  level: 3,
  children: [
    Token {
      type: 'text',
      tag: '',
      attrs: null,
      map: null,
      nesting: 0,
      level: 0,
      children: null,
      content: 'aaa',
      markup: '',
      info: '',
      meta: null,
      block: false,
      hidden: false
    },
    Token {
      type: 'softbreak',
      tag: 'br',
      attrs: null,
      map: null,
      nesting: 0,
      level: 0,
      children: null,
      content: '',
      markup: '',
      info: '',
      meta: null,
      block: false,
      hidden: false
    },
    Token {
      type: 'text',
      tag: '',
      attrs: null,
      map: null,
      nesting: 0,
      level: 0,
      children: null,
      content: 'description: this is the demo aaaa',
      markup: '',
      info: '',
      meta: null,
      block: false,
      hidden: false
    }
  ],
  content: 'aaa\ndescription: this is the demo aaaa',
  markup: '',
  info: '',
  meta: null,
  block: true,
  hidden: false
}
Token {
  type: 'paragraph_close',
  tag: 'p',
  attrs: null,
  map: null,
  nesting: -1,
  level: 2,
  children: null,
  content: '',
  markup: '',
  info: '',
  meta: null,
  block: true,
  hidden: true
}
Token {
  type: 'list_item_close',
  tag: 'li',
  attrs: null,
  map: null,
  nesting: -1,
  level: 1,
  children: null,
  content: '',
  markup: '-',
  info: '',
  meta: null,
  block: true,
  hidden: false
}
Token {
  type: 'bullet_list_close',
  tag: 'ul',
  attrs: null,
  map: null,
  nesting: -1,
  level: 0,
  children: null,
  content: '',
  markup: '-',
  info: '',
  meta: null,
  block: true,
  hidden: false
}
Token {
  type: 'hr',
  tag: 'hr',
  attrs: null,
  map: [ 9, 10 ],
  nesting: 0,
  level: 0,
  children: null,
  content: '',
  markup: '---',
  info: '',
  meta: null,
  block: true,
  hidden: false
}
Token {
  type: 'heading_open',
  tag: 'h1',
  attrs: null,
  map: [ 11, 12 ],
  nesting: 1,
  level: 0,
  children: null,
  content: '',
  markup: '#',
  info: '',
  meta: null,
  block: true,
  hidden: false
}
Token {
  type: 'inline',
  tag: '',
  attrs: null,
  map: [ 11, 12 ],
  nesting: 0,
  level: 1,
  children: [
    Token {
      type: 'text',
      tag: '',
      attrs: null,
      map: null,
      nesting: 0,
      level: 0,
      children: null,
      content: 'new-demo',
      markup: '',
      info: '',
      meta: null,
      block: false,
      hidden: false
    }
  ],
  content: 'new-demo',
  markup: '',
  info: '',
  meta: null,
  block: true,
  hidden: false
}
Token {
  type: 'heading_close',
  tag: 'h1',
  attrs: null,
  map: null,
  nesting: -1,
  level: 0,
  children: null,
  content: '',
  markup: '#',
  info: '',
  meta: null,
  block: true,
  hidden: false
}
Token {
  type: 'hr',
  tag: 'hr',
  attrs: null,
  map: [ 0, 1 ],
  nesting: 0,
  level: 0,
  children: null,
  content: '',
  markup: '---',
  info: '',
  meta: null,
  block: true,
  hidden: false
}
Token {
  type: 'paragraph_open',
  tag: 'p',
  attrs: null,
  map: [ 1, 4 ],
  nesting: 1,
  level: 0,
  children: null,
  content: '',
  markup: '',
  info: '',
  meta: null,
  block: true,
  hidden: false
}
Token {
  type: 'inline',
  tag: '',
  attrs: null,
  map: [ 1, 4 ],
  nesting: 0,
  level: 1,
  children: [
    Token {
      type: 'text',
      tag: '',
      attrs: null,
      map: null,
      nesting: 0,
      level: 0,
      children: null,
      content: 'date: 2021-06-30',
      markup: '',
      info: '',
      meta: null,
      block: false,
      hidden: false
    },
    Token {
      type: 'softbreak',
      tag: 'br',
      attrs: null,
      map: null,
      nesting: 0,
      level: 0,
      children: null,
      content: '',
      markup: '',
      info: '',
      meta: null,
      block: false,
      hidden: false
    },
    Token {
      type: 'text',
      tag: '',
      attrs: null,
      map: null,
      nesting: 0,
      level: 0,
      children: null,
      content: 'title: aa',
      markup: '',
      info: '',
      meta: null,
      block: false,
      hidden: false
    },
    Token {
      type: 'softbreak',
      tag: 'br',
      attrs: null,
      map: null,
      nesting: 0,
      level: 0,
      children: null,
      content: '',
      markup: '',
      info: '',
      meta: null,
      block: false,
      hidden: false
    },
    Token {
      type: 'text',
      tag: '',
      attrs: null,
      map: null,
      nesting: 0,
      level: 0,
      children: null,
      content: 'tags:',
      markup: '',
      info: '',
      meta: null,
      block: false,
      hidden: false
    }
  ],
  content: 'date: 2021-06-30\ntitle: aa\ntags:',
  markup: '',
  info: '',
  meta: null,
  block: true,
  hidden: false
}
Token {
  type: 'paragraph_close',
  tag: 'p',
  attrs: null,
  map: null,
  nesting: -1,
  level: 0,
  children: null,
  content: '',
  markup: '',
  info: '',
  meta: null,
  block: true,
  hidden: false
}
Token {
  type: 'bullet_list_open',
  tag: 'ul',
  attrs: null,
  map: [ 4, 9 ],
  nesting: 1,
  level: 0,
  children: null,
  content: '',
  markup: '-',
  info: '',
  meta: null,
  block: true,
  hidden: false
}
Token {
  type: 'list_item_open',
  tag: 'li',
  attrs: null,
  map: [ 4, 5 ],
  nesting: 1,
  level: 1,
  children: null,
  content: '',
  markup: '-',
  info: '',
  meta: null,
  block: true,
  hidden: false
}
Token {
  type: 'paragraph_open',
  tag: 'p',
  attrs: null,
  map: [ 4, 5 ],
  nesting: 1,
  level: 2,
  children: null,
  content: '',
  markup: '',
  info: '',
  meta: null,
  block: true,
  hidden: true
}
Token {
  type: 'inline',
  tag: '',
  attrs: null,
  map: [ 4, 5 ],
  nesting: 0,
  level: 3,
  children: [
    Token {
      type: 'text',
      tag: '',
      attrs: null,
      map: null,
      nesting: 0,
      level: 0,
      children: null,
      content: 'vitepress',
      markup: '',
      info: '',
      meta: null,
      block: false,
      hidden: false
    }
  ],
  content: 'vitepress',
  markup: '',
  info: '',
  meta: null,
  block: true,
  hidden: false
}
Token {
  type: 'paragraph_close',
  tag: 'p',
  attrs: null,
  map: null,
  nesting: -1,
  level: 2,
  children: null,
  content: '',
  markup: '',
  info: '',
  meta: null,
  block: true,
  hidden: true
}
Token {
  type: 'list_item_close',
  tag: 'li',
  attrs: null,
  map: null,
  nesting: -1,
  level: 1,
  children: null,
  content: '',
  markup: '-',
  info: '',
  meta: null,
  block: true,
  hidden: false
}
Token {
  type: 'list_item_open',
  tag: 'li',
  attrs: null,
  map: [ 5, 6 ],
  nesting: 1,
  level: 1,
  children: null,
  content: '',
  markup: '-',
  info: '',
  meta: null,
  block: true,
  hidden: false
}
Token {
  type: 'paragraph_open',
  tag: 'p',
  attrs: null,
  map: [ 5, 6 ],
  nesting: 1,
  level: 2,
  children: null,
  content: '',
  markup: '',
  info: '',
  meta: null,
  block: true,
  hidden: true
}
Token {
  type: 'inline',
  tag: '',
  attrs: null,
  map: [ 5, 6 ],
  nesting: 0,
  level: 3,
  children: [
    Token {
      type: 'text',
      tag: '',
      attrs: null,
      map: null,
      nesting: 0,
      level: 0,
      children: null,
      content: 'markdown',
      markup: '',
      info: '',
      meta: null,
      block: false,
      hidden: false
    }
  ],
  content: 'markdown',
  markup: '',
  info: '',
  meta: null,
  block: true,
  hidden: false
}
Token {
  type: 'paragraph_close',
  tag: 'p',
  attrs: null,
  map: null,
  nesting: -1,
  level: 2,
  children: null,
  content: '',
  markup: '',
  info: '',
  meta: null,
  block: true,
  hidden: true
}
Token {
  type: 'list_item_close',
  tag: 'li',
  attrs: null,
  map: null,
  nesting: -1,
  level: 1,
  children: null,
  content: '',
  markup: '-',
  info: '',
  meta: null,
  block: true,
  hidden: false
}
Token {
  type: 'list_item_open',
  tag: 'li',
  attrs: null,
  map: [ 6, 7 ],
  nesting: 1,
  level: 1,
  children: null,
  content: '',
  markup: '-',
  info: '',
  meta: null,
  block: true,
  hidden: false
}
Token {
  type: 'paragraph_open',
  tag: 'p',
  attrs: null,
  map: [ 6, 7 ],
  nesting: 1,
  level: 2,
  children: null,
  content: '',
  markup: '',
  info: '',
  meta: null,
  block: true,
  hidden: true
}
Token {
  type: 'inline',
  tag: '',
  attrs: null,
  map: [ 6, 7 ],
  nesting: 0,
  level: 3,
  children: [
    Token {
      type: 'text',
      tag: '',
      attrs: null,
      map: null,
      nesting: 0,
      level: 0,
      children: null,
      content: 'UpperCase',
      markup: '',
      info: '',
      meta: null,
      block: false,
      hidden: false
    }
  ],
  content: 'UpperCase',
  markup: '',
  info: '',
  meta: null,
  block: true,
  hidden: false
}
Token {
  type: 'paragraph_close',
  tag: 'p',
  attrs: null,
  map: null,
  nesting: -1,
  level: 2,
  children: null,
  content: '',
  markup: '',
  info: '',
  meta: null,
  block: true,
  hidden: true
}
Token {
  type: 'list_item_close',
  tag: 'li',
  attrs: null,
  map: null,
  nesting: -1,
  level: 1,
  children: null,
  content: '',
  markup: '-',
  info: '',
  meta: null,
  block: true,
  hidden: false
}
Token {
  type: 'list_item_open',
  tag: 'li',
  attrs: null,
  map: [ 7, 9 ],
  nesting: 1,
  level: 1,
  children: null,
  content: '',
  markup: '-',
  info: '',
  meta: null,
  block: true,
  hidden: false
}
Token {
  type: 'paragraph_open',
  tag: 'p',
  attrs: null,
  map: [ 7, 9 ],
  nesting: 1,
  level: 2,
  children: null,
  content: '',
  markup: '',
  info: '',
  meta: null,
  block: true,
  hidden: true
}
Token {
  type: 'inline',
  tag: '',
  attrs: null,
  map: [ 7, 9 ],
  nesting: 0,
  level: 3,
  children: [
    Token {
      type: 'text',
      tag: '',
      attrs: null,
      map: null,
      nesting: 0,
      level: 0,
      children: null,
      content: '中文',
      markup: '',
      info: '',
      meta: null,
      block: false,
      hidden: false
    },
    Token {
      type: 'softbreak',
      tag: 'br',
      attrs: null,
      map: null,
      nesting: 0,
      level: 0,
      children: null,
      content: '',
      markup: '',
      info: '',
      meta: null,
      block: false,
      hidden: false
    },
    Token {
      type: 'text',
      tag: '',
      attrs: null,
      map: null,
      nesting: 0,
      level: 0,
      children: null,
      content: 'description: this is the demo for vitepress',
      markup: '',
      info: '',
      meta: null,
      block: false,
      hidden: false
    }
  ],
  content: '中文\ndescription: this is the demo for vitepress',
  markup: '',
  info: '',
  meta: null,
  block: true,
  hidden: false
}
Token {
  type: 'paragraph_close',
  tag: 'p',
  attrs: null,
  map: null,
  nesting: -1,
  level: 2,
  children: null,
  content: '',
  markup: '',
  info: '',
  meta: null,
  block: true,
  hidden: true
}
Token {
  type: 'list_item_close',
  tag: 'li',
  attrs: null,
  map: null,
  nesting: -1,
  level: 1,
  children: null,
  content: '',
  markup: '-',
  info: '',
  meta: null,
  block: true,
  hidden: false
}
Token {
  type: 'bullet_list_close',
  tag: 'ul',
  attrs: null,
  map: null,
  nesting: -1,
  level: 0,
  children: null,
  content: '',
  markup: '-',
  info: '',
  meta: null,
  block: true,
  hidden: false
}
Token {
  type: 'hr',
  tag: 'hr',
  attrs: null,
  map: [ 9, 10 ],
  nesting: 0,
  level: 0,
  children: null,
  content: '',
  markup: '---',
  info: '',
  meta: null,
  block: true,
  hidden: false
}
Token {
  type: 'heading_open',
  tag: 'h1',
  attrs: null,
  map: [ 11, 12 ],
  nesting: 1,
  level: 0,
  children: null,
  content: '',
  markup: '#',
  info: '',
  meta: null,
  block: true,
  hidden: false
}
Token {
  type: 'inline',
  tag: '',
  attrs: null,
  map: [ 11, 12 ],
  nesting: 0,
  level: 1,
  children: [
    Token {
      type: 'text',
      tag: '',
      attrs: null,
      map: null,
      nesting: 0,
      level: 0,
      children: null,
      content: 'aa',
      markup: '',
      info: '',
      meta: null,
      block: false,
      hidden: false
    }
  ],
  content: 'aa',
  markup: '',
  info: '',
  meta: null,
  block: true,
  hidden: false
}
Token {
  type: 'heading_close',
  tag: 'h1',
  attrs: null,
  map: null,
  nesting: -1,
  level: 0,
  children: null,
  content: '',
  markup: '#',
  info: '',
  meta: null,
  block: true,
  hidden: false
}
Token {
  type: 'heading_open',
  tag: 'h2',
  attrs: null,
  map: [ 13, 14 ],
  nesting: 1,
  level: 0,
  children: null,
  content: '',
  markup: '##',
  info: '',
  meta: null,
  block: true,
  hidden: false
}
Token {
  type: 'inline',
  tag: '',
  attrs: null,
  map: [ 13, 14 ],
  nesting: 0,
  level: 1,
  children: [
    Token {
      type: 'text',
      tag: '',
      attrs: null,
      map: null,
      nesting: 0,
      level: 0,
      children: null,
      content: 'bb',
      markup: '',
      info: '',
      meta: null,
      block: false,
      hidden: false
    }
  ],
  content: 'bb',
  markup: '',
  info: '',
  meta: null,
  block: true,
  hidden: false
}
Token {
  type: 'heading_close',
  tag: 'h2',
  attrs: null,
  map: null,
  nesting: -1,
  level: 0,
  children: null,
  content: '',
  markup: '##',
  info: '',
  meta: null,
  block: true,
  hidden: false
}
Token {
  type: 'heading_open',
  tag: 'h3',
  attrs: null,
  map: [ 15, 16 ],
  nesting: 1,
  level: 0,
  children: null,
  content: '',
  markup: '###',
  info: '',
  meta: null,
  block: true,
  hidden: false
}
Token {
  type: 'inline',
  tag: '',
  attrs: null,
  map: [ 15, 16 ],
  nesting: 0,
  level: 1,
  children: [
    Token {
      type: 'text',
      tag: '',
      attrs: null,
      map: null,
      nesting: 0,
      level: 0,
      children: null,
      content: 'cc',
      markup: '',
      info: '',
      meta: null,
      block: false,
      hidden: false
    }
  ],
  content: 'cc',
  markup: '',
  info: '',
  meta: null,
  block: true,
  hidden: false
}
Token {
  type: 'heading_close',
  tag: 'h3',
  attrs: null,
  map: null,
  nesting: -1,
  level: 0,
  children: null,
  content: '',
  markup: '###',
  info: '',
  meta: null,
  block: true,
  hidden: false
}
Token {
  type: 'paragraph_open',
  tag: 'p',
  attrs: null,
  map: [ 17, 18 ],
  nesting: 1,
  level: 0,
  children: null,
  content: '',
  markup: '',
  info: '',
  meta: null,
  block: true,
  hidden: false
}
Token {
  type: 'inline',
  tag: '',
  attrs: null,
  map: [ 17, 18 ],
  nesting: 0,
  level: 1,
  children: [
    Token {
      type: 'text',
      tag: '',
      attrs: null,
      map: null,
      nesting: 0,
      level: 0,
      children: null,
      content: '1111111111111111111111111111 333333333333333 333333333333333333333333333 222222222222222222222222',
      markup: '',
      info: '',
      meta: null,
      block: false,
      hidden: false
    }
  ],
  content: '1111111111111111111111111111 333333333333333 333333333333333333333333333 222222222222222222222222',
  markup: '',
  info: '',
  meta: null,
  block: true,
  hidden: false
}
Token {
  type: 'paragraph_close',
  tag: 'p',
  attrs: null,
  map: null,
  nesting: -1,
  level: 0,
  children: null,
  content: '',
  markup: '',
  info: '',
  meta: null,
  block: true,
  hidden: false
}
Token {
  type: 'paragraph_open',
  tag: 'p',
  attrs: null,
  map: [ 19, 20 ],
  nesting: 1,
  level: 0,
  children: null,
  content: '',
  markup: '',
  info: '',
  meta: null,
  block: true,
  hidden: false
}
Token {
  type: 'inline',
  tag: '',
  attrs: null,
  map: [ 19, 20 ],
  nesting: 0,
  level: 1,
  children: [
    Token {
      type: 'em_open',
      tag: 'em',
      attrs: null,
      map: null,
      nesting: 1,
      level: 0,
      children: null,
      content: '',
      markup: '_',
      info: '',
      meta: null,
      block: false,
      hidden: false
    },
    Token {
      type: 'text',
      tag: '',
      attrs: null,
      map: null,
      nesting: 0,
      level: 1,
      children: null,
      content: 'test',
      markup: '',
      info: '',
      meta: null,
      block: false,
      hidden: false
    },
    Token {
      type: 'em_close',
      tag: 'em',
      attrs: null,
      map: null,
      nesting: -1,
      level: 0,
      children: null,
      content: '',
      markup: '_',
      info: '',
      meta: null,
      block: false,
      hidden: false
    }
  ],
  content: '_test_',
  markup: '',
  info: '',
  meta: null,
  block: true,
  hidden: false
}
Token {
  type: 'paragraph_close',
  tag: 'p',
  attrs: null,
  map: null,
  nesting: -1,
  level: 0,
  children: null,
  content: '',
  markup: '',
  info: '',
  meta: null,
  block: true,
  hidden: false
}
Token {
  type: 'paragraph_open',
  tag: 'p',
  attrs: null,
  map: [ 21, 22 ],
  nesting: 1,
  level: 0,
  children: null,
  content: '',
  markup: '',
  info: '',
  meta: null,
  block: true,
  hidden: false
}
Token {
  type: 'inline',
  tag: '',
  attrs: null,
  map: [ 21, 22 ],
  nesting: 0,
  level: 1,
  children: [
    Token {
      type: 'text',
      tag: '',
      attrs: null,
      map: null,
      nesting: 0,
      level: 0,
      children: null,
      content: '',
      markup: '',
      info: '',
      meta: null,
      block: false,
      hidden: false
    },
    Token {
      type: 'strong_open',
      tag: 'strong',
      attrs: null,
      map: null,
      nesting: 1,
      level: 0,
      children: null,
      content: '',
      markup: '**',
      info: '',
      meta: null,
      block: false,
      hidden: false
    },
    Token {
      type: 'text',
      tag: '',
      attrs: null,
      map: null,
      nesting: 0,
      level: 1,
      children: null,
      content: 'strong',
      markup: '',
      info: '',
      meta: null,
      block: false,
      hidden: false
    },
    Token {
      type: 'strong_close',
      tag: 'strong',
      attrs: null,
      map: null,
      nesting: -1,
      level: 0,
      children: null,
      content: '',
      markup: '**',
      info: '',
      meta: null,
      block: false,
      hidden: false
    },
    Token {
      type: 'text',
      tag: '',
      attrs: null,
      map: null,
      nesting: 0,
      level: 0,
      children: null,
      content: '',
      markup: '',
      info: '',
      meta: null,
      block: false,
      hidden: false
    }
  ],
  content: '**strong**',
  markup: '',
  info: '',
  meta: null,
  block: true,
  hidden: false
}
Token {
  type: 'paragraph_close',
  tag: 'p',
  attrs: null,
  map: null,
  nesting: -1,
  level: 0,
  children: null,
  content: '',
  markup: '',
  info: '',
  meta: null,
  block: true,
  hidden: false
}
Token {
  type: 'paragraph_open',
  tag: 'p',
  attrs: null,
  map: [ 23, 24 ],
  nesting: 1,
  level: 0,
  children: null,
  content: '',
  markup: '',
  info: '',
  meta: null,
  block: true,
  hidden: false
}
Token {
  type: 'inline',
  tag: '',
  attrs: null,
  map: [ 23, 24 ],
  nesting: 0,
  level: 1,
  children: [
    Token {
      type: 'text',
      tag: '',
      attrs: null,
      map: null,
      nesting: 0,
      level: 0,
      children: null,
      content: '',
      markup: '',
      info: '',
      meta: null,
      block: false,
      hidden: false
    },
    Token {
      type: 'strong_open',
      tag: 'strong',
      attrs: null,
      map: null,
      nesting: 1,
      level: 0,
      children: null,
      content: '',
      markup: '**',
      info: '',
      meta: null,
      block: false,
      hidden: false
    },
    Token {
      type: 'em_open',
      tag: 'em',
      attrs: null,
      map: null,
      nesting: 1,
      level: 1,
      children: null,
      content: '',
      markup: '_',
      info: '',
      meta: null,
      block: false,
      hidden: false
    },
    Token {
      type: 'text',
      tag: '',
      attrs: null,
      map: null,
      nesting: 0,
      level: 2,
      children: null,
      content: 'strong and italic',
      markup: '',
      info: '',
      meta: null,
      block: false,
      hidden: false
    },
    Token {
      type: 'em_close',
      tag: 'em',
      attrs: null,
      map: null,
      nesting: -1,
      level: 1,
      children: null,
      content: '',
      markup: '_',
      info: '',
      meta: null,
      block: false,
      hidden: false
    },
    Token {
      type: 'strong_close',
      tag: 'strong',
      attrs: null,
      map: null,
      nesting: -1,
      level: 0,
      children: null,
      content: '',
      markup: '**',
      info: '',
      meta: null,
      block: false,
      hidden: false
    },
    Token {
      type: 'text',
      tag: '',
      attrs: null,
      map: null,
      nesting: 0,
      level: 0,
      children: null,
      content: '',
      markup: '',
      info: '',
      meta: null,
      block: false,
      hidden: false
    }
  ],
  content: '**_strong and italic_**',
  markup: '',
  info: '',
  meta: null,
  block: true,
  hidden: false
}
Token {
  type: 'paragraph_close',
  tag: 'p',
  attrs: null,
  map: null,
  nesting: -1,
  level: 0,
  children: null,
  content: '',
  markup: '',
  info: '',
  meta: null,
  block: true,
  hidden: false
}
Token {
  type: 'paragraph_open',
  tag: 'p',
  attrs: null,
  map: [ 25, 26 ],
  nesting: 1,
  level: 0,
  children: null,
  content: '',
  markup: '',
  info: '',
  meta: null,
  block: true,
  hidden: false
}
Token {
  type: 'inline',
  tag: '',
  attrs: null,
  map: [ 25, 26 ],
  nesting: 0,
  level: 1,
  children: [
    Token {
      type: 'code_inline',
      tag: 'code',
      attrs: null,
      map: null,
      nesting: 0,
      level: 0,
      children: null,
      content: 'demo',
      markup: '`',
      info: '',
      meta: null,
      block: false,
      hidden: false
    }
  ],
  content: '`demo`',
  markup: '',
  info: '',
  meta: null,
  block: true,
  hidden: false
}
Token {
  type: 'paragraph_close',
  tag: 'p',
  attrs: null,
  map: null,
  nesting: -1,
  level: 0,
  children: null,
  content: '',
  markup: '',
  info: '',
  meta: null,
  block: true,
  hidden: false
}
Token {
  type: 'fence',
  tag: 'code',
  attrs: null,
  map: [ 27, 30 ],
  nesting: 0,
  level: 0,
  children: null,
  content: "console.log('hello world')\n",
  markup: '```',
  info: 'js',
  meta: null,
  block: true,
  hidden: false
}
Token {
  type: 'paragraph_open',
  tag: 'p',
  attrs: null,
  map: [ 31, 32 ],
  nesting: 1,
  level: 0,
  children: null,
  content: '',
  markup: '',
  info: '',
  meta: null,
  block: true,
  hidden: false
}
Token {
  type: 'inline',
  tag: '',
  attrs: null,
  map: [ 31, 32 ],
  nesting: 0,
  level: 1,
  children: [
    Token {
      type: 'text',
      tag: '',
      attrs: null,
      map: null,
      nesting: 0,
      level: 0,
      children: null,
      content: '![](https://img-20221128.oss-cn-shanghai.aliyuncs.com/img-2023-05/202411291706301.png)',
      markup: '',
      info: '',
      meta: null,
      block: false,
      hidden: false
    }
  ],
  content: '![](https://img-20221128.oss-cn-shanghai.aliyuncs.com/img-2023-05/202411291706301.png)',
  markup: '',
  info: '',
  meta: null,
  block: true,
  hidden: false
}
Token {
  type: 'paragraph_close',
  tag: 'p',
  attrs: null,
  map: null,
  nesting: -1,
  level: 0,
  children: null,
  content: '',
  markup: '',
  info: '',
  meta: null,
  block: true,
  hidden: false
}
Token {
  type: 'paragraph_open',
  tag: 'p',
  attrs: null,
  map: [ 33, 34 ],
  nesting: 1,
  level: 0,
  children: null,
  content: '',
  markup: '',
  info: '',
  meta: null,
  block: true,
  hidden: false
}
Token {
  type: 'inline',
  tag: '',
  attrs: null,
  map: [ 33, 34 ],
  nesting: 0,
  level: 1,
  children: [
    Token {
      type: 'text',
      tag: '',
      attrs: null,
      map: null,
      nesting: 0,
      level: 0,
      children: null,
      content: '-222222222',
      markup: '',
      info: '',
      meta: null,
      block: false,
      hidden: false
    }
  ],
  content: '-222222222',
  markup: '',
  info: '',
  meta: null,
  block: true,
  hidden: false
}
Token {
  type: 'paragraph_close',
  tag: 'p',
  attrs: null,
  map: null,
  nesting: -1,
  level: 0,
  children: null,
  content: '',
  markup: '',
  info: '',
  meta: null,
  block: true,
  hidden: false
}
Token {
  type: 'bullet_list_open',
  tag: 'ul',
  attrs: null,
  map: [ 35, 38 ],
  nesting: 1,
  level: 0,
  children: null,
  content: '',
  markup: '-',
  info: '',
  meta: null,
  block: true,
  hidden: false
}
Token {
  type: 'list_item_open',
  tag: 'li',
  attrs: null,
  map: [ 35, 36 ],
  nesting: 1,
  level: 1,
  children: null,
  content: '',
  markup: '-',
  info: '',
  meta: null,
  block: true,
  hidden: false
}
Token {
  type: 'paragraph_open',
  tag: 'p',
  attrs: null,
  map: [ 35, 36 ],
  nesting: 1,
  level: 2,
  children: null,
  content: '',
  markup: '',
  info: '',
  meta: null,
  block: true,
  hidden: true
}
Token {
  type: 'inline',
  tag: '',
  attrs: null,
  map: [ 35, 36 ],
  nesting: 0,
  level: 3,
  children: [
    Token {
      type: 'text',
      tag: '',
      attrs: null,
      map: null,
      nesting: 0,
      level: 0,
      children: null,
      content: '[[111]]',
      markup: '',
      info: '',
      meta: null,
      block: false,
      hidden: false
    }
  ],
  content: '[[111]]',
  markup: '',
  info: '',
  meta: null,
  block: true,
  hidden: false
}
Token {
  type: 'paragraph_close',
  tag: 'p',
  attrs: null,
  map: null,
  nesting: -1,
  level: 2,
  children: null,
  content: '',
  markup: '',
  info: '',
  meta: null,
  block: true,
  hidden: true
}
Token {
  type: 'list_item_close',
  tag: 'li',
  attrs: null,
  map: null,
  nesting: -1,
  level: 1,
  children: null,
  content: '',
  markup: '-',
  info: '',
  meta: null,
  block: true,
  hidden: false
}
Token {
  type: 'list_item_open',
  tag: 'li',
  attrs: null,
  map: [ 36, 37 ],
  nesting: 1,
  level: 1,
  children: null,
  content: '',
  markup: '-',
  info: '',
  meta: null,
  block: true,
  hidden: false
}
Token {
  type: 'paragraph_open',
  tag: 'p',
  attrs: null,
  map: [ 36, 37 ],
  nesting: 1,
  level: 2,
  children: null,
  content: '',
  markup: '',
  info: '',
  meta: null,
  block: true,
  hidden: true
}
Token {
  type: 'inline',
  tag: '',
  attrs: null,
  map: [ 36, 37 ],
  nesting: 0,
  level: 3,
  children: [
    Token {
      type: 'text',
      tag: '',
      attrs: null,
      map: null,
      nesting: 0,
      level: 0,
      children: null,
      content: '[[demos/aaa]]',
      markup: '',
      info: '',
      meta: null,
      block: false,
      hidden: false
    }
  ],
  content: '[[demos/aaa]]',
  markup: '',
  info: '',
  meta: null,
  block: true,
  hidden: false
}
Token {
  type: 'paragraph_close',
  tag: 'p',
  attrs: null,
  map: null,
  nesting: -1,
  level: 2,
  children: null,
  content: '',
  markup: '',
  info: '',
  meta: null,
  block: true,
  hidden: true
}
Token {
  type: 'list_item_close',
  tag: 'li',
  attrs: null,
  map: null,
  nesting: -1,
  level: 1,
  children: null,
  content: '',
  markup: '-',
  info: '',
  meta: null,
  block: true,
  hidden: false
}
Token {
  type: 'list_item_open',
  tag: 'li',
  attrs: null,
  map: [ 37, 38 ],
  nesting: 1,
  level: 1,
  children: null,
  content: '',
  markup: '-',
  info: '',
  meta: null,
  block: true,
  hidden: false
}
Token {
  type: 'paragraph_open',
  tag: 'p',
  attrs: null,
  map: [ 37, 38 ],
  nesting: 1,
  level: 2,
  children: null,
  content: '',
  markup: '',
  info: '',
  meta: null,
  block: true,
  hidden: true
}
Token {
  type: 'inline',
  tag: '',
  attrs: null,
  map: [ 37, 38 ],
  nesting: 0,
  level: 3,
  children: [
    Token {
      type: 'link_open',
      tag: 'a',
      attrs: [Array],
      map: null,
      nesting: 1,
      level: 0,
      children: null,
      content: '',
      markup: '',
      info: '',
      meta: null,
      block: false,
      hidden: false
    },
    Token {
      type: 'text',
      tag: '',
      attrs: null,
      map: null,
      nesting: 0,
      level: 1,
      children: null,
      content: 'test',
      markup: '',
      info: '',
      meta: null,
      block: false,
      hidden: false
    },
    Token {
      type: 'link_close',
      tag: 'a',
      attrs: null,
      map: null,
      nesting: -1,
      level: 0,
      children: null,
      content: '',
      markup: '',
      info: '',
      meta: null,
      block: false,
      hidden: false
    }
  ],
  content: '[test](./111.md)',
  markup: '',
  info: '',
  meta: null,
  block: true,
  hidden: false
}
Token {
  type: 'paragraph_close',
  tag: 'p',
  attrs: null,
  map: null,
  nesting: -1,
  level: 2,
  children: null,
  content: '',
  markup: '',
  info: '',
  meta: null,
  block: true,
  hidden: true
}
Token {
  type: 'list_item_close',
  tag: 'li',
  attrs: null,
  map: null,
  nesting: -1,
  level: 1,
  children: null,
  content: '',
  markup: '-',
  info: '',
  meta: null,
  block: true,
  hidden: false
}
Token {
  type: 'bullet_list_close',
  tag: 'ul',
  attrs: null,
  map: null,
  nesting: -1,
  level: 0,
  children: null,
  content: '',
  markup: '-',
  info: '',
  meta: null,
  block: true,
  hidden: false
}
Token {
  type: 'hr',
  tag: 'hr',
  attrs: null,
  map: [ 0, 1 ],
  nesting: 0,
  level: 0,
  children: null,
  content: '',
  markup: '---',
  info: '',
  meta: null,
  block: true,
  hidden: false
}
Token {
  type: 'heading_open',
  tag: 'h2',
  attrs: null,
  map: [ 1, 7 ],
  nesting: 1,
  level: 0,
  children: null,
  content: '',
  markup: '-',
  info: '',
  meta: null,
  block: true,
  hidden: false
}
Token {
  type: 'inline',
  tag: '',
  attrs: null,
  map: [ 1, 6 ],
  nesting: 0,
  level: 1,
  children: [
    Token {
      type: 'text',
      tag: '',
      attrs: null,
      map: null,
      nesting: 0,
      level: 0,
      children: null,
      content: 'page: true',
      markup: '',
      info: '',
      meta: null,
      block: false,
      hidden: false
    },
    Token {
      type: 'softbreak',
      tag: 'br',
      attrs: null,
      map: null,
      nesting: 0,
      level: 0,
      children: null,
      content: '',
      markup: '',
      info: '',
      meta: null,
      block: false,
      hidden: false
    },
    Token {
      type: 'text',
      tag: '',
      attrs: null,
      map: null,
      nesting: 0,
      level: 0,
      children: null,
      content: 'title: Collections',
      markup: '',
      info: '',
      meta: null,
      block: false,
      hidden: false
    },
    Token {
      type: 'softbreak',
      tag: 'br',
      attrs: null,
      map: null,
      nesting: 0,
      level: 0,
      children: null,
      content: '',
      markup: '',
      info: '',
      meta: null,
      block: false,
      hidden: false
    },
    Token {
      type: 'text',
      tag: '',
      attrs: null,
      map: null,
      nesting: 0,
      level: 0,
      children: null,
      content: 'description: Tags',
      markup: '',
      info: '',
      meta: null,
      block: false,
      hidden: false
    },
    Token {
      type: 'softbreak',
      tag: 'br',
      attrs: null,
      map: null,
      nesting: 0,
      level: 0,
      children: null,
      content: '',
      markup: '',
      info: '',
      meta: null,
      block: false,
      hidden: false
    },
    Token {
      type: 'text',
      tag: '',
      attrs: null,
      map: null,
      nesting: 0,
      level: 0,
      children: null,
      content: 'aside: false',
      markup: '',
      info: '',
      meta: null,
      block: false,
      hidden: false
    },
    Token {
      type: 'softbreak',
      tag: 'br',
      attrs: null,
      map: null,
      nesting: 0,
      level: 0,
      children: null,
      content: '',
      markup: '',
      info: '',
      meta: null,
      block: false,
      hidden: false
    },
    Token {
      type: 'text',
      tag: '',
      attrs: null,
      map: null,
      nesting: 0,
      level: 0,
      children: null,
      content: 'date: 2020-09-01',
      markup: '',
      info: '',
      meta: null,
      block: false,
      hidden: false
    }
  ],
  content: 'page: true\n' +
    'title: Collections\n' +
    'description: Tags\n' +
    'aside: false\n' +
    'date: 2020-09-01',
  markup: '',
  info: '',
  meta: null,
  block: true,
  hidden: false
}
Token {
  type: 'heading_close',
  tag: 'h2',
  attrs: null,
  map: null,
  nesting: -1,
  level: 0,
  children: null,
  content: '',
  markup: '-',
  info: '',
  meta: null,
  block: true,
  hidden: false
}
Token {
  type: 'paragraph_open',
  tag: 'p',
  attrs: null,
  map: [ 8, 9 ],
  nesting: 1,
  level: 0,
  children: null,
  content: '',
  markup: '',
  info: '',
  meta: null,
  block: true,
  hidden: false
}
Token {
  type: 'inline',
  tag: '',
  attrs: null,
  map: [ 8, 9 ],
  nesting: 0,
  level: 1,
  children: [
    Token {
      type: 'text',
      tag: '',
      attrs: null,
      map: null,
      nesting: 0,
      level: 0,
      children: null,
      content: '<Collections/>',
      markup: '',
      info: '',
      meta: null,
      block: false,
      hidden: false
    }
  ],
  content: '<Collections/>',
  markup: '',
  info: '',
  meta: null,
  block: true,
  hidden: false
}
Token {
  type: 'paragraph_close',
  tag: 'p',
  attrs: null,
  map: null,
  nesting: -1,
  level: 0,
  children: null,
  content: '',
  markup: '',
  info: '',
  meta: null,
  block: true,
  hidden: false
}
Token {
  type: 'hr',
  tag: 'hr',
  attrs: null,
  map: [ 0, 1 ],
  nesting: 0,
  level: 0,
  children: null,
  content: '',
  markup: '---',
  info: '',
  meta: null,
  block: true,
  hidden: false
}
Token {
  type: 'heading_open',
  tag: 'h2',
  attrs: null,
  map: [ 1, 3 ],
  nesting: 1,
  level: 0,
  children: null,
  content: '',
  markup: '-',
  info: '',
  meta: null,
  block: true,
  hidden: false
}
Token {
  type: 'inline',
  tag: '',
  attrs: null,
  map: [ 1, 2 ],
  nesting: 0,
  level: 1,
  children: [
    Token {
      type: 'text',
      tag: '',
      attrs: null,
      map: null,
      nesting: 0,
      level: 0,
      children: null,
      content: 'layout: home',
      markup: '',
      info: '',
      meta: null,
      block: false,
      hidden: false
    }
  ],
  content: 'layout: home',
  markup: '',
  info: '',
  meta: null,
  block: true,
  hidden: false
}
Token {
  type: 'heading_close',
  tag: 'h2',
  attrs: null,
  map: null,
  nesting: -1,
  level: 0,
  children: null,
  content: '',
  markup: '-',
  info: '',
  meta: null,
  block: true,
  hidden: false
}
Token {
  type: 'paragraph_open',
  tag: 'p',
  attrs: null,
  map: [ 4, 5 ],
  nesting: 1,
  level: 0,
  children: null,
  content: '',
  markup: '',
  info: '',
  meta: null,
  block: true,
  hidden: false
}
Token {
  type: 'inline',
  tag: '',
  attrs: null,
  map: [ 4, 5 ],
  nesting: 0,
  level: 1,
  children: [
    Token {
      type: 'text',
      tag: '',
      attrs: null,
      map: null,
      nesting: 0,
      level: 0,
      children: null,
      content: '<Homepage />',
      markup: '',
      info: '',
      meta: null,
      block: false,
      hidden: false
    }
  ],
  content: '<Homepage />',
  markup: '',
  info: '',
  meta: null,
  block: true,
  hidden: false
}
Token {
  type: 'paragraph_close',
  tag: 'p',
  attrs: null,
  map: null,
  nesting: -1,
  level: 0,
  children: null,
  content: '',
  markup: '',
  info: '',
  meta: null,
  block: true,
  hidden: false
}
Token {
  type: 'hr',
  tag: 'hr',
  attrs: null,
  map: [ 0, 1 ],
  nesting: 0,
  level: 0,
  children: null,
  content: '',
  markup: '---',
  info: '',
  meta: null,
  block: true,
  hidden: false
}
Token {
  type: 'heading_open',
  tag: 'h2',
  attrs: null,
  map: [ 1, 6 ],
  nesting: 1,
  level: 0,
  children: null,
  content: '',
  markup: '-',
  info: '',
  meta: null,
  block: true,
  hidden: false
}
Token {
  type: 'inline',
  tag: '',
  attrs: null,
  map: [ 1, 5 ],
  nesting: 0,
  level: 1,
  children: [
    Token {
      type: 'text',
      tag: '',
      attrs: null,
      map: null,
      nesting: 0,
      level: 0,
      children: null,
      content: 'title: home',
      markup: '',
      info: '',
      meta: null,
      block: false,
      hidden: false
    },
    Token {
      type: 'softbreak',
      tag: 'br',
      attrs: null,
      map: null,
      nesting: 0,
      level: 0,
      children: null,
      content: '',
      markup: '',
      info: '',
      meta: null,
      block: false,
      hidden: false
    },
    Token {
      type: 'text',
      tag: '',
      attrs: null,
      map: null,
      nesting: 0,
      level: 0,
      children: null,
      content: 'aside: false',
      markup: '',
      info: '',
      meta: null,
      block: false,
      hidden: false
    },
    Token {
      type: 'softbreak',
      tag: 'br',
      attrs: null,
      map: null,
      nesting: 0,
      level: 0,
      children: null,
      content: '',
      markup: '',
      info: '',
      meta: null,
      block: false,
      hidden: false
    },
    Token {
      type: 'text',
      tag: '',
      attrs: null,
      map: null,
      nesting: 0,
      level: 0,
      children: null,
      content: 'sidebar: false',
      markup: '',
      info: '',
      meta: null,
      block: false,
      hidden: false
    },
    Token {
      type: 'softbreak',
      tag: 'br',
      attrs: null,
      map: null,
      nesting: 0,
      level: 0,
      children: null,
      content: '',
      markup: '',
      info: '',
      meta: null,
      block: false,
      hidden: false
    },
    Token {
      type: 'text',
      tag: '',
      attrs: null,
      map: null,
      nesting: 0,
      level: 0,
      children: null,
      content: 'layout: page',
      markup: '',
      info: '',
      meta: null,
      block: false,
      hidden: false
    }
  ],
  content: 'title: home\naside: false\nsidebar: false\nlayout: page',
  markup: '',
  info: '',
  meta: null,
  block: true,
  hidden: false
}
Token {
  type: 'heading_close',
  tag: 'h2',
  attrs: null,
  map: null,
  nesting: -1,
  level: 0,
  children: null,
  content: '',
  markup: '-',
  info: '',
  meta: null,
  block: true,
  hidden: false
}
Token {
  type: 'paragraph_open',
  tag: 'p',
  attrs: null,
  map: [ 6, 13 ],
  nesting: 1,
  level: 0,
  children: null,
  content: '',
  markup: '',
  info: '',
  meta: null,
  block: true,
  hidden: false
}
Token {
  type: 'inline',
  tag: '',
  attrs: null,
  map: [ 6, 13 ],
  nesting: 0,
  level: 1,
  children: [
    Token {
      type: 'text',
      tag: '',
      attrs: null,
      map: null,
      nesting: 0,
      level: 0,
      children: null,
      content: '<script setup>',
      markup: '',
      info: '',
      meta: null,
      block: false,
      hidden: false
    },
    Token {
      type: 'softbreak',
      tag: 'br',
      attrs: null,
      map: null,
      nesting: 0,
      level: 0,
      children: null,
      content: '',
      markup: '',
      info: '',
      meta: null,
      block: false,
      hidden: false
    },
    Token {
      type: 'text',
      tag: '',
      attrs: null,
      map: null,
      nesting: 0,
      level: 0,
      children: null,
      content: 'import BlogContainer from "../../.vitepress/theme/components/page/BlogContainer.vue";',
      markup: '',
      info: '',
      meta: null,
      block: false,
      hidden: false
    },
    Token {
      type: 'softbreak',
      tag: 'br',
      attrs: null,
      map: null,
      nesting: 0,
      level: 0,
      children: null,
      content: '',
      markup: '',
      info: '',
      meta: null,
      block: false,
      hidden: false
    },
    Token {
      type: 'text',
      tag: '',
      attrs: null,
      map: null,
      nesting: 0,
      level: 0,
      children: null,
      content: 'import { useData } from "vitepress";',
      markup: '',
      info: '',
      meta: null,
      block: false,
      hidden: false
    },
    Token {
      type: 'softbreak',
      tag: 'br',
      attrs: null,
      map: null,
      nesting: 0,
      level: 0,
      children: null,
      content: '',
      markup: '',
      info: '',
      meta: null,
      block: false,
      hidden: false
    },
    Token {
      type: 'text',
      tag: '',
      attrs: null,
      map: null,
      nesting: 0,
      level: 0,
      children: null,
      content: 'const { theme } = useData();',
      markup: '',
      info: '',
      meta: null,
      block: false,
      hidden: false
    },
    Token {
      type: 'softbreak',
      tag: 'br',
      attrs: null,
      map: null,
      nesting: 0,
      level: 0,
      children: null,
      content: '',
      markup: '',
      info: '',
      meta: null,
      block: false,
      hidden: false
    },
    Token {
      type: 'text',
      tag: '',
      attrs: null,
      map: null,
      nesting: 0,
      level: 0,
      children: null,
      content: 'const posts = theme.value.posts.slice(0,10)',
      markup: '',
      info: '',
      meta: null,
      block: false,
      hidden: false
    },
    Token {
      type: 'softbreak',
      tag: 'br',
      attrs: null,
      map: null,
      nesting: 0,
      level: 0,
      children: null,
      content: '',
      markup: '',
      info: '',
      meta: null,
      block: false,
      hidden: false
    },
    Token {
      type: 'text',
      tag: '',
      attrs: null,
      map: null,
      nesting: 0,
      level: 0,
      children: null,
      content: '</script>',
      markup: '',
      info: '',
      meta: null,
      block: false,
      hidden: false
    },
    Token {
      type: 'softbreak',
      tag: 'br',
      attrs: null,
      map: null,
      nesting: 0,
      level: 0,
      children: null,
      content: '',
      markup: '',
      info: '',
      meta: null,
      block: false,
      hidden: false
    },
    Token {
      type: 'text',
      tag: '',
      attrs: null,
      map: null,
      nesting: 0,
      level: 0,
      children: null,
      content: '<BlogContainer :posts="posts" :pageCurrent="1" :pagesNum="1" />',
      markup: '',
      info: '',
      meta: null,
      block: false,
      hidden: false
    }
  ],
  content: '<script setup>\n' +
    'import BlogContainer from "../../.vitepress/theme/components/page/BlogContainer.vue";\n' +
    'import { useData } from "vitepress";\n' +
    'const { theme } = useData();\n' +
    'const posts = theme.value.posts.slice(0,10)\n' +
    '</script>\n' +
    '<BlogContainer :posts="posts" :pageCurrent="1" :pagesNum="1" />',
  markup: '',
  info: '',
  meta: null,
  block: true,
  hidden: false
}
Token {
  type: 'paragraph_close',
  tag: 'p',
  attrs: null,
  map: null,
  nesting: -1,
  level: 0,
  children: null,
  content: '',
  markup: '',
  info: '',
  meta: null,
  block: true,
  hidden: false
}
Token {
  type: 'hr',
  tag: 'hr',
  attrs: null,
  map: [ 0, 1 ],
  nesting: 0,
  level: 0,
  children: null,
  content: '',
  markup: '---',
  info: '',
  meta: null,
  block: true,
  hidden: false
}
Token {
  type: 'heading_open',
  tag: 'h2',
  attrs: null,
  map: [ 1, 7 ],
  nesting: 1,
  level: 0,
  children: null,
  content: '',
  markup: '-',
  info: '',
  meta: null,
  block: true,
  hidden: false
}
Token {
  type: 'inline',
  tag: '',
  attrs: null,
  map: [ 1, 6 ],
  nesting: 0,
  level: 1,
  children: [
    Token {
      type: 'text',
      tag: '',
      attrs: null,
      map: null,
      nesting: 0,
      level: 0,
      children: null,
      content: 'layout: page',
      markup: '',
      info: '',
      meta: null,
      block: false,
      hidden: false
    },
    Token {
      type: 'softbreak',
      tag: 'br',
      attrs: null,
      map: null,
      nesting: 0,
      level: 0,
      children: null,
      content: '',
      markup: '',
      info: '',
      meta: null,
      block: false,
      hidden: false
    },
    Token {
      type: 'text',
      tag: '',
      attrs: null,
      map: null,
      nesting: 0,
      level: 0,
      children: null,
      content: 'title: Tags',
      markup: '',
      info: '',
      meta: null,
      block: false,
      hidden: false
    },
    Token {
      type: 'softbreak',
      tag: 'br',
      attrs: null,
      map: null,
      nesting: 0,
      level: 0,
      children: null,
      content: '',
      markup: '',
      info: '',
      meta: null,
      block: false,
      hidden: false
    },
    Token {
      type: 'text',
      tag: '',
      attrs: null,
      map: null,
      nesting: 0,
      level: 0,
      children: null,
      content: 'description: Tags',
      markup: '',
      info: '',
      meta: null,
      block: false,
      hidden: false
    },
    Token {
      type: 'softbreak',
      tag: 'br',
      attrs: null,
      map: null,
      nesting: 0,
      level: 0,
      children: null,
      content: '',
      markup: '',
      info: '',
      meta: null,
      block: false,
      hidden: false
    },
    Token {
      type: 'text',
      tag: '',
      attrs: null,
      map: null,
      nesting: 0,
      level: 0,
      children: null,
      content: 'sidebar: false',
      markup: '',
      info: '',
      meta: null,
      block: false,
      hidden: false
    },
    Token {
      type: 'softbreak',
      tag: 'br',
      attrs: null,
      map: null,
      nesting: 0,
      level: 0,
      children: null,
      content: '',
      markup: '',
      info: '',
      meta: null,
      block: false,
      hidden: false
    },
    Token {
      type: 'text',
      tag: '',
      attrs: null,
      map: null,
      nesting: 0,
      level: 0,
      children: null,
      content: 'aside: false',
      markup: '',
      info: '',
      meta: null,
      block: false,
      hidden: false
    }
  ],
  content: 'layout: page\ntitle: Tags\ndescription: Tags\nsidebar: false\naside: false',
  markup: '',
  info: '',
  meta: null,
  block: true,
  hidden: false
}
Token {
  type: 'heading_close',
  tag: 'h2',
  attrs: null,
  map: null,
  nesting: -1,
  level: 0,
  children: null,
  content: '',
  markup: '-',
  info: '',
  meta: null,
  block: true,
  hidden: false
}
Token {
  type: 'paragraph_open',
  tag: 'p',
  attrs: null,
  map: [ 8, 9 ],
  nesting: 1,
  level: 0,
  children: null,
  content: '',
  markup: '',
  info: '',
  meta: null,
  block: true,
  hidden: false
}
Token {
  type: 'inline',
  tag: '',
  attrs: null,
  map: [ 8, 9 ],
  nesting: 0,
  level: 1,
  children: [
    Token {
      type: 'text',
      tag: '',
      attrs: null,
      map: null,
      nesting: 0,
      level: 0,
      children: null,
      content: '<Tags/>',
      markup: '',
      info: '',
      meta: null,
      block: false,
      hidden: false
    }
  ],
  content: '<Tags/>',
  markup: '',
  info: '',
  meta: null,
  block: true,
  hidden: false
}
Token {
  type: 'paragraph_close',
  tag: 'p',
  attrs: null,
  map: null,
  nesting: -1,
  level: 0,
  children: null,
  content: '',
  markup: '',
  info: '',
  meta: null,
  block: true,
  hidden: false
}
Token {
  type: 'hr',
  tag: 'hr',
  attrs: null,
  map: [ 0, 1 ],
  nesting: 0,
  level: 0,
  children: null,
  content: '',
  markup: '---',
  info: '',
  meta: null,
  block: true,
  hidden: false
}
Token {
  type: 'heading_open',
  tag: 'h2',
  attrs: null,
  map: [ 1, 7 ],
  nesting: 1,
  level: 0,
  children: null,
  content: '',
  markup: '-',
  info: '',
  meta: null,
  block: true,
  hidden: false
}
Token {
  type: 'inline',
  tag: '',
  attrs: null,
  map: [ 1, 6 ],
  nesting: 0,
  level: 1,
  children: [
    Token {
      type: 'text',
      tag: '',
      attrs: null,
      map: null,
      nesting: 0,
      level: 0,
      children: null,
      content: 'layout: page',
      markup: '',
      info: '',
      meta: null,
      block: false,
      hidden: false
    },
    Token {
      type: 'softbreak',
      tag: 'br',
      attrs: null,
      map: null,
      nesting: 0,
      level: 0,
      children: null,
      content: '',
      markup: '',
      info: '',
      meta: null,
      block: false,
      hidden: false
    },
    Token {
      type: 'text',
      tag: '',
      attrs: null,
      map: null,
      nesting: 0,
      level: 0,
      children: null,
      content: 'title: Timeline',
      markup: '',
      info: '',
      meta: null,
      block: false,
      hidden: false
    },
    Token {
      type: 'softbreak',
      tag: 'br',
      attrs: null,
      map: null,
      nesting: 0,
      level: 0,
      children: null,
      content: '',
      markup: '',
      info: '',
      meta: null,
      block: false,
      hidden: false
    },
    Token {
      type: 'text',
      tag: '',
      attrs: null,
      map: null,
      nesting: 0,
      level: 0,
      children: null,
      content: 'description: Timeline',
      markup: '',
      info: '',
      meta: null,
      block: false,
      hidden: false
    },
    Token {
      type: 'softbreak',
      tag: 'br',
      attrs: null,
      map: null,
      nesting: 0,
      level: 0,
      children: null,
      content: '',
      markup: '',
      info: '',
      meta: null,
      block: false,
      hidden: false
    },
    Token {
      type: 'text',
      tag: '',
      attrs: null,
      map: null,
      nesting: 0,
      level: 0,
      children: null,
      content: 'sidebar: false',
      markup: '',
      info: '',
      meta: null,
      block: false,
      hidden: false
    },
    Token {
      type: 'softbreak',
      tag: 'br',
      attrs: null,
      map: null,
      nesting: 0,
      level: 0,
      children: null,
      content: '',
      markup: '',
      info: '',
      meta: null,
      block: false,
      hidden: false
    },
    Token {
      type: 'text',
      tag: '',
      attrs: null,
      map: null,
      nesting: 0,
      level: 0,
      children: null,
      content: 'aside: false',
      markup: '',
      info: '',
      meta: null,
      block: false,
      hidden: false
    }
  ],
  content: 'layout: page\n' +
    'title: Timeline\n' +
    'description: Timeline\n' +
    'sidebar: false\n' +
    'aside: false',
  markup: '',
  info: '',
  meta: null,
  block: true,
  hidden: false
}
Token {
  type: 'heading_close',
  tag: 'h2',
  attrs: null,
  map: null,
  nesting: -1,
  level: 0,
  children: null,
  content: '',
  markup: '-',
  info: '',
  meta: null,
  block: true,
  hidden: false
}
Token {
  type: 'paragraph_open',
  tag: 'p',
  attrs: null,
  map: [ 8, 9 ],
  nesting: 1,
  level: 0,
  children: null,
  content: '',
  markup: '',
  info: '',
  meta: null,
  block: true,
  hidden: false
}
Token {
  type: 'inline',
  tag: '',
  attrs: null,
  map: [ 8, 9 ],
  nesting: 0,
  level: 1,
  children: [
    Token {
      type: 'text',
      tag: '',
      attrs: null,
      map: null,
      nesting: 0,
      level: 0,
      children: null,
      content: '<Timeline/>',
      markup: '',
      info: '',
      meta: null,
      block: false,
      hidden: false
    }
  ],
  content: '<Timeline/>',
  markup: '',
  info: '',
  meta: null,
  block: true,
  hidden: false
}
Token {
  type: 'paragraph_close',
  tag: 'p',
  attrs: null,
  map: null,
  nesting: -1,
  level: 0,
  children: null,
  content: '',
  markup: '',
  info: '',
  meta: null,
  block: true,
  hidden: false
}

  vitepress v1.5.0

  ➜  Local:   http://localhost:5000/
  ➜  Network: http://10.177.73.149:5000/
  ➜  Network: http://172.16.9.1:5000/
  ➜  Network: http://172.16.2.1:5000/
  ➜  Network: http://172.16.4.1:5000/
  ➜  Network: http://192.168.112.1:5000/
  ➜  Network: http://172.22.0.1:5000/
  ➜  Network: http://192.168.96.1:5000/
  ➜  Network: http://172.16.7.1:5000/
  ➜  Network: http://192.168.16.1:5000/
  ➜  Network: http://172.30.0.1:5000/
  ➜  Network: http://172.28.0.1:5000/
  ➜  Network: http://172.27.0.1:5000/
  ➜  Network: http://192.168.224.1:5000/
  ➜  Network: http://172.31.0.1:5000/
  ➜  Network: http://172.16.11.1:5000/
  ➜  Network: http://172.29.0.1:5000/
  ➜  Network: http://172.20.0.1:5000/
  ➜  Network: http://172.16.1.1:5000/
  ➜  Network: http://192.168.128.1:5000/
  ➜  Network: http://172.16.8.1:5000/
  ➜  Network: http://172.25.0.1:5000/
  ➜  Network: http://192.168.176.1:5000/
  ➜  Network: http://192.168.240.1:5000/
  ➜  Network: http://172.16.6.1:5000/
  ➜  Network: http://172.21.0.1:5000/
  ➜  Network: http://192.168.160.1:5000/
  ➜  Network: http://172.16.5.1:5000/
  ➜  Network: http://192.168.144.1:5000/
  ➜  Network: http://192.168.64.1:5000/
  ➜  Network: http://172.16.13.1:5000/
  ➜  Network: http://172.16.0.1:5000/
  ➜  Network: http://172.23.5.8:5000/
  ➜  Network: http://172.16.15.1:5000/
  ➜  Network: http://172.16.10.1:5000/
  ➜  Network: http://172.16.12.1:5000/
  ➜  Network: http://172.16.3.1:5000/
  ➜  Network: http://198.18.0.1:5000/
  ➜  press h to show help
 ELIFECYCLE  Command failed with exit code 1.
